++ python benchmarks/dynamo/huggingface.py --accuracy --amp -d xpu -n10 --amp-dtype bfloat16 --training --total-partitions 7 --partition-id 0 --backend=inductor --cold-start-latency --timeout=10800 --disable-cudagraphs --output=/__w/torch-xpu-ops/torch-xpu-ops/pytorch/inductor_log/huggingface/amp_bf16/inductor_huggingface_amp_bf16_training_xpu_accuracy.csv
W0531 15:05:06.833000 42806 site-packages/torch/utils/_pytree.py:630] <enum 'KernelPreference'> is an Enum subclass and is now natively supported by torch.compile as an opaque value type. Calling register_constant() on Enum subclasses is deprecated and will be an error in a future release.
W0531 15:05:06.860000 42806 site-packages/torch/utils/_pytree.py:630] <enum 'ScaleCalculationMode'> is an Enum subclass and is now natively supported by torch.compile as an opaque value type. Calling register_constant() on Enum subclasses is deprecated and will be an error in a future release.
W0531 15:05:27.388000 43007 site-packages/torch/utils/_pytree.py:630] <enum 'KernelPreference'> is an Enum subclass and is now natively supported by torch.compile as an opaque value type. Calling register_constant() on Enum subclasses is deprecated and will be an error in a future release.
W0531 15:05:27.415000 43007 site-packages/torch/utils/_pytree.py:630] <enum 'ScaleCalculationMode'> is an Enum subclass and is now natively supported by torch.compile as an opaque value type. Calling register_constant() on Enum subclasses is deprecated and will be an error in a future release.
loading model: 0it [00:00, ?it/s]loading model: 0it [00:02, ?it/s]
xpu  train AlbertForMaskedLM                  
pass
W0531 15:06:17.113000 44111 site-packages/torch/utils/_pytree.py:630] <enum 'KernelPreference'> is an Enum subclass and is now natively supported by torch.compile as an opaque value type. Calling register_constant() on Enum subclasses is deprecated and will be an error in a future release.
W0531 15:06:17.140000 44111 site-packages/torch/utils/_pytree.py:630] <enum 'ScaleCalculationMode'> is an Enum subclass and is now natively supported by torch.compile as an opaque value type. Calling register_constant() on Enum subclasses is deprecated and will be an error in a future release.
loading model: 0it [00:00, ?it/s]loading model: 0it [00:02, ?it/s]
xpu  train AlbertForQuestionAnswering         
W0531 15:06:30.315000 44111 site-packages/torch/_inductor/utils.py:3128] [2/0_1] get_device_tflops: no Triton fallback available for non-CUDA devices. Returning 0.0; roofline estimates will use memory bandwidth only.
pass
W0531 15:07:11.225000 45058 site-packages/torch/utils/_pytree.py:630] <enum 'KernelPreference'> is an Enum subclass and is now natively supported by torch.compile as an opaque value type. Calling register_constant() on Enum subclasses is deprecated and will be an error in a future release.
W0531 15:07:11.255000 45058 site-packages/torch/utils/_pytree.py:630] <enum 'ScaleCalculationMode'> is an Enum subclass and is now natively supported by torch.compile as an opaque value type. Calling register_constant() on Enum subclasses is deprecated and will be an error in a future release.
loading model: 0it [00:00, ?it/s]loading model: 0it [00:08, ?it/s]
xpu  train AllenaiLongformerBase              
W0531 15:07:23.269000 45058 site-packages/torch/_dynamo/variables/tensor.py:1744] [2/0] Graph break from `Tensor.item()`, consider setting:
W0531 15:07:23.269000 45058 site-packages/torch/_dynamo/variables/tensor.py:1744] [2/0]     torch._dynamo.config.capture_scalar_outputs = True
W0531 15:07:23.269000 45058 site-packages/torch/_dynamo/variables/tensor.py:1744] [2/0] or:
W0531 15:07:23.269000 45058 site-packages/torch/_dynamo/variables/tensor.py:1744] [2/0]     env TORCHDYNAMO_CAPTURE_SCALAR_OUTPUTS=1
W0531 15:07:23.269000 45058 site-packages/torch/_dynamo/variables/tensor.py:1744] [2/0] to include these operations in the captured graph.
W0531 15:07:23.269000 45058 site-packages/torch/_dynamo/variables/tensor.py:1744] [2/0] 
W0531 15:07:23.269000 45058 site-packages/torch/_dynamo/variables/tensor.py:1744] [2/0] Graph break: from user code at:
W0531 15:07:23.269000 45058 site-packages/torch/_dynamo/variables/tensor.py:1744] [2/0]   File "/__w/torch-xpu-ops/torch-xpu-ops/pytorch/benchmarks/dynamo/huggingface.py", line 563, in torch_dynamo_resume_in_forward_and_backward_pass_at_561
W0531 15:07:23.269000 45058 site-packages/torch/_dynamo/variables/tensor.py:1744] [2/0]     pred = mod(**cloned_inputs)
W0531 15:07:23.269000 45058 site-packages/torch/_dynamo/variables/tensor.py:1744] [2/0]   File "/tmp/xpu-tool/Python/3.10.20/x64/lib/python3.10/site-packages/transformers/models/longformer/modeling_longformer.py", line 1623, in forward
W0531 15:07:23.269000 45058 site-packages/torch/_dynamo/variables/tensor.py:1744] [2/0]     outputs = self.longformer(
W0531 15:07:23.269000 45058 site-packages/torch/_dynamo/variables/tensor.py:1744] [2/0]   File "/tmp/xpu-tool/Python/3.10.20/x64/lib/python3.10/site-packages/transformers/models/longformer/modeling_longformer.py", line 1518, in forward
W0531 15:07:23.269000 45058 site-packages/torch/_dynamo/variables/tensor.py:1744] [2/0]     encoder_outputs = self.encoder(
W0531 15:07:23.269000 45058 site-packages/torch/_dynamo/variables/tensor.py:1744] [2/0]   File "/tmp/xpu-tool/Python/3.10.20/x64/lib/python3.10/site-packages/transformers/models/longformer/modeling_longformer.py", line 1195, in forward
W0531 15:07:23.269000 45058 site-packages/torch/_dynamo/variables/tensor.py:1744] [2/0]     is_global_attn = is_index_global_attn.flatten().any().item()
W0531 15:07:23.269000 45058 site-packages/torch/_dynamo/variables/tensor.py:1744] [2/0] 
W0531 15:07:23.269000 45058 site-packages/torch/_dynamo/variables/tensor.py:1744] [2/0] 
W0531 15:08:09.718000 45058 site-packages/torch/_inductor/utils.py:3128] [8/0] get_device_tflops: no Triton fallback available for non-CUDA devices. Returning 0.0; roofline estimates will use memory bandwidth only.
pass
W0531 15:08:56.915000 46851 site-packages/torch/utils/_pytree.py:630] <enum 'KernelPreference'> is an Enum subclass and is now natively supported by torch.compile as an opaque value type. Calling register_constant() on Enum subclasses is deprecated and will be an error in a future release.
W0531 15:08:56.943000 46851 site-packages/torch/utils/_pytree.py:630] <enum 'ScaleCalculationMode'> is an Enum subclass and is now natively supported by torch.compile as an opaque value type. Calling register_constant() on Enum subclasses is deprecated and will be an error in a future release.
loading model: 0it [00:00, ?it/s]loading model: 0it [00:04, ?it/s]
xpu  train BartForCausalLM                    
W0531 15:09:16.737000 46851 site-packages/torch/_inductor/utils.py:3128] [15/0] get_device_tflops: no Triton fallback available for non-CUDA devices. Returning 0.0; roofline estimates will use memory bandwidth only.
pass
W0531 15:09:48.728000 47790 site-packages/torch/utils/_pytree.py:630] <enum 'KernelPreference'> is an Enum subclass and is now natively supported by torch.compile as an opaque value type. Calling register_constant() on Enum subclasses is deprecated and will be an error in a future release.
W0531 15:09:48.757000 47790 site-packages/torch/utils/_pytree.py:630] <enum 'ScaleCalculationMode'> is an Enum subclass and is now natively supported by torch.compile as an opaque value type. Calling register_constant() on Enum subclasses is deprecated and will be an error in a future release.
loading model: 0it [00:00, ?it/s]loading model: 0it [00:05, ?it/s]
xpu  train BartForConditionalGeneration       
W0531 15:10:06.939000 47790 site-packages/torch/_inductor/utils.py:3128] [20/0] get_device_tflops: no Triton fallback available for non-CUDA devices. Returning 0.0; roofline estimates will use memory bandwidth only.
pass
W0531 15:10:33.451000 48355 site-packages/torch/utils/_pytree.py:630] <enum 'KernelPreference'> is an Enum subclass and is now natively supported by torch.compile as an opaque value type. Calling register_constant() on Enum subclasses is deprecated and will be an error in a future release.
W0531 15:10:33.477000 48355 site-packages/torch/utils/_pytree.py:630] <enum 'ScaleCalculationMode'> is an Enum subclass and is now natively supported by torch.compile as an opaque value type. Calling register_constant() on Enum subclasses is deprecated and will be an error in a future release.
loading model: 0it [00:00, ?it/s]loading model: 0it [00:02, ?it/s]
xpu  train BertForMaskedLM                    
W0531 15:10:44.217000 48355 site-packages/torch/_inductor/utils.py:3128] [2/0_1] get_device_tflops: no Triton fallback available for non-CUDA devices. Returning 0.0; roofline estimates will use memory bandwidth only.
pass
W0531 15:11:26.530000 48811 site-packages/torch/utils/_pytree.py:630] <enum 'KernelPreference'> is an Enum subclass and is now natively supported by torch.compile as an opaque value type. Calling register_constant() on Enum subclasses is deprecated and will be an error in a future release.
W0531 15:11:26.556000 48811 site-packages/torch/utils/_pytree.py:630] <enum 'ScaleCalculationMode'> is an Enum subclass and is now natively supported by torch.compile as an opaque value type. Calling register_constant() on Enum subclasses is deprecated and will be an error in a future release.
loading model: 0it [00:00, ?it/s]loading model: 0it [00:06, ?it/s]
xpu  train BertForQuestionAnswering           
W0531 15:11:41.861000 48811 site-packages/torch/_inductor/utils.py:3128] [2/0_1] get_device_tflops: no Triton fallback available for non-CUDA devices. Returning 0.0; roofline estimates will use memory bandwidth only.
pass
W0531 15:12:20.461000 49299 site-packages/torch/utils/_pytree.py:630] <enum 'KernelPreference'> is an Enum subclass and is now natively supported by torch.compile as an opaque value type. Calling register_constant() on Enum subclasses is deprecated and will be an error in a future release.
W0531 15:12:20.488000 49299 site-packages/torch/utils/_pytree.py:630] <enum 'ScaleCalculationMode'> is an Enum subclass and is now natively supported by torch.compile as an opaque value type. Calling register_constant() on Enum subclasses is deprecated and will be an error in a future release.
loading model: 0it [00:00, ?it/s]loading model: 0it [00:16, ?it/s]
xpu  train BlenderbotForCausalLM              
pass_due_to_skip
accuracy            pass_rate=86.05%
calls_captured      gmean=0.00x mean=427.744x
unique_graphs       gmean=0.00x mean=3.116x
graph_breaks        gmean=0.00x mean=3.721x
unique_graph_breaks gmean=0.00x mean=2.977x
autograd_captures   gmean=0.00x mean=0.000x
autograd_compiles   gmean=0.00x mean=0.000x
cudagraph_skips     gmean=0.00x mean=0.000x
compilation_latency mean=25.487 seconds
