++ python benchmarks/dynamo/huggingface.py --accuracy --amp -d xpu -n10 --amp-dtype bfloat16 --inference --total-partitions 7 --partition-id 0 --backend=inductor --cold-start-latency --timeout=10800 --disable-cudagraphs --output=/__w/torch-xpu-ops/torch-xpu-ops/pytorch/inductor_log/huggingface/amp_bf16/inductor_huggingface_amp_bf16_inference_xpu_accuracy.csv
W0531 14:59:00.326000 37049 site-packages/torch/utils/_pytree.py:630] <enum 'KernelPreference'> is an Enum subclass and is now natively supported by torch.compile as an opaque value type. Calling register_constant() on Enum subclasses is deprecated and will be an error in a future release.
W0531 14:59:00.354000 37049 site-packages/torch/utils/_pytree.py:630] <enum 'ScaleCalculationMode'> is an Enum subclass and is now natively supported by torch.compile as an opaque value type. Calling register_constant() on Enum subclasses is deprecated and will be an error in a future release.
W0531 14:59:14.703000 37267 site-packages/torch/utils/_pytree.py:630] <enum 'KernelPreference'> is an Enum subclass and is now natively supported by torch.compile as an opaque value type. Calling register_constant() on Enum subclasses is deprecated and will be an error in a future release.
W0531 14:59:14.736000 37267 site-packages/torch/utils/_pytree.py:630] <enum 'ScaleCalculationMode'> is an Enum subclass and is now natively supported by torch.compile as an opaque value type. Calling register_constant() on Enum subclasses is deprecated and will be an error in a future release.
loading model: 0it [00:00, ?it/s]loading model: 0it [00:02, ?it/s]
xpu  eval  AlbertForMaskedLM                  
pass
W0531 14:59:50.101000 37876 site-packages/torch/utils/_pytree.py:630] <enum 'KernelPreference'> is an Enum subclass and is now natively supported by torch.compile as an opaque value type. Calling register_constant() on Enum subclasses is deprecated and will be an error in a future release.
W0531 14:59:50.130000 37876 site-packages/torch/utils/_pytree.py:630] <enum 'ScaleCalculationMode'> is an Enum subclass and is now natively supported by torch.compile as an opaque value type. Calling register_constant() on Enum subclasses is deprecated and will be an error in a future release.
loading model: 0it [00:00, ?it/s]loading model: 0it [00:07, ?it/s]
xpu  eval  AlbertForQuestionAnswering         
pass
W0531 15:00:41.524000 38846 site-packages/torch/utils/_pytree.py:630] <enum 'KernelPreference'> is an Enum subclass and is now natively supported by torch.compile as an opaque value type. Calling register_constant() on Enum subclasses is deprecated and will be an error in a future release.
W0531 15:00:41.551000 38846 site-packages/torch/utils/_pytree.py:630] <enum 'ScaleCalculationMode'> is an Enum subclass and is now natively supported by torch.compile as an opaque value type. Calling register_constant() on Enum subclasses is deprecated and will be an error in a future release.
loading model: 0it [00:00, ?it/s]loading model: 0it [00:02, ?it/s]
xpu  eval  AllenaiLongformerBase              
W0531 15:00:46.056000 38846 site-packages/torch/_dynamo/variables/tensor.py:1744] [0/0] Graph break from `Tensor.item()`, consider setting:
W0531 15:00:46.056000 38846 site-packages/torch/_dynamo/variables/tensor.py:1744] [0/0]     torch._dynamo.config.capture_scalar_outputs = True
W0531 15:00:46.056000 38846 site-packages/torch/_dynamo/variables/tensor.py:1744] [0/0] or:
W0531 15:00:46.056000 38846 site-packages/torch/_dynamo/variables/tensor.py:1744] [0/0]     env TORCHDYNAMO_CAPTURE_SCALAR_OUTPUTS=1
W0531 15:00:46.056000 38846 site-packages/torch/_dynamo/variables/tensor.py:1744] [0/0] to include these operations in the captured graph.
W0531 15:00:46.056000 38846 site-packages/torch/_dynamo/variables/tensor.py:1744] [0/0] 
W0531 15:00:46.056000 38846 site-packages/torch/_dynamo/variables/tensor.py:1744] [0/0] Graph break: from user code at:
W0531 15:00:46.056000 38846 site-packages/torch/_dynamo/variables/tensor.py:1744] [0/0]   File "/__w/torch-xpu-ops/torch-xpu-ops/pytorch/benchmarks/dynamo/huggingface.py", line 556, in forward_pass
W0531 15:00:46.056000 38846 site-packages/torch/_dynamo/variables/tensor.py:1744] [0/0]     res = mod(**inputs)
W0531 15:00:46.056000 38846 site-packages/torch/_dynamo/variables/tensor.py:1744] [0/0]   File "/tmp/xpu-tool/Python/3.10.20/x64/lib/python3.10/site-packages/transformers/models/longformer/modeling_longformer.py", line 1623, in forward
W0531 15:00:46.056000 38846 site-packages/torch/_dynamo/variables/tensor.py:1744] [0/0]     outputs = self.longformer(
W0531 15:00:46.056000 38846 site-packages/torch/_dynamo/variables/tensor.py:1744] [0/0]   File "/tmp/xpu-tool/Python/3.10.20/x64/lib/python3.10/site-packages/transformers/models/longformer/modeling_longformer.py", line 1518, in forward
W0531 15:00:46.056000 38846 site-packages/torch/_dynamo/variables/tensor.py:1744] [0/0]     encoder_outputs = self.encoder(
W0531 15:00:46.056000 38846 site-packages/torch/_dynamo/variables/tensor.py:1744] [0/0]   File "/tmp/xpu-tool/Python/3.10.20/x64/lib/python3.10/site-packages/transformers/models/longformer/modeling_longformer.py", line 1195, in forward
W0531 15:00:46.056000 38846 site-packages/torch/_dynamo/variables/tensor.py:1744] [0/0]     is_global_attn = is_index_global_attn.flatten().any().item()
W0531 15:00:46.056000 38846 site-packages/torch/_dynamo/variables/tensor.py:1744] [0/0] 
W0531 15:00:46.056000 38846 site-packages/torch/_dynamo/variables/tensor.py:1744] [0/0] 
W0531 15:01:23.509000 38846 site-packages/torch/_inductor/utils.py:3128] [6/0] get_device_tflops: no Triton fallback available for non-CUDA devices. Returning 0.0; roofline estimates will use memory bandwidth only.
pass
W0531 15:01:46.689000 40060 site-packages/torch/utils/_pytree.py:630] <enum 'KernelPreference'> is an Enum subclass and is now natively supported by torch.compile as an opaque value type. Calling register_constant() on Enum subclasses is deprecated and will be an error in a future release.
W0531 15:01:46.718000 40060 site-packages/torch/utils/_pytree.py:630] <enum 'ScaleCalculationMode'> is an Enum subclass and is now natively supported by torch.compile as an opaque value type. Calling register_constant() on Enum subclasses is deprecated and will be an error in a future release.
loading model: 0it [00:00, ?it/s]loading model: 0it [00:07, ?it/s]
xpu  eval  BartForCausalLM                    
W0531 15:01:59.158000 40060 site-packages/torch/_inductor/utils.py:3128] [0/0] get_device_tflops: no Triton fallback available for non-CUDA devices. Returning 0.0; roofline estimates will use memory bandwidth only.
pass
W0531 15:02:21.267000 40829 site-packages/torch/utils/_pytree.py:630] <enum 'KernelPreference'> is an Enum subclass and is now natively supported by torch.compile as an opaque value type. Calling register_constant() on Enum subclasses is deprecated and will be an error in a future release.
W0531 15:02:21.299000 40829 site-packages/torch/utils/_pytree.py:630] <enum 'ScaleCalculationMode'> is an Enum subclass and is now natively supported by torch.compile as an opaque value type. Calling register_constant() on Enum subclasses is deprecated and will be an error in a future release.
loading model: 0it [00:00, ?it/s]loading model: 0it [00:04, ?it/s]
xpu  eval  BartForConditionalGeneration       
W0531 15:02:34.363000 40829 site-packages/torch/_inductor/utils.py:3128] [0/0] get_device_tflops: no Triton fallback available for non-CUDA devices. Returning 0.0; roofline estimates will use memory bandwidth only.
pass
W0531 15:03:08.150000 41468 site-packages/torch/utils/_pytree.py:630] <enum 'KernelPreference'> is an Enum subclass and is now natively supported by torch.compile as an opaque value type. Calling register_constant() on Enum subclasses is deprecated and will be an error in a future release.
W0531 15:03:08.177000 41468 site-packages/torch/utils/_pytree.py:630] <enum 'ScaleCalculationMode'> is an Enum subclass and is now natively supported by torch.compile as an opaque value type. Calling register_constant() on Enum subclasses is deprecated and will be an error in a future release.
loading model: 0it [00:00, ?it/s]loading model: 0it [00:01, ?it/s]
xpu  eval  BertForMaskedLM                    
W0531 15:03:14.577000 41468 site-packages/torch/_inductor/utils.py:3128] [0/0] get_device_tflops: no Triton fallback available for non-CUDA devices. Returning 0.0; roofline estimates will use memory bandwidth only.
pass
W0531 15:03:42.496000 42017 site-packages/torch/utils/_pytree.py:630] <enum 'KernelPreference'> is an Enum subclass and is now natively supported by torch.compile as an opaque value type. Calling register_constant() on Enum subclasses is deprecated and will be an error in a future release.
W0531 15:03:42.523000 42017 site-packages/torch/utils/_pytree.py:630] <enum 'ScaleCalculationMode'> is an Enum subclass and is now natively supported by torch.compile as an opaque value type. Calling register_constant() on Enum subclasses is deprecated and will be an error in a future release.
loading model: 0it [00:00, ?it/s]loading model: 0it [00:06, ?it/s]
xpu  eval  BertForQuestionAnswering           
pass
W0531 15:04:22.272000 42463 site-packages/torch/utils/_pytree.py:630] <enum 'KernelPreference'> is an Enum subclass and is now natively supported by torch.compile as an opaque value type. Calling register_constant() on Enum subclasses is deprecated and will be an error in a future release.
W0531 15:04:22.299000 42463 site-packages/torch/utils/_pytree.py:630] <enum 'ScaleCalculationMode'> is an Enum subclass and is now natively supported by torch.compile as an opaque value type. Calling register_constant() on Enum subclasses is deprecated and will be an error in a future release.
loading model: 0it [00:00, ?it/s]loading model: 0it [00:16, ?it/s]
xpu  eval  BlenderbotForCausalLM              
pass_due_to_skip
accuracy            pass_rate=95.45%
calls_captured      gmean=0.00x mean=664.250x
unique_graphs       gmean=0.00x mean=1.182x
graph_breaks        gmean=0.00x mean=0.159x
unique_graph_breaks gmean=0.00x mean=0.045x
autograd_captures   gmean=0.00x mean=0.000x
autograd_compiles   gmean=0.00x mean=0.000x
cudagraph_skips     gmean=0.00x mean=0.000x
compilation_latency mean=15.888 seconds
