++ python benchmarks/dynamo/huggingface.py --accuracy --amp -d xpu -n10 --amp-dtype bfloat16 --inference --total-partitions 7 --partition-id 3 --backend=inductor --cold-start-latency --timeout=10800 --disable-cudagraphs --output=/__w/torch-xpu-ops/torch-xpu-ops/pytorch/inductor_log/huggingface/amp_bf16/inductor_huggingface_amp_bf16_inference_xpu_accuracy.csv
W0531 14:59:00.326000 37069 site-packages/torch/utils/_pytree.py:630] <enum 'KernelPreference'> is an Enum subclass and is now natively supported by torch.compile as an opaque value type. Calling register_constant() on Enum subclasses is deprecated and will be an error in a future release.
W0531 14:59:00.354000 37069 site-packages/torch/utils/_pytree.py:630] <enum 'ScaleCalculationMode'> is an Enum subclass and is now natively supported by torch.compile as an opaque value type. Calling register_constant() on Enum subclasses is deprecated and will be an error in a future release.
W0531 14:59:14.699000 37266 site-packages/torch/utils/_pytree.py:630] <enum 'KernelPreference'> is an Enum subclass and is now natively supported by torch.compile as an opaque value type. Calling register_constant() on Enum subclasses is deprecated and will be an error in a future release.
W0531 14:59:14.735000 37266 site-packages/torch/utils/_pytree.py:630] <enum 'ScaleCalculationMode'> is an Enum subclass and is now natively supported by torch.compile as an opaque value type. Calling register_constant() on Enum subclasses is deprecated and will be an error in a future release.
loading model: 0it [00:00, ?it/s]WARNING:common:Model GoogleFnet supports float32 only
loading model: 0it [00:07, ?it/s]
WARNING:common:Model GoogleFnet supports float32 only
xpu  eval  GoogleFnet                         
WARNING:common:Model GoogleFnet supports float32 only
pass
W0531 15:00:02.239000 38011 site-packages/torch/utils/_pytree.py:630] <enum 'KernelPreference'> is an Enum subclass and is now natively supported by torch.compile as an opaque value type. Calling register_constant() on Enum subclasses is deprecated and will be an error in a future release.
W0531 15:00:02.268000 38011 site-packages/torch/utils/_pytree.py:630] <enum 'ScaleCalculationMode'> is an Enum subclass and is now natively supported by torch.compile as an opaque value type. Calling register_constant() on Enum subclasses is deprecated and will be an error in a future release.
loading model: 0it [00:00, ?it/s]loading model: 0it [00:01, ?it/s]
xpu  eval  LayoutLMForMaskedLM                
W0531 15:00:09.445000 38011 site-packages/torch/_inductor/utils.py:3128] [0/0] get_device_tflops: no Triton fallback available for non-CUDA devices. Returning 0.0; roofline estimates will use memory bandwidth only.
pass
W0531 15:00:41.514000 38820 site-packages/torch/utils/_pytree.py:630] <enum 'KernelPreference'> is an Enum subclass and is now natively supported by torch.compile as an opaque value type. Calling register_constant() on Enum subclasses is deprecated and will be an error in a future release.
W0531 15:00:41.542000 38820 site-packages/torch/utils/_pytree.py:630] <enum 'ScaleCalculationMode'> is an Enum subclass and is now natively supported by torch.compile as an opaque value type. Calling register_constant() on Enum subclasses is deprecated and will be an error in a future release.
loading model: 0it [00:00, ?it/s]loading model: 0it [00:01, ?it/s]
xpu  eval  LayoutLMForSequenceClassification  
pass
W0531 15:01:10.080000 39535 site-packages/torch/utils/_pytree.py:630] <enum 'KernelPreference'> is an Enum subclass and is now natively supported by torch.compile as an opaque value type. Calling register_constant() on Enum subclasses is deprecated and will be an error in a future release.
W0531 15:01:10.113000 39535 site-packages/torch/utils/_pytree.py:630] <enum 'ScaleCalculationMode'> is an Enum subclass and is now natively supported by torch.compile as an opaque value type. Calling register_constant() on Enum subclasses is deprecated and will be an error in a future release.
loading model: 0it [00:00, ?it/s]loading model: 0it [00:12, ?it/s]
xpu  eval  M2M100ForConditionalGeneration     
pass
W0531 15:02:10.832000 40426 site-packages/torch/utils/_pytree.py:630] <enum 'KernelPreference'> is an Enum subclass and is now natively supported by torch.compile as an opaque value type. Calling register_constant() on Enum subclasses is deprecated and will be an error in a future release.
W0531 15:02:10.860000 40426 site-packages/torch/utils/_pytree.py:630] <enum 'ScaleCalculationMode'> is an Enum subclass and is now natively supported by torch.compile as an opaque value type. Calling register_constant() on Enum subclasses is deprecated and will be an error in a future release.
loading model: 0it [00:00, ?it/s]loading model: 0it [00:02, ?it/s]
xpu  eval  MBartForCausalLM                   
W0531 15:02:18.238000 40426 site-packages/torch/_inductor/utils.py:3128] [0/0] get_device_tflops: no Triton fallback available for non-CUDA devices. Returning 0.0; roofline estimates will use memory bandwidth only.
pass
W0531 15:02:48.312000 41132 site-packages/torch/utils/_pytree.py:630] <enum 'KernelPreference'> is an Enum subclass and is now natively supported by torch.compile as an opaque value type. Calling register_constant() on Enum subclasses is deprecated and will be an error in a future release.
W0531 15:02:48.340000 41132 site-packages/torch/utils/_pytree.py:630] <enum 'ScaleCalculationMode'> is an Enum subclass and is now natively supported by torch.compile as an opaque value type. Calling register_constant() on Enum subclasses is deprecated and will be an error in a future release.
loading model: 0it [00:00, ?it/s]loading model: 0it [00:04, ?it/s]
xpu  eval  MBartForConditionalGeneration      
W0531 15:03:01.215000 41132 site-packages/torch/_inductor/utils.py:3128] [0/0] get_device_tflops: no Triton fallback available for non-CUDA devices. Returning 0.0; roofline estimates will use memory bandwidth only.
pass
W0531 15:03:34.340000 41843 site-packages/torch/utils/_pytree.py:630] <enum 'KernelPreference'> is an Enum subclass and is now natively supported by torch.compile as an opaque value type. Calling register_constant() on Enum subclasses is deprecated and will be an error in a future release.
W0531 15:03:34.366000 41843 site-packages/torch/utils/_pytree.py:630] <enum 'ScaleCalculationMode'> is an Enum subclass and is now natively supported by torch.compile as an opaque value type. Calling register_constant() on Enum subclasses is deprecated and will be an error in a future release.
loading model: 0it [00:00, ?it/s]loading model: 0it [00:03, ?it/s]
xpu  eval  MT5ForConditionalGeneration        
pass
W0531 15:04:22.272000 42355 site-packages/torch/utils/_pytree.py:630] <enum 'KernelPreference'> is an Enum subclass and is now natively supported by torch.compile as an opaque value type. Calling register_constant() on Enum subclasses is deprecated and will be an error in a future release.
W0531 15:04:22.298000 42355 site-packages/torch/utils/_pytree.py:630] <enum 'ScaleCalculationMode'> is an Enum subclass and is now natively supported by torch.compile as an opaque value type. Calling register_constant() on Enum subclasses is deprecated and will be an error in a future release.
loading model: 0it [00:00, ?it/s][transformers] If you want to use `MegatronBertForCausalLM` as a standalone, add `is_decoder=True.`
WARNING:transformers.models.megatron_bert.modeling_megatron_bert:If you want to use `MegatronBertForCausalLM` as a standalone, add `is_decoder=True.`
loading model: 0it [00:03, ?it/s]
xpu  eval  MegatronBertForCausalLM            
pass
accuracy            pass_rate=95.56%
calls_captured      gmean=0.00x mean=665.978x
unique_graphs       gmean=0.00x mean=1.178x
graph_breaks        gmean=0.00x mean=0.156x
unique_graph_breaks gmean=0.00x mean=0.044x
autograd_captures   gmean=0.00x mean=0.000x
autograd_compiles   gmean=0.00x mean=0.000x
cudagraph_skips     gmean=0.00x mean=0.000x
compilation_latency mean=15.895 seconds
