++ python benchmarks/dynamo/huggingface.py --accuracy --float32 -d xpu -n10 --inference --total-partitions 7 --partition-id 1 --backend=inductor --cold-start-latency --timeout=10800 --disable-cudagraphs --output=/__w/torch-xpu-ops/torch-xpu-ops/pytorch/inductor_log/huggingface/float32/inductor_huggingface_float32_inference_xpu_accuracy.csv
W0531 14:16:35.630000 2088 site-packages/torch/utils/_pytree.py:630] <enum 'KernelPreference'> is an Enum subclass and is now natively supported by torch.compile as an opaque value type. Calling register_constant() on Enum subclasses is deprecated and will be an error in a future release.
W0531 14:16:35.658000 2088 site-packages/torch/utils/_pytree.py:630] <enum 'ScaleCalculationMode'> is an Enum subclass and is now natively supported by torch.compile as an opaque value type. Calling register_constant() on Enum subclasses is deprecated and will be an error in a future release.
W0531 14:16:50.100000 2280 site-packages/torch/utils/_pytree.py:630] <enum 'KernelPreference'> is an Enum subclass and is now natively supported by torch.compile as an opaque value type. Calling register_constant() on Enum subclasses is deprecated and will be an error in a future release.
W0531 14:16:50.128000 2280 site-packages/torch/utils/_pytree.py:630] <enum 'ScaleCalculationMode'> is an Enum subclass and is now natively supported by torch.compile as an opaque value type. Calling register_constant() on Enum subclasses is deprecated and will be an error in a future release.
loading model: 0it [00:00, ?it/s]loading model: 0it [00:06, ?it/s]
xpu  eval  BlenderbotSmallForCausalLM         
W0531 14:17:01.192000 2280 site-packages/torch/_inductor/utils.py:3128] [0/0] get_device_tflops: no Triton fallback available for non-CUDA devices. Returning 0.0; roofline estimates will use memory bandwidth only.
pass
W0531 14:17:39.834000 2930 site-packages/torch/utils/_pytree.py:630] <enum 'KernelPreference'> is an Enum subclass and is now natively supported by torch.compile as an opaque value type. Calling register_constant() on Enum subclasses is deprecated and will be an error in a future release.
W0531 14:17:39.864000 2930 site-packages/torch/utils/_pytree.py:630] <enum 'ScaleCalculationMode'> is an Enum subclass and is now natively supported by torch.compile as an opaque value type. Calling register_constant() on Enum subclasses is deprecated and will be an error in a future release.
loading model: 0it [00:00, ?it/s]loading model: 0it [00:02, ?it/s]
xpu  eval  BlenderbotSmallForConditionalGeneration 
W0531 14:17:49.322000 2930 site-packages/torch/_inductor/utils.py:3128] [0/0] get_device_tflops: no Triton fallback available for non-CUDA devices. Returning 0.0; roofline estimates will use memory bandwidth only.
pass
W0531 14:18:13.738000 3757 site-packages/torch/utils/_pytree.py:630] <enum 'KernelPreference'> is an Enum subclass and is now natively supported by torch.compile as an opaque value type. Calling register_constant() on Enum subclasses is deprecated and will be an error in a future release.
W0531 14:18:13.766000 3757 site-packages/torch/utils/_pytree.py:630] <enum 'ScaleCalculationMode'> is an Enum subclass and is now natively supported by torch.compile as an opaque value type. Calling register_constant() on Enum subclasses is deprecated and will be an error in a future release.
loading model: 0it [00:00, ?it/s]loading model: 0it [00:07, ?it/s]
xpu  eval  DebertaV2ForMaskedLM               
pass_due_to_skip
W0531 14:18:33.317000 4189 site-packages/torch/utils/_pytree.py:630] <enum 'KernelPreference'> is an Enum subclass and is now natively supported by torch.compile as an opaque value type. Calling register_constant() on Enum subclasses is deprecated and will be an error in a future release.
W0531 14:18:33.346000 4189 site-packages/torch/utils/_pytree.py:630] <enum 'ScaleCalculationMode'> is an Enum subclass and is now natively supported by torch.compile as an opaque value type. Calling register_constant() on Enum subclasses is deprecated and will be an error in a future release.
loading model: 0it [00:00, ?it/s]loading model: 0it [00:06, ?it/s]
xpu  eval  DebertaV2ForQuestionAnswering      
W0531 14:18:47.878000 4189 site-packages/torch/_inductor/utils.py:3128] [0/0] get_device_tflops: no Triton fallback available for non-CUDA devices. Returning 0.0; roofline estimates will use memory bandwidth only.
pass
W0531 14:19:22.728000 4901 site-packages/torch/utils/_pytree.py:630] <enum 'KernelPreference'> is an Enum subclass and is now natively supported by torch.compile as an opaque value type. Calling register_constant() on Enum subclasses is deprecated and will be an error in a future release.
W0531 14:19:22.760000 4901 site-packages/torch/utils/_pytree.py:630] <enum 'ScaleCalculationMode'> is an Enum subclass and is now natively supported by torch.compile as an opaque value type. Calling register_constant() on Enum subclasses is deprecated and will be an error in a future release.
loading model: 0it [00:00, ?it/s]loading model: 0it [00:06, ?it/s]
xpu  eval  DistilBertForMaskedLM              
W0531 14:19:33.186000 4901 site-packages/torch/_inductor/utils.py:3128] [0/0] get_device_tflops: no Triton fallback available for non-CUDA devices. Returning 0.0; roofline estimates will use memory bandwidth only.
pass
W0531 14:20:04.839000 5455 site-packages/torch/utils/_pytree.py:630] <enum 'KernelPreference'> is an Enum subclass and is now natively supported by torch.compile as an opaque value type. Calling register_constant() on Enum subclasses is deprecated and will be an error in a future release.
W0531 14:20:04.866000 5455 site-packages/torch/utils/_pytree.py:630] <enum 'ScaleCalculationMode'> is an Enum subclass and is now natively supported by torch.compile as an opaque value type. Calling register_constant() on Enum subclasses is deprecated and will be an error in a future release.
loading model: 0it [00:00, ?it/s]loading model: 0it [00:05, ?it/s]
xpu  eval  DistilBertForQuestionAnswering     
W0531 14:20:15.267000 5455 site-packages/torch/_inductor/utils.py:3128] [0/0] get_device_tflops: no Triton fallback available for non-CUDA devices. Returning 0.0; roofline estimates will use memory bandwidth only.
pass
accuracy            pass_rate=96.88%
calls_captured      gmean=0.00x mean=685.500x
unique_graphs       gmean=0.00x mean=1.156x
graph_breaks        gmean=0.00x mean=0.219x
unique_graph_breaks gmean=0.00x mean=0.062x
autograd_captures   gmean=0.00x mean=0.000x
autograd_compiles   gmean=0.00x mean=0.000x
cudagraph_skips     gmean=0.00x mean=0.000x
compilation_latency mean=14.896 seconds
