++ python benchmarks/dynamo/huggingface.py --accuracy --float32 -d xpu -n10 --inference --total-partitions 7 --partition-id 0 --backend=inductor --cold-start-latency --timeout=10800 --disable-cudagraphs --output=/__w/torch-xpu-ops/torch-xpu-ops/pytorch/inductor_log/huggingface/float32/inductor_huggingface_float32_inference_xpu_accuracy.csv
W0531 14:16:35.631000 2081 site-packages/torch/utils/_pytree.py:630] <enum 'KernelPreference'> is an Enum subclass and is now natively supported by torch.compile as an opaque value type. Calling register_constant() on Enum subclasses is deprecated and will be an error in a future release.
W0531 14:16:35.658000 2081 site-packages/torch/utils/_pytree.py:630] <enum 'ScaleCalculationMode'> is an Enum subclass and is now natively supported by torch.compile as an opaque value type. Calling register_constant() on Enum subclasses is deprecated and will be an error in a future release.
W0531 14:16:50.099000 2325 site-packages/torch/utils/_pytree.py:630] <enum 'KernelPreference'> is an Enum subclass and is now natively supported by torch.compile as an opaque value type. Calling register_constant() on Enum subclasses is deprecated and will be an error in a future release.
W0531 14:16:50.126000 2325 site-packages/torch/utils/_pytree.py:630] <enum 'ScaleCalculationMode'> is an Enum subclass and is now natively supported by torch.compile as an opaque value type. Calling register_constant() on Enum subclasses is deprecated and will be an error in a future release.
loading model: 0it [00:00, ?it/s]loading model: 0it [00:07, ?it/s]
xpu  eval  AlbertForMaskedLM                  
pass
W0531 14:17:39.843000 3155 site-packages/torch/utils/_pytree.py:630] <enum 'KernelPreference'> is an Enum subclass and is now natively supported by torch.compile as an opaque value type. Calling register_constant() on Enum subclasses is deprecated and will be an error in a future release.
W0531 14:17:39.872000 3155 site-packages/torch/utils/_pytree.py:630] <enum 'ScaleCalculationMode'> is an Enum subclass and is now natively supported by torch.compile as an opaque value type. Calling register_constant() on Enum subclasses is deprecated and will be an error in a future release.
loading model: 0it [00:00, ?it/s]loading model: 0it [00:02, ?it/s]
xpu  eval  AlbertForQuestionAnswering         
W0531 14:17:48.184000 3155 site-packages/torch/_inductor/utils.py:3128] [0/0] get_device_tflops: no Triton fallback available for non-CUDA devices. Returning 0.0; roofline estimates will use memory bandwidth only.
pass
W0531 14:18:13.738000 3688 site-packages/torch/utils/_pytree.py:630] <enum 'KernelPreference'> is an Enum subclass and is now natively supported by torch.compile as an opaque value type. Calling register_constant() on Enum subclasses is deprecated and will be an error in a future release.
W0531 14:18:13.766000 3688 site-packages/torch/utils/_pytree.py:630] <enum 'ScaleCalculationMode'> is an Enum subclass and is now natively supported by torch.compile as an opaque value type. Calling register_constant() on Enum subclasses is deprecated and will be an error in a future release.
loading model: 0it [00:00, ?it/s]loading model: 0it [00:02, ?it/s]
xpu  eval  AllenaiLongformerBase              
W0531 14:18:18.289000 3688 site-packages/torch/_dynamo/variables/tensor.py:1744] [0/0] Graph break from `Tensor.item()`, consider setting:
W0531 14:18:18.289000 3688 site-packages/torch/_dynamo/variables/tensor.py:1744] [0/0]     torch._dynamo.config.capture_scalar_outputs = True
W0531 14:18:18.289000 3688 site-packages/torch/_dynamo/variables/tensor.py:1744] [0/0] or:
W0531 14:18:18.289000 3688 site-packages/torch/_dynamo/variables/tensor.py:1744] [0/0]     env TORCHDYNAMO_CAPTURE_SCALAR_OUTPUTS=1
W0531 14:18:18.289000 3688 site-packages/torch/_dynamo/variables/tensor.py:1744] [0/0] to include these operations in the captured graph.
W0531 14:18:18.289000 3688 site-packages/torch/_dynamo/variables/tensor.py:1744] [0/0] 
W0531 14:18:18.289000 3688 site-packages/torch/_dynamo/variables/tensor.py:1744] [0/0] Graph break: from user code at:
W0531 14:18:18.289000 3688 site-packages/torch/_dynamo/variables/tensor.py:1744] [0/0]   File "/__w/torch-xpu-ops/torch-xpu-ops/pytorch/benchmarks/dynamo/huggingface.py", line 556, in forward_pass
W0531 14:18:18.289000 3688 site-packages/torch/_dynamo/variables/tensor.py:1744] [0/0]     res = mod(**inputs)
W0531 14:18:18.289000 3688 site-packages/torch/_dynamo/variables/tensor.py:1744] [0/0]   File "/tmp/xpu-tool/Python/3.10.20/x64/lib/python3.10/site-packages/transformers/models/longformer/modeling_longformer.py", line 1623, in forward
W0531 14:18:18.289000 3688 site-packages/torch/_dynamo/variables/tensor.py:1744] [0/0]     outputs = self.longformer(
W0531 14:18:18.289000 3688 site-packages/torch/_dynamo/variables/tensor.py:1744] [0/0]   File "/tmp/xpu-tool/Python/3.10.20/x64/lib/python3.10/site-packages/transformers/models/longformer/modeling_longformer.py", line 1518, in forward
W0531 14:18:18.289000 3688 site-packages/torch/_dynamo/variables/tensor.py:1744] [0/0]     encoder_outputs = self.encoder(
W0531 14:18:18.289000 3688 site-packages/torch/_dynamo/variables/tensor.py:1744] [0/0]   File "/tmp/xpu-tool/Python/3.10.20/x64/lib/python3.10/site-packages/transformers/models/longformer/modeling_longformer.py", line 1195, in forward
W0531 14:18:18.289000 3688 site-packages/torch/_dynamo/variables/tensor.py:1744] [0/0]     is_global_attn = is_index_global_attn.flatten().any().item()
W0531 14:18:18.289000 3688 site-packages/torch/_dynamo/variables/tensor.py:1744] [0/0] 
W0531 14:18:18.289000 3688 site-packages/torch/_dynamo/variables/tensor.py:1744] [0/0] 
W0531 14:18:55.881000 3688 site-packages/torch/_inductor/utils.py:3128] [6/0] get_device_tflops: no Triton fallback available for non-CUDA devices. Returning 0.0; roofline estimates will use memory bandwidth only.
pass
W0531 14:19:22.709000 4748 site-packages/torch/utils/_pytree.py:630] <enum 'KernelPreference'> is an Enum subclass and is now natively supported by torch.compile as an opaque value type. Calling register_constant() on Enum subclasses is deprecated and will be an error in a future release.
W0531 14:19:22.741000 4748 site-packages/torch/utils/_pytree.py:630] <enum 'ScaleCalculationMode'> is an Enum subclass and is now natively supported by torch.compile as an opaque value type. Calling register_constant() on Enum subclasses is deprecated and will be an error in a future release.
loading model: 0it [00:00, ?it/s]loading model: 0it [00:07, ?it/s]
xpu  eval  BartForCausalLM                    
W0531 14:19:35.805000 4748 site-packages/torch/_inductor/utils.py:3128] [0/0] get_device_tflops: no Triton fallback available for non-CUDA devices. Returning 0.0; roofline estimates will use memory bandwidth only.
pass
W0531 14:20:22.985000 5756 site-packages/torch/utils/_pytree.py:630] <enum 'KernelPreference'> is an Enum subclass and is now natively supported by torch.compile as an opaque value type. Calling register_constant() on Enum subclasses is deprecated and will be an error in a future release.
W0531 14:20:23.015000 5756 site-packages/torch/utils/_pytree.py:630] <enum 'ScaleCalculationMode'> is an Enum subclass and is now natively supported by torch.compile as an opaque value type. Calling register_constant() on Enum subclasses is deprecated and will be an error in a future release.
loading model: 0it [00:00, ?it/s]loading model: 0it [00:09, ?it/s]
xpu  eval  BartForConditionalGeneration       
W0531 14:20:41.496000 5756 site-packages/torch/_inductor/utils.py:3128] [0/0] get_device_tflops: no Triton fallback available for non-CUDA devices. Returning 0.0; roofline estimates will use memory bandwidth only.
pass
W0531 14:21:19.079000 6357 site-packages/torch/utils/_pytree.py:630] <enum 'KernelPreference'> is an Enum subclass and is now natively supported by torch.compile as an opaque value type. Calling register_constant() on Enum subclasses is deprecated and will be an error in a future release.
W0531 14:21:19.111000 6357 site-packages/torch/utils/_pytree.py:630] <enum 'ScaleCalculationMode'> is an Enum subclass and is now natively supported by torch.compile as an opaque value type. Calling register_constant() on Enum subclasses is deprecated and will be an error in a future release.
loading model: 0it [00:00, ?it/s]loading model: 0it [00:01, ?it/s]
xpu  eval  BertForMaskedLM                    
W0531 14:21:26.202000 6357 site-packages/torch/_inductor/utils.py:3128] [0/0] get_device_tflops: no Triton fallback available for non-CUDA devices. Returning 0.0; roofline estimates will use memory bandwidth only.
pass
W0531 14:21:57.038000 7014 site-packages/torch/utils/_pytree.py:630] <enum 'KernelPreference'> is an Enum subclass and is now natively supported by torch.compile as an opaque value type. Calling register_constant() on Enum subclasses is deprecated and will be an error in a future release.
W0531 14:21:57.064000 7014 site-packages/torch/utils/_pytree.py:630] <enum 'ScaleCalculationMode'> is an Enum subclass and is now natively supported by torch.compile as an opaque value type. Calling register_constant() on Enum subclasses is deprecated and will be an error in a future release.
loading model: 0it [00:00, ?it/s]loading model: 0it [00:06, ?it/s]
xpu  eval  BertForQuestionAnswering           
W0531 14:22:08.620000 7014 site-packages/torch/_inductor/utils.py:3128] [0/0] get_device_tflops: no Triton fallback available for non-CUDA devices. Returning 0.0; roofline estimates will use memory bandwidth only.
pass
W0531 14:22:36.942000 7382 site-packages/torch/utils/_pytree.py:630] <enum 'KernelPreference'> is an Enum subclass and is now natively supported by torch.compile as an opaque value type. Calling register_constant() on Enum subclasses is deprecated and will be an error in a future release.
W0531 14:22:36.968000 7382 site-packages/torch/utils/_pytree.py:630] <enum 'ScaleCalculationMode'> is an Enum subclass and is now natively supported by torch.compile as an opaque value type. Calling register_constant() on Enum subclasses is deprecated and will be an error in a future release.
loading model: 0it [00:00, ?it/s]loading model: 0it [00:16, ?it/s]
xpu  eval  BlenderbotForCausalLM              
pass_due_to_skip
accuracy            pass_rate=95.65%
calls_captured      gmean=0.00x mean=667.783x
unique_graphs       gmean=0.00x mean=1.087x
graph_breaks        gmean=0.00x mean=0.152x
unique_graph_breaks gmean=0.00x mean=0.043x
autograd_captures   gmean=0.00x mean=0.000x
autograd_compiles   gmean=0.00x mean=0.000x
cudagraph_skips     gmean=0.00x mean=0.000x
compilation_latency mean=14.426 seconds
