++ python benchmarks/dynamo/huggingface.py --accuracy --float32 -d xpu -n10 --training --total-partitions 7 --partition-id 0 --backend=inductor --cold-start-latency --timeout=10800 --disable-cudagraphs --output=/__w/torch-xpu-ops/torch-xpu-ops/pytorch/inductor_log/huggingface/float32/inductor_huggingface_float32_training_xpu_accuracy.csv
W0531 14:23:12.132000 7632 site-packages/torch/utils/_pytree.py:630] <enum 'KernelPreference'> is an Enum subclass and is now natively supported by torch.compile as an opaque value type. Calling register_constant() on Enum subclasses is deprecated and will be an error in a future release.
W0531 14:23:12.165000 7632 site-packages/torch/utils/_pytree.py:630] <enum 'ScaleCalculationMode'> is an Enum subclass and is now natively supported by torch.compile as an opaque value type. Calling register_constant() on Enum subclasses is deprecated and will be an error in a future release.
W0531 14:23:26.569000 7924 site-packages/torch/utils/_pytree.py:630] <enum 'KernelPreference'> is an Enum subclass and is now natively supported by torch.compile as an opaque value type. Calling register_constant() on Enum subclasses is deprecated and will be an error in a future release.
W0531 14:23:26.595000 7924 site-packages/torch/utils/_pytree.py:630] <enum 'ScaleCalculationMode'> is an Enum subclass and is now natively supported by torch.compile as an opaque value type. Calling register_constant() on Enum subclasses is deprecated and will be an error in a future release.
loading model: 0it [00:00, ?it/s]loading model: 0it [00:03, ?it/s]
xpu  train AlbertForMaskedLM                  
pass
W0531 14:24:26.600000 8903 site-packages/torch/utils/_pytree.py:630] <enum 'KernelPreference'> is an Enum subclass and is now natively supported by torch.compile as an opaque value type. Calling register_constant() on Enum subclasses is deprecated and will be an error in a future release.
W0531 14:24:26.630000 8903 site-packages/torch/utils/_pytree.py:630] <enum 'ScaleCalculationMode'> is an Enum subclass and is now natively supported by torch.compile as an opaque value type. Calling register_constant() on Enum subclasses is deprecated and will be an error in a future release.
loading model: 0it [00:00, ?it/s]loading model: 0it [00:08, ?it/s]
xpu  train AlbertForQuestionAnswering         
W0531 14:24:47.071000 8903 site-packages/torch/_inductor/utils.py:3128] [2/0_1] get_device_tflops: no Triton fallback available for non-CUDA devices. Returning 0.0; roofline estimates will use memory bandwidth only.
pass
W0531 14:25:13.236000 9936 site-packages/torch/utils/_pytree.py:630] <enum 'KernelPreference'> is an Enum subclass and is now natively supported by torch.compile as an opaque value type. Calling register_constant() on Enum subclasses is deprecated and will be an error in a future release.
W0531 14:25:13.265000 9936 site-packages/torch/utils/_pytree.py:630] <enum 'ScaleCalculationMode'> is an Enum subclass and is now natively supported by torch.compile as an opaque value type. Calling register_constant() on Enum subclasses is deprecated and will be an error in a future release.
loading model: 0it [00:00, ?it/s]loading model: 0it [00:04, ?it/s]
xpu  train AllenaiLongformerBase              
W0531 14:25:20.871000 9936 site-packages/torch/_dynamo/variables/tensor.py:1744] [2/0] Graph break from `Tensor.item()`, consider setting:
W0531 14:25:20.871000 9936 site-packages/torch/_dynamo/variables/tensor.py:1744] [2/0]     torch._dynamo.config.capture_scalar_outputs = True
W0531 14:25:20.871000 9936 site-packages/torch/_dynamo/variables/tensor.py:1744] [2/0] or:
W0531 14:25:20.871000 9936 site-packages/torch/_dynamo/variables/tensor.py:1744] [2/0]     env TORCHDYNAMO_CAPTURE_SCALAR_OUTPUTS=1
W0531 14:25:20.871000 9936 site-packages/torch/_dynamo/variables/tensor.py:1744] [2/0] to include these operations in the captured graph.
W0531 14:25:20.871000 9936 site-packages/torch/_dynamo/variables/tensor.py:1744] [2/0] 
W0531 14:25:20.871000 9936 site-packages/torch/_dynamo/variables/tensor.py:1744] [2/0] Graph break: from user code at:
W0531 14:25:20.871000 9936 site-packages/torch/_dynamo/variables/tensor.py:1744] [2/0]   File "/__w/torch-xpu-ops/torch-xpu-ops/pytorch/benchmarks/dynamo/huggingface.py", line 563, in torch_dynamo_resume_in_forward_and_backward_pass_at_561
W0531 14:25:20.871000 9936 site-packages/torch/_dynamo/variables/tensor.py:1744] [2/0]     pred = mod(**cloned_inputs)
W0531 14:25:20.871000 9936 site-packages/torch/_dynamo/variables/tensor.py:1744] [2/0]   File "/tmp/xpu-tool/Python/3.10.20/x64/lib/python3.10/site-packages/transformers/models/longformer/modeling_longformer.py", line 1623, in forward
W0531 14:25:20.871000 9936 site-packages/torch/_dynamo/variables/tensor.py:1744] [2/0]     outputs = self.longformer(
W0531 14:25:20.871000 9936 site-packages/torch/_dynamo/variables/tensor.py:1744] [2/0]   File "/tmp/xpu-tool/Python/3.10.20/x64/lib/python3.10/site-packages/transformers/models/longformer/modeling_longformer.py", line 1518, in forward
W0531 14:25:20.871000 9936 site-packages/torch/_dynamo/variables/tensor.py:1744] [2/0]     encoder_outputs = self.encoder(
W0531 14:25:20.871000 9936 site-packages/torch/_dynamo/variables/tensor.py:1744] [2/0]   File "/tmp/xpu-tool/Python/3.10.20/x64/lib/python3.10/site-packages/transformers/models/longformer/modeling_longformer.py", line 1195, in forward
W0531 14:25:20.871000 9936 site-packages/torch/_dynamo/variables/tensor.py:1744] [2/0]     is_global_attn = is_index_global_attn.flatten().any().item()
W0531 14:25:20.871000 9936 site-packages/torch/_dynamo/variables/tensor.py:1744] [2/0] 
W0531 14:25:20.871000 9936 site-packages/torch/_dynamo/variables/tensor.py:1744] [2/0] 
W0531 14:26:01.380000 9936 site-packages/torch/_inductor/utils.py:3128] [8/0] get_device_tflops: no Triton fallback available for non-CUDA devices. Returning 0.0; roofline estimates will use memory bandwidth only.
pass
W0531 14:26:39.558000 11390 site-packages/torch/utils/_pytree.py:630] <enum 'KernelPreference'> is an Enum subclass and is now natively supported by torch.compile as an opaque value type. Calling register_constant() on Enum subclasses is deprecated and will be an error in a future release.
W0531 14:26:39.592000 11390 site-packages/torch/utils/_pytree.py:630] <enum 'ScaleCalculationMode'> is an Enum subclass and is now natively supported by torch.compile as an opaque value type. Calling register_constant() on Enum subclasses is deprecated and will be an error in a future release.
loading model: 0it [00:00, ?it/s]loading model: 0it [00:09, ?it/s]
xpu  train BartForCausalLM                    
W0531 14:27:03.395000 11390 site-packages/torch/_inductor/utils.py:3128] [15/0] get_device_tflops: no Triton fallback available for non-CUDA devices. Returning 0.0; roofline estimates will use memory bandwidth only.
pass
W0531 14:27:26.354000 11991 site-packages/torch/utils/_pytree.py:630] <enum 'KernelPreference'> is an Enum subclass and is now natively supported by torch.compile as an opaque value type. Calling register_constant() on Enum subclasses is deprecated and will be an error in a future release.
W0531 14:27:26.381000 11991 site-packages/torch/utils/_pytree.py:630] <enum 'ScaleCalculationMode'> is an Enum subclass and is now natively supported by torch.compile as an opaque value type. Calling register_constant() on Enum subclasses is deprecated and will be an error in a future release.
loading model: 0it [00:00, ?it/s]loading model: 0it [00:06, ?it/s]
xpu  train BartForConditionalGeneration       
W0531 14:27:45.370000 11991 site-packages/torch/_inductor/utils.py:3128] [20/0] get_device_tflops: no Triton fallback available for non-CUDA devices. Returning 0.0; roofline estimates will use memory bandwidth only.
pass
W0531 14:28:06.208000 12532 site-packages/torch/utils/_pytree.py:630] <enum 'KernelPreference'> is an Enum subclass and is now natively supported by torch.compile as an opaque value type. Calling register_constant() on Enum subclasses is deprecated and will be an error in a future release.
W0531 14:28:06.235000 12532 site-packages/torch/utils/_pytree.py:630] <enum 'ScaleCalculationMode'> is an Enum subclass and is now natively supported by torch.compile as an opaque value type. Calling register_constant() on Enum subclasses is deprecated and will be an error in a future release.
loading model: 0it [00:00, ?it/s]loading model: 0it [00:07, ?it/s]
xpu  train BertForMaskedLM                    
W0531 14:28:22.206000 12532 site-packages/torch/_inductor/utils.py:3128] [2/0_1] get_device_tflops: no Triton fallback available for non-CUDA devices. Returning 0.0; roofline estimates will use memory bandwidth only.
pass
W0531 14:28:58.220000 12997 site-packages/torch/utils/_pytree.py:630] <enum 'KernelPreference'> is an Enum subclass and is now natively supported by torch.compile as an opaque value type. Calling register_constant() on Enum subclasses is deprecated and will be an error in a future release.
W0531 14:28:58.246000 12997 site-packages/torch/utils/_pytree.py:630] <enum 'ScaleCalculationMode'> is an Enum subclass and is now natively supported by torch.compile as an opaque value type. Calling register_constant() on Enum subclasses is deprecated and will be an error in a future release.
loading model: 0it [00:00, ?it/s]loading model: 0it [00:02, ?it/s]
xpu  train BertForQuestionAnswering           
W0531 14:29:09.219000 12997 site-packages/torch/_inductor/utils.py:3128] [2/0_1] get_device_tflops: no Triton fallback available for non-CUDA devices. Returning 0.0; roofline estimates will use memory bandwidth only.
pass
W0531 14:29:43.399000 13390 site-packages/torch/utils/_pytree.py:630] <enum 'KernelPreference'> is an Enum subclass and is now natively supported by torch.compile as an opaque value type. Calling register_constant() on Enum subclasses is deprecated and will be an error in a future release.
W0531 14:29:43.426000 13390 site-packages/torch/utils/_pytree.py:630] <enum 'ScaleCalculationMode'> is an Enum subclass and is now natively supported by torch.compile as an opaque value type. Calling register_constant() on Enum subclasses is deprecated and will be an error in a future release.
loading model: 0it [00:00, ?it/s]loading model: 0it [00:17, ?it/s]
xpu  train BlenderbotForCausalLM              
pass_due_to_skip
accuracy            pass_rate=86.36%
calls_captured      gmean=0.00x mean=416.500x
unique_graphs       gmean=0.00x mean=2.568x
graph_breaks        gmean=0.00x mean=3.773x
unique_graph_breaks gmean=0.00x mean=3.000x
autograd_captures   gmean=0.00x mean=0.000x
autograd_compiles   gmean=0.00x mean=0.000x
cudagraph_skips     gmean=0.00x mean=0.000x
compilation_latency mean=21.584 seconds
