++ python benchmarks/dynamo/huggingface.py --accuracy --float32 -d xpu -n10 --inference --total-partitions 7 --partition-id 4 --backend=inductor --cold-start-latency --timeout=10800 --disable-cudagraphs --output=/__w/torch-xpu-ops/torch-xpu-ops/pytorch/inductor_log/huggingface/float32/inductor_huggingface_float32_inference_xpu_accuracy.csv
W0531 14:16:35.633000 2103 site-packages/torch/utils/_pytree.py:630] <enum 'KernelPreference'> is an Enum subclass and is now natively supported by torch.compile as an opaque value type. Calling register_constant() on Enum subclasses is deprecated and will be an error in a future release.
W0531 14:16:35.660000 2103 site-packages/torch/utils/_pytree.py:630] <enum 'ScaleCalculationMode'> is an Enum subclass and is now natively supported by torch.compile as an opaque value type. Calling register_constant() on Enum subclasses is deprecated and will be an error in a future release.
W0531 14:16:50.105000 2277 site-packages/torch/utils/_pytree.py:630] <enum 'KernelPreference'> is an Enum subclass and is now natively supported by torch.compile as an opaque value type. Calling register_constant() on Enum subclasses is deprecated and will be an error in a future release.
W0531 14:16:50.133000 2277 site-packages/torch/utils/_pytree.py:630] <enum 'ScaleCalculationMode'> is an Enum subclass and is now natively supported by torch.compile as an opaque value type. Calling register_constant() on Enum subclasses is deprecated and will be an error in a future release.
loading model: 0it [00:00, ?it/s]loading model: 0it [00:07, ?it/s]
xpu  eval  MegatronBertForQuestionAnswering   
W0531 14:17:05.159000 2277 site-packages/torch/_inductor/utils.py:3128] [0/0] get_device_tflops: no Triton fallback available for non-CUDA devices. Returning 0.0; roofline estimates will use memory bandwidth only.
pass
W0531 14:17:39.834000 3132 site-packages/torch/utils/_pytree.py:630] <enum 'KernelPreference'> is an Enum subclass and is now natively supported by torch.compile as an opaque value type. Calling register_constant() on Enum subclasses is deprecated and will be an error in a future release.
W0531 14:17:39.865000 3132 site-packages/torch/utils/_pytree.py:630] <enum 'ScaleCalculationMode'> is an Enum subclass and is now natively supported by torch.compile as an opaque value type. Calling register_constant() on Enum subclasses is deprecated and will be an error in a future release.
loading model: 0it [00:00, ?it/s]loading model: 0it [00:01, ?it/s]
xpu  eval  MobileBertForMaskedLM              
W0531 14:17:53.618000 3132 site-packages/torch/_inductor/utils.py:3128] [0/0] get_device_tflops: no Triton fallback available for non-CUDA devices. Returning 0.0; roofline estimates will use memory bandwidth only.
pass
W0531 14:18:27.260000 4050 site-packages/torch/utils/_pytree.py:630] <enum 'KernelPreference'> is an Enum subclass and is now natively supported by torch.compile as an opaque value type. Calling register_constant() on Enum subclasses is deprecated and will be an error in a future release.
W0531 14:18:27.289000 4050 site-packages/torch/utils/_pytree.py:630] <enum 'ScaleCalculationMode'> is an Enum subclass and is now natively supported by torch.compile as an opaque value type. Calling register_constant() on Enum subclasses is deprecated and will be an error in a future release.
loading model: 0it [00:00, ?it/s]loading model: 0it [00:05, ?it/s]
xpu  eval  MobileBertForQuestionAnswering     
W0531 14:18:44.577000 4050 site-packages/torch/_inductor/utils.py:3128] [0/0] get_device_tflops: no Triton fallback available for non-CUDA devices. Returning 0.0; roofline estimates will use memory bandwidth only.
pass
W0531 14:19:22.680000 4774 site-packages/torch/utils/_pytree.py:630] <enum 'KernelPreference'> is an Enum subclass and is now natively supported by torch.compile as an opaque value type. Calling register_constant() on Enum subclasses is deprecated and will be an error in a future release.
W0531 14:19:22.709000 4774 site-packages/torch/utils/_pytree.py:630] <enum 'ScaleCalculationMode'> is an Enum subclass and is now natively supported by torch.compile as an opaque value type. Calling register_constant() on Enum subclasses is deprecated and will be an error in a future release.
loading model: 0it [00:00, ?it/s]loading model: 0it [00:07, ?it/s]
xpu  eval  OPTForCausalLM                     
pass
W0531 14:19:58.822000 5480 site-packages/torch/utils/_pytree.py:630] <enum 'KernelPreference'> is an Enum subclass and is now natively supported by torch.compile as an opaque value type. Calling register_constant() on Enum subclasses is deprecated and will be an error in a future release.
W0531 14:19:58.853000 5480 site-packages/torch/utils/_pytree.py:630] <enum 'ScaleCalculationMode'> is an Enum subclass and is now natively supported by torch.compile as an opaque value type. Calling register_constant() on Enum subclasses is deprecated and will be an error in a future release.
loading model: 0it [00:00, ?it/s]loading model: 0it [00:06, ?it/s]
xpu  eval  PLBartForCausalLM                  
W0531 14:20:10.433000 5480 site-packages/torch/_inductor/utils.py:3128] [0/0] get_device_tflops: no Triton fallback available for non-CUDA devices. Returning 0.0; roofline estimates will use memory bandwidth only.
pass
W0531 14:20:51.297000 6040 site-packages/torch/utils/_pytree.py:630] <enum 'KernelPreference'> is an Enum subclass and is now natively supported by torch.compile as an opaque value type. Calling register_constant() on Enum subclasses is deprecated and will be an error in a future release.
W0531 14:20:51.324000 6040 site-packages/torch/utils/_pytree.py:630] <enum 'ScaleCalculationMode'> is an Enum subclass and is now natively supported by torch.compile as an opaque value type. Calling register_constant() on Enum subclasses is deprecated and will be an error in a future release.
loading model: 0it [00:00, ?it/s]loading model: 0it [00:03, ?it/s]
xpu  eval  PLBartForConditionalGeneration     
W0531 14:21:00.346000 6040 site-packages/torch/_inductor/utils.py:3128] [0/0] get_device_tflops: no Triton fallback available for non-CUDA devices. Returning 0.0; roofline estimates will use memory bandwidth only.
pass
W0531 14:21:33.228000 6628 site-packages/torch/utils/_pytree.py:630] <enum 'KernelPreference'> is an Enum subclass and is now natively supported by torch.compile as an opaque value type. Calling register_constant() on Enum subclasses is deprecated and will be an error in a future release.
W0531 14:21:33.255000 6628 site-packages/torch/utils/_pytree.py:630] <enum 'ScaleCalculationMode'> is an Enum subclass and is now natively supported by torch.compile as an opaque value type. Calling register_constant() on Enum subclasses is deprecated and will be an error in a future release.
loading model: 0it [00:00, ?it/s]loading model: 0it [00:08, ?it/s]
xpu  eval  PegasusForCausalLM                 
W0531 14:21:47.014000 6628 site-packages/torch/_inductor/utils.py:3128] [0/0] get_device_tflops: no Triton fallback available for non-CUDA devices. Returning 0.0; roofline estimates will use memory bandwidth only.
pass
W0531 14:22:19.994000 7243 site-packages/torch/utils/_pytree.py:630] <enum 'KernelPreference'> is an Enum subclass and is now natively supported by torch.compile as an opaque value type. Calling register_constant() on Enum subclasses is deprecated and will be an error in a future release.
W0531 14:22:20.021000 7243 site-packages/torch/utils/_pytree.py:630] <enum 'ScaleCalculationMode'> is an Enum subclass and is now natively supported by torch.compile as an opaque value type. Calling register_constant() on Enum subclasses is deprecated and will be an error in a future release.
loading model: 0it [00:00, ?it/s]loading model: 0it [00:11, ?it/s]
xpu  eval  PegasusForConditionalGeneration    
W0531 14:22:39.569000 7243 site-packages/torch/_inductor/utils.py:3128] [0/0] get_device_tflops: no Triton fallback available for non-CUDA devices. Returning 0.0; roofline estimates will use memory bandwidth only.
pass
accuracy            pass_rate=95.65%
calls_captured      gmean=0.00x mean=667.783x
unique_graphs       gmean=0.00x mean=1.087x
graph_breaks        gmean=0.00x mean=0.152x
unique_graph_breaks gmean=0.00x mean=0.043x
autograd_captures   gmean=0.00x mean=0.000x
autograd_compiles   gmean=0.00x mean=0.000x
cudagraph_skips     gmean=0.00x mean=0.000x
compilation_latency mean=14.426 seconds
