++ python benchmarks/dynamo/timm_models.py --accuracy --float16 -d xpu -n10 --training --total-partitions 8 --partition-id 2 --backend=inductor --cold-start-latency --timeout=10800 --disable-cudagraphs --output=/__w/torch-xpu-ops/torch-xpu-ops/pytorch/inductor_log/timm_models/float16/inductor_timm_models_float16_training_xpu_accuracy.csv
loading model: 0it [00:00, ?it/s]loading model: 0it [00:05, ?it/s]
xpu  train eca_botnext26ts_256                
W0531 14:15:31.200000 2373 site-packages/torch/_inductor/utils.py:3128] [2/0_1] get_device_tflops: no Triton fallback available for non-CUDA devices. Returning 0.0; roofline estimates will use memory bandwidth only.
pass
loading model: 0it [00:00, ?it/s]loading model: 0it [00:05, ?it/s]
xpu  train eca_halonext26ts                   
W0531 14:16:53.555000 7083 site-packages/torch/_inductor/utils.py:3128] [2/0_1] get_device_tflops: no Triton fallback available for non-CUDA devices. Returning 0.0; roofline estimates will use memory bandwidth only.
pass
loading model: 0it [00:00, ?it/s]loading model: 0it [00:04, ?it/s]
xpu  train ese_vovnet19b_dw                   
pass
loading model: 0it [00:00, ?it/s]loading model: 0it [00:05, ?it/s]
xpu  train fbnetc_100                         
pass
loading model: 0it [00:00, ?it/s]loading model: 0it [00:05, ?it/s]
xpu  train fbnetv3_b                          
pass
loading model: 0it [00:00, ?it/s]loading model: 0it [00:05, ?it/s]
xpu  train gernet_l                           
pass
loading model: 0it [00:00, ?it/s]loading model: 0it [00:07, ?it/s]
xpu  train ghostnet_100                       
pass
loading model: 0it [00:00, ?it/s]loading model: 0it [00:07, ?it/s]
xpu  train gluon_inception_v3                 
pass
accuracy            pass_rate=94.92%
calls_captured      gmean=402.50x mean=476.051x
unique_graphs       gmean=1.09x mean=1.136x
graph_breaks        gmean=5.02x mean=5.017x
unique_graph_breaks gmean=4.00x mean=4.000x
autograd_captures   gmean=0.00x mean=0.000x
autograd_compiles   gmean=0.00x mean=0.000x
cudagraph_skips     gmean=0.00x mean=0.000x
compilation_latency mean=45.158 seconds
