++ python benchmarks/dynamo/huggingface.py --accuracy --bfloat16 -d xpu -n10 --training --total-partitions 7 --partition-id 0 --backend=inductor --cold-start-latency --timeout=10800 --disable-cudagraphs --output=/__w/torch-xpu-ops/torch-xpu-ops/pytorch/inductor_log/huggingface/bfloat16/inductor_huggingface_bfloat16_training_xpu_accuracy.csv
W0531 14:37:14.637000 19124 site-packages/torch/utils/_pytree.py:630] <enum 'KernelPreference'> is an Enum subclass and is now natively supported by torch.compile as an opaque value type. Calling register_constant() on Enum subclasses is deprecated and will be an error in a future release.
W0531 14:37:14.664000 19124 site-packages/torch/utils/_pytree.py:630] <enum 'ScaleCalculationMode'> is an Enum subclass and is now natively supported by torch.compile as an opaque value type. Calling register_constant() on Enum subclasses is deprecated and will be an error in a future release.
W0531 14:37:35.179000 19322 site-packages/torch/utils/_pytree.py:630] <enum 'KernelPreference'> is an Enum subclass and is now natively supported by torch.compile as an opaque value type. Calling register_constant() on Enum subclasses is deprecated and will be an error in a future release.
W0531 14:37:35.208000 19322 site-packages/torch/utils/_pytree.py:630] <enum 'ScaleCalculationMode'> is an Enum subclass and is now natively supported by torch.compile as an opaque value type. Calling register_constant() on Enum subclasses is deprecated and will be an error in a future release.
loading model: 0it [00:00, ?it/s]loading model: 0it [00:02, ?it/s]
xpu  train AlbertForMaskedLM                  
pass
W0531 14:38:31.404000 20266 site-packages/torch/utils/_pytree.py:630] <enum 'KernelPreference'> is an Enum subclass and is now natively supported by torch.compile as an opaque value type. Calling register_constant() on Enum subclasses is deprecated and will be an error in a future release.
W0531 14:38:31.434000 20266 site-packages/torch/utils/_pytree.py:630] <enum 'ScaleCalculationMode'> is an Enum subclass and is now natively supported by torch.compile as an opaque value type. Calling register_constant() on Enum subclasses is deprecated and will be an error in a future release.
loading model: 0it [00:00, ?it/s]loading model: 0it [00:07, ?it/s]
xpu  train AlbertForQuestionAnswering         
W0531 14:38:51.419000 20266 site-packages/torch/_inductor/utils.py:3128] [2/0_1] get_device_tflops: no Triton fallback available for non-CUDA devices. Returning 0.0; roofline estimates will use memory bandwidth only.
pass
W0531 14:39:27.267000 21309 site-packages/torch/utils/_pytree.py:630] <enum 'KernelPreference'> is an Enum subclass and is now natively supported by torch.compile as an opaque value type. Calling register_constant() on Enum subclasses is deprecated and will be an error in a future release.
W0531 14:39:27.298000 21309 site-packages/torch/utils/_pytree.py:630] <enum 'ScaleCalculationMode'> is an Enum subclass and is now natively supported by torch.compile as an opaque value type. Calling register_constant() on Enum subclasses is deprecated and will be an error in a future release.
loading model: 0it [00:00, ?it/s]loading model: 0it [00:08, ?it/s]
xpu  train AllenaiLongformerBase              
W0531 14:39:39.236000 21309 site-packages/torch/_dynamo/variables/tensor.py:1744] [2/0] Graph break from `Tensor.item()`, consider setting:
W0531 14:39:39.236000 21309 site-packages/torch/_dynamo/variables/tensor.py:1744] [2/0]     torch._dynamo.config.capture_scalar_outputs = True
W0531 14:39:39.236000 21309 site-packages/torch/_dynamo/variables/tensor.py:1744] [2/0] or:
W0531 14:39:39.236000 21309 site-packages/torch/_dynamo/variables/tensor.py:1744] [2/0]     env TORCHDYNAMO_CAPTURE_SCALAR_OUTPUTS=1
W0531 14:39:39.236000 21309 site-packages/torch/_dynamo/variables/tensor.py:1744] [2/0] to include these operations in the captured graph.
W0531 14:39:39.236000 21309 site-packages/torch/_dynamo/variables/tensor.py:1744] [2/0] 
W0531 14:39:39.236000 21309 site-packages/torch/_dynamo/variables/tensor.py:1744] [2/0] Graph break: from user code at:
W0531 14:39:39.236000 21309 site-packages/torch/_dynamo/variables/tensor.py:1744] [2/0]   File "/__w/torch-xpu-ops/torch-xpu-ops/pytorch/benchmarks/dynamo/huggingface.py", line 563, in torch_dynamo_resume_in_forward_and_backward_pass_at_561
W0531 14:39:39.236000 21309 site-packages/torch/_dynamo/variables/tensor.py:1744] [2/0]     pred = mod(**cloned_inputs)
W0531 14:39:39.236000 21309 site-packages/torch/_dynamo/variables/tensor.py:1744] [2/0]   File "/tmp/xpu-tool/Python/3.10.20/x64/lib/python3.10/site-packages/transformers/models/longformer/modeling_longformer.py", line 1623, in forward
W0531 14:39:39.236000 21309 site-packages/torch/_dynamo/variables/tensor.py:1744] [2/0]     outputs = self.longformer(
W0531 14:39:39.236000 21309 site-packages/torch/_dynamo/variables/tensor.py:1744] [2/0]   File "/tmp/xpu-tool/Python/3.10.20/x64/lib/python3.10/site-packages/transformers/models/longformer/modeling_longformer.py", line 1518, in forward
W0531 14:39:39.236000 21309 site-packages/torch/_dynamo/variables/tensor.py:1744] [2/0]     encoder_outputs = self.encoder(
W0531 14:39:39.236000 21309 site-packages/torch/_dynamo/variables/tensor.py:1744] [2/0]   File "/tmp/xpu-tool/Python/3.10.20/x64/lib/python3.10/site-packages/transformers/models/longformer/modeling_longformer.py", line 1195, in forward
W0531 14:39:39.236000 21309 site-packages/torch/_dynamo/variables/tensor.py:1744] [2/0]     is_global_attn = is_index_global_attn.flatten().any().item()
W0531 14:39:39.236000 21309 site-packages/torch/_dynamo/variables/tensor.py:1744] [2/0] 
W0531 14:39:39.236000 21309 site-packages/torch/_dynamo/variables/tensor.py:1744] [2/0] 
W0531 14:40:22.358000 21309 site-packages/torch/_inductor/utils.py:3128] [8/0] get_device_tflops: no Triton fallback available for non-CUDA devices. Returning 0.0; roofline estimates will use memory bandwidth only.
pass
W0531 14:41:12.241000 22976 site-packages/torch/utils/_pytree.py:630] <enum 'KernelPreference'> is an Enum subclass and is now natively supported by torch.compile as an opaque value type. Calling register_constant() on Enum subclasses is deprecated and will be an error in a future release.
W0531 14:41:12.270000 22976 site-packages/torch/utils/_pytree.py:630] <enum 'ScaleCalculationMode'> is an Enum subclass and is now natively supported by torch.compile as an opaque value type. Calling register_constant() on Enum subclasses is deprecated and will be an error in a future release.
loading model: 0it [00:00, ?it/s]loading model: 0it [00:03, ?it/s]
xpu  train BartForCausalLM                    
W0531 14:41:28.792000 22976 site-packages/torch/_inductor/utils.py:3128] [15/0] get_device_tflops: no Triton fallback available for non-CUDA devices. Returning 0.0; roofline estimates will use memory bandwidth only.
pass
W0531 14:41:51.193000 23558 site-packages/torch/utils/_pytree.py:630] <enum 'KernelPreference'> is an Enum subclass and is now natively supported by torch.compile as an opaque value type. Calling register_constant() on Enum subclasses is deprecated and will be an error in a future release.
W0531 14:41:51.221000 23558 site-packages/torch/utils/_pytree.py:630] <enum 'ScaleCalculationMode'> is an Enum subclass and is now natively supported by torch.compile as an opaque value type. Calling register_constant() on Enum subclasses is deprecated and will be an error in a future release.
loading model: 0it [00:00, ?it/s]loading model: 0it [00:05, ?it/s]
xpu  train BartForConditionalGeneration       
W0531 14:42:08.110000 23558 site-packages/torch/_inductor/utils.py:3128] [20/0] get_device_tflops: no Triton fallback available for non-CUDA devices. Returning 0.0; roofline estimates will use memory bandwidth only.
pass
W0531 14:42:37.279000 24064 site-packages/torch/utils/_pytree.py:630] <enum 'KernelPreference'> is an Enum subclass and is now natively supported by torch.compile as an opaque value type. Calling register_constant() on Enum subclasses is deprecated and will be an error in a future release.
W0531 14:42:37.306000 24064 site-packages/torch/utils/_pytree.py:630] <enum 'ScaleCalculationMode'> is an Enum subclass and is now natively supported by torch.compile as an opaque value type. Calling register_constant() on Enum subclasses is deprecated and will be an error in a future release.
loading model: 0it [00:00, ?it/s]loading model: 0it [00:02, ?it/s]
xpu  train BertForMaskedLM                    
W0531 14:42:48.624000 24064 site-packages/torch/_inductor/utils.py:3128] [2/0_1] get_device_tflops: no Triton fallback available for non-CUDA devices. Returning 0.0; roofline estimates will use memory bandwidth only.
pass
W0531 14:43:27.100000 24574 site-packages/torch/utils/_pytree.py:630] <enum 'KernelPreference'> is an Enum subclass and is now natively supported by torch.compile as an opaque value type. Calling register_constant() on Enum subclasses is deprecated and will be an error in a future release.
W0531 14:43:27.129000 24574 site-packages/torch/utils/_pytree.py:630] <enum 'ScaleCalculationMode'> is an Enum subclass and is now natively supported by torch.compile as an opaque value type. Calling register_constant() on Enum subclasses is deprecated and will be an error in a future release.
loading model: 0it [00:00, ?it/s]loading model: 0it [00:01, ?it/s]
xpu  train BertForQuestionAnswering           
W0531 14:43:38.379000 24574 site-packages/torch/_inductor/utils.py:3128] [2/0_1] get_device_tflops: no Triton fallback available for non-CUDA devices. Returning 0.0; roofline estimates will use memory bandwidth only.
pass
W0531 14:44:15.881000 24998 site-packages/torch/utils/_pytree.py:630] <enum 'KernelPreference'> is an Enum subclass and is now natively supported by torch.compile as an opaque value type. Calling register_constant() on Enum subclasses is deprecated and will be an error in a future release.
W0531 14:44:15.908000 24998 site-packages/torch/utils/_pytree.py:630] <enum 'ScaleCalculationMode'> is an Enum subclass and is now natively supported by torch.compile as an opaque value type. Calling register_constant() on Enum subclasses is deprecated and will be an error in a future release.
loading model: 0it [00:00, ?it/s]loading model: 0it [00:16, ?it/s]
xpu  train BlenderbotForCausalLM              
pass_due_to_skip
accuracy            pass_rate=86.36%
calls_captured      gmean=0.00x mean=418.909x
unique_graphs       gmean=0.00x mean=2.568x
graph_breaks        gmean=0.00x mean=3.773x
unique_graph_breaks gmean=0.00x mean=3.000x
autograd_captures   gmean=0.00x mean=0.000x
autograd_compiles   gmean=0.00x mean=0.000x
cudagraph_skips     gmean=0.00x mean=0.000x
compilation_latency mean=22.893 seconds
