++ python benchmarks/dynamo/huggingface.py --accuracy --bfloat16 -d xpu -n10 --inference --total-partitions 7 --partition-id 2 --backend=inductor --cold-start-latency --timeout=10800 --disable-cudagraphs --output=/__w/torch-xpu-ops/torch-xpu-ops/pytorch/inductor_log/huggingface/bfloat16/inductor_huggingface_bfloat16_inference_xpu_accuracy.csv
W0531 14:31:11.066000 13965 site-packages/torch/utils/_pytree.py:630] <enum 'KernelPreference'> is an Enum subclass and is now natively supported by torch.compile as an opaque value type. Calling register_constant() on Enum subclasses is deprecated and will be an error in a future release.
W0531 14:31:11.099000 13965 site-packages/torch/utils/_pytree.py:630] <enum 'ScaleCalculationMode'> is an Enum subclass and is now natively supported by torch.compile as an opaque value type. Calling register_constant() on Enum subclasses is deprecated and will be an error in a future release.
W0531 14:31:19.403000 14207 site-packages/torch/utils/_pytree.py:630] <enum 'KernelPreference'> is an Enum subclass and is now natively supported by torch.compile as an opaque value type. Calling register_constant() on Enum subclasses is deprecated and will be an error in a future release.
W0531 14:31:19.431000 14207 site-packages/torch/utils/_pytree.py:630] <enum 'ScaleCalculationMode'> is an Enum subclass and is now natively supported by torch.compile as an opaque value type. Calling register_constant() on Enum subclasses is deprecated and will be an error in a future release.
loading model: 0it [00:00, ?it/s][transformers] `loss_type=None` was set in the config but it is unrecognized. Using the default loss: `ForCausalLMLoss`.
WARNING:transformers.modeling_utils:`loss_type=None` was set in the config but it is unrecognized. Using the default loss: `ForCausalLMLoss`.
loading model: 0it [00:06, ?it/s]
xpu  eval  DistillGPT2                        
W0531 14:31:32.196000 14207 site-packages/torch/_inductor/utils.py:3128] [2/0_1] get_device_tflops: no Triton fallback available for non-CUDA devices. Returning 0.0; roofline estimates will use memory bandwidth only.
pass
W0531 14:31:59.210000 14874 site-packages/torch/utils/_pytree.py:630] <enum 'KernelPreference'> is an Enum subclass and is now natively supported by torch.compile as an opaque value type. Calling register_constant() on Enum subclasses is deprecated and will be an error in a future release.
W0531 14:31:59.238000 14874 site-packages/torch/utils/_pytree.py:630] <enum 'ScaleCalculationMode'> is an Enum subclass and is now natively supported by torch.compile as an opaque value type. Calling register_constant() on Enum subclasses is deprecated and will be an error in a future release.
loading model: 0it [00:00, ?it/s][transformers] If you want to use `ElectraForCausalLM` as a standalone, add `is_decoder=True.`
WARNING:transformers.models.electra.modeling_electra:If you want to use `ElectraForCausalLM` as a standalone, add `is_decoder=True.`
loading model: 0it [00:05, ?it/s]
xpu  eval  ElectraForCausalLM                 
W0531 14:32:10.558000 14874 site-packages/torch/_inductor/utils.py:3128] [0/0] get_device_tflops: no Triton fallback available for non-CUDA devices. Returning 0.0; roofline estimates will use memory bandwidth only.
pass
W0531 14:32:39.281000 15664 site-packages/torch/utils/_pytree.py:630] <enum 'KernelPreference'> is an Enum subclass and is now natively supported by torch.compile as an opaque value type. Calling register_constant() on Enum subclasses is deprecated and will be an error in a future release.
W0531 14:32:39.313000 15664 site-packages/torch/utils/_pytree.py:630] <enum 'ScaleCalculationMode'> is an Enum subclass and is now natively supported by torch.compile as an opaque value type. Calling register_constant() on Enum subclasses is deprecated and will be an error in a future release.
loading model: 0it [00:00, ?it/s]loading model: 0it [00:05, ?it/s]
xpu  eval  ElectraForQuestionAnswering        
W0531 14:32:50.732000 15664 site-packages/torch/_inductor/utils.py:3128] [0/0] get_device_tflops: no Triton fallback available for non-CUDA devices. Returning 0.0; roofline estimates will use memory bandwidth only.
pass
W0531 14:33:24.435000 16214 site-packages/torch/utils/_pytree.py:630] <enum 'KernelPreference'> is an Enum subclass and is now natively supported by torch.compile as an opaque value type. Calling register_constant() on Enum subclasses is deprecated and will be an error in a future release.
W0531 14:33:24.463000 16214 site-packages/torch/utils/_pytree.py:630] <enum 'ScaleCalculationMode'> is an Enum subclass and is now natively supported by torch.compile as an opaque value type. Calling register_constant() on Enum subclasses is deprecated and will be an error in a future release.
loading model: 0it [00:00, ?it/s]loading model: 0it [00:01, ?it/s]
xpu  eval  GPT2ForSequenceClassification      
W0531 14:33:31.759000 16214 site-packages/torch/_inductor/utils.py:3128] [0/0] get_device_tflops: no Triton fallback available for non-CUDA devices. Returning 0.0; roofline estimates will use memory bandwidth only.
pass
accuracy            pass_rate=95.83%
calls_captured      gmean=0.00x mean=779.667x
unique_graphs       gmean=0.00x mean=1.208x
graph_breaks        gmean=0.00x mean=0.292x
unique_graph_breaks gmean=0.00x mean=0.083x
autograd_captures   gmean=0.00x mean=0.000x
autograd_compiles   gmean=0.00x mean=0.000x
cudagraph_skips     gmean=0.00x mean=0.000x
compilation_latency mean=14.762 seconds
