++ python benchmarks/dynamo/huggingface.py --accuracy --bfloat16 -d xpu -n10 --inference --total-partitions 7 --partition-id 0 --backend=inductor --cold-start-latency --timeout=10800 --disable-cudagraphs --output=/__w/torch-xpu-ops/torch-xpu-ops/pytorch/inductor_log/huggingface/bfloat16/inductor_huggingface_bfloat16_inference_xpu_accuracy.csv
W0531 14:31:11.064000 13962 site-packages/torch/utils/_pytree.py:630] <enum 'KernelPreference'> is an Enum subclass and is now natively supported by torch.compile as an opaque value type. Calling register_constant() on Enum subclasses is deprecated and will be an error in a future release.
W0531 14:31:11.096000 13962 site-packages/torch/utils/_pytree.py:630] <enum 'ScaleCalculationMode'> is an Enum subclass and is now natively supported by torch.compile as an opaque value type. Calling register_constant() on Enum subclasses is deprecated and will be an error in a future release.
W0531 14:31:19.402000 14204 site-packages/torch/utils/_pytree.py:630] <enum 'KernelPreference'> is an Enum subclass and is now natively supported by torch.compile as an opaque value type. Calling register_constant() on Enum subclasses is deprecated and will be an error in a future release.
W0531 14:31:19.429000 14204 site-packages/torch/utils/_pytree.py:630] <enum 'ScaleCalculationMode'> is an Enum subclass and is now natively supported by torch.compile as an opaque value type. Calling register_constant() on Enum subclasses is deprecated and will be an error in a future release.
loading model: 0it [00:00, ?it/s]loading model: 0it [00:06, ?it/s]
xpu  eval  AlbertForMaskedLM                  
pass
W0531 14:32:05.259000 14985 site-packages/torch/utils/_pytree.py:630] <enum 'KernelPreference'> is an Enum subclass and is now natively supported by torch.compile as an opaque value type. Calling register_constant() on Enum subclasses is deprecated and will be an error in a future release.
W0531 14:32:05.292000 14985 site-packages/torch/utils/_pytree.py:630] <enum 'ScaleCalculationMode'> is an Enum subclass and is now natively supported by torch.compile as an opaque value type. Calling register_constant() on Enum subclasses is deprecated and will be an error in a future release.
loading model: 0it [00:00, ?it/s]loading model: 0it [00:02, ?it/s]
xpu  eval  AlbertForQuestionAnswering         
pass
W0531 14:32:39.281000 15642 site-packages/torch/utils/_pytree.py:630] <enum 'KernelPreference'> is an Enum subclass and is now natively supported by torch.compile as an opaque value type. Calling register_constant() on Enum subclasses is deprecated and will be an error in a future release.
W0531 14:32:39.312000 15642 site-packages/torch/utils/_pytree.py:630] <enum 'ScaleCalculationMode'> is an Enum subclass and is now natively supported by torch.compile as an opaque value type. Calling register_constant() on Enum subclasses is deprecated and will be an error in a future release.
loading model: 0it [00:00, ?it/s]loading model: 0it [00:07, ?it/s]
xpu  eval  AllenaiLongformerBase              
W0531 14:32:48.512000 15642 site-packages/torch/_dynamo/variables/tensor.py:1744] [0/0] Graph break from `Tensor.item()`, consider setting:
W0531 14:32:48.512000 15642 site-packages/torch/_dynamo/variables/tensor.py:1744] [0/0]     torch._dynamo.config.capture_scalar_outputs = True
W0531 14:32:48.512000 15642 site-packages/torch/_dynamo/variables/tensor.py:1744] [0/0] or:
W0531 14:32:48.512000 15642 site-packages/torch/_dynamo/variables/tensor.py:1744] [0/0]     env TORCHDYNAMO_CAPTURE_SCALAR_OUTPUTS=1
W0531 14:32:48.512000 15642 site-packages/torch/_dynamo/variables/tensor.py:1744] [0/0] to include these operations in the captured graph.
W0531 14:32:48.512000 15642 site-packages/torch/_dynamo/variables/tensor.py:1744] [0/0] 
W0531 14:32:48.512000 15642 site-packages/torch/_dynamo/variables/tensor.py:1744] [0/0] Graph break: from user code at:
W0531 14:32:48.512000 15642 site-packages/torch/_dynamo/variables/tensor.py:1744] [0/0]   File "/__w/torch-xpu-ops/torch-xpu-ops/pytorch/benchmarks/dynamo/huggingface.py", line 556, in forward_pass
W0531 14:32:48.512000 15642 site-packages/torch/_dynamo/variables/tensor.py:1744] [0/0]     res = mod(**inputs)
W0531 14:32:48.512000 15642 site-packages/torch/_dynamo/variables/tensor.py:1744] [0/0]   File "/tmp/xpu-tool/Python/3.10.20/x64/lib/python3.10/site-packages/transformers/models/longformer/modeling_longformer.py", line 1623, in forward
W0531 14:32:48.512000 15642 site-packages/torch/_dynamo/variables/tensor.py:1744] [0/0]     outputs = self.longformer(
W0531 14:32:48.512000 15642 site-packages/torch/_dynamo/variables/tensor.py:1744] [0/0]   File "/tmp/xpu-tool/Python/3.10.20/x64/lib/python3.10/site-packages/transformers/models/longformer/modeling_longformer.py", line 1518, in forward
W0531 14:32:48.512000 15642 site-packages/torch/_dynamo/variables/tensor.py:1744] [0/0]     encoder_outputs = self.encoder(
W0531 14:32:48.512000 15642 site-packages/torch/_dynamo/variables/tensor.py:1744] [0/0]   File "/tmp/xpu-tool/Python/3.10.20/x64/lib/python3.10/site-packages/transformers/models/longformer/modeling_longformer.py", line 1195, in forward
W0531 14:32:48.512000 15642 site-packages/torch/_dynamo/variables/tensor.py:1744] [0/0]     is_global_attn = is_index_global_attn.flatten().any().item()
W0531 14:32:48.512000 15642 site-packages/torch/_dynamo/variables/tensor.py:1744] [0/0] 
W0531 14:32:48.512000 15642 site-packages/torch/_dynamo/variables/tensor.py:1744] [0/0] 
W0531 14:33:24.456000 15642 site-packages/torch/_inductor/utils.py:3128] [6/0] get_device_tflops: no Triton fallback available for non-CUDA devices. Returning 0.0; roofline estimates will use memory bandwidth only.
pass
W0531 14:33:50.056000 16578 site-packages/torch/utils/_pytree.py:630] <enum 'KernelPreference'> is an Enum subclass and is now natively supported by torch.compile as an opaque value type. Calling register_constant() on Enum subclasses is deprecated and will be an error in a future release.
W0531 14:33:50.085000 16578 site-packages/torch/utils/_pytree.py:630] <enum 'ScaleCalculationMode'> is an Enum subclass and is now natively supported by torch.compile as an opaque value type. Calling register_constant() on Enum subclasses is deprecated and will be an error in a future release.
loading model: 0it [00:00, ?it/s]loading model: 0it [00:02, ?it/s]
xpu  eval  BartForCausalLM                    
W0531 14:33:58.703000 16578 site-packages/torch/_inductor/utils.py:3128] [0/0] get_device_tflops: no Triton fallback available for non-CUDA devices. Returning 0.0; roofline estimates will use memory bandwidth only.
pass
W0531 14:34:35.226000 17366 site-packages/torch/utils/_pytree.py:630] <enum 'KernelPreference'> is an Enum subclass and is now natively supported by torch.compile as an opaque value type. Calling register_constant() on Enum subclasses is deprecated and will be an error in a future release.
W0531 14:34:35.256000 17366 site-packages/torch/utils/_pytree.py:630] <enum 'ScaleCalculationMode'> is an Enum subclass and is now natively supported by torch.compile as an opaque value type. Calling register_constant() on Enum subclasses is deprecated and will be an error in a future release.
loading model: 0it [00:00, ?it/s]loading model: 0it [00:04, ?it/s]
xpu  eval  BartForConditionalGeneration       
W0531 14:34:48.735000 17366 site-packages/torch/_inductor/utils.py:3128] [0/0] get_device_tflops: no Triton fallback available for non-CUDA devices. Returning 0.0; roofline estimates will use memory bandwidth only.
pass
W0531 14:35:21.983000 18049 site-packages/torch/utils/_pytree.py:630] <enum 'KernelPreference'> is an Enum subclass and is now natively supported by torch.compile as an opaque value type. Calling register_constant() on Enum subclasses is deprecated and will be an error in a future release.
W0531 14:35:22.010000 18049 site-packages/torch/utils/_pytree.py:630] <enum 'ScaleCalculationMode'> is an Enum subclass and is now natively supported by torch.compile as an opaque value type. Calling register_constant() on Enum subclasses is deprecated and will be an error in a future release.
loading model: 0it [00:00, ?it/s]loading model: 0it [00:01, ?it/s]
xpu  eval  BertForMaskedLM                    
W0531 14:35:29.114000 18049 site-packages/torch/_inductor/utils.py:3128] [0/0] get_device_tflops: no Triton fallback available for non-CUDA devices. Returning 0.0; roofline estimates will use memory bandwidth only.
pass
W0531 14:35:53.373000 18423 site-packages/torch/utils/_pytree.py:630] <enum 'KernelPreference'> is an Enum subclass and is now natively supported by torch.compile as an opaque value type. Calling register_constant() on Enum subclasses is deprecated and will be an error in a future release.
W0531 14:35:53.402000 18423 site-packages/torch/utils/_pytree.py:630] <enum 'ScaleCalculationMode'> is an Enum subclass and is now natively supported by torch.compile as an opaque value type. Calling register_constant() on Enum subclasses is deprecated and will be an error in a future release.
loading model: 0it [00:00, ?it/s]loading model: 0it [00:01, ?it/s]
xpu  eval  BertForQuestionAnswering           
pass
W0531 14:36:33.139000 18794 site-packages/torch/utils/_pytree.py:630] <enum 'KernelPreference'> is an Enum subclass and is now natively supported by torch.compile as an opaque value type. Calling register_constant() on Enum subclasses is deprecated and will be an error in a future release.
W0531 14:36:33.166000 18794 site-packages/torch/utils/_pytree.py:630] <enum 'ScaleCalculationMode'> is an Enum subclass and is now natively supported by torch.compile as an opaque value type. Calling register_constant() on Enum subclasses is deprecated and will be an error in a future release.
loading model: 0it [00:00, ?it/s]loading model: 0it [00:16, ?it/s]
xpu  eval  BlenderbotForCausalLM              
pass_due_to_skip
accuracy            pass_rate=95.56%
calls_captured      gmean=0.00x mean=665.622x
unique_graphs       gmean=0.00x mean=1.089x
graph_breaks        gmean=0.00x mean=0.156x
unique_graph_breaks gmean=0.00x mean=0.044x
autograd_captures   gmean=0.00x mean=0.000x
autograd_compiles   gmean=0.00x mean=0.000x
cudagraph_skips     gmean=0.00x mean=0.000x
compilation_latency mean=13.779 seconds
