op_ut,third_party.torch-xpu-ops.test.xpu.distributed.test_c10d_ops_xccl.ProcessGroupXCCLOpTest,test_allgather_graph_replay
op_ut,third_party.torch-xpu-ops.test.xpu.distributed.test_c10d_xccl.XCCLTraceTest,test_allgather_uneven_timing_enabled_False
op_ut,third_party.torch-xpu-ops.test.xpu.distributed.test_c10d_xccl.XCCLTraceTest,test_batched_send_recv_op_sizes_per_coalesce0_timing_enabled_False
op_ut,third_party.torch-xpu-ops.test.xpu.distributed.test_c10d_xccl.XCCLTraceTest,test_batched_send_recv_op_sizes_per_coalesce1_timing_enabled_False
op_ut,test.distributed._composable.fsdp.test_fully_shard_comm.TestFullyShardCommunication,test_set_reduce_scatter_divide_factor
op_ut,test.distributed.fsdp.test_fsdp_core.TestParityWithDDPXPU,test_mixture_of_experts_offload_false_shard_grad_op_xpu
op_ut,test.distributed.fsdp.test_fsdp_core.TestParityWithDDPXPU,test_mixture_of_experts_with_delay_before_free_offload_false_shard_grad_op_xpu
op_ut,test.distributed.pipelining.test_backward.StageBackwardTestsXPU,test_stage_backward_weight_shared_weights_xpu
op_ut,test.distributed.tensor.test_random_ops.DistTensorRandomOpCompileTest,test_compile_bernoulli
op_ut,test.distributed.tensor.test_random_ops.DistTensorRandomOpCompileTest,test_compile_bernoulli_float
op_ut,test.distributed.tensor.test_random_ops.DistTensorRandomOpCompileTest,test_compile_multiple_random_ops
op_ut,test.distributed.tensor.test_random_ops.DistTensorRandomOpCompileTest,test_compile_native_dropout
op_ut,test.distributed.tensor.test_random_ops.DistTensorRandomOpCompileTest,test_compile_normal_
op_ut,test.distributed.tensor.test_random_ops.DistTensorRandomOpCompileTest,test_compile_rand_like
op_ut,test.distributed.tensor.test_random_ops.DistTensorRandomOpCompileTest,test_compile_randint_like
op_ut,test.distributed.tensor.test_random_ops.DistTensorRandomOpCompileTest,test_compile_randn_like
op_ut,test.distributed.tensor.test_random_ops.DistTensorRandomOpCompileTest,test_compile_uniform_
op_ut,test.distributed.tensor.test_random_ops.DistTensorRandomInitTestWithLocalTensor,test_dtensor_init_helper_tensor_meta_strides
op_ut,test.distributed.tensor.test_random_ops.DistTensorRandomInitTestWithLocalTensor,test_fsdp_tp_model_meta_init
op_ut,test.distributed.tensor.test_random_ops.DistTensorRandomInitTestWithLocalTensor,test_init_ops
op_ut,test.distributed.tensor.test_random_ops.DistTensorRandomInitTestWithLocalTensor,test_init_with_user_generator
op_ut,test.distributed.tensor.test_random_ops.DistTensorRandomInitTestWithLocalTensor,test_meta_tensor_init
op_ut,test.distributed.tensor.test_random_ops.DistTensorRandomInitTestWithLocalTensor,test_tp_model_meta_init
op_ut,test.distributed.tensor.test_random_ops.DistTensorRandomOpTestWithLocalTensor,test_deterministic_dropout_1d
op_ut,test.distributed.tensor.test_random_ops.DistTensorRandomOpTestWithLocalTensor,test_deterministic_rand_1d
op_ut,test.distributed.tensor.test_random_ops.DistTensorRandomOpTestWithLocalTensor,test_deterministic_uniform_2d
op_ut,test.distributed.tensor.test_random_ops.DistTensorRandomOpTestWithLocalTensor,test_rng_tracker_init
