op_ut,third_party.torch-xpu-ops.test.xpu.distributed.test_c10d_ops_xccl.ProcessGroupXCCLOpTest,test_all_to_all
op_ut,third_party.torch-xpu-ops.test.xpu.distributed.test_c10d_ops_xccl.ProcessGroupXCCLOpTest,test_all_to_all_single
op_ut,third_party.torch-xpu-ops.test.xpu.distributed.test_c10d_ops_xccl.ProcessGroupXCCLOpTest,test_all_to_all_single_none
op_ut,third_party.torch-xpu-ops.test.xpu.distributed.test_c10d_ops_xccl.ProcessGroupXCCLOpTest,test_all_to_all_single_unequal_split
op_ut,third_party.torch-xpu-ops.test.xpu.distributed.test_c10d_ops_xccl.ProcessGroupXCCLOpTest,test_allgather_base_basics
op_ut,third_party.torch-xpu-ops.test.xpu.distributed.test_c10d_ops_xccl.ProcessGroupXCCLOpTest,test_allgather_base_ops
op_ut,third_party.torch-xpu-ops.test.xpu.distributed.test_c10d_xccl.RendezvousEnvTest,test_common_errors
op_ut,third_party.torch-xpu-ops.test.xpu.distributed.test_c10d_xccl.ProcessGroupXCCLTest,test_close_multi_pg_unordered
op_ut,third_party.torch-xpu-ops.test.xpu.distributed.test_c10d_xccl.ProcessGroupXCCLTest,test_file_store_check
op_ut,third_party.torch-xpu-ops.test.xpu.distributed.test_c10d_xccl.ProcessGroupXCCLTest,test_nan_assert_bfloat16
op_ut,third_party.torch-xpu-ops.test.xpu.distributed.test_c10d_xccl.ProcessGroupXCCLTest,test_nan_assert_float16
op_ut,third_party.torch-xpu-ops.test.xpu.distributed.test_c10d_xccl.ProcessGroupXCCLTest,test_nan_assert_float32
op_ut,third_party.torch-xpu-ops.test.xpu.distributed.test_c10d_xccl.ProcessGroupXCCLTest,test_nan_assert_float64
op_ut,third_party.torch-xpu-ops.test.xpu.distributed.test_c10d_xccl.ProcessGroupXCCLTest,test_nan_assert_float8_e4m3fn
op_ut,third_party.torch-xpu-ops.test.xpu.distributed.test_c10d_xccl.ProcessGroupXCCLTest,test_nan_assert_float8_e5m2
op_ut,third_party.torch-xpu-ops.test.xpu.distributed.test_c10d_xccl.ProcessGroupXCCLTest,test_nan_check_empty_tensor
op_ut,third_party.torch-xpu-ops.test.xpu.distributed.test_c10d_xccl.ProcessGroupXCCLTest,test_nan_check_non_float_bool
op_ut,third_party.torch-xpu-ops.test.xpu.distributed.test_c10d_xccl.ProcessGroupXCCLTest,test_nan_check_non_float_int32
op_ut,third_party.torch-xpu-ops.test.xpu.distributed.test_c10d_xccl.ProcessGroupXCCLTest,test_nan_check_non_float_int64
op_ut,third_party.torch-xpu-ops.test.xpu.distributed.test_c10d_xccl.ProcessGroupXCCLTest,test_nan_check_non_float_int8
op_ut,third_party.torch-xpu-ops.test.xpu.distributed.test_c10d_xccl.ProcessGroupXCCLTest,test_nan_check_non_float_uint8
op_ut,third_party.torch-xpu-ops.test.xpu.distributed.test_c10d_xccl.ProcessGroupXCCLTest,test_oom
op_ut,third_party.torch-xpu-ops.test.xpu.distributed.test_c10d_xccl.ProcessGroupXCCLTest,test_send_recv_non_dense_tensor
op_ut,third_party.torch-xpu-ops.test.xpu.distributed.test_c10d_xccl.ProcessGroupXCCLTest,test_set_process_group_desc
op_ut,third_party.torch-xpu-ops.test.xpu.distributed.test_c10d_xccl.CommTest,test_all_gather_into_tensor
op_ut,third_party.torch-xpu-ops.test.xpu.distributed.test_c10d_xccl.CommTest,test_all_reduce_coalesced_manager_xccl
op_ut,third_party.torch-xpu-ops.test.xpu.distributed.test_c10d_xccl.CommTest,test_all_reduce_coalesced_xccl
op_ut,third_party.torch-xpu-ops.test.xpu.distributed.test_c10d_xccl.CommTest,test_broadcast_coalesced_xccl
op_ut,third_party.torch-xpu-ops.test.xpu.distributed.test_c10d_xccl.CommTest,test_pass_xccl_options_high_priority_stream
op_ut,third_party.torch-xpu-ops.test.xpu.distributed.test_c10d_xccl.CommTest,test_reduce_scatter_base_k
op_ut,third_party.torch-xpu-ops.test.xpu.distributed.test_c10d_xccl.CommTest,test_reduce_scatter_tensor_coalesced
op_ut,third_party.torch-xpu-ops.test.xpu.distributed.test_c10d_xccl.CommTest,test_single_p2p
op_ut,third_party.torch-xpu-ops.test.xpu.distributed.test_c10d_xccl.CommTest,test_tensor_dtype_complex
op_ut,third_party.torch-xpu-ops.test.xpu.distributed.test_c10d_xccl.CommTest,test_unwaited
op_ut,third_party.torch-xpu-ops.test.xpu.distributed.test_c10d_xccl.CommTest,test_wait_tensor
op_ut,third_party.torch-xpu-ops.test.xpu.distributed.test_c10d_xccl.CommTest,test_xccl_barrier
op_ut,third_party.torch-xpu-ops.test.xpu.distributed.test_c10d_xccl.CommTest,test_xccl_barrier_device_ids
op_ut,third_party.torch-xpu-ops.test.xpu.distributed.test_c10d_xccl.XCCLTraceTest,test_barrier_profiling
op_ut,third_party.torch-xpu-ops.test.xpu.distributed.test_c10d_xccl.XCCLTraceTest,test_coalescing_manager_collective_timing_enabled_False
op_ut,third_party.torch-xpu-ops.test.xpu.distributed.test_c10d_xccl.XCCLTraceTest,test_dump_pipe
op_ut,third_party.torch-xpu-ops.test.xpu.distributed.test_c10d_xccl.XCCLTraceTest,test_individual_send_recv_op_sizes0_timing_enabled_False
op_ut,third_party.torch-xpu-ops.test.xpu.distributed.test_c10d_xccl.XCCLTraceTest,test_individual_send_recv_op_sizes1_timing_enabled_False
op_ut,third_party.torch-xpu-ops.test.xpu.distributed.test_c10d_xccl.XCCLTraceTest,test_long
op_ut,third_party.torch-xpu-ops.test.xpu.distributed.test_c10d_xccl.XCCLTraceTest,test_short_pickle_include_collectives_False
op_ut,third_party.torch-xpu-ops.test.xpu.distributed.test_c10d_xccl.XCCLTraceTest,test_short_pickle_include_collectives_True
op_ut,test.distributed._composable.fsdp.test_fully_shard_comm.TestFullyShardCommunication,test_fully_shard_communication_count
op_ut,test.distributed._composable.fsdp.test_fully_shard_comm.TestFullyShardCommunication,test_manual_reshard_with_reshard_after_forward_false
op_ut,test.distributed._composable.fsdp.test_fully_shard_comm.TestFullyShardCommunication,test_set_reshard_after_forward
op_ut,test.distributed._composable.fsdp.test_fully_shard_comm.TestFullyShardPrefetch,test_backward_misprefetch
op_ut,test.distributed._composable.fsdp.test_fully_shard_comm.TestFullyShardPrefetch,test_fully_shard_backward_prefetch
op_ut,test.distributed._composable.fsdp.test_fully_shard_comm.TestFullyShardPrefetch,test_fully_shard_multi_module_backward_prefetch
op_ut,test.distributed._composable.fsdp.test_fully_shard_comm.TestFullyShardPrefetch,test_fully_shard_multi_module_unused_module
op_ut,test.distributed._composable.fsdp.test_fully_shard_comm.TestFullyShardPrefetch,test_set_modules_to_backward_prefetch
op_ut,test.distributed._composable.fsdp.test_fully_shard_comm.TestFullyShardPrefetch,test_set_modules_to_backward_prefetch_inside_ac
op_ut,test.distributed._composable.fsdp.test_fully_shard_comm.TestFullyShardPrefetch,test_set_modules_to_forward_prefetch
op_ut,test.distributed._composable.fsdp.test_fully_shard_comm.TestFullyShardUnshardMultiProcess,test_unshard_async
op_ut,test.distributed._composable.fsdp.test_fully_shard_comm.TestFullyShardAllocFromPG,test_exception_when_used_together_with_comm_hooks
op_ut,test.distributed._composable.fsdp.test_fully_shard_comm.TestFullyShardReduceOpWorldSize1,test_size1_reduceop
op_ut,test.distributed._composable.fsdp.test_fully_shard_frozen.TestFullyShardFrozen,test_multi_forward_mixed_requires_grad
op_ut,test.distributed._composable.fsdp.test_fully_shard_frozen.TestFullyShardFrozen,test_train_mixed_requires_grad_across_groups
op_ut,test.distributed._composable.fsdp.test_fully_shard_frozen.TestFullyShardFrozen,test_train_mixed_requires_grad_per_group
op_ut,test.distributed._composable.test_checkpoint.TestCheckpoint,test_checkpoint_kwargs
op_ut,test.distributed._composable.test_checkpoint.TestCheckpoint,test_clears_state_on_error_in_forward
op_ut,test.distributed._composable.test_checkpoint.TestCheckpoint,test_multi_args
op_ut,test.distributed._composable.test_checkpoint.TestCheckpoint,test_random_cpu
op_ut,test.distributed._composable.test_checkpoint.TestCheckpoint,test_tensor_only_cpu
op_ut,test.distributed._composable.test_checkpoint.TestCheckpoint,test_tensor_only_gpu
op_ut,test.distributed._composable.test_contract.TestContract,test_add_hooks
op_ut,test.distributed._composable.test_contract.TestContract,test_modify_fqn
op_ut,test.distributed._composable.test_contract.TestContract,test_multi_module_api
op_ut,test.distributed._composable.test_contract.TestContract,test_registry
op_ut,test.distributed._composable.test_contract.TestContract,test_state
op_ut,test.distributed.fsdp.test_fsdp_apply.TestApplyXPU,test_apply_in_summon_raises_error_xpu
op_ut,test.distributed.fsdp.test_fsdp_apply.TestApplyXPU,test_nested_module_apply_xpu
op_ut,test.distributed.fsdp.test_fsdp_apply.TestApplyXPU,test_transformer_module_apply_xpu
op_ut,test.distributed.fsdp.test_fsdp_checkpoint.TestFSDPCheckpoint,test_basic_checkpoint_end_to_end_cpu_offload0_offload_activations_False_use_orig_params_False
op_ut,test.distributed.fsdp.test_fsdp_checkpoint.TestFSDPCheckpoint,test_basic_checkpoint_end_to_end_cpu_offload0_offload_activations_False_use_orig_params_True
op_ut,test.distributed.fsdp.test_fsdp_checkpoint.TestFSDPCheckpoint,test_basic_checkpoint_end_to_end_cpu_offload0_offload_activations_True_use_orig_params_False
op_ut,test.distributed.fsdp.test_fsdp_checkpoint.TestFSDPCheckpoint,test_basic_checkpoint_end_to_end_cpu_offload0_offload_activations_True_use_orig_params_True
op_ut,test.distributed.fsdp.test_fsdp_checkpoint.TestFSDPCheckpoint,test_basic_checkpoint_end_to_end_cpu_offload1_offload_activations_False_use_orig_params_False
op_ut,test.distributed.fsdp.test_fsdp_checkpoint.TestFSDPCheckpoint,test_basic_checkpoint_end_to_end_cpu_offload1_offload_activations_False_use_orig_params_True
op_ut,test.distributed.fsdp.test_fsdp_checkpoint.TestFSDPCheckpoint,test_basic_checkpoint_end_to_end_cpu_offload1_offload_activations_True_use_orig_params_False
op_ut,test.distributed.fsdp.test_fsdp_checkpoint.TestFSDPCheckpoint,test_basic_checkpoint_end_to_end_cpu_offload1_offload_activations_True_use_orig_params_True
op_ut,test.distributed.fsdp.test_fsdp_checkpoint.TestFSDPCheckpoint,test_checkpoint_fsdp_wrapping_cpu_offload0_offload_activations_False_use_orig_params_False
op_ut,test.distributed.fsdp.test_fsdp_checkpoint.TestFSDPCheckpoint,test_checkpoint_fsdp_wrapping_cpu_offload0_offload_activations_False_use_orig_params_True
op_ut,test.distributed.fsdp.test_fsdp_checkpoint.TestFSDPCheckpoint,test_checkpoint_fsdp_wrapping_cpu_offload0_offload_activations_True_use_orig_params_False
op_ut,test.distributed.fsdp.test_fsdp_checkpoint.TestFSDPCheckpoint,test_checkpoint_fsdp_wrapping_cpu_offload0_offload_activations_True_use_orig_params_True
op_ut,test.distributed.fsdp.test_fsdp_checkpoint.TestFSDPCheckpoint,test_checkpoint_fsdp_wrapping_cpu_offload1_offload_activations_False_use_orig_params_False
op_ut,test.distributed.fsdp.test_fsdp_checkpoint.TestFSDPCheckpoint,test_checkpoint_fsdp_wrapping_cpu_offload1_offload_activations_False_use_orig_params_True
op_ut,test.distributed.fsdp.test_fsdp_checkpoint.TestFSDPCheckpoint,test_checkpoint_fsdp_wrapping_cpu_offload1_offload_activations_True_use_orig_params_False
op_ut,test.distributed.fsdp.test_fsdp_checkpoint.TestFSDPCheckpoint,test_checkpoint_fsdp_wrapping_cpu_offload1_offload_activations_True_use_orig_params_True
op_ut,test.distributed.fsdp.test_fsdp_checkpoint.TestFSDPCheckpointSubmoduleXPU,test_checkpoint_submodule_use_reentrant_False_xpu
op_ut,test.distributed.fsdp.test_fsdp_comm_hooks.TestCommunicationHooks,test_bf16_hook_has_wrapping_False_sharding_strategy0
op_ut,test.distributed.fsdp.test_fsdp_comm_hooks.TestCommunicationHooks,test_bf16_hook_has_wrapping_False_sharding_strategy1
op_ut,test.distributed.fsdp.test_fsdp_comm_hooks.TestCommunicationHooks,test_bf16_hook_has_wrapping_False_sharding_strategy2
op_ut,test.distributed.fsdp.test_fsdp_comm_hooks.TestCommunicationHooks,test_bf16_hook_has_wrapping_True_sharding_strategy0
op_ut,test.distributed.fsdp.test_fsdp_comm_hooks.TestCommunicationHooks,test_bf16_hook_has_wrapping_True_sharding_strategy1
op_ut,test.distributed.fsdp.test_fsdp_comm_hooks.TestCommunicationHooks,test_bf16_hook_has_wrapping_True_sharding_strategy2
op_ut,test.distributed.fsdp.test_fsdp_comm_hooks.TestCommunicationHooks,test_default_communication_hook_behavior_sharding_strategy0
op_ut,test.distributed.fsdp.test_fsdp_comm_hooks.TestCommunicationHooks,test_default_communication_hook_behavior_sharding_strategy1
op_ut,test.distributed.fsdp.test_fsdp_comm_hooks.TestCommunicationHooks,test_default_communication_hook_behavior_sharding_strategy2
op_ut,test.distributed.fsdp.test_fsdp_comm_hooks.TestCommunicationHooks,test_default_communication_hook_initialization_has_wrapping_False_sharding_strategy0
op_ut,test.distributed.fsdp.test_fsdp_comm_hooks.TestCommunicationHooks,test_default_communication_hook_initialization_has_wrapping_False_sharding_strategy1
op_ut,test.distributed.fsdp.test_fsdp_comm_hooks.TestCommunicationHooks,test_default_communication_hook_initialization_has_wrapping_False_sharding_strategy2
op_ut,test.distributed.fsdp.test_fsdp_comm_hooks.TestCommunicationHooks,test_default_communication_hook_initialization_has_wrapping_True_sharding_strategy0
op_ut,test.distributed.fsdp.test_fsdp_comm_hooks.TestCommunicationHooks,test_default_communication_hook_initialization_has_wrapping_True_sharding_strategy1
op_ut,test.distributed.fsdp.test_fsdp_comm_hooks.TestCommunicationHooks,test_default_communication_hook_initialization_has_wrapping_True_sharding_strategy2
op_ut,test.distributed.fsdp.test_fsdp_comm_hooks.TestCommunicationHooks,test_fp16_hook_has_wrapping_False_sharding_strategy0
op_ut,test.distributed.fsdp.test_fsdp_comm_hooks.TestCommunicationHooks,test_fp16_hook_has_wrapping_False_sharding_strategy1
op_ut,test.distributed.fsdp.test_fsdp_comm_hooks.TestCommunicationHooks,test_fp16_hook_has_wrapping_False_sharding_strategy2
op_ut,test.distributed.fsdp.test_fsdp_comm_hooks.TestCommunicationHooks,test_fp16_hook_has_wrapping_True_sharding_strategy0
op_ut,test.distributed.fsdp.test_fsdp_comm_hooks.TestCommunicationHooks,test_fp16_hook_has_wrapping_True_sharding_strategy1
op_ut,test.distributed.fsdp.test_fsdp_comm_hooks.TestCommunicationHooks,test_fp16_hook_has_wrapping_True_sharding_strategy2
op_ut,test.distributed.fsdp.test_fsdp_comm_hooks.TestCommunicationHooks,test_registering_hook_hybrid_strategy
op_ut,test.distributed.fsdp.test_fsdp_comm_hooks.TestCommunicationHooks,test_registering_hook_non_root_sharding_strategy0
op_ut,test.distributed.fsdp.test_fsdp_comm_hooks.TestCommunicationHooks,test_registering_hook_non_root_sharding_strategy1
op_ut,test.distributed.fsdp.test_fsdp_comm_hooks.TestCommunicationHooks,test_registering_hook_non_root_sharding_strategy2
op_ut,test.distributed.fsdp.test_fsdp_comm_hooks.TestCommunicationHooks,test_registering_hook_submodules_sharding_strategy0
op_ut,test.distributed.fsdp.test_fsdp_comm_hooks.TestCommunicationHooks,test_registering_hook_submodules_sharding_strategy1
op_ut,test.distributed.fsdp.test_fsdp_comm_hooks.TestCommunicationHooks,test_registering_hook_submodules_sharding_strategy2
op_ut,test.distributed.fsdp.test_fsdp_comm.TestCommunicationXPU,test_communication_nested_model_False_use_no_sync_False_sharding_strategy0_xpu
op_ut,test.distributed.fsdp.test_fsdp_comm.TestCommunicationXPU,test_communication_nested_model_False_use_no_sync_False_sharding_strategy1_xpu
op_ut,test.distributed.fsdp.test_fsdp_comm.TestCommunicationXPU,test_communication_nested_model_False_use_no_sync_True_sharding_strategy0_xpu
op_ut,test.distributed.fsdp.test_fsdp_comm.TestCommunicationXPU,test_communication_nested_model_False_use_no_sync_True_sharding_strategy1_xpu
op_ut,test.distributed.fsdp.test_fsdp_comm.TestCommunicationXPU,test_communication_nested_model_True_use_no_sync_False_sharding_strategy0_xpu
op_ut,test.distributed.fsdp.test_fsdp_comm.TestCommunicationXPU,test_communication_nested_model_True_use_no_sync_False_sharding_strategy1_xpu
op_ut,test.distributed.fsdp.test_fsdp_comm.TestCommunicationXPU,test_communication_nested_model_True_use_no_sync_True_sharding_strategy0_xpu
op_ut,test.distributed.fsdp.test_fsdp_comm.TestCommunicationXPU,test_communication_nested_model_True_use_no_sync_True_sharding_strategy1_xpu
op_ut,test.distributed.fsdp.test_fsdp_comm.TestExplicitUnshardXPU,test_unshard_after_backward_use_orig_params_False_async_op_False_xpu
op_ut,test.distributed.fsdp.test_fsdp_comm.TestExplicitUnshardXPU,test_unshard_after_backward_use_orig_params_False_async_op_True_xpu
op_ut,test.distributed.fsdp.test_fsdp_comm.TestExplicitUnshardXPU,test_unshard_after_backward_use_orig_params_True_async_op_False_xpu
op_ut,test.distributed.fsdp.test_fsdp_comm.TestExplicitUnshardXPU,test_unshard_after_backward_use_orig_params_True_async_op_True_xpu
op_ut,test.distributed.fsdp.test_fsdp_comm.TestExplicitUnshardXPU,test_unshard_async_use_orig_params_False_xpu
op_ut,test.distributed.fsdp.test_fsdp_comm.TestExplicitUnshardXPU,test_unshard_async_use_orig_params_True_xpu
op_ut,test.distributed.fsdp.test_fsdp_core.TestHooksXPU,test_pre_backward_hook_registration_after_state_dict_xpu
op_ut,test.distributed.fsdp.test_fsdp_core.TestHooksXPU,test_pre_backward_hook_registration_cuda_first_False_xpu
op_ut,test.distributed.fsdp.test_fsdp_core.TestHooksXPU,test_pre_backward_hook_registration_cuda_first_True_xpu
op_ut,test.distributed.fsdp.test_fsdp_core.TestHooksXPU,test_register_functions_called_cuda_first_False_mixed_precision_False_xpu
op_ut,test.distributed.fsdp.test_fsdp_core.TestHooksXPU,test_register_functions_called_cuda_first_False_mixed_precision_True_xpu
op_ut,test.distributed.fsdp.test_fsdp_core.TestHooksXPU,test_register_functions_called_cuda_first_True_mixed_precision_False_xpu
op_ut,test.distributed.fsdp.test_fsdp_core.TestHooksXPU,test_register_functions_called_cuda_first_True_mixed_precision_True_xpu
op_ut,test.distributed.fsdp.test_fsdp_core.TestParityWithDDPXPU,test_delayed_optim_step_offload_false_no_shard_xpu
op_ut,test.distributed.fsdp.test_fsdp_core.TestParityWithDDPXPU,test_delayed_optim_step_offload_false_none_xpu
op_ut,test.distributed.fsdp.test_fsdp_core.TestParityWithDDPXPU,test_delayed_optim_step_offload_false_shard_grad_op_xpu
op_ut,test.distributed.fsdp.test_fsdp_core.TestParityWithDDPXPU,test_delayed_optim_step_offload_true_no_shard_xpu
op_ut,test.distributed.fsdp.test_fsdp_core.TestParityWithDDPXPU,test_delayed_optim_step_offload_true_none_xpu
op_ut,test.distributed.fsdp.test_fsdp_core.TestParityWithDDPXPU,test_delayed_optim_step_offload_true_shard_grad_op_xpu
op_ut,test.distributed.fsdp.test_fsdp_core.TestParityWithDDPXPU,test_delayed_reduce_scatter_offload_false_no_shard_xpu
op_ut,test.distributed.fsdp.test_fsdp_core.TestParityWithDDPXPU,test_delayed_reduce_scatter_offload_false_none_xpu
op_ut,test.distributed.fsdp.test_fsdp_core.TestParityWithDDPXPU,test_delayed_reduce_scatter_offload_false_shard_grad_op_xpu
op_ut,test.distributed.fsdp.test_fsdp_core.TestParityWithDDPXPU,test_delayed_reduce_scatter_offload_true_no_shard_xpu
op_ut,test.distributed.fsdp.test_fsdp_core.TestParityWithDDPXPU,test_delayed_reduce_scatter_offload_true_none_xpu
op_ut,test.distributed.fsdp.test_fsdp_core.TestParityWithDDPXPU,test_delayed_reduce_scatter_offload_true_shard_grad_op_xpu
op_ut,test.distributed.fsdp.test_fsdp_core.TestParityWithDDPXPU,test_mixture_of_experts_offload_false_no_shard_xpu
op_ut,test.distributed.fsdp.test_fsdp_core.TestParityWithDDPXPU,test_mixture_of_experts_offload_false_none_xpu
op_ut,test.distributed.fsdp.test_fsdp_core.TestParityWithDDPXPU,test_mixture_of_experts_offload_true_no_shard_xpu
op_ut,test.distributed.fsdp.test_fsdp_core.TestParityWithDDPXPU,test_mixture_of_experts_offload_true_none_xpu
op_ut,test.distributed.fsdp.test_fsdp_core.TestParityWithDDPXPU,test_mixture_of_experts_offload_true_shard_grad_op_xpu
op_ut,test.distributed.fsdp.test_fsdp_core.TestParityWithDDPXPU,test_mixture_of_experts_with_delay_before_free_offload_false_no_shard_xpu
op_ut,test.distributed.fsdp.test_fsdp_core.TestParityWithDDPXPU,test_mixture_of_experts_with_delay_before_free_offload_false_none_xpu
op_ut,test.distributed.fsdp.test_fsdp_core.TestParityWithDDPXPU,test_mixture_of_experts_with_delay_before_free_offload_true_no_shard_xpu
op_ut,test.distributed.fsdp.test_fsdp_core.TestParityWithDDPXPU,test_mixture_of_experts_with_delay_before_free_offload_true_none_xpu
op_ut,test.distributed.fsdp.test_fsdp_core.TestParityWithDDPXPU,test_mixture_of_experts_with_delay_before_free_offload_true_shard_grad_op_xpu
op_ut,test.distributed.fsdp.test_fsdp_core.TestParityWithDDPXPU,test_nested_always_wrap_model_offload_false_no_shard_xpu
op_ut,test.distributed.fsdp.test_fsdp_core.TestParityWithDDPXPU,test_nested_always_wrap_model_offload_false_none_xpu
op_ut,test.distributed.fsdp.test_fsdp_core.TestParityWithDDPXPU,test_nested_always_wrap_model_offload_false_shard_grad_op_xpu
op_ut,test.distributed.fsdp.test_fsdp_core.TestParityWithDDPXPU,test_nested_always_wrap_model_offload_true_no_shard_xpu
op_ut,test.distributed.fsdp.test_fsdp_core.TestParityWithDDPXPU,test_nested_always_wrap_model_offload_true_none_xpu
op_ut,test.distributed.fsdp.test_fsdp_core.TestParityWithDDPXPU,test_nested_always_wrap_model_offload_true_shard_grad_op_xpu
op_ut,test.distributed.fsdp.test_fsdp_core.TestParityWithDDPXPU,test_nested_wrapped_model_single_iteration_mixed_precision_offload_false_no_shard_xpu
op_ut,test.distributed.fsdp.test_fsdp_core.TestParityWithDDPXPU,test_nested_wrapped_model_single_iteration_mixed_precision_offload_false_none_xpu
op_ut,test.distributed.fsdp.test_fsdp_core.TestParityWithDDPXPU,test_nested_wrapped_model_single_iteration_mixed_precision_offload_false_shard_grad_op_xpu
op_ut,test.distributed.fsdp.test_fsdp_core.TestParityWithDDPXPU,test_nested_wrapped_model_single_iteration_mixed_precision_offload_true_no_shard_xpu
op_ut,test.distributed.fsdp.test_fsdp_core.TestParityWithDDPXPU,test_nested_wrapped_model_single_iteration_mixed_precision_offload_true_none_xpu
op_ut,test.distributed.fsdp.test_fsdp_core.TestParityWithDDPXPU,test_nested_wrapped_model_single_iteration_mixed_precision_offload_true_shard_grad_op_xpu
op_ut,test.distributed.fsdp.test_fsdp_core.TestParityWithDDPXPU,test_transformer_offload_false_no_shard_xpu
op_ut,test.distributed.fsdp.test_fsdp_core.TestParityWithDDPXPU,test_transformer_offload_false_none_xpu
op_ut,test.distributed.fsdp.test_fsdp_core.TestParityWithDDPXPU,test_transformer_offload_false_shard_grad_op_xpu
op_ut,test.distributed.fsdp.test_fsdp_core.TestParityWithDDPXPU,test_transformer_offload_true_no_shard_xpu
op_ut,test.distributed.fsdp.test_fsdp_core.TestParityWithDDPXPU,test_transformer_offload_true_none_xpu
op_ut,test.distributed.fsdp.test_fsdp_core.TestParityWithDDPXPU,test_transformer_offload_true_shard_grad_op_xpu
op_ut,test.distributed.fsdp.test_fsdp_core.TestNoGradXPU,test_transformer_no_grad_mixed_precision_False_xpu
op_ut,test.distributed.fsdp.test_fsdp_core.TestNoGradXPU,test_transformer_no_grad_mixed_precision_True_xpu
op_ut,test.distributed.fsdp.test_fsdp_core.TestParamInitXPU,test_param_change_after_init_mixed_precision_False_xpu
op_ut,test.distributed.fsdp.test_fsdp_core.TestParamInitXPU,test_param_change_after_init_mixed_precision_True_xpu
op_ut,test.distributed.fsdp.test_fsdp_core.TestAutogradXPU,test_unshard_params_as_tensors_xpu
op_ut,test.distributed.fsdp.test_fsdp_exec_order.TestFSDPExecOrderXPU,test_invalid_first_iter_order_sharding_strategy0_xpu
op_ut,test.distributed.fsdp.test_fsdp_exec_order.TestFSDPExecOrderXPU,test_invalid_first_iter_order_sharding_strategy1_xpu
op_ut,test.distributed.fsdp.test_fsdp_exec_order.TestFSDPExecOrderXPU,test_invalid_later_iter_order_sharding_strategy0_iters_before_path_change_1_xpu
op_ut,test.distributed.fsdp.test_fsdp_exec_order.TestFSDPExecOrderXPU,test_invalid_later_iter_order_sharding_strategy0_iters_before_path_change_3_xpu
op_ut,test.distributed.fsdp.test_fsdp_exec_order.TestFSDPExecOrderXPU,test_invalid_later_iter_order_sharding_strategy1_iters_before_path_change_1_xpu
op_ut,test.distributed.fsdp.test_fsdp_exec_order.TestFSDPExecOrderXPU,test_invalid_later_iter_order_sharding_strategy1_iters_before_path_change_3_xpu
op_ut,test.distributed.fsdp.test_fsdp_exec_order.TestFSDPExecOrderXPU,test_train_eval_sharding_strategy0_xpu
op_ut,test.distributed.fsdp.test_fsdp_exec_order.TestFSDPExecOrderXPU,test_train_eval_sharding_strategy1_xpu
op_ut,test.distributed.fsdp.test_fsdp_flatten_params.TestFlattenParams,test_empty_module
op_ut,test.distributed.fsdp.test_fsdp_flatten_params.TestFlattenParams,test_flat_param_shard_metadata_aligned_full_precision
op_ut,test.distributed.fsdp.test_fsdp_flatten_params.TestFlattenParams,test_flat_param_shard_metadata_aligned_mixed_precision
op_ut,test.distributed.fsdp.test_fsdp_flatten_params.TestFlattenParams,test_flat_param_shard_metadata_unaligned
op_ut,test.distributed.fsdp.test_fsdp_flatten_params.TestFlattenParams,test_flat_param_shard_metadata_with_memory_format_memory_format0
op_ut,test.distributed.fsdp.test_fsdp_flatten_params.TestFlattenParams,test_flat_param_shard_metadata_with_memory_format_memory_format1
op_ut,test.distributed.fsdp.test_fsdp_flatten_params.TestFlattenParams,test_flatten_nothing
op_ut,test.distributed.fsdp.test_fsdp_flatten_params.TestFlattenParams,test_numel_with_shared_params
op_ut,test.distributed.fsdp.test_fsdp_flatten_params.TestFlattenParams,test_numel_without_shared_params
op_ut,test.distributed.fsdp.test_fsdp_flatten_params.TestFlattenParams,test_output_with_shared_params
op_ut,test.distributed.fsdp.test_fsdp_flatten_params.TestFlattenParams,test_output_without_shared_params
op_ut,test.distributed.fsdp.test_fsdp_flatten_params.TestFlattenParams,test_partial_flattening
op_ut,test.distributed.fsdp.test_fsdp_flatten_params.TestFlattenParams,test_pnorm_after_step_with_shared_params
op_ut,test.distributed.fsdp.test_fsdp_flatten_params.TestFlattenParams,test_writeback_orig_params_no_shard
op_ut,test.distributed.fsdp.test_fsdp_fx.TestSymbolicTracingXPU,test_symbolic_tracing_outputs_xpu
op_ut,test.distributed.fsdp.test_fsdp_input.TestInputXPU,test_input_type_dict_xpu
op_ut,test.distributed.fsdp.test_fsdp_input.TestInputXPU,test_input_type_list_xpu
op_ut,test.distributed.fsdp.test_fsdp_misc.TestFSDPMiscMultiProcess,test_cpu_init_with_sync_module_states
op_ut,test.distributed.fsdp.test_fsdp_misc.TestFSDPMiscMultiProcess,test_fsdp_cpu_init_stays_on_cpu
op_ut,test.distributed.fsdp.test_fsdp_misc.TestFSDPMiscMultiProcess,test_fsdp_cpu_training
op_ut,test.distributed.fsdp.test_fsdp_misc.TestFSDPMiscMultiProcess,test_fsdp_device_id_use_index_False
op_ut,test.distributed.fsdp.test_fsdp_misc.TestFSDPMiscMultiProcess,test_fsdp_device_id_use_index_True
op_ut,test.distributed.fsdp.test_fsdp_misc.TestFSDPMiscMultiProcess,test_fsdp_module_no_compute_grad_use_second_layer_False_sharding_strategy0
op_ut,test.distributed.fsdp.test_fsdp_misc.TestFSDPMiscMultiProcess,test_fsdp_module_no_compute_grad_use_second_layer_False_sharding_strategy1
op_ut,test.distributed.fsdp.test_fsdp_misc.TestFSDPMiscMultiProcess,test_fsdp_module_no_compute_grad_use_second_layer_True_sharding_strategy0
op_ut,test.distributed.fsdp.test_fsdp_misc.TestFSDPMiscMultiProcess,test_fsdp_module_no_compute_grad_use_second_layer_True_sharding_strategy1
op_ut,test.distributed.fsdp.test_fsdp_misc.TestFSDPMiscMultiProcess,test_fsdp_not_all_outputs_used_in_loss
op_ut,test.distributed.fsdp.test_fsdp_misc.TestFSDPMiscMultiProcess,test_fsdp_optim_overlap_no_use_orig_params_error
op_ut,test.distributed.fsdp.test_fsdp_misc.TestFSDPMiscMultiProcess,test_fsdp_optimizer_overlap
op_ut,test.distributed.fsdp.test_fsdp_misc.TestFSDPMiscMultiProcess,test_fsdp_zero2_eval_with_prefetch
op_ut,test.distributed.fsdp.test_fsdp_multiple_forward.TestMultiForwardCPU,test_multi_forward_cpu
op_ut,test.distributed.fsdp.test_fsdp_multiple_forward.TestMultiForwardXPU,test_multi_forward_xpu
op_ut,test.distributed.fsdp.test_fsdp_sharded_grad_scaler.TestShardGradScaler,test_grad_scaling
op_ut,test.distributed.fsdp.test_fsdp_sharded_grad_scaler.TestShardGradScaler,test_inf_gradients_skip_optim_step
op_ut,test.distributed.fsdp.test_fsdp_sharded_grad_scaler.TestShardGradScaler,test_scaling_unscaling_sparse
op_ut,test.distributed.fsdp.test_fsdp_sharded_grad_scaler.TestShardedGradScalerParityWithDDP,test_fsdp_ddp_parity_with_grad_scaler_offload_false_none_mixed_precision_none
op_ut,test.distributed.fsdp.test_fsdp_sharded_grad_scaler.TestShardedGradScalerParityWithDDP,test_fsdp_ddp_parity_with_grad_scaler_offload_false_none_mixed_precision_use_orig_params
op_ut,test.distributed.fsdp.test_fsdp_sharded_grad_scaler.TestShardedGradScalerParityWithDDP,test_fsdp_ddp_parity_with_grad_scaler_offload_false_none_none_none
op_ut,test.distributed.fsdp.test_fsdp_sharded_grad_scaler.TestShardedGradScalerParityWithDDP,test_fsdp_ddp_parity_with_grad_scaler_offload_false_none_none_use_orig_params
op_ut,test.distributed.fsdp.test_fsdp_sharded_grad_scaler.TestShardedGradScalerParityWithDDP,test_fsdp_ddp_parity_with_grad_scaler_offload_false_shard_grad_op_mixed_precision_none
op_ut,test.distributed.fsdp.test_fsdp_sharded_grad_scaler.TestShardedGradScalerParityWithDDP,test_fsdp_ddp_parity_with_grad_scaler_offload_false_shard_grad_op_mixed_precision_use_orig_params
op_ut,test.distributed.fsdp.test_fsdp_sharded_grad_scaler.TestShardedGradScalerParityWithDDP,test_fsdp_ddp_parity_with_grad_scaler_offload_false_shard_grad_op_none_none
op_ut,test.distributed.fsdp.test_fsdp_sharded_grad_scaler.TestShardedGradScalerParityWithDDP,test_fsdp_ddp_parity_with_grad_scaler_offload_false_shard_grad_op_none_use_orig_params
op_ut,test.distributed.fsdp.test_fsdp_sharded_grad_scaler.TestShardedGradScalerParityWithDDP,test_fsdp_ddp_parity_with_grad_scaler_offload_true_none_mixed_precision_none
op_ut,test.distributed.fsdp.test_fsdp_sharded_grad_scaler.TestShardedGradScalerParityWithDDP,test_fsdp_ddp_parity_with_grad_scaler_offload_true_none_mixed_precision_use_orig_params
op_ut,test.distributed.fsdp.test_fsdp_sharded_grad_scaler.TestShardedGradScalerParityWithDDP,test_fsdp_ddp_parity_with_grad_scaler_offload_true_none_none_none
op_ut,test.distributed.fsdp.test_fsdp_sharded_grad_scaler.TestShardedGradScalerParityWithDDP,test_fsdp_ddp_parity_with_grad_scaler_offload_true_none_none_use_orig_params
op_ut,test.distributed.fsdp.test_fsdp_sharded_grad_scaler.TestShardedGradScalerParityWithDDP,test_fsdp_ddp_parity_with_grad_scaler_offload_true_shard_grad_op_mixed_precision_none
op_ut,test.distributed.fsdp.test_fsdp_sharded_grad_scaler.TestShardedGradScalerParityWithDDP,test_fsdp_ddp_parity_with_grad_scaler_offload_true_shard_grad_op_mixed_precision_use_orig_params
op_ut,test.distributed.fsdp.test_fsdp_sharded_grad_scaler.TestShardedGradScalerParityWithDDP,test_fsdp_ddp_parity_with_grad_scaler_offload_true_shard_grad_op_none_none
op_ut,test.distributed.fsdp.test_fsdp_sharded_grad_scaler.TestShardedGradScalerParityWithDDP,test_fsdp_ddp_parity_with_grad_scaler_offload_true_shard_grad_op_none_use_orig_params
op_ut,test.distributed.fsdp.test_fsdp_sharded_grad_scaler.TestShardedGradScalerParityWithDDP,test_sharded_grad_scaler_found_inf
op_ut,test.distributed.fsdp.test_fsdp_uneven.TestUnevenParamShardXPU,test_one_iteration_xpu
op_ut,test.distributed.fsdp.test_fsdp_unshard_params.TestUnshardParams,test_named_parameters_and_buffers
op_ut,test.distributed.fsdp.test_fsdp_unshard_params.TestUnshardParams,test_unshard_params_param_data
op_ut,test.distributed.fsdp.test_fsdp_unshard_params.TestUnshardParams,test_unshard_params_recurse
op_ut,test.distributed.fsdp.test_fsdp_unshard_params.TestUnshardParams,test_unshard_params_respects_reshard
op_ut,test.distributed.fsdp.test_fsdp_unshard_params.TestUnshardParams,test_unshard_params_writeback
op_ut,test.distributed.fsdp.test_fsdp_unshard_params.TestUnshardParams,test_unshard_singleton_param_writeback
op_ut,test.distributed.fsdp.test_fsdp_unshard_params.TestUnshardParams,test_unshard_submodule
op_ut,test.distributed.fsdp.test_fsdp_unshard_params.TestUnshardParams,test_with_grads_core
op_ut,test.distributed.fsdp.test_fsdp_unshard_params.TestUnshardParams,test_with_grads_none_grads
op_ut,test.distributed.fsdp.test_fsdp_unshard_params.TestUnshardParamsNoShard,test_unshard_params_param_data_no_shard
op_ut,test.distributed.fsdp.test_fsdp_unshard_params.TestUnshardParamsNoShard,test_unshard_params_writeback_no_shard
op_ut,test.distributed.fsdp.test_fsdp_unshard_params.TestUnshardParamsErrors,test_offload_to_cpu_no_shard_raises
op_ut,test.distributed.fsdp.test_fsdp_unshard_params.TestUnshardParamsErrors,test_rank0_only_with_writeback_raises
op_ut,test.distributed.fsdp.test_fsdp_unshard_params.TestUnshardParamsErrors,test_unshard_params_from_backward_raises
op_ut,test.distributed.fsdp.test_fsdp_unshard_params.TestUnshardParamsErrors,test_unshard_params_from_forward_raises
op_ut,test.distributed.fsdp.test_utils.TestUtilsXPU,test_apply_to_tensors_cpu_xpu_xpu
op_ut,test.distributed.fsdp.test_utils.TestUtilsXPU,test_apply_to_tensors_device_list0_xpu
op_ut,test.distributed.fsdp.test_utils.TestUtilsXPU,test_apply_to_tensors_device_list1_xpu
op_ut,test.distributed.fsdp.test_utils.TestUtilsXPU,test_get_param_to_fqns_scales_linearly_xpu
op_ut,test.distributed.fsdp.test_utils.TestUtilsXPU,test_packed_sequence_xpu
op_ut,test.distributed.fsdp.test_utils.TestUtilsXPU,test_replace_by_prefix_xpu
op_ut,test.distributed.fsdp.test_wrap.TestFSDPWrap,test_bn_always_wrapped_individually
op_ut,test.distributed.fsdp.test_wrap.TestFSDPWrap,test_error_already_wrapped_nested_False_device_init_mode0
op_ut,test.distributed.fsdp.test_wrap.TestFSDPWrap,test_error_already_wrapped_nested_False_device_init_mode1
op_ut,test.distributed.fsdp.test_wrap.TestFSDPWrap,test_error_already_wrapped_nested_True_device_init_mode0
op_ut,test.distributed.fsdp.test_wrap.TestFSDPWrap,test_error_already_wrapped_nested_True_device_init_mode1
op_ut,test.distributed.fsdp.test_wrap.TestFSDPWrap,test_main_wrap_api_cpu_offload0_backward_prefetch0_forward_prefetch_False_device_init_mode0
op_ut,test.distributed.fsdp.test_wrap.TestFSDPWrap,test_main_wrap_api_cpu_offload0_backward_prefetch0_forward_prefetch_False_device_init_mode1
op_ut,test.distributed.fsdp.test_wrap.TestFSDPWrap,test_main_wrap_api_cpu_offload0_backward_prefetch0_forward_prefetch_True_device_init_mode0
op_ut,test.distributed.fsdp.test_wrap.TestFSDPWrap,test_main_wrap_api_cpu_offload0_backward_prefetch0_forward_prefetch_True_device_init_mode1
op_ut,test.distributed.fsdp.test_wrap.TestFSDPWrap,test_main_wrap_api_cpu_offload0_backward_prefetch1_forward_prefetch_False_device_init_mode0
op_ut,test.distributed.fsdp.test_wrap.TestFSDPWrap,test_main_wrap_api_cpu_offload0_backward_prefetch1_forward_prefetch_False_device_init_mode1
op_ut,test.distributed.fsdp.test_wrap.TestFSDPWrap,test_main_wrap_api_cpu_offload0_backward_prefetch1_forward_prefetch_True_device_init_mode0
op_ut,test.distributed.fsdp.test_wrap.TestFSDPWrap,test_main_wrap_api_cpu_offload0_backward_prefetch1_forward_prefetch_True_device_init_mode1
op_ut,test.distributed.fsdp.test_wrap.TestFSDPWrap,test_main_wrap_api_cpu_offload1_backward_prefetch0_forward_prefetch_False_device_init_mode0
op_ut,test.distributed.fsdp.test_wrap.TestFSDPWrap,test_main_wrap_api_cpu_offload1_backward_prefetch0_forward_prefetch_False_device_init_mode1
op_ut,test.distributed.fsdp.test_wrap.TestFSDPWrap,test_main_wrap_api_cpu_offload1_backward_prefetch0_forward_prefetch_True_device_init_mode0
op_ut,test.distributed.fsdp.test_wrap.TestFSDPWrap,test_main_wrap_api_cpu_offload1_backward_prefetch0_forward_prefetch_True_device_init_mode1
op_ut,test.distributed.fsdp.test_wrap.TestFSDPWrap,test_main_wrap_api_cpu_offload1_backward_prefetch1_forward_prefetch_False_device_init_mode0
op_ut,test.distributed.fsdp.test_wrap.TestFSDPWrap,test_main_wrap_api_cpu_offload1_backward_prefetch1_forward_prefetch_False_device_init_mode1
op_ut,test.distributed.fsdp.test_wrap.TestFSDPWrap,test_main_wrap_api_cpu_offload1_backward_prefetch1_forward_prefetch_True_device_init_mode0
op_ut,test.distributed.fsdp.test_wrap.TestFSDPWrap,test_main_wrap_api_cpu_offload1_backward_prefetch1_forward_prefetch_True_device_init_mode1
op_ut,test.distributed.fsdp.test_wrap.TestFSDPWrap,test_wrap_batchnorm_individually_use_or_policy_False
op_ut,test.distributed.fsdp.test_wrap.TestFSDPWrap,test_wrap_batchnorm_individually_use_or_policy_True
op_ut,test.distributed.fsdp.test_wrap.TestFSDPWrap,test_zero_argument
op_ut,test.distributed.fsdp.test_wrap.TestAutoWrap,test_always_wrap
op_ut,test.distributed.fsdp.test_wrap.TestAutoWrap,test_auto_wrap_smoke_test_device_init_mode0_cpu_offload0_use_device_id_False
op_ut,test.distributed.fsdp.test_wrap.TestAutoWrap,test_auto_wrap_smoke_test_device_init_mode0_cpu_offload0_use_device_id_True
op_ut,test.distributed.fsdp.test_wrap.TestAutoWrap,test_auto_wrap_smoke_test_device_init_mode0_cpu_offload1_use_device_id_False
op_ut,test.distributed.fsdp.test_wrap.TestAutoWrap,test_auto_wrap_smoke_test_device_init_mode0_cpu_offload1_use_device_id_True
op_ut,test.distributed.fsdp.test_wrap.TestAutoWrap,test_auto_wrap_smoke_test_device_init_mode1_cpu_offload0_use_device_id_False
op_ut,test.distributed.fsdp.test_wrap.TestAutoWrap,test_auto_wrap_smoke_test_device_init_mode1_cpu_offload0_use_device_id_True
op_ut,test.distributed.fsdp.test_wrap.TestAutoWrap,test_auto_wrap_smoke_test_device_init_mode1_cpu_offload1_use_device_id_False
op_ut,test.distributed.fsdp.test_wrap.TestAutoWrap,test_auto_wrap_smoke_test_device_init_mode1_cpu_offload1_use_device_id_True
op_ut,test.distributed.fsdp.test_wrap.TestWrapUtils,test_validate_frozen_params
op_ut,test.distributed.pipelining.test_backward.StageBackwardTestsCPU,test_stage_backward_cpu
op_ut,test.distributed.pipelining.test_backward.StageBackwardTestsCPU,test_stage_backward_input_cpu
op_ut,test.distributed.pipelining.test_backward.StageBackwardTestsCPU,test_stage_backward_multi_output_intermediate_cpu
op_ut,test.distributed.pipelining.test_backward.StageBackwardTestsCPU,test_stage_backward_weight_cpu
op_ut,test.distributed.pipelining.test_backward.StageBackwardTestsCPU,test_stage_backward_weight_grad_validation_cpu
op_ut,test.distributed.pipelining.test_backward.StageBackwardTestsCPU,test_stage_backward_weight_multiple_iters_cpu
op_ut,test.distributed.pipelining.test_backward.StageBackwardTestsCPU,test_stage_backward_weight_shared_weights_cpu
op_ut,test.distributed.pipelining.test_backward.StageBackwardTestsXPU,test_stage_backward_input_xpu
op_ut,test.distributed.pipelining.test_backward.StageBackwardTestsXPU,test_stage_backward_multi_output_intermediate_xpu
op_ut,test.distributed.pipelining.test_backward.StageBackwardTestsXPU,test_stage_backward_weight_grad_validation_xpu
op_ut,test.distributed.pipelining.test_microbatch.MicrobatchTestsCPU,test_chunk_spec_cpu
op_ut,test.distributed.pipelining.test_microbatch.MicrobatchTestsCPU,test_split_and_merge_cpu
op_ut,test.distributed.pipelining.test_microbatch.MicrobatchTestsCPU,test_split_block_mask_batch_size_one_cpu
op_ut,test.distributed.pipelining.test_microbatch.MicrobatchTestsCPU,test_split_block_mask_none_cpu
op_ut,test.distributed.pipelining.test_microbatch.MicrobatchTestsXPU,test_split_and_merge_xpu
op_ut,test.distributed.pipelining.test_microbatch.MicrobatchTestsXPU,test_split_block_mask_batch_size_one_xpu
op_ut,test.distributed.pipelining.test_microbatch.MicrobatchTestsXPU,test_split_block_mask_none_xpu
op_ut,test.distributed.pipelining.test_microbatch.MicrobatchTestsXPU,test_split_block_mask_xpu
op_ut,test.distributed.tensor.test_math_ops.DistMathOpsTest,test_conj_complex_dtensor
op_ut,test.distributed.tensor.test_math_ops.DistMathOpsTest,test_cumsum
op_ut,test.distributed.tensor.test_math_ops.DistMathOpsTest,test_dim_reductions_with_indices
op_ut,test.distributed.tensor.test_math_ops.DistMathOpsTest,test_foreach_add_different_mesh
op_ut,test.distributed.tensor.test_math_ops.DistMathOpsTest,test_foreach_compose
op_ut,test.distributed.tensor.test_math_ops.DistMathOpsTest,test_foreach_norm
op_ut,test.distributed.tensor.test_math_ops.DistMathOpsTest,test_foreach_norm_different_mesh
op_ut,test.distributed.tensor.test_math_ops.DistMathOpsTest,test_foreach_norm_partial
op_ut,test.distributed.tensor.test_math_ops.DistMathOpsTest,test_foreach_powsum_sharded
op_ut,test.distributed.tensor.test_math_ops.DistMathOpsTest,test_histc
op_ut,test.distributed.tensor.test_math_ops.DistMathOpsTest,test_interpolation_upsample_ops
op_ut,test.distributed.tensor.test_math_ops.DistMathOpsTest,test_layer_norm_bwd
op_ut,test.distributed.tensor.test_math_ops.DistMathOpsTest,test_layer_norm_bwd_req_grad
op_ut,test.distributed.tensor.test_math_ops.DistMathOpsTest,test_layer_norm_fwd
op_ut,test.distributed.tensor.test_math_ops.DistMathOpsTest,test_linalg_cross
op_ut,test.distributed.tensor.test_math_ops.DistMathOpsTest,test_linalg_eigh
op_ut,test.distributed.tensor.test_math_ops.DistMathOpsTest,test_linalg_ops
op_ut,test.distributed.tensor.test_math_ops.DistMathOpsTest,test_linalg_solve_partial
op_ut,test.distributed.tensor.test_math_ops.DistMathOpsTest,test_linear_op_reductions
op_ut,test.distributed.tensor.test_math_ops.DistMathOpsTest,test_logsumexp
op_ut,test.distributed.tensor.test_math_ops.DistMathOpsTest,test_matching_partial_reduction_ops
op_ut,test.distributed.tensor.test_math_ops.DistMathOpsTest,test_max_min_dim_sharded
op_ut,test.distributed.tensor.test_math_ops.DistMathOpsTest,test_mean
op_ut,test.distributed.tensor.test_math_ops.DistMathOpsTest,test_median
op_ut,test.distributed.tensor.test_math_ops.DistMathOpsTest,test_nansum_with_nan
op_ut,test.distributed.tensor.test_math_ops.DistMathOpsTest,test_nll_loss_and_cross_entropy
op_ut,test.distributed.tensor.test_math_ops.DistMathOpsTest,test_nll_loss_backward_comm_counts
op_ut,test.distributed.tensor.test_math_ops.DistMathOpsTest,test_norm_0_on_psum
op_ut,test.distributed.tensor.test_math_ops.DistMathOpsTest,test_normalization_ops
op_ut,test.distributed.tensor.test_math_ops.DistMathOpsTest,test_partial_reduction_ops
op_ut,test.distributed.tensor.test_math_ops.DistMathOpsTest,test_pooling_ops
op_ut,test.distributed.tensor.test_math_ops.DistMathOpsTest,test_powsum_sharded
op_ut,test.distributed.tensor.test_math_ops.DistMathOpsTest,test_prims_fma
op_ut,test.distributed.tensor.test_math_ops.DistMathOpsTest,test_prims_pointwise_ops
op_ut,test.distributed.tensor.test_math_ops.DistMathOpsTest,test_prims_view_of
op_ut,test.distributed.tensor.test_math_ops.DistMathOpsTest,test_rotary_embedding_complex_ops
op_ut,test.distributed.tensor.test_math_ops.DistMathOpsTest,test_scan_ops
op_ut,test.distributed.tensor.test_math_ops.DistMathOpsTest,test_scan_ops_with_indices
op_ut,test.distributed.tensor.test_math_ops.DistMathOpsTest,test_shard0_svd
op_ut,test.distributed.tensor.test_math_ops.DistMathOpsTest,test_shard_math_ops
op_ut,test.distributed.tensor.test_math_ops.DistMathOpsTest,test_softmax_fwd
op_ut,test.distributed.tensor.test_math_ops.DistMathOpsTest,test_softmax_with_bwd
op_ut,test.distributed.tensor.test_math_ops.DistMathOpsTest,test_std
op_ut,test.distributed.tensor.test_math_ops.DistMathOpsTest,test_topk
op_ut,test.distributed.tensor.test_math_ops.DistMathOpsTest,test_topk_backward
op_ut,test.distributed.tensor.test_math_ops.DistMathOpsTest,test_upsampling
op_ut,test.distributed.tensor.test_math_ops.DistMathOpsTest,test_vector_norm
op_ut,test.distributed.tensor.test_math_ops.DistMathOpsTest,test_vector_norm_partial
op_ut,test.distributed.tensor.test_math_ops.DistMathOpsTest,test_vector_norm_special_norms_placement
op_ut,test.distributed.tensor.test_math_ops.DistMathOpsTestWithLocalTensor,test_conj_complex_dtensor
op_ut,test.distributed.tensor.test_math_ops.DistMathOpsTestWithLocalTensor,test_cumsum
op_ut,test.distributed.tensor.test_math_ops.DistMathOpsTestWithLocalTensor,test_dim_reductions_with_indices
op_ut,test.distributed.tensor.test_math_ops.DistMathOpsTestWithLocalTensor,test_foreach_add_different_mesh
op_ut,test.distributed.tensor.test_math_ops.DistMathOpsTestWithLocalTensor,test_foreach_compose
op_ut,test.distributed.tensor.test_math_ops.DistMathOpsTestWithLocalTensor,test_foreach_norm
op_ut,test.distributed.tensor.test_math_ops.DistMathOpsTestWithLocalTensor,test_foreach_norm_different_mesh
op_ut,test.distributed.tensor.test_math_ops.DistMathOpsTestWithLocalTensor,test_foreach_norm_partial
op_ut,test.distributed.tensor.test_math_ops.DistMathOpsTestWithLocalTensor,test_foreach_powsum_sharded
op_ut,test.distributed.tensor.test_math_ops.DistMathOpsTestWithLocalTensor,test_histc
op_ut,test.distributed.tensor.test_math_ops.DistMathOpsTestWithLocalTensor,test_interpolation_upsample_ops
op_ut,test.distributed.tensor.test_math_ops.DistMathOpsTestWithLocalTensor,test_layer_norm_bwd
op_ut,test.distributed.tensor.test_math_ops.DistMathOpsTestWithLocalTensor,test_layer_norm_bwd_req_grad
op_ut,test.distributed.tensor.test_math_ops.DistMathOpsTestWithLocalTensor,test_layer_norm_fwd
op_ut,test.distributed.tensor.test_math_ops.DistMathOpsTestWithLocalTensor,test_linalg_cross
op_ut,test.distributed.tensor.test_math_ops.DistMathOpsTestWithLocalTensor,test_linalg_eigh
op_ut,test.distributed.tensor.test_math_ops.DistMathOpsTestWithLocalTensor,test_linalg_ops
op_ut,test.distributed.tensor.test_math_ops.DistMathOpsTestWithLocalTensor,test_linalg_solve_partial
op_ut,test.distributed.tensor.test_math_ops.DistMathOpsTestWithLocalTensor,test_linear_op_reductions
op_ut,test.distributed.tensor.test_math_ops.DistMathOpsTestWithLocalTensor,test_logsumexp
op_ut,test.distributed.tensor.test_math_ops.DistMathOpsTestWithLocalTensor,test_matching_partial_reduction_ops
op_ut,test.distributed.tensor.test_math_ops.DistMathOpsTestWithLocalTensor,test_max_min_dim_sharded
op_ut,test.distributed.tensor.test_math_ops.DistMathOpsTestWithLocalTensor,test_mean
op_ut,test.distributed.tensor.test_math_ops.DistMathOpsTestWithLocalTensor,test_median
op_ut,test.distributed.tensor.test_math_ops.DistMathOpsTestWithLocalTensor,test_nansum_with_nan
op_ut,test.distributed.tensor.test_math_ops.DistMathOpsTestWithLocalTensor,test_nll_loss_and_cross_entropy
op_ut,test.distributed.tensor.test_math_ops.DistMathOpsTestWithLocalTensor,test_nll_loss_backward_comm_counts
op_ut,test.distributed.tensor.test_math_ops.DistMathOpsTestWithLocalTensor,test_norm_0_on_psum
op_ut,test.distributed.tensor.test_math_ops.DistMathOpsTestWithLocalTensor,test_normalization_ops
op_ut,test.distributed.tensor.test_math_ops.DistMathOpsTestWithLocalTensor,test_partial_reduction_ops
op_ut,test.distributed.tensor.test_math_ops.DistMathOpsTestWithLocalTensor,test_pooling_ops
op_ut,test.distributed.tensor.test_math_ops.DistMathOpsTestWithLocalTensor,test_powsum_sharded
op_ut,test.distributed.tensor.test_math_ops.DistMathOpsTestWithLocalTensor,test_prims_fma
op_ut,test.distributed.tensor.test_math_ops.DistMathOpsTestWithLocalTensor,test_prims_pointwise_ops
op_ut,test.distributed.tensor.test_math_ops.DistMathOpsTestWithLocalTensor,test_prims_view_of
op_ut,test.distributed.tensor.test_math_ops.DistMathOpsTestWithLocalTensor,test_rotary_embedding_complex_ops
op_ut,test.distributed.tensor.test_math_ops.DistMathOpsTestWithLocalTensor,test_scan_ops
op_ut,test.distributed.tensor.test_math_ops.DistMathOpsTestWithLocalTensor,test_scan_ops_with_indices
op_ut,test.distributed.tensor.test_math_ops.DistMathOpsTestWithLocalTensor,test_shard0_svd
op_ut,test.distributed.tensor.test_math_ops.DistMathOpsTestWithLocalTensor,test_shard_math_ops
op_ut,test.distributed.tensor.test_math_ops.DistMathOpsTestWithLocalTensor,test_softmax_fwd
op_ut,test.distributed.tensor.test_math_ops.DistMathOpsTestWithLocalTensor,test_softmax_with_bwd
op_ut,test.distributed.tensor.test_math_ops.DistMathOpsTestWithLocalTensor,test_std
op_ut,test.distributed.tensor.test_math_ops.DistMathOpsTestWithLocalTensor,test_topk
op_ut,test.distributed.tensor.test_math_ops.DistMathOpsTestWithLocalTensor,test_topk_backward
op_ut,test.distributed.tensor.test_math_ops.DistMathOpsTestWithLocalTensor,test_upsampling
op_ut,test.distributed.tensor.test_math_ops.DistMathOpsTestWithLocalTensor,test_vector_norm
op_ut,test.distributed.tensor.test_math_ops.DistMathOpsTestWithLocalTensor,test_vector_norm_partial
op_ut,test.distributed.tensor.test_math_ops.DistMathOpsTestWithLocalTensor,test_vector_norm_special_norms_placement
op_ut,test.distributed.tensor.test_random_ops.DistTensorRandomInitTest,test_dtensor_init_helper_tensor_meta_strides
op_ut,test.distributed.tensor.test_random_ops.DistTensorRandomInitTest,test_fsdp_tp_model_meta_init
op_ut,test.distributed.tensor.test_random_ops.DistTensorRandomInitTest,test_init_ops
op_ut,test.distributed.tensor.test_random_ops.DistTensorRandomInitTest,test_init_with_user_generator
op_ut,test.distributed.tensor.test_random_ops.DistTensorRandomInitTest,test_meta_tensor_init
op_ut,test.distributed.tensor.test_random_ops.DistTensorRandomInitTest,test_multinomial_sharded
op_ut,test.distributed.tensor.test_random_ops.DistTensorRandomInitTest,test_tp_model_meta_init
op_ut,test.distributed.tensor.test_random_ops.DistTensorRandomOpTest,test_deterministic_dropout_1d
op_ut,test.distributed.tensor.test_random_ops.DistTensorRandomOpTest,test_deterministic_rand_1d
op_ut,test.distributed.tensor.test_random_ops.DistTensorRandomOpTest,test_deterministic_uniform_2d
op_ut,test.distributed.tensor.test_random_ops.DistTensorRandomOpTest,test_manual_seed
op_ut,test.distributed.tensor.test_random_ops.DistTensorRandomOpTest,test_manual_seed_submesh
op_ut,test.distributed.tensor.test_random_ops.DistTensorRandomOpTest,test_philox_state_seed_roundtrip
op_ut,test.distributed.tensor.test_random_ops.DistTensorRandomOpTest,test_pipeline_parallel_manual_seed
op_ut,test.distributed.tensor.test_random_ops.DistTensorRandomOpTest,test_rng_tracker_init
op_ut,test.distributed.tensor.test_random_ops.DistTensorRandomInitTestWithLocalTensor,test_multinomial_sharded
op_ut,test.distributed.tensor.test_random_ops.DistTensorRandomOpTestWithLocalTensor,test_manual_seed
op_ut,test.distributed.tensor.test_random_ops.DistTensorRandomOpTestWithLocalTensor,test_manual_seed_submesh
op_ut,test.distributed.tensor.test_random_ops.DistTensorRandomOpTestWithLocalTensor,test_philox_state_seed_roundtrip
op_ut,test.distributed.test_c10d_functional_native.TestWithNCCL,test_all_gather_into_tensor_coalesced
op_ut,test.distributed.test_c10d_functional_native.TestWithNCCL,test_all_gather_into_tensor_single
op_ut,test.distributed.test_c10d_functional_native.TestWithNCCL,test_all_reduce_coalesced
op_ut,test.distributed.test_c10d_functional_native.TestWithNCCL,test_all_reduce_coalesced_
op_ut,test.distributed.test_c10d_functional_native.TestWithNCCL,test_all_reduce_single
op_ut,test.distributed.test_c10d_functional_native.TestWithNCCL,test_all_reduce_single_
op_ut,test.distributed.test_c10d_functional_native.TestWithNCCL,test_all_to_all_single
op_ut,test.distributed.test_c10d_functional_native.TestWithNCCL,test_broadcast
op_ut,test.distributed.test_c10d_functional_native.TestWithNCCL,test_fixed_striding
op_ut,test.distributed.test_c10d_functional_native.TestWithNCCL,test_functional_collectives_batched
op_ut,test.distributed.test_c10d_functional_native.TestWithNCCL,test_functional_collectives_inference_mode
op_ut,test.distributed.test_c10d_functional_native.TestWithNCCL,test_inductor_dtypeview_memory_leak
op_ut,test.distributed.test_c10d_functional_native.TestWithNCCL,test_reduce_scatter_tensor_coalesced
op_ut,test.distributed.test_c10d_functional_native.TestWithNCCL,test_reduce_scatter_tensor_out
op_ut,test.distributed.test_c10d_functional_native.TestWithNCCL,test_reduce_scatter_tensor_single
op_ut,test.distributed.test_c10d_functional_native.TestWithNCCL,test_threading
op_ut,test.distributed.test_c10d_functional_native.TestWithNCCL,test_unwaited
op_ut,test.distributed.test_c10d_functional_native.TestWithNCCL,test_wait_tensor
op_ut,test.distributed.test_c10d_functional_native.CrossThreadWaitTest,test_wait_tensor_cross_thread
op_ut,test.distributed.test_c10d_functional_native.PyWorkTest,test_collectives
op_ut,test.distributed.test_c10d_functional_native.PyWorkTest,test_wait_tensor
op_ut,test.distributed.test_c10d_functional_native.ProcessGroupArgTest,test_all_gather_into_tensor
op_ut,test.distributed.test_c10d_functional_native.ProcessGroupArgTest,test_all_reduce
op_ut,test.distributed.test_c10d_functional_native.ProcessGroupArgTest,test_all_reduce_
op_ut,test.distributed.test_c10d_functional_native.ProcessGroupArgTest,test_broadcast
op_ut,test.distributed.test_c10d_functional_native.ProcessGroupArgTest,test_broadcast_
op_ut,test.distributed.test_c10d_functional_native.ProcessGroupArgTest,test_reduce_scatter_tensor
op_ut,test.distributed.test_c10d_functional_native.CompileTestCPU,test_inductor_all_reduce_cpu
op_ut,test.distributed.test_c10d_functional_native.CompileTest,test_compile_all_gather_into_tensor_out
op_ut,test.distributed.test_c10d_functional_native.CompileTest,test_compile_reduce_scatter_tensor_out
op_ut,test.distributed.test_c10d_functional_native.CompileTest,test_inductor_all_gather_into_tensor_single
op_ut,test.distributed.test_c10d_functional_native.CompileTest,test_inductor_all_reduce_coalesced
op_ut,test.distributed.test_c10d_functional_native.CompileTest,test_inductor_all_reduce_non_contig_input
op_ut,test.distributed.test_c10d_functional_native.CompileTest,test_inductor_all_reduce_output_stride_matches_eager
op_ut,test.distributed.test_c10d_functional_native.CompileTest,test_inductor_all_reduce_single
op_ut,test.distributed.test_c10d_functional_native.CompileTest,test_inductor_all_to_all_single
op_ut,test.distributed.test_c10d_functional_native.CompileTest,test_inductor_broadcast
op_ut,test.distributed.test_c10d_functional_native.CompileTest,test_inductor_inplace_op_on_view
op_ut,test.distributed.test_c10d_functional_native.CompileTest,test_inductor_reduce_scatter_tensor_coalesced
op_ut,test.distributed.test_c10d_functional_native.CompileTest,test_inductor_reduce_scatter_tensor_single
op_ut,test.distributed.test_c10d_functional_native.CompileTest,test_inductor_reuse_buffer_after_inplace_collective
op_ut,test.distributed.test_c10d_functional_native.CompileTest,test_ranks_and_tag
op_ut,test.distributed.test_c10d_functional_native.CompileTest,test_wait_tensor
op_ut,test.distributed.test_c10d_functional_native.ACTCompileTest,test_act_compile_backward_tangent_mismatch
op_ut,test.distributed.test_c10d_functional_native.ACTCompileTest,test_act_guard_recompiles
op_ut,test.distributed.test_c10d_functional_native.ACTCompileTest,test_act_runtime_unwrap
op_ut,test.distributed.test_functional_api.TestExpand,test_expand_1d_rank_list
op_ut,test.distributed.test_functional_api.TestExpand,test_expand_2d_rank_list
op_ut,test.distributed.test_functional_api.TestExpand,test_expand_device_mesh
op_ut,test.distributed.test_functional_api.TestExpand,test_expand_device_mesh_tuple
op_ut,test.distributed.test_functional_api.TestExpand,test_expand_process_group
op_ut,test.distributed.test_functional_api.TestPgTag,test_find_root_pg
op_ut,test.distributed.test_functional_api.TestPgTag,test_pg_creation_with_tag
op_ut,test.distributed.test_functional_api.TestPgTag,test_pg_lookup_roundtrip
op_ut,test.distributed.test_functional_api.TestPgTag,test_pg_lookup_with_tag
op_ut,test.distributed.test_functional_api.TestTraceableCollectives,test_all_gather_into_tensor_coalesced_device_cpu
op_ut,test.distributed.test_functional_api.TestTraceableCollectives,test_all_gather_into_tensor_coalesced_device_xpu
op_ut,test.distributed.test_functional_api.TestTraceableCollectives,test_all_gather_tensor_device_cpu
op_ut,test.distributed.test_functional_api.TestTraceableCollectives,test_all_gather_tensor_device_xpu
op_ut,test.distributed.test_functional_api.TestTraceableCollectives,test_all_reduce_coalesced_eager_device_cpu
op_ut,test.distributed.test_functional_api.TestTraceableCollectives,test_all_reduce_coalesced_eager_device_xpu
op_ut,test.distributed.test_functional_api.TestTraceableCollectives,test_all_reduce_eager_device_cpu
op_ut,test.distributed.test_functional_api.TestTraceableCollectives,test_all_reduce_eager_device_xpu
op_ut,test.distributed.test_functional_api.TestTraceableCollectives,test_broadcast_device_cpu
op_ut,test.distributed.test_functional_api.TestTraceableCollectives,test_broadcast_device_xpu
op_ut,test.distributed.test_functional_api.TestTraceableCollectives,test_reduce_scatter_into_tensor_coalesced_device_cpu
op_ut,test.distributed.test_functional_api.TestTraceableCollectives,test_reduce_scatter_into_tensor_coalesced_device_xpu
op_ut,test.distributed.test_functional_api.TestTraceableCollectives,test_reduce_scatter_tensor_device_cpu
op_ut,test.distributed.test_functional_api.TestTraceableCollectives,test_reduce_scatter_tensor_device_xpu
op_ut,test.distributed.test_functional_api.TestMetaCollectives,test_all_reduce
op_ut,test.distributed.test_functional_api.TestGradCollectives,test_all_reduce
op_ut,test.distributed.test_functional_api.TestMakeFx,test_all_reduce_tracing
op_ut,test.distributed.test_functional_api.TestAllGatherViewOptimization,test_fallback_path_waits_early
op_ut,test.distributed.test_functional_api.TestAllGatherViewOptimization,test_view_path_delays_wait
op_ut,test.distributed.test_functional_api.TestFunctionalAutograd,test_all_gather_tensor
op_ut,test.distributed.test_functional_api.TestFunctionalAutograd,test_all_to_all_single
op_ut,test.distributed.test_functional_api.TestFunctionalAutograd,test_reduce_scatter_tensor
op_ut,test.distributed.test_functional_api.TestCollectivesWithDistributedBackendXPU,test_all_gather_into_tensor_coalesced_xpu
op_ut,test.distributed.test_functional_api.TestCollectivesWithDistributedBackendXPU,test_all_to_all_single_1d_input_xpu
op_ut,test.distributed.test_functional_api.TestCollectivesWithDistributedBackendXPU,test_all_to_all_single_split_sizes_none_xpu
op_ut,test.distributed.test_functional_api.TestCollectivesWithDistributedBackendXPU,test_all_to_all_single_xpu
op_ut,test.distributed.test_functional_api.TestCollectivesWithDistributedBackendXPU,test_tracing_with_dce_code_xpu
op_ut,test.distributed.test_functional_api.TestCollectivesWithDistributedBackendXPU,test_tracing_with_fakepg_xpu
op_ut,test.distributed.test_functional_api.TestCollectivesWithDistributedBackendXPU,test_tracing_xpu
op_ut,test.distributed.test_functional_api.TestDistributedBackendCollectivesWithWorldSize4XPU,test_permute_tensor_with_sub_group_xpu
op_ut,test.distributed.test_functional_api.TestFunctionalAutogradWithDistributedBackendXPU,test_all_to_all_single_xpu
op_ut,test.distributed._tools.test_fsdp2_mem_tracker.TestTrackerFullyShard1DTrainingCore,test_tracker_multi_group_eager
op_ut,test.distributed._tools.test_fsdp2_mem_tracker.TestTrackerFullyShard1DTrainingCore,test_tracker_non_root_forward_backward
op_ut,test.distributed._tools.test_fsdp2_mem_tracker.TestTrackerFullyShard1DTrainingCompose,test_tracker_with_activation_checkpointing
op_ut,test.distributed._tools.test_memory_tracker.TestMemoryTracker,test_local_model
op_ut,test.distributed._tools.test_mem_tracker.TestMemTracker,test_accelerator_tracker_equivalence
op_ut,test.distributed._tools.test_mem_tracker.TestMemTracker,test_tracker_attribution
op_ut,test.distributed._tools.test_mem_tracker.TestMemTracker,test_tracker_with_activation_checkpointing
op_ut,test.distributed._composable.fsdp.test_fully_shard_state_dict.TestFullyShardStateDictMultiProcess,test_2d_state_dict_correctness
op_ut,test.distributed._composable.fsdp.test_fully_shard_state_dict.TestFullyShardStateDictMultiProcess,test_dp_state_dict_save_load
op_ut,test.distributed._composable.fsdp.test_fully_shard_state_dict.TestFullyShardStateDictMultiProcess,test_dp_tp_state_dict_save_load
op_ut,test.distributed._composable.fsdp.test_fully_shard_state_dict.TestFullyShardStateDictMultiProcess,test_hsdp_tp_state_dict_save_load
op_ut,test.distributed.fsdp.test_fsdp_clip_grad_norm.TestClipGradNormXPU,test_low_precision_grads_xpu
op_ut,test.distributed.fsdp.test_fsdp_clip_grad_norm.TestClipGradNormXPU,test_no_gradients_xpu
op_ut,test.distributed.fsdp.test_fsdp_clip_grad_norm.TestClipGradNormXPU,test_non_root_xpu
op_ut,test.distributed.fsdp.test_fsdp_clip_grad_norm.TestClipGradNormXPU,test_non_uniform_grad_dtype_xpu
op_ut,test.distributed.fsdp.test_fsdp_fine_tune.TestFSDPFineTuneXPU,test_backward_reshard_hooks_xpu
op_ut,test.distributed.fsdp.test_fsdp_fine_tune.TestFSDPFineTuneXPU,test_hooks_multi_traversal_xpu
op_ut,test.distributed.fsdp.test_fsdp_multiple_wrapping.TestMultipleWrappingXPU,test_multiple_wrapping_xpu
