../../../../test/distributed/_composable/fsdp/test_fully_shard_comm.py::TestFullyShardAllocFromPG::test_exception_when_used_together_with_comm_hooks
../../../../test/distributed/_composable/fsdp/test_fully_shard_comm.py::TestFullyShardCommunication::test_fully_shard_communication_count
../../../../test/distributed/_composable/fsdp/test_fully_shard_comm.py::TestFullyShardCommunication::test_manual_reshard_with_reshard_after_forward_false
../../../../test/distributed/_composable/fsdp/test_fully_shard_comm.py::TestFullyShardCommunication::test_set_reshard_after_forward
../../../../test/distributed/_composable/fsdp/test_fully_shard_comm.py::TestFullyShardPrefetch::test_backward_misprefetch
../../../../test/distributed/_composable/fsdp/test_fully_shard_comm.py::TestFullyShardPrefetch::test_fully_shard_backward_prefetch
../../../../test/distributed/_composable/fsdp/test_fully_shard_comm.py::TestFullyShardPrefetch::test_fully_shard_multi_module_backward_prefetch
../../../../test/distributed/_composable/fsdp/test_fully_shard_comm.py::TestFullyShardPrefetch::test_fully_shard_multi_module_unused_module
../../../../test/distributed/_composable/fsdp/test_fully_shard_comm.py::TestFullyShardPrefetch::test_set_modules_to_backward_prefetch
../../../../test/distributed/_composable/fsdp/test_fully_shard_comm.py::TestFullyShardPrefetch::test_set_modules_to_backward_prefetch_inside_ac
../../../../test/distributed/_composable/fsdp/test_fully_shard_comm.py::TestFullyShardPrefetch::test_set_modules_to_forward_prefetch
../../../../test/distributed/_composable/fsdp/test_fully_shard_comm.py::TestFullyShardReduceOpWorldSize1::test_size1_reduceop
../../../../test/distributed/_composable/fsdp/test_fully_shard_comm.py::TestFullyShardUnshardMultiProcess::test_unshard_async
../../../../test/distributed/_composable/fsdp/test_fully_shard_frozen.py::TestFullyShardFrozen::test_multi_forward_mixed_requires_grad
../../../../test/distributed/_composable/fsdp/test_fully_shard_frozen.py::TestFullyShardFrozen::test_train_mixed_requires_grad_across_groups
../../../../test/distributed/_composable/fsdp/test_fully_shard_frozen.py::TestFullyShardFrozen::test_train_mixed_requires_grad_per_group
../../../../test/distributed/_composable/fsdp/test_fully_shard_state_dict.py::TestFullyShardStateDictMultiProcess::test_2d_state_dict_correctness
../../../../test/distributed/_composable/fsdp/test_fully_shard_state_dict.py::TestFullyShardStateDictMultiProcess::test_dp_state_dict_save_load
../../../../test/distributed/_composable/fsdp/test_fully_shard_state_dict.py::TestFullyShardStateDictMultiProcess::test_dp_tp_state_dict_save_load
../../../../test/distributed/_composable/fsdp/test_fully_shard_state_dict.py::TestFullyShardStateDictMultiProcess::test_hsdp_tp_state_dict_save_load
../../../../test/distributed/_composable/test_checkpoint.py::TestCheckpoint::test_checkpoint_kwargs
../../../../test/distributed/_composable/test_checkpoint.py::TestCheckpoint::test_clears_state_on_error_in_forward
../../../../test/distributed/_composable/test_checkpoint.py::TestCheckpoint::test_multi_args
../../../../test/distributed/_composable/test_checkpoint.py::TestCheckpoint::test_random_cpu
../../../../test/distributed/_composable/test_checkpoint.py::TestCheckpoint::test_tensor_only_cpu
../../../../test/distributed/_composable/test_checkpoint.py::TestCheckpoint::test_tensor_only_gpu
../../../../test/distributed/_composable/test_contract.py::TestContract::test_add_hooks
../../../../test/distributed/_composable/test_contract.py::TestContract::test_modify_fqn
../../../../test/distributed/_composable/test_contract.py::TestContract::test_multi_module_api
../../../../test/distributed/_composable/test_contract.py::TestContract::test_registry
../../../../test/distributed/_composable/test_contract.py::TestContract::test_state
../../../../test/distributed/_tools/test_fsdp2_mem_tracker.py::TestTrackerFullyShard1DTrainingCompose::test_tracker_with_activation_checkpointing
../../../../test/distributed/_tools/test_fsdp2_mem_tracker.py::TestTrackerFullyShard1DTrainingCore::test_tracker_multi_group_eager
../../../../test/distributed/_tools/test_fsdp2_mem_tracker.py::TestTrackerFullyShard1DTrainingCore::test_tracker_non_root_forward_backward
../../../../test/distributed/_tools/test_mem_tracker.py::TestMemTracker::test_accelerator_tracker_equivalence
../../../../test/distributed/_tools/test_mem_tracker.py::TestMemTracker::test_tracker_attribution
../../../../test/distributed/_tools/test_mem_tracker.py::TestMemTracker::test_tracker_with_activation_checkpointing
../../../../test/distributed/_tools/test_memory_tracker.py::TestMemoryTracker::test_local_model
../../../../test/distributed/fsdp/test_fsdp_apply.py::TestApplyXPU::test_apply_in_summon_raises_error_xpu
../../../../test/distributed/fsdp/test_fsdp_apply.py::TestApplyXPU::test_nested_module_apply_xpu
../../../../test/distributed/fsdp/test_fsdp_apply.py::TestApplyXPU::test_transformer_module_apply_xpu
../../../../test/distributed/fsdp/test_fsdp_checkpoint.py::TestFSDPCheckpoint::test_basic_checkpoint_end_to_end_cpu_offload0_offload_activations_False_use_orig_params_False
../../../../test/distributed/fsdp/test_fsdp_checkpoint.py::TestFSDPCheckpoint::test_basic_checkpoint_end_to_end_cpu_offload0_offload_activations_False_use_orig_params_True
../../../../test/distributed/fsdp/test_fsdp_checkpoint.py::TestFSDPCheckpoint::test_basic_checkpoint_end_to_end_cpu_offload0_offload_activations_True_use_orig_params_False
../../../../test/distributed/fsdp/test_fsdp_checkpoint.py::TestFSDPCheckpoint::test_basic_checkpoint_end_to_end_cpu_offload0_offload_activations_True_use_orig_params_True
../../../../test/distributed/fsdp/test_fsdp_checkpoint.py::TestFSDPCheckpoint::test_basic_checkpoint_end_to_end_cpu_offload1_offload_activations_False_use_orig_params_False
../../../../test/distributed/fsdp/test_fsdp_checkpoint.py::TestFSDPCheckpoint::test_basic_checkpoint_end_to_end_cpu_offload1_offload_activations_False_use_orig_params_True
../../../../test/distributed/fsdp/test_fsdp_checkpoint.py::TestFSDPCheckpoint::test_basic_checkpoint_end_to_end_cpu_offload1_offload_activations_True_use_orig_params_False
../../../../test/distributed/fsdp/test_fsdp_checkpoint.py::TestFSDPCheckpoint::test_basic_checkpoint_end_to_end_cpu_offload1_offload_activations_True_use_orig_params_True
../../../../test/distributed/fsdp/test_fsdp_checkpoint.py::TestFSDPCheckpoint::test_checkpoint_fsdp_wrapping_cpu_offload0_offload_activations_False_use_orig_params_False
../../../../test/distributed/fsdp/test_fsdp_checkpoint.py::TestFSDPCheckpoint::test_checkpoint_fsdp_wrapping_cpu_offload0_offload_activations_False_use_orig_params_True
../../../../test/distributed/fsdp/test_fsdp_checkpoint.py::TestFSDPCheckpoint::test_checkpoint_fsdp_wrapping_cpu_offload0_offload_activations_True_use_orig_params_False
../../../../test/distributed/fsdp/test_fsdp_checkpoint.py::TestFSDPCheckpoint::test_checkpoint_fsdp_wrapping_cpu_offload0_offload_activations_True_use_orig_params_True
../../../../test/distributed/fsdp/test_fsdp_checkpoint.py::TestFSDPCheckpoint::test_checkpoint_fsdp_wrapping_cpu_offload1_offload_activations_False_use_orig_params_False
../../../../test/distributed/fsdp/test_fsdp_checkpoint.py::TestFSDPCheckpoint::test_checkpoint_fsdp_wrapping_cpu_offload1_offload_activations_False_use_orig_params_True
../../../../test/distributed/fsdp/test_fsdp_checkpoint.py::TestFSDPCheckpoint::test_checkpoint_fsdp_wrapping_cpu_offload1_offload_activations_True_use_orig_params_False
../../../../test/distributed/fsdp/test_fsdp_checkpoint.py::TestFSDPCheckpoint::test_checkpoint_fsdp_wrapping_cpu_offload1_offload_activations_True_use_orig_params_True
../../../../test/distributed/fsdp/test_fsdp_checkpoint.py::TestFSDPCheckpointSubmoduleXPU::test_checkpoint_submodule_use_reentrant_False_xpu
../../../../test/distributed/fsdp/test_fsdp_clip_grad_norm.py::TestClipGradNormXPU::test_low_precision_grads_xpu
../../../../test/distributed/fsdp/test_fsdp_clip_grad_norm.py::TestClipGradNormXPU::test_no_gradients_xpu
../../../../test/distributed/fsdp/test_fsdp_clip_grad_norm.py::TestClipGradNormXPU::test_non_root_xpu
../../../../test/distributed/fsdp/test_fsdp_clip_grad_norm.py::TestClipGradNormXPU::test_non_uniform_grad_dtype_xpu
../../../../test/distributed/fsdp/test_fsdp_comm.py::TestCommunicationXPU::test_communication_nested_model_False_use_no_sync_False_sharding_strategy0_xpu
../../../../test/distributed/fsdp/test_fsdp_comm.py::TestCommunicationXPU::test_communication_nested_model_False_use_no_sync_False_sharding_strategy1_xpu
../../../../test/distributed/fsdp/test_fsdp_comm.py::TestCommunicationXPU::test_communication_nested_model_False_use_no_sync_True_sharding_strategy0_xpu
../../../../test/distributed/fsdp/test_fsdp_comm.py::TestCommunicationXPU::test_communication_nested_model_False_use_no_sync_True_sharding_strategy1_xpu
../../../../test/distributed/fsdp/test_fsdp_comm.py::TestCommunicationXPU::test_communication_nested_model_True_use_no_sync_False_sharding_strategy0_xpu
../../../../test/distributed/fsdp/test_fsdp_comm.py::TestCommunicationXPU::test_communication_nested_model_True_use_no_sync_False_sharding_strategy1_xpu
../../../../test/distributed/fsdp/test_fsdp_comm.py::TestCommunicationXPU::test_communication_nested_model_True_use_no_sync_True_sharding_strategy0_xpu
../../../../test/distributed/fsdp/test_fsdp_comm.py::TestCommunicationXPU::test_communication_nested_model_True_use_no_sync_True_sharding_strategy1_xpu
../../../../test/distributed/fsdp/test_fsdp_comm.py::TestExplicitUnshardXPU::test_unshard_after_backward_use_orig_params_False_async_op_False_xpu
../../../../test/distributed/fsdp/test_fsdp_comm.py::TestExplicitUnshardXPU::test_unshard_after_backward_use_orig_params_False_async_op_True_xpu
../../../../test/distributed/fsdp/test_fsdp_comm.py::TestExplicitUnshardXPU::test_unshard_after_backward_use_orig_params_True_async_op_False_xpu
../../../../test/distributed/fsdp/test_fsdp_comm.py::TestExplicitUnshardXPU::test_unshard_after_backward_use_orig_params_True_async_op_True_xpu
../../../../test/distributed/fsdp/test_fsdp_comm.py::TestExplicitUnshardXPU::test_unshard_async_use_orig_params_False_xpu
../../../../test/distributed/fsdp/test_fsdp_comm.py::TestExplicitUnshardXPU::test_unshard_async_use_orig_params_True_xpu
../../../../test/distributed/fsdp/test_fsdp_comm_hooks.py::TestCommunicationHooks::test_bf16_hook_has_wrapping_False_sharding_strategy0
../../../../test/distributed/fsdp/test_fsdp_comm_hooks.py::TestCommunicationHooks::test_bf16_hook_has_wrapping_False_sharding_strategy1
../../../../test/distributed/fsdp/test_fsdp_comm_hooks.py::TestCommunicationHooks::test_bf16_hook_has_wrapping_False_sharding_strategy2
../../../../test/distributed/fsdp/test_fsdp_comm_hooks.py::TestCommunicationHooks::test_bf16_hook_has_wrapping_True_sharding_strategy0
../../../../test/distributed/fsdp/test_fsdp_comm_hooks.py::TestCommunicationHooks::test_bf16_hook_has_wrapping_True_sharding_strategy1
../../../../test/distributed/fsdp/test_fsdp_comm_hooks.py::TestCommunicationHooks::test_bf16_hook_has_wrapping_True_sharding_strategy2
../../../../test/distributed/fsdp/test_fsdp_comm_hooks.py::TestCommunicationHooks::test_default_communication_hook_behavior_sharding_strategy0
../../../../test/distributed/fsdp/test_fsdp_comm_hooks.py::TestCommunicationHooks::test_default_communication_hook_behavior_sharding_strategy1
../../../../test/distributed/fsdp/test_fsdp_comm_hooks.py::TestCommunicationHooks::test_default_communication_hook_behavior_sharding_strategy2
../../../../test/distributed/fsdp/test_fsdp_comm_hooks.py::TestCommunicationHooks::test_default_communication_hook_initialization_has_wrapping_False_sharding_strategy0
../../../../test/distributed/fsdp/test_fsdp_comm_hooks.py::TestCommunicationHooks::test_default_communication_hook_initialization_has_wrapping_False_sharding_strategy1
../../../../test/distributed/fsdp/test_fsdp_comm_hooks.py::TestCommunicationHooks::test_default_communication_hook_initialization_has_wrapping_False_sharding_strategy2
../../../../test/distributed/fsdp/test_fsdp_comm_hooks.py::TestCommunicationHooks::test_default_communication_hook_initialization_has_wrapping_True_sharding_strategy0
../../../../test/distributed/fsdp/test_fsdp_comm_hooks.py::TestCommunicationHooks::test_default_communication_hook_initialization_has_wrapping_True_sharding_strategy1
../../../../test/distributed/fsdp/test_fsdp_comm_hooks.py::TestCommunicationHooks::test_default_communication_hook_initialization_has_wrapping_True_sharding_strategy2
../../../../test/distributed/fsdp/test_fsdp_comm_hooks.py::TestCommunicationHooks::test_fp16_hook_has_wrapping_False_sharding_strategy0
../../../../test/distributed/fsdp/test_fsdp_comm_hooks.py::TestCommunicationHooks::test_fp16_hook_has_wrapping_False_sharding_strategy1
../../../../test/distributed/fsdp/test_fsdp_comm_hooks.py::TestCommunicationHooks::test_fp16_hook_has_wrapping_False_sharding_strategy2
../../../../test/distributed/fsdp/test_fsdp_comm_hooks.py::TestCommunicationHooks::test_fp16_hook_has_wrapping_True_sharding_strategy0
../../../../test/distributed/fsdp/test_fsdp_comm_hooks.py::TestCommunicationHooks::test_fp16_hook_has_wrapping_True_sharding_strategy1
../../../../test/distributed/fsdp/test_fsdp_comm_hooks.py::TestCommunicationHooks::test_fp16_hook_has_wrapping_True_sharding_strategy2
../../../../test/distributed/fsdp/test_fsdp_comm_hooks.py::TestCommunicationHooks::test_registering_hook_hybrid_strategy
../../../../test/distributed/fsdp/test_fsdp_comm_hooks.py::TestCommunicationHooks::test_registering_hook_non_root_sharding_strategy0
../../../../test/distributed/fsdp/test_fsdp_comm_hooks.py::TestCommunicationHooks::test_registering_hook_non_root_sharding_strategy1
../../../../test/distributed/fsdp/test_fsdp_comm_hooks.py::TestCommunicationHooks::test_registering_hook_non_root_sharding_strategy2
../../../../test/distributed/fsdp/test_fsdp_comm_hooks.py::TestCommunicationHooks::test_registering_hook_submodules_sharding_strategy0
../../../../test/distributed/fsdp/test_fsdp_comm_hooks.py::TestCommunicationHooks::test_registering_hook_submodules_sharding_strategy1
../../../../test/distributed/fsdp/test_fsdp_comm_hooks.py::TestCommunicationHooks::test_registering_hook_submodules_sharding_strategy2
../../../../test/distributed/fsdp/test_fsdp_core.py::TestAutogradXPU::test_unshard_params_as_tensors_xpu
../../../../test/distributed/fsdp/test_fsdp_core.py::TestHooksXPU::test_pre_backward_hook_registration_after_state_dict_xpu
../../../../test/distributed/fsdp/test_fsdp_core.py::TestHooksXPU::test_pre_backward_hook_registration_cuda_first_False_xpu
../../../../test/distributed/fsdp/test_fsdp_core.py::TestHooksXPU::test_pre_backward_hook_registration_cuda_first_True_xpu
../../../../test/distributed/fsdp/test_fsdp_core.py::TestHooksXPU::test_register_functions_called_cuda_first_False_mixed_precision_False_xpu
../../../../test/distributed/fsdp/test_fsdp_core.py::TestHooksXPU::test_register_functions_called_cuda_first_False_mixed_precision_True_xpu
../../../../test/distributed/fsdp/test_fsdp_core.py::TestHooksXPU::test_register_functions_called_cuda_first_True_mixed_precision_False_xpu
../../../../test/distributed/fsdp/test_fsdp_core.py::TestHooksXPU::test_register_functions_called_cuda_first_True_mixed_precision_True_xpu
../../../../test/distributed/fsdp/test_fsdp_core.py::TestNoGradXPU::test_transformer_no_grad_mixed_precision_False_xpu
../../../../test/distributed/fsdp/test_fsdp_core.py::TestNoGradXPU::test_transformer_no_grad_mixed_precision_True_xpu
../../../../test/distributed/fsdp/test_fsdp_core.py::TestParamInitXPU::test_param_change_after_init_mixed_precision_False_xpu
../../../../test/distributed/fsdp/test_fsdp_core.py::TestParamInitXPU::test_param_change_after_init_mixed_precision_True_xpu
../../../../test/distributed/fsdp/test_fsdp_core.py::TestParityWithDDPXPU::test_delayed_optim_step_offload_false_no_shard_xpu
../../../../test/distributed/fsdp/test_fsdp_core.py::TestParityWithDDPXPU::test_delayed_optim_step_offload_false_none_xpu
../../../../test/distributed/fsdp/test_fsdp_core.py::TestParityWithDDPXPU::test_delayed_optim_step_offload_false_shard_grad_op_xpu
../../../../test/distributed/fsdp/test_fsdp_core.py::TestParityWithDDPXPU::test_delayed_optim_step_offload_true_no_shard_xpu
../../../../test/distributed/fsdp/test_fsdp_core.py::TestParityWithDDPXPU::test_delayed_optim_step_offload_true_none_xpu
../../../../test/distributed/fsdp/test_fsdp_core.py::TestParityWithDDPXPU::test_delayed_optim_step_offload_true_shard_grad_op_xpu
../../../../test/distributed/fsdp/test_fsdp_core.py::TestParityWithDDPXPU::test_delayed_reduce_scatter_offload_false_no_shard_xpu
../../../../test/distributed/fsdp/test_fsdp_core.py::TestParityWithDDPXPU::test_delayed_reduce_scatter_offload_false_none_xpu
../../../../test/distributed/fsdp/test_fsdp_core.py::TestParityWithDDPXPU::test_delayed_reduce_scatter_offload_false_shard_grad_op_xpu
../../../../test/distributed/fsdp/test_fsdp_core.py::TestParityWithDDPXPU::test_delayed_reduce_scatter_offload_true_no_shard_xpu
../../../../test/distributed/fsdp/test_fsdp_core.py::TestParityWithDDPXPU::test_delayed_reduce_scatter_offload_true_none_xpu
../../../../test/distributed/fsdp/test_fsdp_core.py::TestParityWithDDPXPU::test_delayed_reduce_scatter_offload_true_shard_grad_op_xpu
../../../../test/distributed/fsdp/test_fsdp_core.py::TestParityWithDDPXPU::test_mixture_of_experts_offload_false_no_shard_xpu
../../../../test/distributed/fsdp/test_fsdp_core.py::TestParityWithDDPXPU::test_mixture_of_experts_offload_false_none_xpu
../../../../test/distributed/fsdp/test_fsdp_core.py::TestParityWithDDPXPU::test_mixture_of_experts_offload_true_no_shard_xpu
../../../../test/distributed/fsdp/test_fsdp_core.py::TestParityWithDDPXPU::test_mixture_of_experts_offload_true_none_xpu
../../../../test/distributed/fsdp/test_fsdp_core.py::TestParityWithDDPXPU::test_mixture_of_experts_offload_true_shard_grad_op_xpu
../../../../test/distributed/fsdp/test_fsdp_core.py::TestParityWithDDPXPU::test_mixture_of_experts_with_delay_before_free_offload_false_no_shard_xpu
../../../../test/distributed/fsdp/test_fsdp_core.py::TestParityWithDDPXPU::test_mixture_of_experts_with_delay_before_free_offload_false_none_xpu
../../../../test/distributed/fsdp/test_fsdp_core.py::TestParityWithDDPXPU::test_mixture_of_experts_with_delay_before_free_offload_true_no_shard_xpu
../../../../test/distributed/fsdp/test_fsdp_core.py::TestParityWithDDPXPU::test_mixture_of_experts_with_delay_before_free_offload_true_none_xpu
../../../../test/distributed/fsdp/test_fsdp_core.py::TestParityWithDDPXPU::test_mixture_of_experts_with_delay_before_free_offload_true_shard_grad_op_xpu
../../../../test/distributed/fsdp/test_fsdp_core.py::TestParityWithDDPXPU::test_nested_always_wrap_model_offload_false_no_shard_xpu
../../../../test/distributed/fsdp/test_fsdp_core.py::TestParityWithDDPXPU::test_nested_always_wrap_model_offload_false_none_xpu
../../../../test/distributed/fsdp/test_fsdp_core.py::TestParityWithDDPXPU::test_nested_always_wrap_model_offload_false_shard_grad_op_xpu
../../../../test/distributed/fsdp/test_fsdp_core.py::TestParityWithDDPXPU::test_nested_always_wrap_model_offload_true_no_shard_xpu
../../../../test/distributed/fsdp/test_fsdp_core.py::TestParityWithDDPXPU::test_nested_always_wrap_model_offload_true_none_xpu
../../../../test/distributed/fsdp/test_fsdp_core.py::TestParityWithDDPXPU::test_nested_always_wrap_model_offload_true_shard_grad_op_xpu
../../../../test/distributed/fsdp/test_fsdp_core.py::TestParityWithDDPXPU::test_nested_wrapped_model_single_iteration_mixed_precision_offload_false_no_shard_xpu
../../../../test/distributed/fsdp/test_fsdp_core.py::TestParityWithDDPXPU::test_nested_wrapped_model_single_iteration_mixed_precision_offload_false_none_xpu
../../../../test/distributed/fsdp/test_fsdp_core.py::TestParityWithDDPXPU::test_nested_wrapped_model_single_iteration_mixed_precision_offload_false_shard_grad_op_xpu
../../../../test/distributed/fsdp/test_fsdp_core.py::TestParityWithDDPXPU::test_nested_wrapped_model_single_iteration_mixed_precision_offload_true_no_shard_xpu
../../../../test/distributed/fsdp/test_fsdp_core.py::TestParityWithDDPXPU::test_nested_wrapped_model_single_iteration_mixed_precision_offload_true_none_xpu
../../../../test/distributed/fsdp/test_fsdp_core.py::TestParityWithDDPXPU::test_nested_wrapped_model_single_iteration_mixed_precision_offload_true_shard_grad_op_xpu
../../../../test/distributed/fsdp/test_fsdp_core.py::TestParityWithDDPXPU::test_transformer_offload_false_no_shard_xpu
../../../../test/distributed/fsdp/test_fsdp_core.py::TestParityWithDDPXPU::test_transformer_offload_false_none_xpu
../../../../test/distributed/fsdp/test_fsdp_core.py::TestParityWithDDPXPU::test_transformer_offload_false_shard_grad_op_xpu
../../../../test/distributed/fsdp/test_fsdp_core.py::TestParityWithDDPXPU::test_transformer_offload_true_no_shard_xpu
../../../../test/distributed/fsdp/test_fsdp_core.py::TestParityWithDDPXPU::test_transformer_offload_true_none_xpu
../../../../test/distributed/fsdp/test_fsdp_core.py::TestParityWithDDPXPU::test_transformer_offload_true_shard_grad_op_xpu
../../../../test/distributed/fsdp/test_fsdp_exec_order.py::TestFSDPExecOrderXPU::test_invalid_first_iter_order_sharding_strategy0_xpu
../../../../test/distributed/fsdp/test_fsdp_exec_order.py::TestFSDPExecOrderXPU::test_invalid_first_iter_order_sharding_strategy1_xpu
../../../../test/distributed/fsdp/test_fsdp_exec_order.py::TestFSDPExecOrderXPU::test_invalid_later_iter_order_sharding_strategy0_iters_before_path_change_1_xpu
../../../../test/distributed/fsdp/test_fsdp_exec_order.py::TestFSDPExecOrderXPU::test_invalid_later_iter_order_sharding_strategy0_iters_before_path_change_3_xpu
../../../../test/distributed/fsdp/test_fsdp_exec_order.py::TestFSDPExecOrderXPU::test_invalid_later_iter_order_sharding_strategy1_iters_before_path_change_1_xpu
../../../../test/distributed/fsdp/test_fsdp_exec_order.py::TestFSDPExecOrderXPU::test_invalid_later_iter_order_sharding_strategy1_iters_before_path_change_3_xpu
../../../../test/distributed/fsdp/test_fsdp_exec_order.py::TestFSDPExecOrderXPU::test_train_eval_sharding_strategy0_xpu
../../../../test/distributed/fsdp/test_fsdp_exec_order.py::TestFSDPExecOrderXPU::test_train_eval_sharding_strategy1_xpu
../../../../test/distributed/fsdp/test_fsdp_fine_tune.py::TestFSDPFineTuneXPU::test_backward_reshard_hooks_xpu
../../../../test/distributed/fsdp/test_fsdp_fine_tune.py::TestFSDPFineTuneXPU::test_hooks_multi_traversal_xpu
../../../../test/distributed/fsdp/test_fsdp_flatten_params.py::TestFlattenParams::test_empty_module
../../../../test/distributed/fsdp/test_fsdp_flatten_params.py::TestFlattenParams::test_flat_param_shard_metadata_aligned_full_precision
../../../../test/distributed/fsdp/test_fsdp_flatten_params.py::TestFlattenParams::test_flat_param_shard_metadata_aligned_mixed_precision
../../../../test/distributed/fsdp/test_fsdp_flatten_params.py::TestFlattenParams::test_flat_param_shard_metadata_unaligned
../../../../test/distributed/fsdp/test_fsdp_flatten_params.py::TestFlattenParams::test_flat_param_shard_metadata_with_memory_format_memory_format0
../../../../test/distributed/fsdp/test_fsdp_flatten_params.py::TestFlattenParams::test_flat_param_shard_metadata_with_memory_format_memory_format1
../../../../test/distributed/fsdp/test_fsdp_flatten_params.py::TestFlattenParams::test_flatten_nothing
../../../../test/distributed/fsdp/test_fsdp_flatten_params.py::TestFlattenParams::test_numel_with_shared_params
../../../../test/distributed/fsdp/test_fsdp_flatten_params.py::TestFlattenParams::test_numel_without_shared_params
../../../../test/distributed/fsdp/test_fsdp_flatten_params.py::TestFlattenParams::test_output_with_shared_params
../../../../test/distributed/fsdp/test_fsdp_flatten_params.py::TestFlattenParams::test_output_without_shared_params
../../../../test/distributed/fsdp/test_fsdp_flatten_params.py::TestFlattenParams::test_partial_flattening
../../../../test/distributed/fsdp/test_fsdp_flatten_params.py::TestFlattenParams::test_pnorm_after_step_with_shared_params
../../../../test/distributed/fsdp/test_fsdp_flatten_params.py::TestFlattenParams::test_writeback_orig_params_no_shard
../../../../test/distributed/fsdp/test_fsdp_fx.py::TestSymbolicTracingXPU::test_symbolic_tracing_outputs_xpu
../../../../test/distributed/fsdp/test_fsdp_input.py::TestInputXPU::test_input_type_dict_xpu
../../../../test/distributed/fsdp/test_fsdp_input.py::TestInputXPU::test_input_type_list_xpu
../../../../test/distributed/fsdp/test_fsdp_misc.py::TestFSDPMiscMultiProcess::test_cpu_init_with_sync_module_states
../../../../test/distributed/fsdp/test_fsdp_misc.py::TestFSDPMiscMultiProcess::test_fsdp_cpu_init_stays_on_cpu
../../../../test/distributed/fsdp/test_fsdp_misc.py::TestFSDPMiscMultiProcess::test_fsdp_cpu_training
../../../../test/distributed/fsdp/test_fsdp_misc.py::TestFSDPMiscMultiProcess::test_fsdp_device_id_use_index_False
../../../../test/distributed/fsdp/test_fsdp_misc.py::TestFSDPMiscMultiProcess::test_fsdp_device_id_use_index_True
../../../../test/distributed/fsdp/test_fsdp_misc.py::TestFSDPMiscMultiProcess::test_fsdp_module_no_compute_grad_use_second_layer_False_sharding_strategy0
../../../../test/distributed/fsdp/test_fsdp_misc.py::TestFSDPMiscMultiProcess::test_fsdp_module_no_compute_grad_use_second_layer_False_sharding_strategy1
../../../../test/distributed/fsdp/test_fsdp_misc.py::TestFSDPMiscMultiProcess::test_fsdp_module_no_compute_grad_use_second_layer_True_sharding_strategy0
../../../../test/distributed/fsdp/test_fsdp_misc.py::TestFSDPMiscMultiProcess::test_fsdp_module_no_compute_grad_use_second_layer_True_sharding_strategy1
../../../../test/distributed/fsdp/test_fsdp_misc.py::TestFSDPMiscMultiProcess::test_fsdp_not_all_outputs_used_in_loss
../../../../test/distributed/fsdp/test_fsdp_misc.py::TestFSDPMiscMultiProcess::test_fsdp_optim_overlap_no_use_orig_params_error
../../../../test/distributed/fsdp/test_fsdp_misc.py::TestFSDPMiscMultiProcess::test_fsdp_optimizer_overlap
../../../../test/distributed/fsdp/test_fsdp_misc.py::TestFSDPMiscMultiProcess::test_fsdp_zero2_eval_with_prefetch
../../../../test/distributed/fsdp/test_fsdp_multiple_forward.py::TestMultiForwardCPU::test_multi_forward_cpu
../../../../test/distributed/fsdp/test_fsdp_multiple_forward.py::TestMultiForwardXPU::test_multi_forward_xpu
../../../../test/distributed/fsdp/test_fsdp_multiple_wrapping.py::TestMultipleWrappingXPU::test_multiple_wrapping_xpu
../../../../test/distributed/fsdp/test_fsdp_sharded_grad_scaler.py::TestShardGradScaler::test_grad_scaling
../../../../test/distributed/fsdp/test_fsdp_sharded_grad_scaler.py::TestShardGradScaler::test_inf_gradients_skip_optim_step
../../../../test/distributed/fsdp/test_fsdp_sharded_grad_scaler.py::TestShardGradScaler::test_scaling_unscaling_sparse
../../../../test/distributed/fsdp/test_fsdp_sharded_grad_scaler.py::TestShardedGradScalerParityWithDDP::test_fsdp_ddp_parity_with_grad_scaler_offload_false_none_mixed_precision_none
../../../../test/distributed/fsdp/test_fsdp_sharded_grad_scaler.py::TestShardedGradScalerParityWithDDP::test_fsdp_ddp_parity_with_grad_scaler_offload_false_none_mixed_precision_use_orig_params
../../../../test/distributed/fsdp/test_fsdp_sharded_grad_scaler.py::TestShardedGradScalerParityWithDDP::test_fsdp_ddp_parity_with_grad_scaler_offload_false_none_none_none
../../../../test/distributed/fsdp/test_fsdp_sharded_grad_scaler.py::TestShardedGradScalerParityWithDDP::test_fsdp_ddp_parity_with_grad_scaler_offload_false_none_none_use_orig_params
../../../../test/distributed/fsdp/test_fsdp_sharded_grad_scaler.py::TestShardedGradScalerParityWithDDP::test_fsdp_ddp_parity_with_grad_scaler_offload_false_shard_grad_op_mixed_precision_none
../../../../test/distributed/fsdp/test_fsdp_sharded_grad_scaler.py::TestShardedGradScalerParityWithDDP::test_fsdp_ddp_parity_with_grad_scaler_offload_false_shard_grad_op_mixed_precision_use_orig_params
../../../../test/distributed/fsdp/test_fsdp_sharded_grad_scaler.py::TestShardedGradScalerParityWithDDP::test_fsdp_ddp_parity_with_grad_scaler_offload_false_shard_grad_op_none_none
../../../../test/distributed/fsdp/test_fsdp_sharded_grad_scaler.py::TestShardedGradScalerParityWithDDP::test_fsdp_ddp_parity_with_grad_scaler_offload_false_shard_grad_op_none_use_orig_params
../../../../test/distributed/fsdp/test_fsdp_sharded_grad_scaler.py::TestShardedGradScalerParityWithDDP::test_fsdp_ddp_parity_with_grad_scaler_offload_true_none_mixed_precision_none
../../../../test/distributed/fsdp/test_fsdp_sharded_grad_scaler.py::TestShardedGradScalerParityWithDDP::test_fsdp_ddp_parity_with_grad_scaler_offload_true_none_mixed_precision_use_orig_params
../../../../test/distributed/fsdp/test_fsdp_sharded_grad_scaler.py::TestShardedGradScalerParityWithDDP::test_fsdp_ddp_parity_with_grad_scaler_offload_true_none_none_none
../../../../test/distributed/fsdp/test_fsdp_sharded_grad_scaler.py::TestShardedGradScalerParityWithDDP::test_fsdp_ddp_parity_with_grad_scaler_offload_true_none_none_use_orig_params
../../../../test/distributed/fsdp/test_fsdp_sharded_grad_scaler.py::TestShardedGradScalerParityWithDDP::test_fsdp_ddp_parity_with_grad_scaler_offload_true_shard_grad_op_mixed_precision_none
../../../../test/distributed/fsdp/test_fsdp_sharded_grad_scaler.py::TestShardedGradScalerParityWithDDP::test_fsdp_ddp_parity_with_grad_scaler_offload_true_shard_grad_op_mixed_precision_use_orig_params
../../../../test/distributed/fsdp/test_fsdp_sharded_grad_scaler.py::TestShardedGradScalerParityWithDDP::test_fsdp_ddp_parity_with_grad_scaler_offload_true_shard_grad_op_none_none
../../../../test/distributed/fsdp/test_fsdp_sharded_grad_scaler.py::TestShardedGradScalerParityWithDDP::test_fsdp_ddp_parity_with_grad_scaler_offload_true_shard_grad_op_none_use_orig_params
../../../../test/distributed/fsdp/test_fsdp_sharded_grad_scaler.py::TestShardedGradScalerParityWithDDP::test_sharded_grad_scaler_found_inf
../../../../test/distributed/fsdp/test_fsdp_uneven.py::TestUnevenParamShardXPU::test_one_iteration_xpu
../../../../test/distributed/fsdp/test_fsdp_unshard_params.py::TestUnshardParams::test_named_parameters_and_buffers
../../../../test/distributed/fsdp/test_fsdp_unshard_params.py::TestUnshardParams::test_unshard_params_param_data
../../../../test/distributed/fsdp/test_fsdp_unshard_params.py::TestUnshardParams::test_unshard_params_recurse
../../../../test/distributed/fsdp/test_fsdp_unshard_params.py::TestUnshardParams::test_unshard_params_respects_reshard
../../../../test/distributed/fsdp/test_fsdp_unshard_params.py::TestUnshardParams::test_unshard_params_writeback
../../../../test/distributed/fsdp/test_fsdp_unshard_params.py::TestUnshardParams::test_unshard_singleton_param_writeback
../../../../test/distributed/fsdp/test_fsdp_unshard_params.py::TestUnshardParams::test_unshard_submodule
../../../../test/distributed/fsdp/test_fsdp_unshard_params.py::TestUnshardParams::test_with_grads_core
../../../../test/distributed/fsdp/test_fsdp_unshard_params.py::TestUnshardParams::test_with_grads_none_grads
../../../../test/distributed/fsdp/test_fsdp_unshard_params.py::TestUnshardParamsErrors::test_offload_to_cpu_no_shard_raises
../../../../test/distributed/fsdp/test_fsdp_unshard_params.py::TestUnshardParamsErrors::test_rank0_only_with_writeback_raises
../../../../test/distributed/fsdp/test_fsdp_unshard_params.py::TestUnshardParamsErrors::test_unshard_params_from_backward_raises
../../../../test/distributed/fsdp/test_fsdp_unshard_params.py::TestUnshardParamsErrors::test_unshard_params_from_forward_raises
../../../../test/distributed/fsdp/test_fsdp_unshard_params.py::TestUnshardParamsNoShard::test_unshard_params_param_data_no_shard
../../../../test/distributed/fsdp/test_fsdp_unshard_params.py::TestUnshardParamsNoShard::test_unshard_params_writeback_no_shard
../../../../test/distributed/fsdp/test_utils.py::TestUtilsXPU::test_apply_to_tensors_cpu_xpu_xpu
../../../../test/distributed/fsdp/test_utils.py::TestUtilsXPU::test_apply_to_tensors_device_list0_xpu
../../../../test/distributed/fsdp/test_utils.py::TestUtilsXPU::test_apply_to_tensors_device_list1_xpu
../../../../test/distributed/fsdp/test_utils.py::TestUtilsXPU::test_get_param_to_fqns_scales_linearly_xpu
../../../../test/distributed/fsdp/test_utils.py::TestUtilsXPU::test_packed_sequence_xpu
../../../../test/distributed/fsdp/test_utils.py::TestUtilsXPU::test_replace_by_prefix_xpu
../../../../test/distributed/fsdp/test_wrap.py::TestAutoWrap::test_always_wrap
../../../../test/distributed/fsdp/test_wrap.py::TestAutoWrap::test_auto_wrap_smoke_test_device_init_mode0_cpu_offload0_use_device_id_False
../../../../test/distributed/fsdp/test_wrap.py::TestAutoWrap::test_auto_wrap_smoke_test_device_init_mode0_cpu_offload0_use_device_id_True
../../../../test/distributed/fsdp/test_wrap.py::TestAutoWrap::test_auto_wrap_smoke_test_device_init_mode0_cpu_offload1_use_device_id_False
../../../../test/distributed/fsdp/test_wrap.py::TestAutoWrap::test_auto_wrap_smoke_test_device_init_mode0_cpu_offload1_use_device_id_True
../../../../test/distributed/fsdp/test_wrap.py::TestAutoWrap::test_auto_wrap_smoke_test_device_init_mode1_cpu_offload0_use_device_id_False
../../../../test/distributed/fsdp/test_wrap.py::TestAutoWrap::test_auto_wrap_smoke_test_device_init_mode1_cpu_offload0_use_device_id_True
../../../../test/distributed/fsdp/test_wrap.py::TestAutoWrap::test_auto_wrap_smoke_test_device_init_mode1_cpu_offload1_use_device_id_False
../../../../test/distributed/fsdp/test_wrap.py::TestAutoWrap::test_auto_wrap_smoke_test_device_init_mode1_cpu_offload1_use_device_id_True
../../../../test/distributed/fsdp/test_wrap.py::TestFSDPWrap::test_bn_always_wrapped_individually
../../../../test/distributed/fsdp/test_wrap.py::TestFSDPWrap::test_error_already_wrapped_nested_False_device_init_mode0
../../../../test/distributed/fsdp/test_wrap.py::TestFSDPWrap::test_error_already_wrapped_nested_False_device_init_mode1
../../../../test/distributed/fsdp/test_wrap.py::TestFSDPWrap::test_error_already_wrapped_nested_True_device_init_mode0
../../../../test/distributed/fsdp/test_wrap.py::TestFSDPWrap::test_error_already_wrapped_nested_True_device_init_mode1
../../../../test/distributed/fsdp/test_wrap.py::TestFSDPWrap::test_main_wrap_api_cpu_offload0_backward_prefetch0_forward_prefetch_False_device_init_mode0
../../../../test/distributed/fsdp/test_wrap.py::TestFSDPWrap::test_main_wrap_api_cpu_offload0_backward_prefetch0_forward_prefetch_False_device_init_mode1
../../../../test/distributed/fsdp/test_wrap.py::TestFSDPWrap::test_main_wrap_api_cpu_offload0_backward_prefetch0_forward_prefetch_True_device_init_mode0
../../../../test/distributed/fsdp/test_wrap.py::TestFSDPWrap::test_main_wrap_api_cpu_offload0_backward_prefetch0_forward_prefetch_True_device_init_mode1
../../../../test/distributed/fsdp/test_wrap.py::TestFSDPWrap::test_main_wrap_api_cpu_offload0_backward_prefetch1_forward_prefetch_False_device_init_mode0
../../../../test/distributed/fsdp/test_wrap.py::TestFSDPWrap::test_main_wrap_api_cpu_offload0_backward_prefetch1_forward_prefetch_False_device_init_mode1
../../../../test/distributed/fsdp/test_wrap.py::TestFSDPWrap::test_main_wrap_api_cpu_offload0_backward_prefetch1_forward_prefetch_True_device_init_mode0
../../../../test/distributed/fsdp/test_wrap.py::TestFSDPWrap::test_main_wrap_api_cpu_offload0_backward_prefetch1_forward_prefetch_True_device_init_mode1
../../../../test/distributed/fsdp/test_wrap.py::TestFSDPWrap::test_main_wrap_api_cpu_offload1_backward_prefetch0_forward_prefetch_False_device_init_mode0
../../../../test/distributed/fsdp/test_wrap.py::TestFSDPWrap::test_main_wrap_api_cpu_offload1_backward_prefetch0_forward_prefetch_False_device_init_mode1
../../../../test/distributed/fsdp/test_wrap.py::TestFSDPWrap::test_main_wrap_api_cpu_offload1_backward_prefetch0_forward_prefetch_True_device_init_mode0
../../../../test/distributed/fsdp/test_wrap.py::TestFSDPWrap::test_main_wrap_api_cpu_offload1_backward_prefetch0_forward_prefetch_True_device_init_mode1
../../../../test/distributed/fsdp/test_wrap.py::TestFSDPWrap::test_main_wrap_api_cpu_offload1_backward_prefetch1_forward_prefetch_False_device_init_mode0
../../../../test/distributed/fsdp/test_wrap.py::TestFSDPWrap::test_main_wrap_api_cpu_offload1_backward_prefetch1_forward_prefetch_False_device_init_mode1
../../../../test/distributed/fsdp/test_wrap.py::TestFSDPWrap::test_main_wrap_api_cpu_offload1_backward_prefetch1_forward_prefetch_True_device_init_mode0
../../../../test/distributed/fsdp/test_wrap.py::TestFSDPWrap::test_main_wrap_api_cpu_offload1_backward_prefetch1_forward_prefetch_True_device_init_mode1
../../../../test/distributed/fsdp/test_wrap.py::TestFSDPWrap::test_wrap_batchnorm_individually_use_or_policy_False
../../../../test/distributed/fsdp/test_wrap.py::TestFSDPWrap::test_wrap_batchnorm_individually_use_or_policy_True
../../../../test/distributed/fsdp/test_wrap.py::TestFSDPWrap::test_zero_argument
../../../../test/distributed/fsdp/test_wrap.py::TestWrapUtils::test_validate_frozen_params
../../../../test/distributed/pipelining/test_backward.py::StageBackwardTestsCPU::test_stage_backward_cpu
../../../../test/distributed/pipelining/test_backward.py::StageBackwardTestsCPU::test_stage_backward_input_cpu
../../../../test/distributed/pipelining/test_backward.py::StageBackwardTestsCPU::test_stage_backward_multi_output_intermediate_cpu
../../../../test/distributed/pipelining/test_backward.py::StageBackwardTestsCPU::test_stage_backward_weight_cpu
../../../../test/distributed/pipelining/test_backward.py::StageBackwardTestsCPU::test_stage_backward_weight_grad_validation_cpu
../../../../test/distributed/pipelining/test_backward.py::StageBackwardTestsCPU::test_stage_backward_weight_multiple_iters_cpu
../../../../test/distributed/pipelining/test_backward.py::StageBackwardTestsCPU::test_stage_backward_weight_shared_weights_cpu
../../../../test/distributed/pipelining/test_backward.py::StageBackwardTestsXPU::test_stage_backward_input_xpu
../../../../test/distributed/pipelining/test_backward.py::StageBackwardTestsXPU::test_stage_backward_multi_output_intermediate_xpu
../../../../test/distributed/pipelining/test_backward.py::StageBackwardTestsXPU::test_stage_backward_weight_grad_validation_xpu
../../../../test/distributed/pipelining/test_microbatch.py::MicrobatchTestsCPU::test_chunk_spec_cpu
../../../../test/distributed/pipelining/test_microbatch.py::MicrobatchTestsCPU::test_split_and_merge_cpu
../../../../test/distributed/pipelining/test_microbatch.py::MicrobatchTestsCPU::test_split_block_mask_batch_size_one_cpu
../../../../test/distributed/pipelining/test_microbatch.py::MicrobatchTestsCPU::test_split_block_mask_none_cpu
../../../../test/distributed/pipelining/test_microbatch.py::MicrobatchTestsXPU::test_split_and_merge_xpu
../../../../test/distributed/pipelining/test_microbatch.py::MicrobatchTestsXPU::test_split_block_mask_batch_size_one_xpu
../../../../test/distributed/pipelining/test_microbatch.py::MicrobatchTestsXPU::test_split_block_mask_none_xpu
../../../../test/distributed/pipelining/test_microbatch.py::MicrobatchTestsXPU::test_split_block_mask_xpu
../../../../test/distributed/tensor/test_math_ops.py::DistMathOpsTest::test_conj_complex_dtensor
../../../../test/distributed/tensor/test_math_ops.py::DistMathOpsTest::test_cumsum
../../../../test/distributed/tensor/test_math_ops.py::DistMathOpsTest::test_dim_reductions_with_indices
../../../../test/distributed/tensor/test_math_ops.py::DistMathOpsTest::test_foreach_add_different_mesh
../../../../test/distributed/tensor/test_math_ops.py::DistMathOpsTest::test_foreach_compose
../../../../test/distributed/tensor/test_math_ops.py::DistMathOpsTest::test_foreach_norm
../../../../test/distributed/tensor/test_math_ops.py::DistMathOpsTest::test_foreach_norm_different_mesh
../../../../test/distributed/tensor/test_math_ops.py::DistMathOpsTest::test_foreach_norm_partial
../../../../test/distributed/tensor/test_math_ops.py::DistMathOpsTest::test_foreach_powsum_sharded
../../../../test/distributed/tensor/test_math_ops.py::DistMathOpsTest::test_histc
../../../../test/distributed/tensor/test_math_ops.py::DistMathOpsTest::test_interpolation_upsample_ops
../../../../test/distributed/tensor/test_math_ops.py::DistMathOpsTest::test_layer_norm_bwd
../../../../test/distributed/tensor/test_math_ops.py::DistMathOpsTest::test_layer_norm_bwd_req_grad
../../../../test/distributed/tensor/test_math_ops.py::DistMathOpsTest::test_layer_norm_fwd
../../../../test/distributed/tensor/test_math_ops.py::DistMathOpsTest::test_linalg_cross
../../../../test/distributed/tensor/test_math_ops.py::DistMathOpsTest::test_linalg_eigh
../../../../test/distributed/tensor/test_math_ops.py::DistMathOpsTest::test_linalg_ops
../../../../test/distributed/tensor/test_math_ops.py::DistMathOpsTest::test_linalg_solve_partial
../../../../test/distributed/tensor/test_math_ops.py::DistMathOpsTest::test_linear_op_reductions
../../../../test/distributed/tensor/test_math_ops.py::DistMathOpsTest::test_logsumexp
../../../../test/distributed/tensor/test_math_ops.py::DistMathOpsTest::test_matching_partial_reduction_ops
../../../../test/distributed/tensor/test_math_ops.py::DistMathOpsTest::test_max_min_dim_sharded
../../../../test/distributed/tensor/test_math_ops.py::DistMathOpsTest::test_mean
../../../../test/distributed/tensor/test_math_ops.py::DistMathOpsTest::test_median
../../../../test/distributed/tensor/test_math_ops.py::DistMathOpsTest::test_nansum_with_nan
../../../../test/distributed/tensor/test_math_ops.py::DistMathOpsTest::test_nll_loss_and_cross_entropy
../../../../test/distributed/tensor/test_math_ops.py::DistMathOpsTest::test_nll_loss_backward_comm_counts
../../../../test/distributed/tensor/test_math_ops.py::DistMathOpsTest::test_norm_0_on_psum
../../../../test/distributed/tensor/test_math_ops.py::DistMathOpsTest::test_normalization_ops
../../../../test/distributed/tensor/test_math_ops.py::DistMathOpsTest::test_partial_reduction_ops
../../../../test/distributed/tensor/test_math_ops.py::DistMathOpsTest::test_pooling_ops
../../../../test/distributed/tensor/test_math_ops.py::DistMathOpsTest::test_powsum_sharded
../../../../test/distributed/tensor/test_math_ops.py::DistMathOpsTest::test_prims_fma
../../../../test/distributed/tensor/test_math_ops.py::DistMathOpsTest::test_prims_pointwise_ops
../../../../test/distributed/tensor/test_math_ops.py::DistMathOpsTest::test_prims_view_of
../../../../test/distributed/tensor/test_math_ops.py::DistMathOpsTest::test_rotary_embedding_complex_ops
../../../../test/distributed/tensor/test_math_ops.py::DistMathOpsTest::test_scan_ops
../../../../test/distributed/tensor/test_math_ops.py::DistMathOpsTest::test_scan_ops_with_indices
../../../../test/distributed/tensor/test_math_ops.py::DistMathOpsTest::test_shard0_svd
../../../../test/distributed/tensor/test_math_ops.py::DistMathOpsTest::test_shard_math_ops
../../../../test/distributed/tensor/test_math_ops.py::DistMathOpsTest::test_softmax_fwd
../../../../test/distributed/tensor/test_math_ops.py::DistMathOpsTest::test_softmax_with_bwd
../../../../test/distributed/tensor/test_math_ops.py::DistMathOpsTest::test_std
../../../../test/distributed/tensor/test_math_ops.py::DistMathOpsTest::test_topk
../../../../test/distributed/tensor/test_math_ops.py::DistMathOpsTest::test_topk_backward
../../../../test/distributed/tensor/test_math_ops.py::DistMathOpsTest::test_upsampling
../../../../test/distributed/tensor/test_math_ops.py::DistMathOpsTest::test_vector_norm
../../../../test/distributed/tensor/test_math_ops.py::DistMathOpsTest::test_vector_norm_partial
../../../../test/distributed/tensor/test_math_ops.py::DistMathOpsTest::test_vector_norm_special_norms_placement
../../../../test/distributed/tensor/test_math_ops.py::DistMathOpsTestWithLocalTensor::test_conj_complex_dtensor
../../../../test/distributed/tensor/test_math_ops.py::DistMathOpsTestWithLocalTensor::test_cumsum
../../../../test/distributed/tensor/test_math_ops.py::DistMathOpsTestWithLocalTensor::test_dim_reductions_with_indices
../../../../test/distributed/tensor/test_math_ops.py::DistMathOpsTestWithLocalTensor::test_foreach_add_different_mesh
../../../../test/distributed/tensor/test_math_ops.py::DistMathOpsTestWithLocalTensor::test_foreach_compose
../../../../test/distributed/tensor/test_math_ops.py::DistMathOpsTestWithLocalTensor::test_foreach_norm
../../../../test/distributed/tensor/test_math_ops.py::DistMathOpsTestWithLocalTensor::test_foreach_norm_different_mesh
../../../../test/distributed/tensor/test_math_ops.py::DistMathOpsTestWithLocalTensor::test_foreach_norm_partial
../../../../test/distributed/tensor/test_math_ops.py::DistMathOpsTestWithLocalTensor::test_foreach_powsum_sharded
../../../../test/distributed/tensor/test_math_ops.py::DistMathOpsTestWithLocalTensor::test_histc
../../../../test/distributed/tensor/test_math_ops.py::DistMathOpsTestWithLocalTensor::test_interpolation_upsample_ops
../../../../test/distributed/tensor/test_math_ops.py::DistMathOpsTestWithLocalTensor::test_layer_norm_bwd
../../../../test/distributed/tensor/test_math_ops.py::DistMathOpsTestWithLocalTensor::test_layer_norm_bwd_req_grad
../../../../test/distributed/tensor/test_math_ops.py::DistMathOpsTestWithLocalTensor::test_layer_norm_fwd
../../../../test/distributed/tensor/test_math_ops.py::DistMathOpsTestWithLocalTensor::test_linalg_cross
../../../../test/distributed/tensor/test_math_ops.py::DistMathOpsTestWithLocalTensor::test_linalg_eigh
../../../../test/distributed/tensor/test_math_ops.py::DistMathOpsTestWithLocalTensor::test_linalg_ops
../../../../test/distributed/tensor/test_math_ops.py::DistMathOpsTestWithLocalTensor::test_linalg_solve_partial
../../../../test/distributed/tensor/test_math_ops.py::DistMathOpsTestWithLocalTensor::test_linear_op_reductions
../../../../test/distributed/tensor/test_math_ops.py::DistMathOpsTestWithLocalTensor::test_logsumexp
../../../../test/distributed/tensor/test_math_ops.py::DistMathOpsTestWithLocalTensor::test_matching_partial_reduction_ops
../../../../test/distributed/tensor/test_math_ops.py::DistMathOpsTestWithLocalTensor::test_max_min_dim_sharded
../../../../test/distributed/tensor/test_math_ops.py::DistMathOpsTestWithLocalTensor::test_mean
../../../../test/distributed/tensor/test_math_ops.py::DistMathOpsTestWithLocalTensor::test_median
../../../../test/distributed/tensor/test_math_ops.py::DistMathOpsTestWithLocalTensor::test_nansum_with_nan
../../../../test/distributed/tensor/test_math_ops.py::DistMathOpsTestWithLocalTensor::test_nll_loss_and_cross_entropy
../../../../test/distributed/tensor/test_math_ops.py::DistMathOpsTestWithLocalTensor::test_nll_loss_backward_comm_counts
../../../../test/distributed/tensor/test_math_ops.py::DistMathOpsTestWithLocalTensor::test_norm_0_on_psum
../../../../test/distributed/tensor/test_math_ops.py::DistMathOpsTestWithLocalTensor::test_normalization_ops
../../../../test/distributed/tensor/test_math_ops.py::DistMathOpsTestWithLocalTensor::test_partial_reduction_ops
../../../../test/distributed/tensor/test_math_ops.py::DistMathOpsTestWithLocalTensor::test_pooling_ops
../../../../test/distributed/tensor/test_math_ops.py::DistMathOpsTestWithLocalTensor::test_powsum_sharded
../../../../test/distributed/tensor/test_math_ops.py::DistMathOpsTestWithLocalTensor::test_prims_fma
../../../../test/distributed/tensor/test_math_ops.py::DistMathOpsTestWithLocalTensor::test_prims_pointwise_ops
../../../../test/distributed/tensor/test_math_ops.py::DistMathOpsTestWithLocalTensor::test_prims_view_of
../../../../test/distributed/tensor/test_math_ops.py::DistMathOpsTestWithLocalTensor::test_rotary_embedding_complex_ops
../../../../test/distributed/tensor/test_math_ops.py::DistMathOpsTestWithLocalTensor::test_scan_ops
../../../../test/distributed/tensor/test_math_ops.py::DistMathOpsTestWithLocalTensor::test_scan_ops_with_indices
../../../../test/distributed/tensor/test_math_ops.py::DistMathOpsTestWithLocalTensor::test_shard0_svd
../../../../test/distributed/tensor/test_math_ops.py::DistMathOpsTestWithLocalTensor::test_shard_math_ops
../../../../test/distributed/tensor/test_math_ops.py::DistMathOpsTestWithLocalTensor::test_softmax_fwd
../../../../test/distributed/tensor/test_math_ops.py::DistMathOpsTestWithLocalTensor::test_softmax_with_bwd
../../../../test/distributed/tensor/test_math_ops.py::DistMathOpsTestWithLocalTensor::test_std
../../../../test/distributed/tensor/test_math_ops.py::DistMathOpsTestWithLocalTensor::test_topk
../../../../test/distributed/tensor/test_math_ops.py::DistMathOpsTestWithLocalTensor::test_topk_backward
../../../../test/distributed/tensor/test_math_ops.py::DistMathOpsTestWithLocalTensor::test_upsampling
../../../../test/distributed/tensor/test_math_ops.py::DistMathOpsTestWithLocalTensor::test_vector_norm
../../../../test/distributed/tensor/test_math_ops.py::DistMathOpsTestWithLocalTensor::test_vector_norm_partial
../../../../test/distributed/tensor/test_math_ops.py::DistMathOpsTestWithLocalTensor::test_vector_norm_special_norms_placement
../../../../test/distributed/tensor/test_random_ops.py::DistTensorRandomInitTest::test_dtensor_init_helper_tensor_meta_strides
../../../../test/distributed/tensor/test_random_ops.py::DistTensorRandomInitTest::test_fsdp_tp_model_meta_init
../../../../test/distributed/tensor/test_random_ops.py::DistTensorRandomInitTest::test_init_ops
../../../../test/distributed/tensor/test_random_ops.py::DistTensorRandomInitTest::test_init_with_user_generator
../../../../test/distributed/tensor/test_random_ops.py::DistTensorRandomInitTest::test_meta_tensor_init
../../../../test/distributed/tensor/test_random_ops.py::DistTensorRandomInitTest::test_multinomial_sharded
../../../../test/distributed/tensor/test_random_ops.py::DistTensorRandomInitTest::test_tp_model_meta_init
../../../../test/distributed/tensor/test_random_ops.py::DistTensorRandomInitTestWithLocalTensor::test_multinomial_sharded
../../../../test/distributed/tensor/test_random_ops.py::DistTensorRandomOpTest::test_deterministic_dropout_1d
../../../../test/distributed/tensor/test_random_ops.py::DistTensorRandomOpTest::test_deterministic_rand_1d
../../../../test/distributed/tensor/test_random_ops.py::DistTensorRandomOpTest::test_deterministic_uniform_2d
../../../../test/distributed/tensor/test_random_ops.py::DistTensorRandomOpTest::test_manual_seed
../../../../test/distributed/tensor/test_random_ops.py::DistTensorRandomOpTest::test_manual_seed_submesh
../../../../test/distributed/tensor/test_random_ops.py::DistTensorRandomOpTest::test_philox_state_seed_roundtrip
../../../../test/distributed/tensor/test_random_ops.py::DistTensorRandomOpTest::test_pipeline_parallel_manual_seed
../../../../test/distributed/tensor/test_random_ops.py::DistTensorRandomOpTest::test_rng_tracker_init
../../../../test/distributed/tensor/test_random_ops.py::DistTensorRandomOpTestWithLocalTensor::test_manual_seed
../../../../test/distributed/tensor/test_random_ops.py::DistTensorRandomOpTestWithLocalTensor::test_manual_seed_submesh
../../../../test/distributed/tensor/test_random_ops.py::DistTensorRandomOpTestWithLocalTensor::test_philox_state_seed_roundtrip
../../../../test/distributed/test_c10d_functional_native.py::ACTCompileTest::test_act_compile_backward_tangent_mismatch
../../../../test/distributed/test_c10d_functional_native.py::ACTCompileTest::test_act_guard_recompiles
../../../../test/distributed/test_c10d_functional_native.py::ACTCompileTest::test_act_runtime_unwrap
../../../../test/distributed/test_c10d_functional_native.py::CompileTest::test_compile_all_gather_into_tensor_out
../../../../test/distributed/test_c10d_functional_native.py::CompileTest::test_compile_reduce_scatter_tensor_out
../../../../test/distributed/test_c10d_functional_native.py::CompileTest::test_inductor_all_gather_into_tensor_single
../../../../test/distributed/test_c10d_functional_native.py::CompileTest::test_inductor_all_reduce_coalesced
../../../../test/distributed/test_c10d_functional_native.py::CompileTest::test_inductor_all_reduce_non_contig_input
../../../../test/distributed/test_c10d_functional_native.py::CompileTest::test_inductor_all_reduce_output_stride_matches_eager
../../../../test/distributed/test_c10d_functional_native.py::CompileTest::test_inductor_all_reduce_single
../../../../test/distributed/test_c10d_functional_native.py::CompileTest::test_inductor_all_to_all_single
../../../../test/distributed/test_c10d_functional_native.py::CompileTest::test_inductor_broadcast
../../../../test/distributed/test_c10d_functional_native.py::CompileTest::test_inductor_inplace_op_on_view
../../../../test/distributed/test_c10d_functional_native.py::CompileTest::test_inductor_reduce_scatter_tensor_coalesced
../../../../test/distributed/test_c10d_functional_native.py::CompileTest::test_inductor_reduce_scatter_tensor_single
../../../../test/distributed/test_c10d_functional_native.py::CompileTest::test_inductor_reuse_buffer_after_inplace_collective
../../../../test/distributed/test_c10d_functional_native.py::CompileTest::test_ranks_and_tag
../../../../test/distributed/test_c10d_functional_native.py::CompileTest::test_wait_tensor
../../../../test/distributed/test_c10d_functional_native.py::CompileTestCPU::test_inductor_all_reduce_cpu
../../../../test/distributed/test_c10d_functional_native.py::CrossThreadWaitTest::test_wait_tensor_cross_thread
../../../../test/distributed/test_c10d_functional_native.py::ProcessGroupArgTest::test_all_gather_into_tensor
../../../../test/distributed/test_c10d_functional_native.py::ProcessGroupArgTest::test_all_reduce
../../../../test/distributed/test_c10d_functional_native.py::ProcessGroupArgTest::test_all_reduce_
../../../../test/distributed/test_c10d_functional_native.py::ProcessGroupArgTest::test_broadcast
../../../../test/distributed/test_c10d_functional_native.py::ProcessGroupArgTest::test_broadcast_
../../../../test/distributed/test_c10d_functional_native.py::ProcessGroupArgTest::test_reduce_scatter_tensor
../../../../test/distributed/test_c10d_functional_native.py::PyWorkTest::test_collectives
../../../../test/distributed/test_c10d_functional_native.py::PyWorkTest::test_wait_tensor
../../../../test/distributed/test_c10d_functional_native.py::TestWithNCCL::test_all_gather_into_tensor_coalesced
../../../../test/distributed/test_c10d_functional_native.py::TestWithNCCL::test_all_gather_into_tensor_single
../../../../test/distributed/test_c10d_functional_native.py::TestWithNCCL::test_all_reduce_coalesced
../../../../test/distributed/test_c10d_functional_native.py::TestWithNCCL::test_all_reduce_coalesced_
../../../../test/distributed/test_c10d_functional_native.py::TestWithNCCL::test_all_reduce_single
../../../../test/distributed/test_c10d_functional_native.py::TestWithNCCL::test_all_reduce_single_
../../../../test/distributed/test_c10d_functional_native.py::TestWithNCCL::test_all_to_all_single
../../../../test/distributed/test_c10d_functional_native.py::TestWithNCCL::test_broadcast
../../../../test/distributed/test_c10d_functional_native.py::TestWithNCCL::test_fixed_striding
../../../../test/distributed/test_c10d_functional_native.py::TestWithNCCL::test_functional_collectives_batched
../../../../test/distributed/test_c10d_functional_native.py::TestWithNCCL::test_functional_collectives_inference_mode
../../../../test/distributed/test_c10d_functional_native.py::TestWithNCCL::test_inductor_dtypeview_memory_leak
../../../../test/distributed/test_c10d_functional_native.py::TestWithNCCL::test_reduce_scatter_tensor_coalesced
../../../../test/distributed/test_c10d_functional_native.py::TestWithNCCL::test_reduce_scatter_tensor_out
../../../../test/distributed/test_c10d_functional_native.py::TestWithNCCL::test_reduce_scatter_tensor_single
../../../../test/distributed/test_c10d_functional_native.py::TestWithNCCL::test_threading
../../../../test/distributed/test_c10d_functional_native.py::TestWithNCCL::test_unwaited
../../../../test/distributed/test_c10d_functional_native.py::TestWithNCCL::test_wait_tensor
../../../../test/distributed/test_functional_api.py::TestAllGatherViewOptimization::test_fallback_path_waits_early
../../../../test/distributed/test_functional_api.py::TestAllGatherViewOptimization::test_view_path_delays_wait
../../../../test/distributed/test_functional_api.py::TestCollectivesWithDistributedBackendXPU::test_all_gather_into_tensor_coalesced_xpu
../../../../test/distributed/test_functional_api.py::TestCollectivesWithDistributedBackendXPU::test_all_to_all_single_1d_input_xpu
../../../../test/distributed/test_functional_api.py::TestCollectivesWithDistributedBackendXPU::test_all_to_all_single_split_sizes_none_xpu
../../../../test/distributed/test_functional_api.py::TestCollectivesWithDistributedBackendXPU::test_all_to_all_single_xpu
../../../../test/distributed/test_functional_api.py::TestCollectivesWithDistributedBackendXPU::test_tracing_with_dce_code_xpu
../../../../test/distributed/test_functional_api.py::TestCollectivesWithDistributedBackendXPU::test_tracing_with_fakepg_xpu
../../../../test/distributed/test_functional_api.py::TestCollectivesWithDistributedBackendXPU::test_tracing_xpu
../../../../test/distributed/test_functional_api.py::TestDistributedBackendCollectivesWithWorldSize4XPU::test_permute_tensor_with_sub_group_xpu
../../../../test/distributed/test_functional_api.py::TestExpand::test_expand_1d_rank_list
../../../../test/distributed/test_functional_api.py::TestExpand::test_expand_2d_rank_list
../../../../test/distributed/test_functional_api.py::TestExpand::test_expand_device_mesh
../../../../test/distributed/test_functional_api.py::TestExpand::test_expand_device_mesh_tuple
../../../../test/distributed/test_functional_api.py::TestExpand::test_expand_process_group
../../../../test/distributed/test_functional_api.py::TestFunctionalAutograd::test_all_gather_tensor
../../../../test/distributed/test_functional_api.py::TestFunctionalAutograd::test_all_to_all_single
../../../../test/distributed/test_functional_api.py::TestFunctionalAutograd::test_reduce_scatter_tensor
../../../../test/distributed/test_functional_api.py::TestFunctionalAutogradWithDistributedBackendXPU::test_all_to_all_single_xpu
../../../../test/distributed/test_functional_api.py::TestGradCollectives::test_all_reduce
../../../../test/distributed/test_functional_api.py::TestMakeFx::test_all_reduce_tracing
../../../../test/distributed/test_functional_api.py::TestMetaCollectives::test_all_reduce
../../../../test/distributed/test_functional_api.py::TestPgTag::test_find_root_pg
../../../../test/distributed/test_functional_api.py::TestPgTag::test_pg_creation_with_tag
../../../../test/distributed/test_functional_api.py::TestPgTag::test_pg_lookup_roundtrip
../../../../test/distributed/test_functional_api.py::TestPgTag::test_pg_lookup_with_tag
../../../../test/distributed/test_functional_api.py::TestTraceableCollectives::test_all_gather_into_tensor_coalesced_device_cpu
../../../../test/distributed/test_functional_api.py::TestTraceableCollectives::test_all_gather_into_tensor_coalesced_device_xpu
../../../../test/distributed/test_functional_api.py::TestTraceableCollectives::test_all_gather_tensor_device_cpu
../../../../test/distributed/test_functional_api.py::TestTraceableCollectives::test_all_gather_tensor_device_xpu
../../../../test/distributed/test_functional_api.py::TestTraceableCollectives::test_all_reduce_coalesced_eager_device_cpu
../../../../test/distributed/test_functional_api.py::TestTraceableCollectives::test_all_reduce_coalesced_eager_device_xpu
../../../../test/distributed/test_functional_api.py::TestTraceableCollectives::test_all_reduce_eager_device_cpu
../../../../test/distributed/test_functional_api.py::TestTraceableCollectives::test_all_reduce_eager_device_xpu
../../../../test/distributed/test_functional_api.py::TestTraceableCollectives::test_broadcast_device_cpu
../../../../test/distributed/test_functional_api.py::TestTraceableCollectives::test_broadcast_device_xpu
../../../../test/distributed/test_functional_api.py::TestTraceableCollectives::test_reduce_scatter_into_tensor_coalesced_device_cpu
../../../../test/distributed/test_functional_api.py::TestTraceableCollectives::test_reduce_scatter_into_tensor_coalesced_device_xpu
../../../../test/distributed/test_functional_api.py::TestTraceableCollectives::test_reduce_scatter_tensor_device_cpu
../../../../test/distributed/test_functional_api.py::TestTraceableCollectives::test_reduce_scatter_tensor_device_xpu
distributed/test_c10d_ops_xccl.py::ProcessGroupXCCLOpTest::test_all_to_all
distributed/test_c10d_ops_xccl.py::ProcessGroupXCCLOpTest::test_all_to_all_single
distributed/test_c10d_ops_xccl.py::ProcessGroupXCCLOpTest::test_all_to_all_single_none
distributed/test_c10d_ops_xccl.py::ProcessGroupXCCLOpTest::test_all_to_all_single_unequal_split
distributed/test_c10d_ops_xccl.py::ProcessGroupXCCLOpTest::test_allgather_base_basics
distributed/test_c10d_ops_xccl.py::ProcessGroupXCCLOpTest::test_allgather_base_ops
distributed/test_c10d_xccl.py::CommTest::test_all_gather_into_tensor
distributed/test_c10d_xccl.py::CommTest::test_all_reduce_coalesced_manager_xccl
distributed/test_c10d_xccl.py::CommTest::test_all_reduce_coalesced_xccl
distributed/test_c10d_xccl.py::CommTest::test_broadcast_coalesced_xccl
distributed/test_c10d_xccl.py::CommTest::test_pass_xccl_options_high_priority_stream
distributed/test_c10d_xccl.py::CommTest::test_reduce_scatter_base_k
distributed/test_c10d_xccl.py::CommTest::test_reduce_scatter_tensor_coalesced
distributed/test_c10d_xccl.py::CommTest::test_single_p2p
distributed/test_c10d_xccl.py::CommTest::test_tensor_dtype_complex
distributed/test_c10d_xccl.py::CommTest::test_unwaited
distributed/test_c10d_xccl.py::CommTest::test_wait_tensor
distributed/test_c10d_xccl.py::CommTest::test_xccl_barrier
distributed/test_c10d_xccl.py::CommTest::test_xccl_barrier_device_ids
distributed/test_c10d_xccl.py::ProcessGroupXCCLTest::test_close_multi_pg_unordered
distributed/test_c10d_xccl.py::ProcessGroupXCCLTest::test_file_store_check
distributed/test_c10d_xccl.py::ProcessGroupXCCLTest::test_nan_assert_bfloat16
distributed/test_c10d_xccl.py::ProcessGroupXCCLTest::test_nan_assert_float16
distributed/test_c10d_xccl.py::ProcessGroupXCCLTest::test_nan_assert_float32
distributed/test_c10d_xccl.py::ProcessGroupXCCLTest::test_nan_assert_float64
distributed/test_c10d_xccl.py::ProcessGroupXCCLTest::test_nan_assert_float8_e4m3fn
distributed/test_c10d_xccl.py::ProcessGroupXCCLTest::test_nan_assert_float8_e5m2
distributed/test_c10d_xccl.py::ProcessGroupXCCLTest::test_nan_check_empty_tensor
distributed/test_c10d_xccl.py::ProcessGroupXCCLTest::test_nan_check_non_float_bool
distributed/test_c10d_xccl.py::ProcessGroupXCCLTest::test_nan_check_non_float_int32
distributed/test_c10d_xccl.py::ProcessGroupXCCLTest::test_nan_check_non_float_int64
distributed/test_c10d_xccl.py::ProcessGroupXCCLTest::test_nan_check_non_float_int8
distributed/test_c10d_xccl.py::ProcessGroupXCCLTest::test_nan_check_non_float_uint8
distributed/test_c10d_xccl.py::ProcessGroupXCCLTest::test_oom
distributed/test_c10d_xccl.py::ProcessGroupXCCLTest::test_send_recv_non_dense_tensor
distributed/test_c10d_xccl.py::ProcessGroupXCCLTest::test_set_process_group_desc
distributed/test_c10d_xccl.py::RendezvousEnvTest::test_common_errors
distributed/test_c10d_xccl.py::XCCLTraceTest::test_barrier_profiling
distributed/test_c10d_xccl.py::XCCLTraceTest::test_coalescing_manager_collective_timing_enabled_False
distributed/test_c10d_xccl.py::XCCLTraceTest::test_dump_pipe
distributed/test_c10d_xccl.py::XCCLTraceTest::test_individual_send_recv_op_sizes0_timing_enabled_False
distributed/test_c10d_xccl.py::XCCLTraceTest::test_individual_send_recv_op_sizes1_timing_enabled_False
distributed/test_c10d_xccl.py::XCCLTraceTest::test_long
distributed/test_c10d_xccl.py::XCCLTraceTest::test_short_pickle_include_collectives_False
distributed/test_c10d_xccl.py::XCCLTraceTest::test_short_pickle_include_collectives_True
