../../../../test/distributed/_composable/fsdp/test_fully_shard_comm.py::TestFullyShardCommunication::test_set_reduce_scatter_divide_factor
../../../../test/distributed/fsdp/test_fsdp_core.py::TestParityWithDDPXPU::test_mixture_of_experts_offload_false_shard_grad_op_xpu
../../../../test/distributed/fsdp/test_fsdp_core.py::TestParityWithDDPXPU::test_mixture_of_experts_with_delay_before_free_offload_false_shard_grad_op_xpu
../../../../test/distributed/pipelining/test_backward.py::StageBackwardTestsXPU::test_stage_backward_weight_shared_weights_xpu
../../../../test/distributed/tensor/test_random_ops.py::DistTensorRandomInitTestWithLocalTensor::test_dtensor_init_helper_tensor_meta_strides
../../../../test/distributed/tensor/test_random_ops.py::DistTensorRandomInitTestWithLocalTensor::test_fsdp_tp_model_meta_init
../../../../test/distributed/tensor/test_random_ops.py::DistTensorRandomInitTestWithLocalTensor::test_init_ops
../../../../test/distributed/tensor/test_random_ops.py::DistTensorRandomInitTestWithLocalTensor::test_init_with_user_generator
../../../../test/distributed/tensor/test_random_ops.py::DistTensorRandomInitTestWithLocalTensor::test_meta_tensor_init
../../../../test/distributed/tensor/test_random_ops.py::DistTensorRandomInitTestWithLocalTensor::test_tp_model_meta_init
../../../../test/distributed/tensor/test_random_ops.py::DistTensorRandomOpCompileTest::test_compile_bernoulli
../../../../test/distributed/tensor/test_random_ops.py::DistTensorRandomOpCompileTest::test_compile_bernoulli_float
../../../../test/distributed/tensor/test_random_ops.py::DistTensorRandomOpCompileTest::test_compile_multiple_random_ops
../../../../test/distributed/tensor/test_random_ops.py::DistTensorRandomOpCompileTest::test_compile_native_dropout
../../../../test/distributed/tensor/test_random_ops.py::DistTensorRandomOpCompileTest::test_compile_normal_
../../../../test/distributed/tensor/test_random_ops.py::DistTensorRandomOpCompileTest::test_compile_rand_like
../../../../test/distributed/tensor/test_random_ops.py::DistTensorRandomOpCompileTest::test_compile_randint_like
../../../../test/distributed/tensor/test_random_ops.py::DistTensorRandomOpCompileTest::test_compile_randn_like
../../../../test/distributed/tensor/test_random_ops.py::DistTensorRandomOpCompileTest::test_compile_uniform_
../../../../test/distributed/tensor/test_random_ops.py::DistTensorRandomOpTestWithLocalTensor::test_deterministic_dropout_1d
../../../../test/distributed/tensor/test_random_ops.py::DistTensorRandomOpTestWithLocalTensor::test_deterministic_rand_1d
../../../../test/distributed/tensor/test_random_ops.py::DistTensorRandomOpTestWithLocalTensor::test_deterministic_uniform_2d
../../../../test/distributed/tensor/test_random_ops.py::DistTensorRandomOpTestWithLocalTensor::test_rng_tracker_init
distributed/test_c10d_ops_xccl.py::ProcessGroupXCCLOpTest::test_allgather_graph_replay
distributed/test_c10d_xccl.py::XCCLTraceTest::test_allgather_uneven_timing_enabled_False
distributed/test_c10d_xccl.py::XCCLTraceTest::test_batched_send_recv_op_sizes_per_coalesce0_timing_enabled_False
distributed/test_c10d_xccl.py::XCCLTraceTest::test_batched_send_recv_op_sizes_per_coalesce1_timing_enabled_False
