1:../../../../test/distributed/_composable/fsdp/test_fully_shard_comm.py::TestFullyShardCommunication::test_set_reduce_scatter_divide_factor
2:../../../../test/distributed/fsdp/test_fsdp_core.py::TestParityWithDDPXPU::test_mixture_of_experts_offload_false_shard_grad_op_xpu
3:../../../../test/distributed/fsdp/test_fsdp_core.py::TestParityWithDDPXPU::test_mixture_of_experts_with_delay_before_free_offload_false_shard_grad_op_xpu
4:../../../../test/distributed/pipelining/test_backward.py::StageBackwardTestsXPU::test_stage_backward_weight_shared_weights_xpu
5:../../../../test/distributed/tensor/test_random_ops.py::DistTensorRandomInitTestWithLocalTensor::test_dtensor_init_helper_tensor_meta_strides
6:../../../../test/distributed/tensor/test_random_ops.py::DistTensorRandomInitTestWithLocalTensor::test_fsdp_tp_model_meta_init
7:../../../../test/distributed/tensor/test_random_ops.py::DistTensorRandomInitTestWithLocalTensor::test_init_ops
8:../../../../test/distributed/tensor/test_random_ops.py::DistTensorRandomInitTestWithLocalTensor::test_init_with_user_generator
9:../../../../test/distributed/tensor/test_random_ops.py::DistTensorRandomInitTestWithLocalTensor::test_meta_tensor_init
10:../../../../test/distributed/tensor/test_random_ops.py::DistTensorRandomInitTestWithLocalTensor::test_tp_model_meta_init
11:../../../../test/distributed/tensor/test_random_ops.py::DistTensorRandomOpCompileTest::test_compile_bernoulli
12:../../../../test/distributed/tensor/test_random_ops.py::DistTensorRandomOpCompileTest::test_compile_bernoulli_float
13:../../../../test/distributed/tensor/test_random_ops.py::DistTensorRandomOpCompileTest::test_compile_multiple_random_ops
14:../../../../test/distributed/tensor/test_random_ops.py::DistTensorRandomOpCompileTest::test_compile_native_dropout
15:../../../../test/distributed/tensor/test_random_ops.py::DistTensorRandomOpCompileTest::test_compile_normal_
16:../../../../test/distributed/tensor/test_random_ops.py::DistTensorRandomOpCompileTest::test_compile_rand_like
17:../../../../test/distributed/tensor/test_random_ops.py::DistTensorRandomOpCompileTest::test_compile_randint_like
18:../../../../test/distributed/tensor/test_random_ops.py::DistTensorRandomOpCompileTest::test_compile_randn_like
19:../../../../test/distributed/tensor/test_random_ops.py::DistTensorRandomOpCompileTest::test_compile_uniform_
20:../../../../test/distributed/tensor/test_random_ops.py::DistTensorRandomOpTestWithLocalTensor::test_deterministic_dropout_1d
21:../../../../test/distributed/tensor/test_random_ops.py::DistTensorRandomOpTestWithLocalTensor::test_deterministic_rand_1d
22:../../../../test/distributed/tensor/test_random_ops.py::DistTensorRandomOpTestWithLocalTensor::test_deterministic_uniform_2d
23:../../../../test/distributed/tensor/test_random_ops.py::DistTensorRandomOpTestWithLocalTensor::test_rng_tracker_init
24:distributed/test_c10d_ops_xccl.py::ProcessGroupXCCLOpTest::test_allgather_graph_replay
25:distributed/test_c10d_xccl.py::XCCLTraceTest::test_allgather_uneven_timing_enabled_False
26:distributed/test_c10d_xccl.py::XCCLTraceTest::test_batched_send_recv_op_sizes_per_coalesce0_timing_enabled_False
27:distributed/test_c10d_xccl.py::XCCLTraceTest::test_batched_send_recv_op_sizes_per_coalesce1_timing_enabled_False
