[2026-06-01 14:52:19]   Collecting stock CI test cases...
[2026-06-01 14:52:19]   Stock CI: 17987 test cases from 221 XML files
[2026-06-01 14:52:19]   Collecting torch-xpu-ops CI test cases...
[2026-06-01 14:52:20]   XPU CI: 190820 test cases from 138 XML files
[2026-06-01 14:54:28]   Collecting stock CI test cases...
[2026-06-01 14:54:28]   Stock CI: 17987 test cases from 221 XML files
[2026-06-01 14:54:28]   Collecting torch-xpu-ops CI test cases...
[2026-06-01 14:54:29]   XPU CI: 190820 test cases from 138 XML files
[2026-06-01 14:55:50]   Collecting stock CI test cases...
[2026-06-01 14:55:50]   Stock CI: 17987 test cases from 221 XML files
[2026-06-01 14:55:50]   Collecting torch-xpu-ops CI test cases...
[2026-06-01 14:55:52]   XPU CI: 190820 test cases from 138 XML files
[2026-06-01 14:56:28]   Collecting stock CI test cases...
[2026-06-01 14:56:29]   Stock CI: 17987 test cases from 221 XML files
[2026-06-01 14:56:29]   Collecting torch-xpu-ops CI test cases...
[2026-06-01 14:56:30]   XPU CI: 190820 test cases from 138 XML files
[2026-06-01 15:07:03]   Collecting stock CI test cases...
[2026-06-01 15:07:03]   Stock CI: 17987 test cases from 221 XML files
[2026-06-01 15:07:03]   Collecting torch-xpu-ops CI test cases...
[2026-06-01 15:07:04]   XPU CI: 190820 test cases from 138 XML files
[2026-06-01 15:35:40]   Collecting stock CI test cases...
[2026-06-01 15:35:41]   Stock CI: 17987 test cases from 221 XML files
[2026-06-01 15:35:41]   Collecting torch-xpu-ops CI test cases...
[2026-06-01 15:35:42]   XPU CI: 190820 test cases from 138 XML files
[2026-06-01 15:38:55]   Collecting stock CI test cases...
[2026-06-01 15:38:55]   Stock CI: 17987 test cases from 221 XML files
[2026-06-01 15:38:55]   Collecting torch-xpu-ops CI test cases...
[2026-06-01 15:38:57]   XPU CI: 190820 test cases from 138 XML files
[2026-06-01 15:38:57]   Writing 17987 stock test cases...
[2026-06-01 15:39:13]     Stock: 4999 / 17987
[2026-06-01 15:40:01]     Stock: 9999 / 17987
[2026-06-01 15:41:21]     Stock: 14999 / 17987
[2026-06-01 15:42:23]   Writing 190820 XPU test cases...
[2026-06-01 16:04:29]   Collecting stock CI test cases...
[2026-06-01 16:04:29]   Stock CI: 17987 test cases from 221 XML files
[2026-06-01 16:04:29]   Collecting torch-xpu-ops CI test cases...
[2026-06-01 16:04:31]   XPU CI: 190820 test cases from 138 XML files
[2026-06-01 16:04:31]   Writing 17987 stock test cases...
[2026-06-01 16:08:05]   Writing 190820 XPU test cases...
[2026-06-01 16:17:24]   Collecting CI test cases from XML files...
[2026-06-01 16:17:24]   Collecting stock CI test cases...
[2026-06-01 16:17:24]   Stock CI: 17987 test cases from 221 XML files
[2026-06-01 16:17:24]   Collecting torch-xpu-ops CI test cases...
[2026-06-01 16:17:25]   XPU CI: 190820 test cases from 138 XML files
[2026-06-01 16:17:25]   Building lookup maps...
[2026-06-01 16:17:26]   Matching CI results from test_cases_all.xlsx...
[2026-06-01 16:17:28]     Progress: 500/1410
[2026-06-01 16:17:30]     Progress: 1000/1410
[2026-06-01 16:17:31]   PASS 1 complete: 642 matched, 758 not found
[2026-06-02 03:40:33]   Collecting CI test cases from XML files...
[2026-06-02 03:40:33]   Collecting stock CI test cases...
[2026-06-02 03:40:33]   Stock CI: 17987 test cases from 221 XML files
[2026-06-02 03:40:33]   Collecting torch-xpu-ops CI test cases...
[2026-06-02 03:40:34]   XPU CI: 190820 test cases from 138 XML files
[2026-06-02 03:40:34]   Building lookup maps...
[2026-06-02 03:40:35]   Matching CI results from test_cases_all.xlsx...
[2026-06-02 03:40:37]     Progress: 500/1410
[2026-06-02 03:40:39]     Progress: 1000/1410
[2026-06-02 03:40:41]   PASS 1 complete: 642 matched, 758 not found
[2026-06-02 03:40:41]   Moving 10 rows with no test case to Others sheet...
[2026-06-02 03:41:17]   Collecting CI test cases from XML files...
[2026-06-02 03:41:17]   Collecting stock CI test cases...
[2026-06-02 03:41:17]   Stock CI: 17987 test cases from 221 XML files
[2026-06-02 03:41:17]   Collecting torch-xpu-ops CI test cases...
[2026-06-02 03:41:19]   XPU CI: 190820 test cases from 138 XML files
[2026-06-02 03:41:19]   Building lookup maps...
[2026-06-02 03:41:19]   Matching CI results from test_cases_all.xlsx...
[2026-06-02 03:41:21]     Progress: 500/1410
[2026-06-02 03:41:24]     Progress: 1000/1410
[2026-06-02 03:41:26]   PASS 1 complete: 642 matched, 758 not found
[2026-06-02 03:41:26]   Moving 10 rows with no test case to Others sheet...
[2026-06-02 03:42:30]   Collecting CI test cases from XML files...
[2026-06-02 03:42:30]   Collecting stock CI test cases...
[2026-06-02 03:42:31]   Stock CI: 17987 test cases from 221 XML files
[2026-06-02 03:42:31]   Collecting torch-xpu-ops CI test cases...
[2026-06-02 03:42:32]   XPU CI: 190820 test cases from 138 XML files
[2026-06-02 03:42:32]   Building lookup maps...
[2026-06-02 03:42:32]   Matching CI results from test_cases_all.xlsx...
[2026-06-02 03:42:35]     Progress: 500/1410
[2026-06-02 03:42:38]     Progress: 1000/1410
[2026-06-02 03:42:40]   PASS 1 complete: 642 matched, 758 not found
[2026-06-02 03:42:40]   Moving 10 rows with no test case to Others sheet...
[2026-06-02 03:43:28]   Collecting CI test cases from XML files...
[2026-06-02 03:43:28]   Collecting stock CI test cases...
[2026-06-02 03:43:28]   Stock CI: 17987 test cases from 221 XML files
[2026-06-02 03:43:28]   Collecting torch-xpu-ops CI test cases...
[2026-06-02 03:43:29]   XPU CI: 190820 test cases from 138 XML files
[2026-06-02 03:43:29]   Building lookup maps...
[2026-06-02 03:43:30]   Matching CI results from test_cases_all.xlsx...
[2026-06-02 03:43:32]     Progress: 500/1410
[2026-06-02 03:43:35]     Progress: 1000/1410
[2026-06-02 03:43:37]   PASS 1 complete: 642 matched, 758 not found
[2026-06-02 03:43:37]   Moving 10 rows with no test case to Others sheet...
[2026-06-02 03:43:37]   Deleting 10 rows from Test Cases sheet...
[2026-06-02 03:44:01]   Collecting CI test cases from XML files...
[2026-06-02 03:44:01]   Collecting stock CI test cases...
[2026-06-02 03:44:01]   Stock CI: 17987 test cases from 221 XML files
[2026-06-02 03:44:01]   Collecting torch-xpu-ops CI test cases...
[2026-06-02 03:44:03]   XPU CI: 190820 test cases from 138 XML files
[2026-06-02 03:44:03]   Building lookup maps...
[2026-06-02 03:44:03]   Matching CI results from test_cases_all.xlsx...
[2026-06-02 03:44:05]     Progress: 500/1400
[2026-06-02 03:44:08]     Progress: 1000/1400
[2026-06-02 03:44:10]   PASS 1 complete: 642 matched, 758 not found
