++ python benchmarks/dynamo/huggingface.py --performance --float16 -d xpu -n10 --inference --total-partitions 9 --partition-id 3 --backend=inductor --cold-start-latency --timeout=10800 --disable-cudagraphs --output=/__w/torch-xpu-ops/torch-xpu-ops/pytorch/inductor_log/huggingface/float16/inductor_huggingface_float16_inference_xpu_performance.csv
W0531 15:49:47.960000 32335 site-packages/torch/utils/_pytree.py:630] <enum 'KernelPreference'> is an Enum subclass and is now natively supported by torch.compile as an opaque value type. Calling register_constant() on Enum subclasses is deprecated and will be an error in a future release.
W0531 15:49:47.996000 32335 site-packages/torch/utils/_pytree.py:630] <enum 'ScaleCalculationMode'> is an Enum subclass and is now natively supported by torch.compile as an opaque value type. Calling register_constant() on Enum subclasses is deprecated and will be an error in a future release.
W0531 15:49:53.602000 32590 site-packages/torch/utils/_pytree.py:630] <enum 'KernelPreference'> is an Enum subclass and is now natively supported by torch.compile as an opaque value type. Calling register_constant() on Enum subclasses is deprecated and will be an error in a future release.
W0531 15:49:53.638000 32590 site-packages/torch/utils/_pytree.py:630] <enum 'ScaleCalculationMode'> is an Enum subclass and is now natively supported by torch.compile as an opaque value type. Calling register_constant() on Enum subclasses is deprecated and will be an error in a future release.
loading model: 0it [00:00, ?it/s]loading model: 0it [00:01, ?it/s]
xpu  eval  ElectraForQuestionAnswering        
W0531 15:50:02.504000 32590 site-packages/torch/_inductor/utils.py:3128] [0/0] get_device_tflops: no Triton fallback available for non-CUDA devices. Returning 0.0; roofline estimates will use memory bandwidth only.
running benchmark:   0%|          | 0/10 [00:00<?, ?it/s]running benchmark:  10%|█         | 1/10 [00:00<00:01,  4.96it/s]running benchmark:  30%|███       | 3/10 [00:00<00:00, 10.43it/s]running benchmark:  50%|█████     | 5/10 [00:00<00:00, 12.96it/s]running benchmark:  70%|███████   | 7/10 [00:00<00:00, 14.36it/s]running benchmark:  90%|█████████ | 9/10 [00:00<00:00, 15.21it/s]running benchmark: 100%|██████████| 10/10 [00:00<00:00, 13.60it/s]
0.599x
W0531 15:50:17.960000 33539 site-packages/torch/utils/_pytree.py:630] <enum 'KernelPreference'> is an Enum subclass and is now natively supported by torch.compile as an opaque value type. Calling register_constant() on Enum subclasses is deprecated and will be an error in a future release.
W0531 15:50:17.996000 33539 site-packages/torch/utils/_pytree.py:630] <enum 'ScaleCalculationMode'> is an Enum subclass and is now natively supported by torch.compile as an opaque value type. Calling register_constant() on Enum subclasses is deprecated and will be an error in a future release.
loading model: 0it [00:00, ?it/s]loading model: 0it [00:02, ?it/s]
xpu  eval  GPT2ForSequenceClassification      
W0531 15:50:26.820000 33539 site-packages/torch/_inductor/utils.py:3128] [0/0] get_device_tflops: no Triton fallback available for non-CUDA devices. Returning 0.0; roofline estimates will use memory bandwidth only.
running benchmark:   0%|          | 0/10 [00:00<?, ?it/s]running benchmark:  40%|████      | 4/10 [00:00<00:00, 35.36it/s]running benchmark:  90%|█████████ | 9/10 [00:00<00:00, 40.52it/s]running benchmark: 100%|██████████| 10/10 [00:00<00:00, 40.12it/s]
1.135x
speedup             gmean=1.10x mean=1.221x
abs_latency         gmean=26.53x mean=31.571x
compilation_latency mean=14.784 seconds
compression_ratio   mean=0.000x
eager_peak_mem      gmean=0.00x mean=0.000x
dynamo_peak_mem     gmean=0.00x mean=0.000x
calls_captured      gmean=467.71x mean=578.583x
unique_graphs       gmean=1.06x mean=1.083x
graph_breaks        gmean=0.00x mean=0.000x
unique_graph_breaks gmean=0.00x mean=0.000x
autograd_captures   gmean=0.00x mean=0.000x
autograd_compiles   gmean=0.00x mean=0.000x
cudagraph_skips     gmean=0.00x mean=0.000x
