++ python benchmarks/dynamo/timm_models.py --accuracy --bfloat16 -d xpu -n10 --training --total-partitions 8 --partition-id 3 --backend=inductor --cold-start-latency --timeout=10800 --disable-cudagraphs --output=/__w/torch-xpu-ops/torch-xpu-ops/pytorch/inductor_log/timm_models/bfloat16/inductor_timm_models_bfloat16_training_xpu_accuracy.csv
loading model: 0it [00:00, ?it/s]loading model: 0it [00:01, ?it/s]
xpu  train gmixer_24_224                      
W0531 14:31:45.445000 41315 site-packages/torch/_inductor/utils.py:3128] [2/0_1] get_device_tflops: no Triton fallback available for non-CUDA devices. Returning 0.0; roofline estimates will use memory bandwidth only.
pass
loading model: 0it [00:00, ?it/s]loading model: 0it [00:01, ?it/s]
xpu  train gmlp_s16_224                       
W0531 14:32:30.775000 43320 site-packages/torch/_inductor/utils.py:3128] [2/0_1] get_device_tflops: no Triton fallback available for non-CUDA devices. Returning 0.0; roofline estimates will use memory bandwidth only.
pass
loading model: 0it [00:00, ?it/s]loading model: 0it [00:07, ?it/s]
xpu  train hrnet_w18                          
pass
loading model: 0it [00:00, ?it/s]loading model: 0it [00:05, ?it/s]
xpu  train inception_v3                       
pass
loading model: 0it [00:00, ?it/s]loading model: 0it [00:02, ?it/s]
xpu  train jx_nest_base                       
ERROR:common:
Traceback (most recent call last):
  File "/__w/torch-xpu-ops/torch-xpu-ops/pytorch/benchmarks/dynamo/common.py", line 2402, in check_accuracy
    new_result = self.run_n_iterations(
  File "/__w/torch-xpu-ops/torch-xpu-ops/pytorch/benchmarks/dynamo/common.py", line 2095, in run_n_iterations
    model_iter_fn(mod, inputs, collect_outputs=False)
  File "/tmp/xpu-tool/Python/3.10.20/x64/lib/python3.10/site-packages/torch/_dynamo/eval_frame.py", line 1183, in compile_wrapper
    raise e.remove_dynamo_frames() from None  # see TORCHDYNAMO_VERBOSE=1
  File "/tmp/xpu-tool/Python/3.10.20/x64/lib/python3.10/site-packages/torch/_inductor/compile_fx.py", line 1078, in _compile_fx_inner
    raise InductorError(e, currentframe()).with_traceback(
  File "/tmp/xpu-tool/Python/3.10.20/x64/lib/python3.10/site-packages/torch/_inductor/compile_fx.py", line 1058, in _compile_fx_inner
    mb_compiled_graph = fx_codegen_and_compile(
  File "/tmp/xpu-tool/Python/3.10.20/x64/lib/python3.10/site-packages/torch/_inductor/compile_fx.py", line 1846, in fx_codegen_and_compile
    return scheme.codegen_and_compile(gm, example_inputs, inputs_to_check, graph_kwargs)
  File "/tmp/xpu-tool/Python/3.10.20/x64/lib/python3.10/site-packages/torch/_inductor/compile_fx.py", line 1607, in codegen_and_compile
    compiled_module = graph.compile_to_module()
  File "/tmp/xpu-tool/Python/3.10.20/x64/lib/python3.10/site-packages/torch/_inductor/graph.py", line 2661, in compile_to_module
    return self._compile_to_module()
  File "/tmp/xpu-tool/Python/3.10.20/x64/lib/python3.10/site-packages/torch/_inductor/graph.py", line 2667, in _compile_to_module
    self.codegen_with_cpp_wrapper() if self.cpp_wrapper else self.codegen()
  File "/tmp/xpu-tool/Python/3.10.20/x64/lib/python3.10/site-packages/torch/_inductor/graph.py", line 2599, in codegen
    self._update_scheduler()
  File "/tmp/xpu-tool/Python/3.10.20/x64/lib/python3.10/site-packages/torch/_inductor/graph.py", line 2593, in _update_scheduler
    self.scheduler = Scheduler(self.operations)
  File "/tmp/xpu-tool/Python/3.10.20/x64/lib/python3.10/site-packages/torch/_inductor/scheduler.py", line 3987, in __init__
    self._init(nodes)
  File "/tmp/xpu-tool/Python/3.10.20/x64/lib/python3.10/site-packages/torch/_inductor/scheduler.py", line 4004, in _init
    self.nodes = [self.create_scheduler_node(n) for n in nodes]
  File "/tmp/xpu-tool/Python/3.10.20/x64/lib/python3.10/site-packages/torch/_inductor/scheduler.py", line 4004, in <listcomp>
    self.nodes = [self.create_scheduler_node(n) for n in nodes]
  File "/tmp/xpu-tool/Python/3.10.20/x64/lib/python3.10/site-packages/torch/_inductor/scheduler.py", line 4337, in create_scheduler_node
    return SchedulerNode(self, node)
  File "/tmp/xpu-tool/Python/3.10.20/x64/lib/python3.10/site-packages/torch/_inductor/scheduler.py", line 2187, in __init__
    self._compute_attrs()
  File "/tmp/xpu-tool/Python/3.10.20/x64/lib/python3.10/site-packages/torch/_inductor/scheduler.py", line 2195, in _compute_attrs
    self._sizes, body = self.node.simplify_and_reorder(
  File "/tmp/xpu-tool/Python/3.10.20/x64/lib/python3.10/site-packages/torch/_inductor/ir.py", line 5283, in simplify_and_reorder
    ) = self.get_default_sizes_body()
  File "<string>", line 6, in get_default_sizes_body_cache_on_self
  File "/tmp/xpu-tool/Python/3.10.20/x64/lib/python3.10/site-packages/torch/_inductor/ir.py", line 5236, in get_default_sizes_body
    body = LoopBody(
  File "/tmp/xpu-tool/Python/3.10.20/x64/lib/python3.10/site-packages/torch/_inductor/loop_body.py", line 143, in __init__
    self._init_with_tracing(fn, args)
  File "/tmp/xpu-tool/Python/3.10.20/x64/lib/python3.10/site-packages/torch/_inductor/loop_body.py", line 173, in _init_with_tracing
    self.root_block = LoopBodyBlock(self, fn, args)  # traces
  File "/tmp/xpu-tool/Python/3.10.20/x64/lib/python3.10/site-packages/torch/_inductor/loop_body.py", line 609, in __init__
    ops.output(fn(*args))
  File "/tmp/xpu-tool/Python/3.10.20/x64/lib/python3.10/site-packages/torch/_inductor/ir.py", line 1161, in store_output
    return ops.store(output_name or "unnamed", indexer(vars), loader(vars))
  File "/tmp/xpu-tool/Python/3.10.20/x64/lib/python3.10/site-packages/torch/_inductor/lowering.py", line 5653, in fn
    grad_part = grad_loader(grad_index)
  File "/tmp/xpu-tool/Python/3.10.20/x64/lib/python3.10/site-packages/torch/_inductor/ir.py", line 3147, in loader
    return inner(reindex(idx))
  File "/tmp/xpu-tool/Python/3.10.20/x64/lib/python3.10/site-packages/torch/_inductor/ir.py", line 3147, in loader
    return inner(reindex(idx))
  File "/tmp/xpu-tool/Python/3.10.20/x64/lib/python3.10/site-packages/torch/_inductor/ir.py", line 3803, in loader
    tmp_loader = ops.load(self.get_name(), indexer(index))
  File "<string>", line 224, in load
  File "/tmp/xpu-tool/Python/3.10.20/x64/lib/python3.10/site-packages/torch/_inductor/virtualized.py", line 337, in _default
    return OpsWrapper._wrap(getattr(_ops, name)(*new_args, **new_kwargs))
  File "<string>", line 224, in load
  File "/tmp/xpu-tool/Python/3.10.20/x64/lib/python3.10/site-packages/torch/_inductor/index_propagation.py", line 302, in _default
    return self.fallback(name, args, kwargs)
  File "/tmp/xpu-tool/Python/3.10.20/x64/lib/python3.10/site-packages/torch/_inductor/index_propagation.py", line 277, in fallback
    return self.wrap(getattr(self._inner, name)(*new_args, **new_kwargs))
  File "<string>", line 224, in load
  File "/tmp/xpu-tool/Python/3.10.20/x64/lib/python3.10/site-packages/torch/_inductor/loop_body.py", line 675, in _default
    return getattr(self._inner, name)(*args, **kwargs)
  File "/tmp/xpu-tool/Python/3.10.20/x64/lib/python3.10/site-packages/torch/_inductor/loop_body.py", line 703, in load
    index = self._simplify(index)
  File "/tmp/xpu-tool/Python/3.10.20/x64/lib/python3.10/site-packages/torch/_inductor/loop_body.py", line 700, in _simplify
    return V.graph.sizevars.simplify_with_ranges(expr, self.body.var_ranges)
  File "/tmp/xpu-tool/Python/3.10.20/x64/lib/python3.10/site-packages/torch/_inductor/sizevars.py", line 299, in simplify_with_ranges
    result = self._simplify_with_ranges(expr, var_ranges)
  File "/tmp/xpu-tool/Python/3.10.20/x64/lib/python3.10/site-packages/torch/_inductor/sizevars.py", line 411, in _simplify_with_ranges
    expr = expr.replace(
  File "/tmp/xpu-tool/Python/3.10.20/x64/lib/python3.10/site-packages/sympy/core/basic.py", line 1797, in replace
    rv = walk(self, rec_replace)
  File "/tmp/xpu-tool/Python/3.10.20/x64/lib/python3.10/site-packages/sympy/core/basic.py", line 1772, in walk
    newargs = tuple([walk(a, F) for a in args])
  File "/tmp/xpu-tool/Python/3.10.20/x64/lib/python3.10/site-packages/sympy/core/basic.py", line 1772, in <listcomp>
    newargs = tuple([walk(a, F) for a in args])
  File "/tmp/xpu-tool/Python/3.10.20/x64/lib/python3.10/site-packages/sympy/core/basic.py", line 1772, in walk
    newargs = tuple([walk(a, F) for a in args])
  File "/tmp/xpu-tool/Python/3.10.20/x64/lib/python3.10/site-packages/sympy/core/basic.py", line 1772, in <listcomp>
    newargs = tuple([walk(a, F) for a in args])
  File "/tmp/xpu-tool/Python/3.10.20/x64/lib/python3.10/site-packages/sympy/core/basic.py", line 1782, in walk
    rv = F(rv)
  File "/tmp/xpu-tool/Python/3.10.20/x64/lib/python3.10/site-packages/sympy/core/basic.py", line 1790, in rec_replace
    v = _value(expr, result)
  File "/tmp/xpu-tool/Python/3.10.20/x64/lib/python3.10/site-packages/sympy/core/basic.py", line 1742, in <lambda>
    _value = lambda expr, result: (value(**
  File "/tmp/xpu-tool/Python/3.10.20/x64/lib/python3.10/site-packages/torch/_inductor/sizevars.py", line 402, in visit_modular_indexing
    can_remove_mod = statically_known(base >= 0) and statically_known(
  File "/tmp/xpu-tool/Python/3.10.20/x64/lib/python3.10/site-packages/torch/_inductor/sizevars.py", line 363, in statically_known
    evaluated = self.shape_env._maybe_evaluate_static(
  File "/tmp/xpu-tool/Python/3.10.20/x64/lib/python3.10/site-packages/torch/fx/experimental/symbolic_shapes.py", line 2767, in wrapper
    return fn_cache(self, *args, **kwargs)
  File "/tmp/xpu-tool/Python/3.10.20/x64/lib/python3.10/site-packages/torch/fx/experimental/symbolic_shapes.py", line 7090, in _maybe_evaluate_static
    expr = self.simplify(expr, size_oblivious)
  File "/tmp/xpu-tool/Python/3.10.20/x64/lib/python3.10/site-packages/torch/fx/experimental/symbolic_shapes.py", line 2767, in wrapper
    return fn_cache(self, *args, **kwargs)
  File "/tmp/xpu-tool/Python/3.10.20/x64/lib/python3.10/site-packages/torch/fx/experimental/symbolic_shapes.py", line 7211, in simplify
    if a == 0 and self._maybe_evaluate_static(sympy.Ge(b, 0)):
  File "/tmp/xpu-tool/Python/3.10.20/x64/lib/python3.10/site-packages/torch/fx/experimental/symbolic_shapes.py", line 2767, in wrapper
    return fn_cache(self, *args, **kwargs)
  File "/tmp/xpu-tool/Python/3.10.20/x64/lib/python3.10/site-packages/torch/fx/experimental/symbolic_shapes.py", line 7149, in _maybe_evaluate_static
    r = _maybe_evaluate_static_worker(
  File "/tmp/xpu-tool/Python/3.10.20/x64/lib/python3.10/site-packages/torch/fx/experimental/symbolic_shapes.py", line 2542, in _maybe_evaluate_static_worker
    raise AssertionError(f"vr must not be None for symbol {k}")
torch._inductor.exc.InductorError: AssertionError: vr must not be None for symbol q3
TorchDynamo optimized model failed to run because of following error
fail_to_run
loading model: 0it [00:00, ?it/s]loading model: 0it [00:02, ?it/s]
xpu  train lcnet_050                          
pass
loading model: 0it [00:00, ?it/s]loading model: 0it [00:03, ?it/s]
xpu  train levit_128                          
W0531 14:39:31.209000 64632 site-packages/torch/_inductor/utils.py:3128] [2/0_1] get_device_tflops: no Triton fallback available for non-CUDA devices. Returning 0.0; roofline estimates will use memory bandwidth only.
pass
loading model: 0it [00:00, ?it/s]loading model: 0it [00:01, ?it/s]
xpu  train mixer_b16_224                      
W0531 14:40:41.908000 68632 site-packages/torch/_inductor/utils.py:3128] [2/0_1] get_device_tflops: no Triton fallback available for non-CUDA devices. Returning 0.0; roofline estimates will use memory bandwidth only.
pass
accuracy            pass_rate=94.23%
calls_captured      gmean=395.70x mean=474.519x
unique_graphs       gmean=1.11x mean=1.154x
graph_breaks        gmean=5.02x mean=5.019x
unique_graph_breaks gmean=4.00x mean=4.000x
autograd_captures   gmean=0.00x mean=0.000x
autograd_compiles   gmean=0.00x mean=0.000x
cudagraph_skips     gmean=0.00x mean=0.000x
compilation_latency mean=42.544 seconds
