2:op_ut,third_party.torch-xpu-ops.test.xpu.dynamo.test_functions_xpu.FunctionTests,test_get_device_properties_tensor_device
4:op_ut,third_party.torch-xpu-ops.test.xpu.dynamo.test_misc_xpu.MiscTests,test_const_dict_variable_python_type
6:op_ut,third_party.torch-xpu-ops.test.xpu.dynamo.test_streams_xpu.TestStreams,test_local_stream_enter_exit
7:op_ut,third_party.torch-xpu-ops.test.xpu.dynamo.test_streams_xpu.TestStreams,test_local_stream_nested_enter_exit
8:op_ut,third_party.torch-xpu-ops.test.xpu.dynamo.test_streams_xpu.TestStreams,test_stream_backward_simple
9:op_ut,third_party.torch-xpu-ops.test.xpu.dynamo.test_streams_xpu.TestStreams,test_epilogue_copy_stream_tracking
10:op_ut,third_party.torch-xpu-ops.test.xpu.dynamo.test_streams_xpu.TestStreams,test_epilogue_copy_streams_inference
11:op_ut,third_party.torch-xpu-ops.test.xpu.dynamo.test_streams_xpu.TestStreams,test_event_tracing
12:op_ut,third_party.torch-xpu-ops.test.xpu.dynamo.test_streams_xpu.TestStreams,test_record_stream_problem_basic
13:op_ut,third_party.torch-xpu-ops.test.xpu.dynamo.test_streams_xpu.TestStreams,test_stream_enter_exit
14:op_ut,third_party.torch-xpu-ops.test.xpu.dynamo.test_streams_xpu.TestStreams,test_record_stream_problem_interleaved
15:op_ut,third_party.torch-xpu-ops.test.xpu.dynamo.test_streams_xpu.TestStreams,test_stream_backward_sync
16:op_ut,third_party.torch-xpu-ops.test.xpu.dynamo.test_streams_xpu.TestStreams,test_stream_with_mutation
17:op_ut,third_party.torch-xpu-ops.test.xpu.dynamo.test_streams_xpu.TestStreams,test_nested_stream_enter_exit
248:op_ut,third_party.torch-xpu-ops.test.xpu.export.test_torchbind_xpu.TestCompileTorchbind,test_compile_obj_torchbind_op_with_autocast_device_xpu_backend_aot_eager
259:op_ut,third_party.torch-xpu-ops.test.xpu.export.test_torchbind_xpu.TestCompileTorchbind,test_compile_obj_torchbind_op_with_autocast_device_xpu_backend_eager
266:op_ut,third_party.torch-xpu-ops.test.xpu.export.test_torchbind_xpu.TestCompileTorchbind,test_compile_obj_torchbind_op_with_autocast_device_xpu_backend_inductor
271:op_ut,third_party.torch-xpu-ops.test.xpu.export.test_torchbind_xpu.TestCompileTorchbind,test_export_obj_torchbind_op_with_autocast_device_xpu
359:op_ut,third_party.torch-xpu-ops.test.xpu.nn.test_convolution_xpu.TestConvolutionNN,test_Conv2d_groups_nobias
360:op_ut,third_party.torch-xpu-ops.test.xpu.nn.test_convolution_xpu.TestConvolutionNNDeviceTypeXPU,test_Conv2d_naive_groups_xpu_float16
361:op_ut,third_party.torch-xpu-ops.test.xpu.nn.test_convolution_xpu.TestConvolutionNNDeviceTypeXPU,test_depthwise_conv_64bit_indexing_xpu
362:op_ut,third_party.torch-xpu-ops.test.xpu.profiler.test_cpp_thread_xpu.CppThreadTestXPU,test_without_enable_profiler_in_child_thread_xpu
363:op_ut,third_party.torch-xpu-ops.test.xpu.profiler.test_cpp_thread_xpu.CppThreadTestXPU,test_with_enable_profiler_in_child_thread_xpu
364:op_ut,third_party.torch-xpu-ops.test.xpu.profiler.test_profiler_xpu.TestProfiler,test_disable_external_correlation
365:op_ut,third_party.torch-xpu-ops.test.xpu.profiler.test_profiler_xpu.TestProfiler,test_dynamic_toggle
377:op_ut,third_party.torch-xpu-ops.test.xpu.test_custom_ops_xpu.TestCustomOp,test_backward_dict_grad_for_nontensor
379:op_ut,third_party.torch-xpu-ops.test.xpu.test_dataloader_xpu.TestDataLoaderDeviceTypeXPU,test_nested_tensor_multiprocessing_context_forkserver_xpu
380:op_ut,third_party.torch-xpu-ops.test.xpu.test_dataloader_xpu.TestDataLoaderDeviceTypeXPU,test_nested_tensor_multiprocessing_context_spawn_xpu
381:op_ut,third_party.torch-xpu-ops.test.xpu.test_dataloader_xpu.TestDataLoaderDeviceTypeXPU,test_sparse_tensor_multiprocessing_context_forkserver_xpu
382:op_ut,third_party.torch-xpu-ops.test.xpu.test_dataloader_xpu.TestDataLoaderDeviceTypeXPU,test_sparse_tensor_multiprocessing_context_spawn_xpu
594:op_ut,third_party.torch-xpu-ops.test.xpu.test_modules_xpu.TestModuleXPU,test_cpu_gpu_parity_nn_ConvTranspose1d_xpu_complex32
599:op_ut,third_party.torch-xpu-ops.test.xpu.test_multiprocessing_xpu.TestMultiprocessing,test_integer_parameter_serialization_cpu
600:op_ut,third_party.torch-xpu-ops.test.xpu.test_multiprocessing_xpu.TestMultiprocessing,test_autograd_fine_with_spawn
601:op_ut,third_party.torch-xpu-ops.test.xpu.test_multiprocessing_xpu.TestMultiprocessing,test_cuda_bad_call
602:op_ut,third_party.torch-xpu-ops.test.xpu.test_ops_gradients_xpu.TestBwdGradientsXPU,test_fn_gradgrad_index_reduce_mean_xpu_float64
603:op_ut,third_party.torch-xpu-ops.test.xpu.test_ops_gradients_xpu.TestBwdGradientsXPU,test_fn_gradgrad_index_reduce_prod_xpu_float64
604:op_ut,third_party.torch-xpu-ops.test.xpu.test_ops_gradients_xpu.TestBwdGradientsXPU,test_inplace_gradgrad_index_reduce_mean_xpu_float64
605:op_ut,third_party.torch-xpu-ops.test.xpu.test_ops_gradients_xpu.TestBwdGradientsXPU,test_inplace_gradgrad_index_reduce_prod_xpu_float64
606:op_ut,third_party.torch-xpu-ops.test.xpu.test_optim_xpu.TestOptimRenewedXPU,test_fused_mixed_precision_hook_skips_existing_state_amsgrad_False_Adam_xpu_float32
607:op_ut,third_party.torch-xpu-ops.test.xpu.test_optim_xpu.TestOptimRenewedXPU,test_fused_mixed_precision_hook_skips_existing_state_amsgrad_True_AdamW_xpu_float32
608:op_ut,third_party.torch-xpu-ops.test.xpu.test_optim_xpu.TestOptimRenewedXPU,test_fused_mixed_precision_hook_skips_existing_state_amsgrad_True_Adam_xpu_float32
609:op_ut,third_party.torch-xpu-ops.test.xpu.test_optim_xpu.TestOptimRenewedXPU,test_fused_mixed_precision_numerics_AdamW_xpu_float32
610:op_ut,third_party.torch-xpu-ops.test.xpu.test_optim_xpu.TestOptimRenewedXPU,test_fused_mixed_precision_numerics_Adam_xpu_float32
611:op_ut,third_party.torch-xpu-ops.test.xpu.test_optim_xpu.TestOptimRenewedXPU,test_fused_mixed_precision_state_init_amsgrad_False_AdamW_xpu_float32
612:op_ut,third_party.torch-xpu-ops.test.xpu.test_optim_xpu.TestOptimRenewedXPU,test_fused_mixed_precision_state_init_amsgrad_False_Adam_xpu_float32
613:op_ut,third_party.torch-xpu-ops.test.xpu.test_optim_xpu.TestOptimRenewedXPU,test_fused_mixed_precision_state_init_amsgrad_True_AdamW_xpu_float32
614:op_ut,third_party.torch-xpu-ops.test.xpu.test_optim_xpu.TestOptimRenewedXPU,test_fused_mixed_precision_state_init_amsgrad_True_Adam_xpu_float32
615:op_ut,third_party.torch-xpu-ops.test.xpu.test_optim_xpu.TestOptimRenewedXPU,test_state_dict_with_cuda_params_Muon_xpu_float32
616:op_ut,third_party.torch-xpu-ops.test.xpu.test_optim_xpu.TestOptimRenewedXPU,test_fused_mixed_precision_hook_skips_existing_state_amsgrad_False_AdamW_xpu_float32
617:op_ut,third_party.torch-xpu-ops.test.xpu.test_prims_xpu.TestPrimsXPU,test_philox_rand_xpu_float32
618:op_ut,third_party.torch-xpu-ops.test.xpu.test_schema_check.TestSchemaCheckModeOpInfoXPU,test_schema_correctness_torch_ops_aten__flash_attention_forward_xpu_float16
619:op_ut,third_party.torch-xpu-ops.test.xpu.test_sparse_csr_xpu.TestSparseCSRXPU,test_sparse_csr_unary_inplace_abs_xpu_complex64
620:op_ut,third_party.torch-xpu-ops.test.xpu.test_sparse_csr_xpu.TestSparseCSRXPU,test_autograd_dense_output_addmm_xpu_float64
621:op_ut,third_party.torch-xpu-ops.test.xpu.test_sparse_csr_xpu.TestSparseCSRXPU,test_sparse_csr_unary_out_abs_xpu_complex64
622:op_ut,third_party.torch-xpu-ops.test.xpu.test_sparse_csr_xpu.TestSparseCSRXPU,test_sampled_addmm_autograd_xpu_complex128
623:op_ut,third_party.torch-xpu-ops.test.xpu.test_sparse_csr_xpu.TestSparseCSRXPU,test_sampled_addmm_autograd_xpu_complex64
624:op_ut,third_party.torch-xpu-ops.test.xpu.test_sparse_csr_xpu.TestSparseCSRXPU,test_sampled_addmm_autograd_xpu_float32
625:op_ut,third_party.torch-xpu-ops.test.xpu.test_sparse_csr_xpu.TestSparseCSRXPU,test_sampled_addmm_autograd_xpu_float64
626:op_ut,third_party.torch-xpu-ops.test.xpu.test_sparse_csr_xpu.TestSparseCSRXPU,test_sampled_addmm_errors_xpu_complex128
627:op_ut,third_party.torch-xpu-ops.test.xpu.test_sparse_csr_xpu.TestSparseCSRXPU,test_sampled_addmm_errors_xpu_complex64
628:op_ut,third_party.torch-xpu-ops.test.xpu.test_sparse_csr_xpu.TestSparseCSRXPU,test_sampled_addmm_errors_xpu_float32
629:op_ut,third_party.torch-xpu-ops.test.xpu.test_sparse_csr_xpu.TestSparseCSRXPU,test_sampled_addmm_errors_xpu_float64
630:op_ut,third_party.torch-xpu-ops.test.xpu.test_sparse_csr_xpu.TestSparseCSRXPU,test_sampled_addmm_xpu_complex128
631:op_ut,third_party.torch-xpu-ops.test.xpu.test_sparse_csr_xpu.TestSparseCSRXPU,test_sampled_addmm_xpu_complex64
632:op_ut,third_party.torch-xpu-ops.test.xpu.test_sparse_csr_xpu.TestSparseCSRXPU,test_sampled_addmm_xpu_float32
633:op_ut,third_party.torch-xpu-ops.test.xpu.test_sparse_csr_xpu.TestSparseCSRXPU,test_sampled_addmm_xpu_float64
634:op_ut,third_party.torch-xpu-ops.test.xpu.test_sparse_csr_xpu.TestSparseCSRXPU,test_sampled_addmm_zero_sized_xpu_complex128
635:op_ut,third_party.torch-xpu-ops.test.xpu.test_sparse_csr_xpu.TestSparseCSRXPU,test_sampled_addmm_zero_sized_xpu_complex64
636:op_ut,third_party.torch-xpu-ops.test.xpu.test_sparse_csr_xpu.TestSparseCSRXPU,test_sampled_addmm_zero_sized_xpu_float32
637:op_ut,third_party.torch-xpu-ops.test.xpu.test_sparse_csr_xpu.TestSparseCSRXPU,test_sampled_addmm_zero_sized_xpu_float64
638:op_ut,third_party.torch-xpu-ops.test.xpu.test_sparse_csr_xpu.TestSparseCompressedTritonKernelsXPU,test_triton_sampled_addmm_block_size_16_xpu_bfloat16
639:op_ut,third_party.torch-xpu-ops.test.xpu.test_sparse_csr_xpu.TestSparseCompressedTritonKernelsXPU,test_triton_sampled_addmm_block_size_16_xpu_float16
640:op_ut,third_party.torch-xpu-ops.test.xpu.test_sparse_csr_xpu.TestSparseCompressedTritonKernelsXPU,test_triton_sampled_addmm_block_size_16_xpu_float32
641:op_ut,third_party.torch-xpu-ops.test.xpu.test_sparse_csr_xpu.TestSparseCompressedTritonKernelsXPU,test_triton_sampled_addmm_block_size_32_xpu_bfloat16
642:op_ut,third_party.torch-xpu-ops.test.xpu.test_sparse_csr_xpu.TestSparseCompressedTritonKernelsXPU,test_triton_sampled_addmm_block_size_32_xpu_float16
643:op_ut,third_party.torch-xpu-ops.test.xpu.test_sparse_csr_xpu.TestSparseCompressedTritonKernelsXPU,test_triton_sampled_addmm_block_size_32_xpu_float32
644:op_ut,third_party.torch-xpu-ops.test.xpu.test_sparse_csr_xpu.TestSparseCompressedTritonKernelsXPU,test_triton_sampled_addmm_block_size_64_xpu_bfloat16
645:op_ut,third_party.torch-xpu-ops.test.xpu.test_sparse_csr_xpu.TestSparseCompressedTritonKernelsXPU,test_triton_sampled_addmm_block_size_64_xpu_float16
646:op_ut,third_party.torch-xpu-ops.test.xpu.test_sparse_csr_xpu.TestSparseCompressedTritonKernelsXPU,test_triton_sampled_addmm_block_size_64_xpu_float32
647:op_ut,third_party.torch-xpu-ops.test.xpu.test_sparse_csr_xpu.TestSparseCompressedTritonKernelsXPU,test_triton_bsr_softmax_xpu_float32
648:op_ut,third_party.torch-xpu-ops.test.xpu.test_sparse_csr_xpu.TestSparseCompressedTritonKernelsXPU,test_triton_bsr_softmax_xpu_float16
649:op_ut,third_party.torch-xpu-ops.test.xpu.test_sparse_csr_xpu.TestSparseCompressedTritonKernelsXPU,test_triton_bsr_softmax_xpu_bfloat16
651:op_ut,third_party.torch-xpu-ops.test.xpu.test_sparse_xpu.TestSparseAnyXPU,test_gradcheck_mm_SparseCSR_masked_fast_xpu_complex128
652:op_ut,third_party.torch-xpu-ops.test.xpu.test_sparse_xpu.TestSparseAnyXPU,test_gradcheck_mm_SparseCSR_masked_fast_xpu_float64
653:op_ut,third_party.torch-xpu-ops.test.xpu.test_sparse_xpu.TestSparseAnyXPU,test_gradcheck_mm_SparseCSR_masked_slow_xpu_complex128
654:op_ut,third_party.torch-xpu-ops.test.xpu.test_sparse_xpu.TestSparseAnyXPU,test_gradcheck_mm_SparseCSR_masked_slow_xpu_float64
667:op_ut,third_party.torch-xpu-ops.test.xpu.test_spectral_ops_xpu.TestFFTXPU,test_cufft_plan_cache_xpu_float64
668:op_ut,third_party.torch-xpu-ops.test.xpu.test_unary_ufuncs_xpu.TestUnaryUfuncsXPU,test_reference_numerics_extremal__refs_tan_xpu_complex64
669:op_ut,third_party.torch-xpu-ops.test.xpu.test_unary_ufuncs_xpu.TestUnaryUfuncsXPU,test_reference_numerics_extremal__refs_tanh_xpu_complex64
670:op_ut,third_party.torch-xpu-ops.test.xpu.test_unary_ufuncs_xpu.TestUnaryUfuncsXPU,test_reference_numerics_extremal_acos_xpu_complex64
671:op_ut,third_party.torch-xpu-ops.test.xpu.test_unary_ufuncs_xpu.TestUnaryUfuncsXPU,test_reference_numerics_extremal_acosh_xpu_complex64
672:op_ut,third_party.torch-xpu-ops.test.xpu.test_unary_ufuncs_xpu.TestUnaryUfuncsXPU,test_reference_numerics_extremal_asin_xpu_complex64
673:op_ut,third_party.torch-xpu-ops.test.xpu.test_unary_ufuncs_xpu.TestUnaryUfuncsXPU,test_reference_numerics_extremal_asinh_xpu_complex64
674:op_ut,third_party.torch-xpu-ops.test.xpu.test_unary_ufuncs_xpu.TestUnaryUfuncsXPU,test_reference_numerics_extremal_log10_xpu_complex64
675:op_ut,third_party.torch-xpu-ops.test.xpu.test_unary_ufuncs_xpu.TestUnaryUfuncsXPU,test_reference_numerics_extremal_log1p_xpu_complex64
676:op_ut,third_party.torch-xpu-ops.test.xpu.test_unary_ufuncs_xpu.TestUnaryUfuncsXPU,test_reference_numerics_extremal_log_xpu_complex64
677:op_ut,third_party.torch-xpu-ops.test.xpu.test_unary_ufuncs_xpu.TestUnaryUfuncsXPU,test_reference_numerics_normal_asinh_xpu_complex64
678:op_ut,third_party.torch-xpu-ops.test.xpu.test_unary_ufuncs_xpu.TestUnaryUfuncsXPU,test_reference_numerics_extremal_nn_functional_tanhshrink_xpu_complex64
679:op_ut,third_party.torch-xpu-ops.test.xpu.test_unary_ufuncs_xpu.TestUnaryUfuncsXPU,test_reference_numerics_extremal_round_decimals_3_xpu_bfloat16
680:op_ut,third_party.torch-xpu-ops.test.xpu.test_unary_ufuncs_xpu.TestUnaryUfuncsXPU,test_reference_numerics_extremal_tan_xpu_complex64
681:op_ut,third_party.torch-xpu-ops.test.xpu.test_unary_ufuncs_xpu.TestUnaryUfuncsXPU,test_reference_numerics_extremal_tanh_xpu_complex64
682:op_ut,third_party.torch-xpu-ops.test.xpu.test_unary_ufuncs_xpu.TestUnaryUfuncsXPU,test_reference_numerics_large__refs_acosh_xpu_complex64
683:op_ut,third_party.torch-xpu-ops.test.xpu.test_unary_ufuncs_xpu.TestUnaryUfuncsXPU,test_reference_numerics_large__refs_asinh_xpu_complex128
684:op_ut,third_party.torch-xpu-ops.test.xpu.test_unary_ufuncs_xpu.TestUnaryUfuncsXPU,test_reference_numerics_large__refs_asinh_xpu_complex32
685:op_ut,third_party.torch-xpu-ops.test.xpu.test_unary_ufuncs_xpu.TestUnaryUfuncsXPU,test_reference_numerics_large__refs_asinh_xpu_complex64
686:op_ut,third_party.torch-xpu-ops.test.xpu.test_unary_ufuncs_xpu.TestUnaryUfuncsXPU,test_reference_numerics_normal_nn_functional_tanhshrink_xpu_complex64
687:op_ut,third_party.torch-xpu-ops.test.xpu.test_unary_ufuncs_xpu.TestUnaryUfuncsXPU,test_reference_numerics_normal_polygamma_polygamma_n_1_xpu_float16
688:op_ut,third_party.torch-xpu-ops.test.xpu.test_unary_ufuncs_xpu.TestUnaryUfuncsXPU,test_reference_numerics_normal_polygamma_polygamma_n_2_xpu_float16
689:op_ut,third_party.torch-xpu-ops.test.xpu.test_unary_ufuncs_xpu.TestUnaryUfuncsXPU,test_reference_numerics_normal_polygamma_polygamma_n_3_xpu_float16
690:op_ut,third_party.torch-xpu-ops.test.xpu.test_unary_ufuncs_xpu.TestUnaryUfuncsXPU,test_reference_numerics_normal_polygamma_polygamma_n_4_xpu_float16
691:op_ut,third_party.torch-xpu-ops.test.xpu.test_unary_ufuncs_xpu.TestUnaryUfuncsXPU,test_reference_numerics_normal_round_decimals_3_xpu_bfloat16
692:op_ut,third_party.torch-xpu-ops.test.xpu.test_unary_ufuncs_xpu.TestUnaryUfuncsXPU,test_reference_numerics_large_acosh_xpu_complex64
693:op_ut,third_party.torch-xpu-ops.test.xpu.test_unary_ufuncs_xpu.TestUnaryUfuncsXPU,test_reference_numerics_large_asinh_xpu_complex128
694:op_ut,third_party.torch-xpu-ops.test.xpu.test_unary_ufuncs_xpu.TestUnaryUfuncsXPU,test_reference_numerics_large_asinh_xpu_complex32
695:op_ut,third_party.torch-xpu-ops.test.xpu.test_unary_ufuncs_xpu.TestUnaryUfuncsXPU,test_reference_numerics_large_asinh_xpu_complex64
696:op_ut,third_party.torch-xpu-ops.test.xpu.test_unary_ufuncs_xpu.TestUnaryUfuncsXPU,test_reference_numerics_normal__refs_asinh_xpu_complex64
698:op_ut,third_party.torch-xpu-ops.test.xpu.test_unary_ufuncs_xpu.TestUnaryUfuncsXPU,test_reference_numerics_extremal__refs_acos_xpu_complex64
699:op_ut,third_party.torch-xpu-ops.test.xpu.test_unary_ufuncs_xpu.TestUnaryUfuncsXPU,test_reference_numerics_extremal__refs_acosh_xpu_complex64
700:op_ut,third_party.torch-xpu-ops.test.xpu.test_unary_ufuncs_xpu.TestUnaryUfuncsXPU,test_reference_numerics_extremal__refs_asin_xpu_complex64
701:op_ut,third_party.torch-xpu-ops.test.xpu.test_unary_ufuncs_xpu.TestUnaryUfuncsXPU,test_reference_numerics_extremal__refs_asinh_xpu_complex64
702:op_ut,third_party.torch-xpu-ops.test.xpu.test_unary_ufuncs_xpu.TestUnaryUfuncsXPU,test_reference_numerics_extremal__refs_log10_xpu_complex64
703:op_ut,third_party.torch-xpu-ops.test.xpu.test_unary_ufuncs_xpu.TestUnaryUfuncsXPU,test_reference_numerics_extremal__refs_log1p_xpu_complex64
704:op_ut,third_party.torch-xpu-ops.test.xpu.test_unary_ufuncs_xpu.TestUnaryUfuncsXPU,test_reference_numerics_extremal__refs_log_xpu_complex64
705:op_ut,third_party.torch-xpu-ops.test.xpu.test_unary_ufuncs_xpu.TestUnaryUfuncsXPU,test_reference_numerics_normal__refs_nn_functional_tanhshrink_xpu_complex64
706:op_ut,third_party.torch-xpu-ops.test.xpu.test_unary_ufuncs_xpu.TestUnaryUfuncsXPU,test_reference_numerics_extremal__refs_nn_functional_tanhshrink_xpu_complex64
707:op_ut,third_party.torch-xpu-ops.test.xpu.dynamo.test_aot_autograd_cache_xpu.AOTAutogradCachePicklerTests,test_identical_graphs_and_configs
708:op_ut,third_party.torch-xpu-ops.test.xpu.dynamo.test_aot_autograd_cache_xpu.AOTAutogradCachePicklerTests,test_different_configs
709:op_ut,third_party.torch-xpu-ops.test.xpu.quantization.core.test_quantized_op_xpu.TestQuantizedOpsXPU,test_qsoftmax_qnnpack_xpu
711:op_ut,third_party.torch-xpu-ops.test.xpu.quantization.core.test_workflow_ops_xpu.TestFakeQuantizeOpsXPU,test_fq_module_per_tensor_xpu
712:op_ut,third_party.torch-xpu-ops.test.xpu.test_autograd_xpu.TestAutogradStreamSynchronizationXPU,test_side_stream_backward_overlap_xpu
714:op_ut,third_party.torch-xpu-ops.test.xpu.test_fake_tensor_xpu.FakeTensorOperatorInvariants,test_module_to
716:op_ut,third_party.torch-xpu-ops.test.xpu.test_foreach_xpu.TestForeachXPU,test_foreach_copy_with_multi_dtypes_large_input_xpu
717:op_ut,third_party.torch-xpu-ops.test.xpu.test_linalg_xpu.TestLinalgXPU,test_linalg_lstsq_input_checks_xpu_complex128
718:op_ut,third_party.torch-xpu-ops.test.xpu.test_linalg_xpu.TestLinalgXPU,test_linalg_lstsq_input_checks_xpu_complex64
719:op_ut,third_party.torch-xpu-ops.test.xpu.test_linalg_xpu.TestLinalgXPU,test_linalg_lstsq_input_checks_xpu_float32
720:op_ut,third_party.torch-xpu-ops.test.xpu.test_linalg_xpu.TestLinalgXPU,test_linalg_lstsq_input_checks_xpu_float64
721:op_ut,third_party.torch-xpu-ops.test.xpu.test_linalg_xpu.TestLinalgXPU,test_blas_alpha_beta_empty_xpu_complex128
722:op_ut,third_party.torch-xpu-ops.test.xpu.test_linalg_xpu.TestLinalgXPU,test_blas_alpha_beta_empty_xpu_complex64
723:op_ut,third_party.torch-xpu-ops.test.xpu.test_linalg_xpu.TestLinalgXPU,test_svd_xpu_complex128
724:op_ut,third_party.torch-xpu-ops.test.xpu.test_linalg_xpu.TestLinalgXPU,test_svd_xpu_complex64
725:op_ut,third_party.torch-xpu-ops.test.xpu.test_linalg_xpu.TestLinalgXPU,test_svd_xpu_float32
726:op_ut,third_party.torch-xpu-ops.test.xpu.test_linalg_xpu.TestLinalgXPU,test_svd_xpu_float64
727:op_ut,third_party.torch-xpu-ops.test.xpu.test_linalg_xpu.TestLinalgXPU,test_einsum_random_xpu_float64
736:op_ut,third_party.torch-xpu-ops.test.xpu.test_linalg_xpu.TestLinalgXPU,test_logaddexp_cpu_vs_cuda_complex_xpu
740:op_ut,third_party.torch-xpu-ops.test.xpu.test_meta_xpu.TestMetaXPU,test_meta_outplace_torch_ops_aten__flash_attention_forward_xpu_float16
743:op_ut,third_party.torch-xpu-ops.test.xpu.test_ops_xpu.TestCommonXPU,test_out_cholesky_inverse_xpu_float32
744:op_ut,third_party.torch-xpu-ops.test.xpu.test_ops_xpu.TestCommonXPU,test_out_geqrf_xpu_float32
745:op_ut,third_party.torch-xpu-ops.test.xpu.test_ops_xpu.TestFakeTensorXPU,test_fake_crossref_backward_amp_fft_hfft2_xpu_float32
746:op_ut,third_party.torch-xpu-ops.test.xpu.test_ops_xpu.TestFakeTensorXPU,test_fake_crossref_backward_amp_fft_hfftn_xpu_float32
747:op_ut,third_party.torch-xpu-ops.test.xpu.test_ops_xpu.TestFakeTensorXPU,test_fake_crossref_backward_amp_fft_irfft2_xpu_float32
748:op_ut,third_party.torch-xpu-ops.test.xpu.test_ops_xpu.TestFakeTensorXPU,test_fake_crossref_backward_amp_fft_irfftn_xpu_float32
749:op_ut,third_party.torch-xpu-ops.test.xpu.test_ops_xpu.TestCommonXPU,test_out_ormqr_xpu_float32
750:op_ut,third_party.torch-xpu-ops.test.xpu.test_ops_xpu.TestCompositeComplianceXPU,test_backward_nn_functional_conv_transpose3d_xpu_float32
753:op_ut,third_party.torch-xpu-ops.test.xpu.test_ops_xpu.TestCommonXPU,test_out_triangular_solve_xpu_float32
754:op_ut,third_party.torch-xpu-ops.test.xpu.test_ops_xpu.TestFakeTensorXPU,test_fake_crossref_backward_amp_nn_functional_max_unpool2d_grad_xpu_float32
755:op_ut,third_party.torch-xpu-ops.test.xpu.test_ops_xpu.TestFakeTensorXPU,test_fake_crossref_backward_amp_nn_functional_max_unpool2d_xpu_float32
756:op_ut,third_party.torch-xpu-ops.test.xpu.test_ops_xpu.TestCompositeComplianceXPU,test_cow_input_nn_functional_conv1d_xpu_float32
757:op_ut,third_party.torch-xpu-ops.test.xpu.test_ops_xpu.TestCompositeComplianceXPU,test_cow_input_nn_functional_conv2d_xpu_float32
758:op_ut,third_party.torch-xpu-ops.test.xpu.test_ops_xpu.TestCompositeComplianceXPU,test_cow_input_nn_functional_conv3d_xpu_float32
759:op_ut,third_party.torch-xpu-ops.test.xpu.test_ops_xpu.TestCompositeComplianceXPU,test_cow_input_nn_functional_conv_transpose1d_xpu_float32
760:op_ut,third_party.torch-xpu-ops.test.xpu.test_ops_xpu.TestCompositeComplianceXPU,test_cow_input_nn_functional_conv_transpose2d_xpu_float32
761:op_ut,third_party.torch-xpu-ops.test.xpu.test_ops_xpu.TestCompositeComplianceXPU,test_cow_input_nn_functional_conv_transpose3d_xpu_float32
762:op_ut,third_party.torch-xpu-ops.test.xpu.test_ops_xpu.TestCommonXPU,test_dtypes_addmm_decomposed_xpu
763:op_ut,third_party.torch-xpu-ops.test.xpu.test_ops_xpu.TestCommonXPU,test_dtypes_addmm_xpu
764:op_ut,third_party.torch-xpu-ops.test.xpu.test_ops_xpu.TestCommonXPU,test_dtypes_addmv_xpu
765:op_ut,third_party.torch-xpu-ops.test.xpu.test_ops_xpu.TestFakeTensorXPU,test_fake_crossref_backward_no_amp_fft_hfft2_xpu_float32
766:op_ut,third_party.torch-xpu-ops.test.xpu.test_ops_xpu.TestFakeTensorXPU,test_fake_crossref_backward_no_amp_fft_hfftn_xpu_float32
767:op_ut,third_party.torch-xpu-ops.test.xpu.test_ops_xpu.TestFakeTensorXPU,test_fake_crossref_backward_no_amp_fft_irfft2_xpu_float32
768:op_ut,third_party.torch-xpu-ops.test.xpu.test_ops_xpu.TestFakeTensorXPU,test_fake_crossref_backward_no_amp_fft_irfftn_xpu_float32
769:op_ut,third_party.torch-xpu-ops.test.xpu.test_ops_xpu.TestCommonXPU,test_dtypes_baddbmm_xpu
770:op_ut,third_party.torch-xpu-ops.test.xpu.test_ops_xpu.TestCommonXPU,test_python_ref__refs_true_divide_xpu_complex32
771:op_ut,third_party.torch-xpu-ops.test.xpu.test_ops_xpu.TestCommonXPU,test_dtypes_einsum_xpu
772:op_ut,third_party.torch-xpu-ops.test.xpu.test_ops_xpu.TestCommonXPU,test_python_ref_executor__refs_true_divide_executor_aten_xpu_complex32
774:op_ut,third_party.torch-xpu-ops.test.xpu.test_ops_xpu.TestFakeTensorXPU,test_fake_crossref_backward_no_amp_nn_functional_max_unpool2d_grad_xpu_float32
775:op_ut,third_party.torch-xpu-ops.test.xpu.test_ops_xpu.TestCommonXPU,test_dtypes_histogram_xpu
776:op_ut,third_party.torch-xpu-ops.test.xpu.test_ops_xpu.TestFakeTensorXPU,test_fake_crossref_backward_no_amp_nn_functional_max_unpool2d_xpu_float32
777:op_ut,third_party.torch-xpu-ops.test.xpu.test_ops_xpu.TestCommonXPU,test_dtypes_logaddexp_xpu
779:op_ut,third_party.torch-xpu-ops.test.xpu.test_ops_xpu.TestCommonXPU,test_dtypes_mm_xpu
780:op_ut,third_party.torch-xpu-ops.test.xpu.test_ops_xpu.TestCommonXPU,test_dtypes_mv_xpu
781:op_ut,third_party.torch-xpu-ops.test.xpu.test_ops_xpu.TestCommonXPU,test_errors_arange_xpu
782:op_ut,third_party.torch-xpu-ops.test.xpu.test_ops_xpu.TestCommonXPU,test_dtypes_nn_functional_conv1d_xpu
783:op_ut,third_party.torch-xpu-ops.test.xpu.test_ops_xpu.TestCommonXPU,test_dtypes_nn_functional_linear_xpu
784:op_ut,third_party.torch-xpu-ops.test.xpu.test_ops_xpu.TestCommonXPU,test_dtypes_nn_functional_conv2d_xpu
785:op_ut,third_party.torch-xpu-ops.test.xpu.test_ops_xpu.TestCommonXPU,test_dtypes_nn_functional_conv3d_xpu
786:op_ut,third_party.torch-xpu-ops.test.xpu.test_ops_xpu.TestCommonXPU,test_dtypes_nn_functional_conv_transpose1d_xpu
787:op_ut,third_party.torch-xpu-ops.test.xpu.test_ops_xpu.TestCommonXPU,test_dtypes_nn_functional_embedding_bag_xpu
788:op_ut,third_party.torch-xpu-ops.test.xpu.test_ops_xpu.TestCommonXPU,test_dtypes_nn_functional_conv_transpose2d_xpu
789:op_ut,third_party.torch-xpu-ops.test.xpu.test_ops_xpu.TestCommonXPU,test_dtypes_nn_functional_conv_transpose3d_xpu
790:op_ut,third_party.torch-xpu-ops.test.xpu.test_torch_xpu.TestBasicVitalSigns,test_basic_vitals
791:op_ut,third_party.torch-xpu-ops.test.xpu.test_torch_xpu.TestBasicVitalSigns,test_basic_vitals_read_write
792:op_ut,third_party.torch-xpu-ops.test.xpu.test_torch_xpu.TestBasicVitalSigns,test_dataloader_vitals
793:op_ut,third_party.torch-xpu-ops.test.xpu.test_transformers_xpu.TestSDPAFailureModesXPU,test_mem_eff_attention_large_seq_len_uniform_attention_xpu
794:op_ut,third_party.torch-xpu-ops.test.xpu.test_transformers_xpu.TestSDPAFailureModesXPU,test_mem_eff_attention_large_seq_len_uniform_attention_xpu
795:op_ut,third_party.torch-xpu-ops.test.xpu.test_transformers_xpu.TestSDPAFailureModesXPU,test_mem_eff_attention_large_seq_len_uniform_attention_xpu
