op_ut,third_party.torch-xpu-ops.test.xpu.dynamo.test_compiler_bisector_xpu.TestCompilerBisector,test_pre_grad
op_ut,third_party.torch-xpu-ops.test.xpu.dynamo.test_functions_xpu.FunctionTests,test_get_device_properties_tensor_device
op_ut,third_party.torch-xpu-ops.test.xpu.dynamo.test_functions_xpu.DefaultsTests,test_zip_strict
op_ut,third_party.torch-xpu-ops.test.xpu.dynamo.test_misc_xpu.MiscTests,test_const_dict_variable_python_type
op_ut,third_party.torch-xpu-ops.test.xpu.dynamo.test_misc_xpu.MiscTests,test_debugmode_warns_outside_ci
op_ut,third_party.torch-xpu-ops.test.xpu.dynamo.test_streams_xpu.TestStreams,test_local_stream_enter_exit
op_ut,third_party.torch-xpu-ops.test.xpu.dynamo.test_streams_xpu.TestStreams,test_local_stream_nested_enter_exit
op_ut,third_party.torch-xpu-ops.test.xpu.dynamo.test_streams_xpu.TestStreams,test_stream_backward_simple
op_ut,third_party.torch-xpu-ops.test.xpu.dynamo.test_streams_xpu.TestStreams,test_epilogue_copy_stream_tracking
op_ut,third_party.torch-xpu-ops.test.xpu.dynamo.test_streams_xpu.TestStreams,test_epilogue_copy_streams_inference
op_ut,third_party.torch-xpu-ops.test.xpu.dynamo.test_streams_xpu.TestStreams,test_event_tracing
op_ut,third_party.torch-xpu-ops.test.xpu.dynamo.test_streams_xpu.TestStreams,test_record_stream_problem_basic
op_ut,third_party.torch-xpu-ops.test.xpu.dynamo.test_streams_xpu.TestStreams,test_stream_enter_exit
op_ut,third_party.torch-xpu-ops.test.xpu.dynamo.test_streams_xpu.TestStreams,test_record_stream_problem_interleaved
op_ut,third_party.torch-xpu-ops.test.xpu.dynamo.test_streams_xpu.TestStreams,test_stream_backward_sync
op_ut,third_party.torch-xpu-ops.test.xpu.dynamo.test_streams_xpu.TestStreams,test_stream_with_mutation
op_ut,third_party.torch-xpu-ops.test.xpu.dynamo.test_streams_xpu.TestStreams,test_nested_stream_enter_exit
op_ut,third_party.torch-xpu-ops.test.xpu.export.test_converter_xpu.TestConverter,test_aten___getitem___dict
op_ut,third_party.torch-xpu-ops.test.xpu.export.test_converter_xpu.TestConverter,test_aten_tensor_prim_dtype
op_ut,third_party.torch-xpu-ops.test.xpu.export.test_converter_xpu.TestConverter,test_aten_append_t
op_ut,third_party.torch-xpu-ops.test.xpu.export.test_converter_xpu.TestConverter,test_convert_if_multiple_out
op_ut,third_party.torch-xpu-ops.test.xpu.export.test_converter_xpu.TestConverter,test_aten___getitem___list
op_ut,third_party.torch-xpu-ops.test.xpu.export.test_converter_xpu.TestConverter,test_aten_dim
op_ut,third_party.torch-xpu-ops.test.xpu.export.test_converter_xpu.TestConverter,test_aten_to_dtype_with_mutating_storage
op_ut,third_party.torch-xpu-ops.test.xpu.export.test_converter_xpu.TestConverter,test_convert_if_tuple_out
op_ut,third_party.torch-xpu-ops.test.xpu.export.test_converter_xpu.TestConverter,test_context_manager
op_ut,third_party.torch-xpu-ops.test.xpu.export.test_converter_xpu.TestConverter,test_aten_floordiv
op_ut,third_party.torch-xpu-ops.test.xpu.export.test_converter_xpu.TestConverter,test_convert_nn_module_with_nested_buffer
op_ut,third_party.torch-xpu-ops.test.xpu.export.test_converter_xpu.TestConverter,test_aten___is__
op_ut,third_party.torch-xpu-ops.test.xpu.export.test_converter_xpu.TestConverter,test_convert_retrace_nested_scripted_modules
op_ut,third_party.torch-xpu-ops.test.xpu.export.test_converter_xpu.TestConverter,test_prim_device
op_ut,third_party.torch-xpu-ops.test.xpu.export.test_converter_xpu.TestConverter,test_profiler__record_function
op_ut,third_party.torch-xpu-ops.test.xpu.export.test_converter_xpu.TestConverter,test_ts2ep_converter_container_output
op_ut,third_party.torch-xpu-ops.test.xpu.export.test_converter_xpu.TestConverter,test_convert_script_object
op_ut,third_party.torch-xpu-ops.test.xpu.export.test_converter_xpu.TestConverter,test_prim_device_cuda
op_ut,third_party.torch-xpu-ops.test.xpu.export.test_converter_xpu.TestConverter,test_raise_exception
op_ut,third_party.torch-xpu-ops.test.xpu.export.test_converter_xpu.TestConverter,test_ts2ep_converter_contains
op_ut,third_party.torch-xpu-ops.test.xpu.export.test_converter_xpu.TestConverter,test_convert_func_without_param
op_ut,third_party.torch-xpu-ops.test.xpu.export.test_converter_xpu.TestConverter,test_aten___isnot__
op_ut,third_party.torch-xpu-ops.test.xpu.export.test_converter_xpu.TestConverter,test_aten_len
op_ut,third_party.torch-xpu-ops.test.xpu.export.test_converter_xpu.TestConverter,test_convert_nn_module_with_nested_if_and_buffer
op_ut,third_party.torch-xpu-ops.test.xpu.export.test_converter_xpu.TestConverter,test_get_tensor_constants
op_ut,third_party.torch-xpu-ops.test.xpu.export.test_converter_xpu.TestConverter,test_prim_dtype
op_ut,third_party.torch-xpu-ops.test.xpu.export.test_converter_xpu.TestConverter,test_ts2ep_convert_quantized_model1
op_ut,third_party.torch-xpu-ops.test.xpu.export.test_converter_xpu.TestConverter,test_ts2ep_converter_custom_op
op_ut,third_party.torch-xpu-ops.test.xpu.export.test_converter_xpu.TestConverter,test_convert_if_basic
op_ut,third_party.torch-xpu-ops.test.xpu.export.test_converter_xpu.TestConverter,test_aten___not__
op_ut,third_party.torch-xpu-ops.test.xpu.export.test_converter_xpu.TestConverter,test_convert_nn_module_with_nested_if_and_param
op_ut,third_party.torch-xpu-ops.test.xpu.export.test_converter_xpu.TestConverter,test_aten_tensor_dtype_int
op_ut,third_party.torch-xpu-ops.test.xpu.export.test_converter_xpu.TestConverter,test_hidden_input_name
op_ut,third_party.torch-xpu-ops.test.xpu.export.test_converter_xpu.TestConverter,test_prim_max
op_ut,third_party.torch-xpu-ops.test.xpu.export.test_converter_xpu.TestConverter,test_ts2ep_convert_quantized_model_with_opcontext
op_ut,third_party.torch-xpu-ops.test.xpu.export.test_converter_xpu.TestConverter,test_ts2ep_converter_unpack
op_ut,third_party.torch-xpu-ops.test.xpu.export.test_converter_xpu.TestConverter,test_convert_if_duplicate_attr_names
op_ut,third_party.torch-xpu-ops.test.xpu.export.test_converter_xpu.TestConverter,test_aten_add_t
op_ut,third_party.torch-xpu-ops.test.xpu.export.test_converter_xpu.TestConverter,test_aten_tensor_dynamic
op_ut,third_party.torch-xpu-ops.test.xpu.export.test_converter_xpu.TestConverter,test_convert_nn_module_with_nested_param
op_ut,third_party.torch-xpu-ops.test.xpu.export.test_converter_xpu.TestConverter,test_prim_min
op_ut,third_party.torch-xpu-ops.test.xpu.export.test_converter_xpu.TestConverter,test_ts2ep_convert_quantized_model_with_opcontext_and_constant
op_ut,third_party.torch-xpu-ops.test.xpu.export.test_converter_xpu.TestConverter,test_implicit_constant_to_tensor_handling
op_ut,third_party.torch-xpu-ops.test.xpu.export.test_converter_xpu.TestConverter,test_ts2ep_multi_outputs_on_call_ops
op_ut,third_party.torch-xpu-ops.test.xpu.export.test_converter_xpu.TestConverter,test_prim_SetAttr
op_ut,third_party.torch-xpu-ops.test.xpu.export.test_converter_xpu.TestConverter,test_prim_tolist
op_ut,third_party.torch-xpu-ops.test.xpu.export.test_converter_xpu.TestConverter,test_ts2ep_converter_basic
op_ut,third_party.torch-xpu-ops.test.xpu.export.test_converter_xpu.TestConverter,test_ts2ep_with_loop
op_ut,third_party.torch-xpu-ops.test.xpu.export.test_draft_export_xpu.TestDraftExport,test_complex_data_dependent_expr
op_ut,third_party.torch-xpu-ops.test.xpu.export.test_draft_export_xpu.TestDraftExport,test_cuda_memory_usage
op_ut,third_party.torch-xpu-ops.test.xpu.export.test_draft_export_xpu.TestDraftExport,test_missing_meta_kernel_custom_op_basic
op_ut,third_party.torch-xpu-ops.test.xpu.export.test_draft_export_xpu.TestDraftExport,test_dedup_data_dependent_failure
op_ut,third_party.torch-xpu-ops.test.xpu.export.test_draft_export_xpu.TestDraftExport,test_missing_meta_kernel_custom_op_multiple_profiles
op_ut,third_party.torch-xpu-ops.test.xpu.export.test_draft_export_xpu.TestDraftExport,test_fake_infer_dense_in_memory_check
op_ut,third_party.torch-xpu-ops.test.xpu.export.test_draft_export_xpu.TestDraftExport,test_masked_linear
op_ut,third_party.torch-xpu-ops.test.xpu.export.test_draft_export_xpu.TestDraftExport,test_missing_meta_kernel_custom_op_update_profile
op_ut,third_party.torch-xpu-ops.test.xpu.export.test_draft_export_xpu.TestDraftExport,test_data_dependent_failure
op_ut,third_party.torch-xpu-ops.test.xpu.export.test_draft_export_xpu.TestDraftExport,test_constantify_unbacked_symbol
op_ut,third_party.torch-xpu-ops.test.xpu.export.test_draft_export_xpu.TestDraftExport,test_missing_meta_kernel_guard
op_ut,third_party.torch-xpu-ops.test.xpu.export.test_draft_export_xpu.TestDraftExport,test_override_incorrectly_aliasing_kernel
op_ut,third_party.torch-xpu-ops.test.xpu.export.test_draft_export_xpu.TestDraftExport,test_retry_on_constraint_violation_uses_dim_auto
op_ut,third_party.torch-xpu-ops.test.xpu.export.test_draft_export_xpu.TestDraftExport,test_side_effect_inps
op_ut,third_party.torch-xpu-ops.test.xpu.export.test_draft_export_xpu.TestDraftExport,test_missing_meta_kernel_impl
op_ut,third_party.torch-xpu-ops.test.xpu.export.test_draft_export_xpu.TestDraftExport,test_override_mismatched_fake_kernel_with_unbacked_symbols
op_ut,third_party.torch-xpu-ops.test.xpu.export.test_draft_export_xpu.TestDraftExport,test_shape_failure
op_ut,third_party.torch-xpu-ops.test.xpu.export.test_draft_export_xpu.TestDraftExport,test_torchbind
op_ut,third_party.torch-xpu-ops.test.xpu.export.test_draft_export_xpu.TestDraftExport,test_override_size_and_dtype_mismatched_fake_kernels
op_ut,third_party.torch-xpu-ops.test.xpu.export.test_draft_export_xpu.TestDraftExport,test_unbacked_div_mod_replacement
op_ut,third_party.torch-xpu-ops.test.xpu.export.test_draft_export_xpu.TestDraftExport,test_offsets
op_ut,third_party.torch-xpu-ops.test.xpu.export.test_draft_export_xpu.TestDraftExport,test_side_effect1
op_ut,third_party.torch-xpu-ops.test.xpu.export.test_export_xpu.TestExportCustomClass,test_bucketize_scalar_export
op_ut,third_party.torch-xpu-ops.test.xpu.export.test_export_xpu.TestExportCustomClass,test_export_script_module
op_ut,third_party.torch-xpu-ops.test.xpu.export.test_export_xpu.TestExportCustomClass,test_export_unbacked_lt
op_ut,third_party.torch-xpu-ops.test.xpu.export.test_export_xpu.TestExportCustomClass,test_int_lift_constant
op_ut,third_party.torch-xpu-ops.test.xpu.export.test_export_xpu.TestExportCustomClass,test_is_fx_tracing
op_ut,third_party.torch-xpu-ops.test.xpu.export.test_export_xpu.TestExportCustomClass,test_item
op_ut,third_party.torch-xpu-ops.test.xpu.export.test_export_xpu.TestExportCustomClass,test_lift_custom_obj
op_ut,third_party.torch-xpu-ops.test.xpu.export.test_export_xpu.TestExportCustomClass,test_preserve_cia_op
op_ut,third_party.torch-xpu-ops.test.xpu.export.test_export_xpu.TestExportCustomClass,test_preserve_non_cia_op
op_ut,third_party.torch-xpu-ops.test.xpu.export.test_export_xpu.TestExportCustomClass,test_unbacked_contiguous
op_ut,third_party.torch-xpu-ops.test.xpu.export.test_export_xpu.TestExportCustomClass,test_unbacked_select_index
op_ut,third_party.torch-xpu-ops.test.xpu.export.test_passes_xpu.TestPasses,test_functionalization_with_view_copy
op_ut,third_party.torch-xpu-ops.test.xpu.export.test_passes_xpu.TestPasses,test_custom_obj_tuple_out
op_ut,third_party.torch-xpu-ops.test.xpu.export.test_passes_xpu.TestPasses,test_move_device_example_inputs
op_ut,third_party.torch-xpu-ops.test.xpu.export.test_passes_xpu.TestPasses,test_move_to_device_pass
op_ut,third_party.torch-xpu-ops.test.xpu.export.test_passes_xpu.TestPasses,test_predispatch_set_grad
op_ut,third_party.torch-xpu-ops.test.xpu.export.test_passes_xpu.TestPasses,test_remove_effect_token_kwargs
op_ut,third_party.torch-xpu-ops.test.xpu.export.test_passes_xpu.TestPasses,test_sequential_split
op_ut,third_party.torch-xpu-ops.test.xpu.export.test_passes_xpu.TestPasses,test_runtime_assert_multiple_dims
op_ut,third_party.torch-xpu-ops.test.xpu.export.test_passes_xpu.TestPasses,test_inline_
op_ut,third_party.torch-xpu-ops.test.xpu.export.test_passes_xpu.TestPasses,test_fakify_script_objects
op_ut,third_party.torch-xpu-ops.test.xpu.export.test_passes_xpu.TestPasses,test_move_device_submod
op_ut,third_party.torch-xpu-ops.test.xpu.export.test_passes_xpu.TestPasses,test_predispatch_autocast
op_ut,third_party.torch-xpu-ops.test.xpu.export.test_passes_xpu.TestPasses,test_remove_auto_functionalized_pass
op_ut,third_party.torch-xpu-ops.test.xpu.export.test_passes_xpu.TestPasses,test_runtime_assert_inline_constraints_for_cond
op_ut,third_party.torch-xpu-ops.test.xpu.export.test_passes_xpu.TestPasses,test_runtime_assert_one_dim
op_ut,third_party.torch-xpu-ops.test.xpu.export.test_passes_xpu.TestPasses,test_sequential_split_graph
op_ut,third_party.torch-xpu-ops.test.xpu.export.test_passes_xpu.TestPasses,test_math_ops
op_ut,third_party.torch-xpu-ops.test.xpu.export.test_passes_xpu.TestPasses,test_fakify_script_objects_properly_handle_containers
op_ut,third_party.torch-xpu-ops.test.xpu.export.test_passes_xpu.TestPasses,test_predispatch_autocast_and_set_grad
op_ut,third_party.torch-xpu-ops.test.xpu.export.test_passes_xpu.TestPasses,test_move_device_to
op_ut,third_party.torch-xpu-ops.test.xpu.export.test_passes_xpu.TestPasses,test_remove_auto_functionalized_pass_tuple
op_ut,third_party.torch-xpu-ops.test.xpu.export.test_passes_xpu.TestPasses,test_runtime_assert_inline_constraints_for_item
op_ut,third_party.torch-xpu-ops.test.xpu.export.test_passes_xpu.TestPasses,test_runtime_assert_some_dims_not_specified
op_ut,third_party.torch-xpu-ops.test.xpu.export.test_passes_xpu.TestPasses,test_view_to_view_copy
op_ut,third_party.torch-xpu-ops.test.xpu.export.test_passes_xpu.TestPasses,test_runtime_assert_inline_constraints_for_nonzero
op_ut,third_party.torch-xpu-ops.test.xpu.export.test_passes_xpu.TestPasses,test_runtime_assert_some_inps_not_used
op_ut,third_party.torch-xpu-ops.test.xpu.export.test_passes_xpu.TestPasses,test_views_op_having_view_copy
op_ut,third_party.torch-xpu-ops.test.xpu.export.test_serdes_xpu.SerDesExportTestExport,test_vmap_to_assert_serdes_strict
op_ut,third_party.torch-xpu-ops.test.xpu.export.test_serdes_xpu.SerDesExportNonStrictTestExport,test_vmap_serdes_nonstrict
op_ut,third_party.torch-xpu-ops.test.xpu.export.test_serdes_xpu.SerDesExportNonStrictTestExport,test_vmap_to_assert_serdes_nonstrict
op_ut,third_party.torch-xpu-ops.test.xpu.export.test_serdes_xpu.SerDesExportTestExport,test_vmap_serdes_strict
op_ut,third_party.torch-xpu-ops.test.xpu.export.test_serialize_xpu.TestDeserialize,test_exportdb_supported_case_type_reflection_method
op_ut,third_party.torch-xpu-ops.test.xpu.export.test_serialize_xpu.TestDeserialize,test_exportdb_supported_case_class_method
op_ut,third_party.torch-xpu-ops.test.xpu.export.test_serialize_xpu.TestDeserialize,test_positional_argument_with_default_value
op_ut,third_party.torch-xpu-ops.test.xpu.export.test_serialize_xpu.TestDeserialize,test_exportdb_supported_case_dynamic_shape_slicing
op_ut,third_party.torch-xpu-ops.test.xpu.export.test_serialize_xpu.TestDeserialize,test_exportdb_supported_case_unsupported_operator
op_ut,third_party.torch-xpu-ops.test.xpu.export.test_serialize_xpu.TestDeserialize,test_exportdb_supported_case_dynamic_shape_view
op_ut,third_party.torch-xpu-ops.test.xpu.export.test_serialize_xpu.TestDeserialize,test_exportdb_supported_case_cond_branch_class_method
op_ut,third_party.torch-xpu-ops.test.xpu.export.test_serialize_xpu.TestDeserialize,test_pytree_namedtuple
op_ut,third_party.torch-xpu-ops.test.xpu.export.test_serialize_xpu.TestDeserialize,test_exportdb_supported_case_user_input_mutation
op_ut,third_party.torch-xpu-ops.test.xpu.export.test_serialize_xpu.TestDeserialize,test_exportdb_supported_case_fn_with_kwargs
op_ut,third_party.torch-xpu-ops.test.xpu.export.test_serialize_xpu.TestDeserialize,test_exportdb_supported_case_cond_branch_nested_function
op_ut,third_party.torch-xpu-ops.test.xpu.export.test_serialize_xpu.TestDeserialize,test_serialize_float8
op_ut,third_party.torch-xpu-ops.test.xpu.export.test_serialize_xpu.TestDeserialize,test_forward_compatibility
op_ut,third_party.torch-xpu-ops.test.xpu.export.test_serialize_xpu.TestDeserialize,test_exportdb_supported_case_cond_branch_nonlocal_variables
op_ut,third_party.torch-xpu-ops.test.xpu.export.test_serialize_xpu.TestDeserialize,test_exportdb_supported_case_list_contains
op_ut,third_party.torch-xpu-ops.test.xpu.export.test_serialize_xpu.TestDeserialize,test_shape
op_ut,third_party.torch-xpu-ops.test.xpu.export.test_serialize_xpu.TestDeserialize,test_exportdb_supported_case_cond_closed_over_variable
op_ut,third_party.torch-xpu-ops.test.xpu.export.test_serialize_xpu.TestDeserialize,test_exportdb_supported_case_list_unpack
op_ut,third_party.torch-xpu-ops.test.xpu.export.test_serialize_xpu.TestDeserialize,test_get_attr
op_ut,third_party.torch-xpu-ops.test.xpu.export.test_serialize_xpu.TestDeserialize,test_sym_bool
op_ut,third_party.torch-xpu-ops.test.xpu.export.test_serialize_xpu.TestDeserialize,test_sym_bool_dynamic_shapes
op_ut,third_party.torch-xpu-ops.test.xpu.export.test_serialize_xpu.TestDeserialize,test_get_attr_list
op_ut,third_party.torch-xpu-ops.test.xpu.export.test_serialize_xpu.TestDeserialize,test_exportdb_supported_case_model_attr_mutation
op_ut,third_party.torch-xpu-ops.test.xpu.export.test_serialize_xpu.TestDeserialize,test_exportdb_supported_case_cond_operands
op_ut,third_party.torch-xpu-ops.test.xpu.export.test_serialize_xpu.TestDeserialize,test_hoo_symint_input
op_ut,third_party.torch-xpu-ops.test.xpu.export.test_serialize_xpu.TestDeserialize,test_sym_bool_torch_check_equal
op_ut,third_party.torch-xpu-ops.test.xpu.export.test_serialize_xpu.TestDeserialize,test_exportdb_supported_case_nested_function
op_ut,third_party.torch-xpu-ops.test.xpu.export.test_serialize_xpu.TestDeserialize,test_exportdb_supported_case_cond_predicate
op_ut,third_party.torch-xpu-ops.test.xpu.export.test_serialize_xpu.TestDeserialize,test_sym_float
op_ut,third_party.torch-xpu-ops.test.xpu.export.test_serialize_xpu.TestDeserialize,test_exportdb_supported_case_null_context_manager
op_ut,third_party.torch-xpu-ops.test.xpu.export.test_serialize_xpu.TestDeserialize,test_exportdb_supported_case_constrain_as_size_example
op_ut,third_party.torch-xpu-ops.test.xpu.export.test_serialize_xpu.TestDeserialize,test_list_of_optional_tensors
op_ut,third_party.torch-xpu-ops.test.xpu.export.test_serialize_xpu.TestDeserialize,test_sym_int_torch_check_equal
op_ut,third_party.torch-xpu-ops.test.xpu.export.test_serialize_xpu.TestDeserialize,test_exportdb_supported_case_optional_input
op_ut,third_party.torch-xpu-ops.test.xpu.export.test_serialize_xpu.TestDeserialize,test_map
op_ut,third_party.torch-xpu-ops.test.xpu.export.test_serialize_xpu.TestDeserialize,test_exportdb_supported_case_constrain_as_value_example
op_ut,third_party.torch-xpu-ops.test.xpu.export.test_serialize_xpu.TestDeserialize,test_module
op_ut,third_party.torch-xpu-ops.test.xpu.export.test_serialize_xpu.TestDeserialize,test_sym_ite
op_ut,third_party.torch-xpu-ops.test.xpu.export.test_serialize_xpu.TestDeserialize,test_exportdb_supported_case_pytree_flatten
op_ut,third_party.torch-xpu-ops.test.xpu.export.test_serialize_xpu.TestDeserialize,test_exportdb_supported_case_decorator
op_ut,third_party.torch-xpu-ops.test.xpu.export.test_serialize_xpu.TestDeserialize,test_exportdb_supported_case_dictionary
op_ut,third_party.torch-xpu-ops.test.xpu.export.test_serialize_xpu.TestDeserialize,test_exportdb_supported_case_scalar_output
op_ut,third_party.torch-xpu-ops.test.xpu.export.test_serialize_xpu.TestDeserialize,test_tensor_tensor_list
op_ut,third_party.torch-xpu-ops.test.xpu.export.test_serialize_xpu.TestDeserialize,test_module_meta
op_ut,third_party.torch-xpu-ops.test.xpu.export.test_serialize_xpu.TestDeserialize,test_exportdb_supported_case_dynamic_shape_assert
op_ut,third_party.torch-xpu-ops.test.xpu.export.test_serialize_xpu.TestDeserialize,test_exportdb_supported_case_specialized_attribute
op_ut,third_party.torch-xpu-ops.test.xpu.export.test_serialize_xpu.TestDeserialize,test_multi_return
op_ut,third_party.torch-xpu-ops.test.xpu.export.test_serialize_xpu.TestDeserialize,test_unbacked_bindings_serialize
op_ut,third_party.torch-xpu-ops.test.xpu.export.test_serialize_xpu.TestDeserialize,test_exportdb_supported_case_dynamic_shape_constructor
op_ut,third_party.torch-xpu-ops.test.xpu.export.test_serialize_xpu.TestDeserialize,test_multiple_getitem
op_ut,third_party.torch-xpu-ops.test.xpu.export.test_serialize_xpu.TestDeserialize,test_exportdb_supported_case_static_for_loop
op_ut,third_party.torch-xpu-ops.test.xpu.export.test_serialize_xpu.TestDeserialize,test_exportdb_supported_case_dynamic_shape_if_guard
op_ut,third_party.torch-xpu-ops.test.xpu.export.test_serialize_xpu.TestDeserialize,test_none_input
op_ut,third_party.torch-xpu-ops.test.xpu.export.test_serialize_xpu.TestDeserialize,test_exportdb_supported_case_static_if
op_ut,third_party.torch-xpu-ops.test.xpu.export.test_serialize_xpu.TestDeserialize,test_exportdb_supported_case_dynamic_shape_map
op_ut,third_party.torch-xpu-ops.test.xpu.export.test_serialize_xpu.TestDeserialize,test_exportdb_supported_case_tensor_setattr
op_ut,third_party.torch-xpu-ops.test.xpu.export.test_serialize_xpu.TestDeserialize,test_optional_tuple
op_ut,third_party.torch-xpu-ops.test.xpu.export.test_serialize_xpu.TestDeserialize,test_custom_obj_list_out
op_ut,third_party.torch-xpu-ops.test.xpu.export.test_serialize_xpu.TestDeserialize,test_custom_obj_tuple_out
op_ut,third_party.torch-xpu-ops.test.xpu.export.test_serialize_xpu.TestSerializeCustomClass,test_backed_size_oblivious_serdes
op_ut,third_party.torch-xpu-ops.test.xpu.export.test_serialize_xpu.TestDeserialize,test_device
op_ut,third_party.torch-xpu-ops.test.xpu.export.test_serialize_xpu.TestSerializeCustomClass,test_custom_class
op_ut,third_party.torch-xpu-ops.test.xpu.export.test_serialize_xpu.TestDeserialize,test_dynamic
op_ut,third_party.torch-xpu-ops.test.xpu.export.test_serialize_xpu.TestSerializeCustomClass,test_custom_class_containing_fake_tensor
op_ut,third_party.torch-xpu-ops.test.xpu.export.test_serialize_xpu.TestDeserialize,test_export_no_inputs
op_ut,third_party.torch-xpu-ops.test.xpu.export.test_serialize_xpu.TestSerializeCustomClass,test_custom_class_input_to_function
op_ut,third_party.torch-xpu-ops.test.xpu.export.test_serialize_xpu.TestDeserialize,test_exportdb_supported_case_assume_constant_result
op_ut,third_party.torch-xpu-ops.test.xpu.export.test_serialize_xpu.TestSerializeCustomClass,test_custom_tag_metadata_serialization
op_ut,third_party.torch-xpu-ops.test.xpu.export.test_serialize_xpu.TestDeserialize,test_exportdb_supported_case_autograd_function
op_ut,third_party.torch-xpu-ops.test.xpu.export.test_serialize_xpu.TestSerializeCustomClass,test_unbacked_range_serdes
op_ut,third_party.torch-xpu-ops.test.xpu.export.test_serialize_xpu.TestDeserialize,test_constraints
op_ut,third_party.torch-xpu-ops.test.xpu.export.test_serialize_xpu.TestDeserialize,test_arg_from
op_ut,third_party.torch-xpu-ops.test.xpu.export.test_serialize_xpu.TestDeserialize,test_custom_obj
op_ut,third_party.torch-xpu-ops.test.xpu.export.test_serialize_xpu.TestDeserialize,test_auto_functionalize
op_ut,third_party.torch-xpu-ops.test.xpu.export.test_serialize_xpu.TestDeserialize,test_basic
op_ut,third_party.torch-xpu-ops.test.xpu.export.test_serialize_xpu.TestDeserialize,test_cond
op_ut,third_party.torch-xpu-ops.test.xpu.export.test_serialize_xpu.TestSerializeCustomClass,test_custom_tag_metadata_copy
op_ut,third_party.torch-xpu-ops.test.xpu.export.test_serialize_xpu.TestSerializeCustomClass,test_custom_tag_metadata_decomp
op_ut,third_party.torch-xpu-ops.test.xpu.export.test_torchbind_xpu.TestExportTorchbind,test_deepcopy
op_ut,third_party.torch-xpu-ops.test.xpu.export.test_torchbind_xpu.TestCompileTorchbind,test_compile_obj_torchbind_op_backend_eager
op_ut,third_party.torch-xpu-ops.test.xpu.export.test_torchbind_xpu.TestExportTorchbind,test_torchbind_input_and_alias_pre_dispatch_True
op_ut,third_party.torch-xpu-ops.test.xpu.export.test_torchbind_xpu.TestExportTorchbind,test_aot_export_tensor_queue_operators
op_ut,third_party.torch-xpu-ops.test.xpu.export.test_torchbind_xpu.TestExportTorchbind,test_make_fx_tensor_queue_methods_make_fx_tracing_mode_symbolic
op_ut,third_party.torch-xpu-ops.test.xpu.export.test_torchbind_xpu.TestCompileTorchbind,test_compile_script_object_input_guards_backend_aot_eager
op_ut,third_party.torch-xpu-ops.test.xpu.export.test_torchbind_xpu.TestCompileTorchbind,test_compile_obj_as_hop_input_backend_aot_eager
op_ut,third_party.torch-xpu-ops.test.xpu.export.test_torchbind_xpu.TestCompileTorchbind,test_compile_error_on_input_aliasing_contents_backend_inductor
op_ut,third_party.torch-xpu-ops.test.xpu.export.test_torchbind_xpu.TestExportTorchbind,test_attribute_as_custom_op_argument_pre_dispatch_False
op_ut,third_party.torch-xpu-ops.test.xpu.export.test_torchbind_xpu.TestExportTorchbind,test_make_fx_tensor_queue_operators_fallthrough_via_lib_impl
op_ut,third_party.torch-xpu-ops.test.xpu.export.test_torchbind_xpu.TestExportTorchbind,test_torchbind_op_fallthrough_keys_respects_lib_impl
op_ut,third_party.torch-xpu-ops.test.xpu.export.test_torchbind_xpu.TestCompileTorchbind,test_compile_obj_torchbind_op_backend_inductor
op_ut,third_party.torch-xpu-ops.test.xpu.export.test_torchbind_xpu.TestExportTorchbind,test_export_inplace_custom_op
op_ut,third_party.torch-xpu-ops.test.xpu.export.test_torchbind_xpu.TestCompileTorchbind,test_compile_script_object_input_guards_backend_eager
op_ut,third_party.torch-xpu-ops.test.xpu.export.test_torchbind_xpu.TestCompileTorchbind,test_compile_error_on_non_fakified_method_backend_aot_eager
op_ut,third_party.torch-xpu-ops.test.xpu.export.test_torchbind_xpu.TestCompileTorchbind,test_compile_obj_as_hop_input_backend_eager
op_ut,third_party.torch-xpu-ops.test.xpu.export.test_torchbind_xpu.TestExportTorchbind,test_torchbind_op_register_fallthrough
op_ut,third_party.torch-xpu-ops.test.xpu.export.test_torchbind_xpu.TestExportTorchbind,test_identifying_torchbind_ops
op_ut,third_party.torch-xpu-ops.test.xpu.export.test_torchbind_xpu.TestExportTorchbind,test_make_fx_tensor_queue_operators_fallthrough_via_py_impl
op_ut,third_party.torch-xpu-ops.test.xpu.export.test_torchbind_xpu.TestExportTorchbind,test_attribute_as_custom_op_argument_pre_dispatch_True
op_ut,third_party.torch-xpu-ops.test.xpu.export.test_torchbind_xpu.TestCompileTorchbind,test_compile_obj_torchbind_op_with_autocast_device_cpu_backend_aot_eager
op_ut,third_party.torch-xpu-ops.test.xpu.export.test_torchbind_xpu.TestCompileTorchbind,test_compile_error_on_non_fakified_method_backend_eager
op_ut,third_party.torch-xpu-ops.test.xpu.export.test_torchbind_xpu.TestCompileTorchbind,test_compile_obj_as_hop_input_backend_inductor
op_ut,third_party.torch-xpu-ops.test.xpu.export.test_torchbind_xpu.TestCompileTorchbind,test_compile_script_object_input_guards_backend_inductor
op_ut,third_party.torch-xpu-ops.test.xpu.export.test_torchbind_xpu.TestExportTorchbind,test_input_as_custom_op_argument_pre_dispatch_False
op_ut,third_party.torch-xpu-ops.test.xpu.export.test_torchbind_xpu.TestExportTorchbind,test_torchbind_register_attr_at_runtime_get_restored
op_ut,third_party.torch-xpu-ops.test.xpu.export.test_torchbind_xpu.TestExportTorchbind,test_method_schema
op_ut,third_party.torch-xpu-ops.test.xpu.export.test_torchbind_xpu.TestExportTorchbind,test_attribute_pre_dispatch_False
op_ut,third_party.torch-xpu-ops.test.xpu.export.test_torchbind_xpu.TestCompileTorchbind,test_compile_obj_torchbind_op_with_autocast_device_cpu_backend_eager
op_ut,third_party.torch-xpu-ops.test.xpu.export.test_torchbind_xpu.TestCompileTorchbind,test_compile_error_on_non_fakified_method_backend_inductor
op_ut,third_party.torch-xpu-ops.test.xpu.export.test_torchbind_xpu.TestCompileTorchbind,test_compile_tensor_op_in_tensor_flatten_backend_aot_eager
op_ut,third_party.torch-xpu-ops.test.xpu.export.test_torchbind_xpu.TestCompileTorchbind,test_compile_obj_attributes_backend_aot_eager
op_ut,third_party.torch-xpu-ops.test.xpu.export.test_torchbind_xpu.TestExportTorchbind,test_input_as_custom_op_argument_pre_dispatch_True
op_ut,third_party.torch-xpu-ops.test.xpu.export.test_torchbind_xpu.TestExportTorchbind,test_non_strict_export_methods
op_ut,third_party.torch-xpu-ops.test.xpu.export.test_torchbind_xpu.TestCompileTorchbind,test_compile_obj_torchbind_op_with_autocast_device_cpu_backend_inductor
op_ut,third_party.torch-xpu-ops.test.xpu.export.test_torchbind_xpu.TestExportTorchbind,test_attribute_pre_dispatch_True
op_ut,third_party.torch-xpu-ops.test.xpu.export.test_torchbind_xpu.TestExportTorchbind,test_unlift_custom_obj_pre_dispatch_False
op_ut,third_party.torch-xpu-ops.test.xpu.export.test_torchbind_xpu.TestCompileTorchbind,test_compile_error_on_script_obj_missing_attr_backend_aot_eager
op_ut,third_party.torch-xpu-ops.test.xpu.export.test_torchbind_xpu.TestCompileTorchbind,test_compile_obj_attributes_backend_eager
op_ut,third_party.torch-xpu-ops.test.xpu.export.test_torchbind_xpu.TestCompileTorchbind,test_compile_tensor_op_in_tensor_flatten_backend_eager
op_ut,third_party.torch-xpu-ops.test.xpu.export.test_torchbind_xpu.TestCompileTorchbind,test_compile_obj_torchbind_op_with_autocast_device_xpu_backend_aot_eager
op_ut,third_party.torch-xpu-ops.test.xpu.export.test_torchbind_xpu.TestExportTorchbind,test_none_pre_dispatch_False
op_ut,third_party.torch-xpu-ops.test.xpu.export.test_torchbind_xpu.TestExportTorchbind,test_input_pre_dispatch_False
op_ut,third_party.torch-xpu-ops.test.xpu.export.test_torchbind_xpu.TestExportTorchbind,test_unlift_custom_obj_pre_dispatch_True
op_ut,third_party.torch-xpu-ops.test.xpu.export.test_torchbind_xpu.TestExportTorchbind,test_custom_obj_list_out_pre_dispatch_False
op_ut,third_party.torch-xpu-ops.test.xpu.export.test_torchbind_xpu.TestCompileTorchbind,test_compile_error_on_script_obj_missing_attr_backend_eager
op_ut,third_party.torch-xpu-ops.test.xpu.export.test_torchbind_xpu.TestCompileTorchbind,test_compile_obj_attributes_backend_inductor
op_ut,third_party.torch-xpu-ops.test.xpu.export.test_torchbind_xpu.TestCompileTorchbind,test_compile_tensor_op_in_tensor_flatten_backend_inductor
op_ut,third_party.torch-xpu-ops.test.xpu.export.test_torchbind_xpu.TestExportTorchbind,test_none_pre_dispatch_True
op_ut,third_party.torch-xpu-ops.test.xpu.export.test_torchbind_xpu.TestExportTorchbind,test_input_pre_dispatch_True
op_ut,third_party.torch-xpu-ops.test.xpu.export.test_torchbind_xpu.TestExportTorchbind,test_custom_obj_list_out_pre_dispatch_True
op_ut,third_party.torch-xpu-ops.test.xpu.export.test_torchbind_xpu.TestCompileTorchbind,test_compile_obj_torchbind_op_with_autocast_device_xpu_backend_eager
op_ut,third_party.torch-xpu-ops.test.xpu.export.test_torchbind_xpu.TestCompileTorchbind,test_compile_body_aliasing_contents_backend_aot_eager
op_ut,third_party.torch-xpu-ops.test.xpu.export.test_torchbind_xpu.TestCompileTorchbind,test_export_obj_torchbind_op_with_autocast_device_cpu
op_ut,third_party.torch-xpu-ops.test.xpu.export.test_torchbind_xpu.TestCompileTorchbind,test_compile_obj_closure_backend_aot_eager
op_ut,third_party.torch-xpu-ops.test.xpu.export.test_torchbind_xpu.TestCompileTorchbind,test_compile_error_on_script_obj_setattr_backend_aot_eager
op_ut,third_party.torch-xpu-ops.test.xpu.export.test_torchbind_xpu.TestExportTorchbind,test_safe_to_trace_with_real
op_ut,third_party.torch-xpu-ops.test.xpu.export.test_torchbind_xpu.TestCompileTorchbind,test_compile_body_aliasing_contents_backend_eager
op_ut,third_party.torch-xpu-ops.test.xpu.export.test_torchbind_xpu.TestCompileTorchbind,test_compile_obj_torchbind_op_with_autocast_device_xpu_backend_inductor
op_ut,third_party.torch-xpu-ops.test.xpu.export.test_torchbind_xpu.TestExportTorchbind,test_custom_obj_tuple_out_pre_dispatch_False
op_ut,third_party.torch-xpu-ops.test.xpu.export.test_torchbind_xpu.TestExportTorchbind,test_make_fx_schema_checking_script_object
op_ut,third_party.torch-xpu-ops.test.xpu.export.test_torchbind_xpu.TestCompileTorchbind,test_compile_error_on_script_obj_setattr_backend_eager
op_ut,third_party.torch-xpu-ops.test.xpu.export.test_torchbind_xpu.TestCompileTorchbind,test_compile_obj_closure_backend_eager
op_ut,third_party.torch-xpu-ops.test.xpu.export.test_torchbind_xpu.TestCompileTorchbind,test_export_obj_torchbind_op_with_autocast_device_xpu
op_ut,third_party.torch-xpu-ops.test.xpu.export.test_torchbind_xpu.TestExportTorchbind,test_custom_obj_tuple_out_pre_dispatch_True
op_ut,third_party.torch-xpu-ops.test.xpu.export.test_torchbind_xpu.TestExportTorchbind,test_torchbind_alias_pre_dispatch_False
op_ut,third_party.torch-xpu-ops.test.xpu.export.test_torchbind_xpu.TestExportTorchbind,test_make_fx_tensor_queue_methods_fakify_internal_states_make_fx_tracing_mode_fake
op_ut,third_party.torch-xpu-ops.test.xpu.export.test_torchbind_xpu.TestCompileTorchbind,test_compile_script_object_input_automatic_dynamic_shape
op_ut,third_party.torch-xpu-ops.test.xpu.export.test_torchbind_xpu.TestCompileTorchbind,test_compile_body_aliasing_contents_backend_inductor
op_ut,third_party.torch-xpu-ops.test.xpu.export.test_torchbind_xpu.TestCompileTorchbind,test_compile_global_obj_backend_aot_eager
op_ut,third_party.torch-xpu-ops.test.xpu.export.test_torchbind_xpu.TestRegisterFakeClass,test_register_fake_class_from_real_not_classmethod
op_ut,third_party.torch-xpu-ops.test.xpu.export.test_torchbind_xpu.TestCompileTorchbind,test_compile_obj_closure_backend_inductor
op_ut,third_party.torch-xpu-ops.test.xpu.export.test_torchbind_xpu.TestExportTorchbind,test_make_fx_tensor_queue_methods_fakify_internal_states_make_fx_tracing_mode_symbolic
op_ut,third_party.torch-xpu-ops.test.xpu.export.test_torchbind_xpu.TestExportTorchbind,test_custom_obj_unbacked_symint_pre_dispatch_False
op_ut,third_party.torch-xpu-ops.test.xpu.export.test_torchbind_xpu.TestCompileTorchbind,test_compile_script_object_input_backend_aot_eager
op_ut,third_party.torch-xpu-ops.test.xpu.export.test_torchbind_xpu.TestExportTorchbind,test_torchbind_alias_pre_dispatch_True
op_ut,third_party.torch-xpu-ops.test.xpu.export.test_torchbind_xpu.TestCompileTorchbind,test_compile_error_on_input_aliasing_contents_backend_aot_eager
op_ut,third_party.torch-xpu-ops.test.xpu.export.test_torchbind_xpu.TestCompileTorchbind,test_compile_global_obj_backend_eager
op_ut,third_party.torch-xpu-ops.test.xpu.export.test_torchbind_xpu.TestRegisterFakeClass,test_register_fake_class_no_from_real
op_ut,third_party.torch-xpu-ops.test.xpu.export.test_torchbind_xpu.TestCompileTorchbind,test_compile_obj_graph_breaks
op_ut,third_party.torch-xpu-ops.test.xpu.export.test_torchbind_xpu.TestCompileTorchbind,test_compile_error_on_input_aliasing_contents_backend_eager
op_ut,third_party.torch-xpu-ops.test.xpu.export.test_torchbind_xpu.TestExportTorchbind,test_torchbind_input_and_alias_pre_dispatch_False
op_ut,third_party.torch-xpu-ops.test.xpu.export.test_torchbind_xpu.TestCompileTorchbind,test_compile_script_object_input_backend_eager
op_ut,third_party.torch-xpu-ops.test.xpu.export.test_torchbind_xpu.TestExportTorchbind,test_make_fx_tensor_queue_methods_make_fx_tracing_mode_fake
op_ut,third_party.torch-xpu-ops.test.xpu.export.test_torchbind_xpu.TestExportTorchbind,test_custom_obj_unbacked_symint_pre_dispatch_True
op_ut,third_party.torch-xpu-ops.test.xpu.export.test_torchbind_xpu.TestCompileTorchbind,test_compile_global_obj_backend_inductor
op_ut,third_party.torch-xpu-ops.test.xpu.export.test_torchbind_xpu.TestRegisterFakeClass,test_register_fake_class_no_torch_bind_class
op_ut,third_party.torch-xpu-ops.test.xpu.export.test_torchbind_xpu.TestCompileTorchbind,test_compile_obj_torchbind_op_backend_aot_eager
op_ut,third_party.torch-xpu-ops.test.xpu.export.test_torchbind_xpu.TestCompileTorchbind,test_compile_script_object_input_backend_inductor
op_ut,third_party.torch-xpu-ops.test.xpu.export.test_torchbind_xpu.TestRegisterFakeClass,test_register_fake_class_valid
op_ut,third_party.torch-xpu-ops.test.xpu.functorch.test_control_flow_xpu.AssociativeScanTests,test_associative_scan_output_output_alias
op_ut,third_party.torch-xpu-ops.test.xpu.functorch.test_control_flow_xpu.TestControlFlow,test_cond_autograd_different_pytree_output
op_ut,third_party.torch-xpu-ops.test.xpu.functorch.test_control_flow_xpu.TestControlFlow,test_map_illegal_outputs
op_ut,third_party.torch-xpu-ops.test.xpu.functorch.test_control_flow_xpu.TestControlFlow,test_scan_float_output
op_ut,third_party.torch-xpu-ops.test.xpu.functorch.test_control_flow_xpu.TestControlFlowTraced,test_input_input_alias
op_ut,third_party.torch-xpu-ops.test.xpu.functorch.test_control_flow_xpu.TestControlFlowTraced,test_input_mutation_inference_mode_False
op_ut,third_party.torch-xpu-ops.test.xpu.functorch.test_control_flow_xpu.TestControlFlowTraced,test_input_mutation_inference_mode_True
op_ut,third_party.torch-xpu-ops.test.xpu.functorch.test_control_flow_xpu.TestControlFlowTraced,test_input_output_alias
op_ut,third_party.torch-xpu-ops.test.xpu.functorch.test_control_flow_xpu.TestControlFlowTraced,test_map_functionalized_elem_alias
op_ut,third_party.torch-xpu-ops.test.xpu.functorch.test_control_flow_xpu.TestControlFlow,test_scan_carry_carry_alias
op_ut,third_party.torch-xpu-ops.test.xpu.functorch.test_control_flow_xpu.TestControlFlow,test_scan_carry_output_alias
op_ut,third_party.torch-xpu-ops.test.xpu.functorch.test_control_flow_xpu.TestControlFlowTraced,test_raise_error_on_mismatch_type_size
op_ut,third_party.torch-xpu-ops.test.xpu.functorch.test_control_flow_xpu.TestControlFlowTraced,test_raise_error_on_mismatch_type_size_fake_tensor
op_ut,third_party.torch-xpu-ops.test.xpu.functorch.test_control_flow_xpu.TestControlFlow,test_scan_init_wrong_pytree_carry_shape
op_ut,third_party.torch-xpu-ops.test.xpu.functorch.test_control_flow_xpu.TestControlFlow,test_scan_input_carry_alias
op_ut,third_party.torch-xpu-ops.test.xpu.functorch.test_control_flow_xpu.TestControlFlow,test_scan_input_mutation
op_ut,third_party.torch-xpu-ops.test.xpu.functorch.test_control_flow_xpu.TestControlFlow,test_scan_input_output_alias
op_ut,third_party.torch-xpu-ops.test.xpu.functorch.test_control_flow_xpu.TestControlFlowTraced,test_while_loop_autograd_simple
op_ut,third_party.torch-xpu-ops.test.xpu.functorch.test_control_flow_xpu.TestControlFlow,test_scan_multiple_layers_gradient_layers_1_device_cuda
op_ut,third_party.torch-xpu-ops.test.xpu.functorch.test_control_flow_xpu.TestControlFlow,test_scan_multiple_layers_gradient_layers_2_device_cuda
op_ut,third_party.torch-xpu-ops.test.xpu.functorch.test_control_flow_xpu.TestHopSchema,test_function_schema_gen
op_ut,third_party.torch-xpu-ops.test.xpu.functorch.test_control_flow_xpu.TestHopSchema,test_list_gen_schema_type_ScriptObj
op_ut,third_party.torch-xpu-ops.test.xpu.functorch.test_control_flow_xpu.TestHopSchema,test_type_gen_schema_type_ScriptObj
op_ut,third_party.torch-xpu-ops.test.xpu.functorch.test_control_flow_xpu.TestControlFlow,test_scan_multiple_layers_gradient_layers_3_device_cuda
op_ut,third_party.torch-xpu-ops.test.xpu.functorch.test_control_flow_xpu.AssociativeScanTests,test_associative_scan_input_mutation
op_ut,third_party.torch-xpu-ops.test.xpu.functorch.test_control_flow_xpu.AssociativeScanTests,test_associative_scan_input_output_alias
op_ut,third_party.torch-xpu-ops.test.xpu.functorch.test_control_flow_xpu.TestControlFlow,test_scan_one_return
op_ut,third_party.torch-xpu-ops.test.xpu.functorch.test_control_flow_xpu.TestControlFlow,test_scan_pytree_output
op_ut,third_party.torch-xpu-ops.test.xpu.functorch.test_control_flow_xpu.AssociativeScanTests,test_associative_scan_wrong_pytree
op_ut,third_party.torch-xpu-ops.test.xpu.functorch.test_control_flow_xpu.TestControlFlowTraced,test_cond_functionalized_input_aliasing_with_aot_func
op_ut,third_party.torch-xpu-ops.test.xpu.functorch.test_control_flow_xpu.TestControlFlowTraced,test_cond_functionalized_nested_input_mutation_with_aot_func
op_ut,third_party.torch-xpu-ops.test.xpu.functorch.test_control_flow_xpu.TestControlFlowTraced,test_cond_functionalized_output_alias_input
op_ut,third_party.torch-xpu-ops.test.xpu.functorch.test_control_flow_xpu.TestControlFlowTraced,test_cond_mismatched_branch_output_dynamic_True_backend_eager
op_ut,third_party.torch-xpu-ops.test.xpu.functorch.test_control_flow_xpu.TestControlFlowTraced,test_cond_trace_set__and_mutate_input
op_ut,third_party.torch-xpu-ops.test.xpu.functorch.test_control_flow_xpu.AssociativeScanTests,test_associative_scan_pytree_output
op_ut,,third_party.torch-xpu-ops.test.xpu.functorch.test_ops_xpu
op_ut,,third_party.torch-xpu-ops.test.xpu.functorch.test_vmap_xpu
op_ut,third_party.torch-xpu-ops.test.xpu.higher_order_ops.test_with_effects_xpu.TestWithEffects,test_effects_and_input_mutation_is_output
op_ut,third_party.torch-xpu-ops.test.xpu.higher_order_ops.test_with_effects_xpu.TestWithEffects,test_alias_op
op_ut,third_party.torch-xpu-ops.test.xpu.higher_order_ops.test_with_effects_xpu.TestWithEffects,test_export_invoke_subgraph
op_ut,third_party.torch-xpu-ops.test.xpu.higher_order_ops.test_with_effects_xpu.TestWithEffects,test_print_with_input_mutations
op_ut,third_party.torch-xpu-ops.test.xpu.higher_order_ops.test_with_effects_xpu.TestWithEffects,test_regular_effectful_op_only_in_backward
op_ut,third_party.torch-xpu-ops.test.xpu.higher_order_ops.test_with_effects_xpu.TestWithEffects,test_dce
op_ut,third_party.torch-xpu-ops.test.xpu.higher_order_ops.test_with_effects_xpu.TestWithEffects,test_effectful_op_in_backward
op_ut,third_party.torch-xpu-ops.test.xpu.higher_order_ops.test_with_effects_xpu.TestWithEffects,test_compile_aot_eager_requires_grad
op_ut,third_party.torch-xpu-ops.test.xpu.higher_order_ops.test_with_effects_xpu.TestWithEffects,test_effects_and_input_mutation_return
op_ut,third_party.torch-xpu-ops.test.xpu.higher_order_ops.test_with_effects_xpu.TestWithEffects,test_compile_aot_eager
op_ut,third_party.torch-xpu-ops.test.xpu.higher_order_ops.test_with_effects_xpu.TestWithEffects,test_torchbind_custom_op
op_ut,third_party.torch-xpu-ops.test.xpu.higher_order_ops.test_with_effects_xpu.TestWithEffects,test_print
op_ut,third_party.torch-xpu-ops.test.xpu.higher_order_ops.test_with_effects_xpu.TestWithEffects,test_effectful_op_with_flex_attention
op_ut,third_party.torch-xpu-ops.test.xpu.higher_order_ops.test_with_effects_xpu.TestWithEffects,test_effect_autograd_function
op_ut,third_party.torch-xpu-ops.test.xpu.higher_order_ops.test_with_effects_xpu.TestWithEffects,test_register_effectful_custom_op
op_ut,third_party.torch-xpu-ops.test.xpu.higher_order_ops.test_with_effects_xpu.TestWithEffects,test_compile_inductor
op_ut,third_party.torch-xpu-ops.test.xpu.higher_order_ops.test_with_effects_xpu.TestWithEffects,test_effects_and_input_output_view_simple
op_ut,third_party.torch-xpu-ops.test.xpu.higher_order_ops.test_with_effects_xpu.TestWithEffects,test_with_effects_through_functional_tensor_mode
op_ut,third_party.torch-xpu-ops.test.xpu.higher_order_ops.test_with_effects_xpu.TestWithEffects,test_print_with_buffer_mutations
op_ut,third_party.torch-xpu-ops.test.xpu.higher_order_ops.test_with_effects_xpu.TestWithEffects,test_regular_effectful_op_in_forward_and_backward
op_ut,third_party.torch-xpu-ops.test.xpu.higher_order_ops.test_with_effects_xpu.TestWithEffects,test_effectful_custom_op_with_subclasses
op_ut,third_party.torch-xpu-ops.test.xpu.higher_order_ops.test_with_effects_xpu.TestWithEffects,test_effects_and_aliased_outputs
op_ut,third_party.torch-xpu-ops.test.xpu.higher_order_ops.test_with_effects_xpu.TestWithEffects,test_compile_inductor_external_op_return_none
op_ut,third_party.torch-xpu-ops.test.xpu.nn.test_convolution_xpu.TestConvolutionNN,test_slow_conv_dilated3d_unbatched
op_ut,third_party.torch-xpu-ops.test.xpu.nn.test_convolution_xpu.TestConvolutionNN,test_Conv2d_groups_nobias
op_ut,third_party.torch-xpu-ops.test.xpu.nn.test_convolution_xpu.TestConvolutionNNDeviceTypeXPU,test_Conv2d_naive_groups_xpu_float16
op_ut,third_party.torch-xpu-ops.test.xpu.nn.test_convolution_xpu.TestConvolutionNNDeviceTypeXPU,test_depthwise_conv_64bit_indexing_xpu
op_ut,third_party.torch-xpu-ops.test.xpu.profiler.test_cpp_thread_xpu.CppThreadTestXPU,test_without_enable_profiler_in_child_thread_xpu
op_ut,third_party.torch-xpu-ops.test.xpu.profiler.test_cpp_thread_xpu.CppThreadTestXPU,test_with_enable_profiler_in_child_thread_xpu
op_ut,third_party.torch-xpu-ops.test.xpu.profiler.test_profiler_xpu.TestProfiler,test_disable_external_correlation
op_ut,third_party.torch-xpu-ops.test.xpu.profiler.test_profiler_xpu.TestProfiler,test_dynamic_toggle
op_ut,third_party.torch-xpu-ops.test.xpu.quantization.core.test_quantized_tensor_xpu.TestQuantizedTensorXPU,test_per_channel_to_device_xpu
op_ut,third_party.torch-xpu-ops.test.xpu.quantization.core.test_quantized_tensor_xpu.TestQuantizedTensorXPU,test_qtensor_masked_fill_cuda_xpu
op_ut,third_party.torch-xpu-ops.test.xpu.quantization.core.test_quantized_tensor_xpu.TestQuantizedTensorXPU,test_qtensor_cuda_xpu
op_ut,third_party.torch-xpu-ops.test.xpu.quantization.core.test_quantized_tensor_xpu.TestQuantizedTensorXPU,test_per_tensor_to_device_xpu
op_ut,third_party.torch-xpu-ops.test.xpu.quantization.core.test_quantized_tensor_xpu.TestQuantizedTensorXPU,test_per_channel_qtensor_creation_cuda_xpu
op_ut,third_party.torch-xpu-ops.test.xpu.quantization.core.test_quantized_tensor_xpu.TestQuantizedTensorXPU,test_qtensor_index_put_cuda_xpu
op_ut,third_party.torch-xpu-ops.test.xpu.quantization.core.test_quantized_tensor_xpu.TestQuantizedTensorXPU,test_qtensor_index_select_cuda_xpu
op_ut,third_party.torch-xpu-ops.test.xpu.test_custom_ops_xpu.TestCustomOpTestingXPU,test_missing_abstract_impl_xpu
op_ut,third_party.torch-xpu-ops.test.xpu.test_custom_ops_xpu.TestCustomOpTestingXPU,test_opcheck_fails_basic_xpu
op_ut,third_party.torch-xpu-ops.test.xpu.test_custom_ops_xpu.TestCustomOpAPI,test_register_autograd_defaults
op_ut,third_party.torch-xpu-ops.test.xpu.test_custom_ops_xpu.TestCustomOpAPI,test_register_autograd_error_cases
op_ut,third_party.torch-xpu-ops.test.xpu.test_custom_ops_xpu.TestCustomOp,test_backward_dict_grad_for_nontensor
op_ut,third_party.torch-xpu-ops.test.xpu.test_custom_ops_xpu.TestCustomOpAPI,test_no_grad_skips_autograd
op_ut,third_party.torch-xpu-ops.test.xpu.test_dataloader_xpu.TestDataLoaderDeviceTypeXPU,test_nested_tensor_multiprocessing_context_forkserver_xpu
op_ut,third_party.torch-xpu-ops.test.xpu.test_dataloader_xpu.TestDataLoaderDeviceTypeXPU,test_nested_tensor_multiprocessing_context_spawn_xpu
op_ut,third_party.torch-xpu-ops.test.xpu.test_dataloader_xpu.TestDataLoaderDeviceTypeXPU,test_sparse_tensor_multiprocessing_context_forkserver_xpu
op_ut,third_party.torch-xpu-ops.test.xpu.test_dataloader_xpu.TestDataLoaderDeviceTypeXPU,test_sparse_tensor_multiprocessing_context_spawn_xpu
op_ut,third_party.torch-xpu-ops.test.xpu.test_fx_xpu.TestFX,test_custom_proxy_dynamic_value
op_ut,third_party.torch-xpu-ops.test.xpu.test_fx_xpu.TestFX,test_all_input_nodes
op_ut,third_party.torch-xpu-ops.test.xpu.test_fx_xpu.TestFX,test_reserved_getattr
op_ut,third_party.torch-xpu-ops.test.xpu.test_fx_xpu.TestFX,test_interpreter_gc_values
op_ut,third_party.torch-xpu-ops.test.xpu.test_fx_xpu.TestFX,test_user_friendly_call_provenance_with_module
op_ut,third_party.torch-xpu-ops.test.xpu.test_fx_xpu.TestFX,test_fx_create_arg
op_ut,third_party.torch-xpu-ops.test.xpu.test_fx_xpu.TestFX,test_partial_trace
op_ut,third_party.torch-xpu-ops.test.xpu.test_fx_xpu.TestFX,test_torch_op_overloads
op_ut,third_party.torch-xpu-ops.test.xpu.test_fx_xpu.TestFX,test_custom_proxy_input_dependent_control_flow
op_ut,third_party.torch-xpu-ops.test.xpu.test_fx_xpu.TestFX,test_torchbind_class_attribute_in_fx
op_ut,third_party.torch-xpu-ops.test.xpu.test_fx_xpu.TestFX,test_annotation_with_future
op_ut,third_party.torch-xpu-ops.test.xpu.test_fx_xpu.TestFX,test_return_tuple
op_ut,third_party.torch-xpu-ops.test.xpu.test_fx_xpu.TestFX,test_fx_shifts
op_ut,third_party.torch-xpu-ops.test.xpu.test_fx_xpu.TestFX,test_pickle_custom_import
op_ut,third_party.torch-xpu-ops.test.xpu.test_fx_xpu.TestFX,test_interpreter_noop_resnet18
op_ut,third_party.torch-xpu-ops.test.xpu.test_fx_xpu.TestFX,test_varargs_concrete
op_ut,third_party.torch-xpu-ops.test.xpu.test_fx_xpu.TestFX,test_annotations_empty_tuple
op_ut,third_party.torch-xpu-ops.test.xpu.test_fx_xpu.TestFX,test_torchbind_class_attribute_in_fx_tensor_arg
op_ut,third_party.torch-xpu-ops.test.xpu.test_fx_xpu.TestFX,test_custom_proxy_type
op_ut,third_party.torch-xpu-ops.test.xpu.test_fx_xpu.TestFX,test_fx_stateless
op_ut,third_party.torch-xpu-ops.test.xpu.test_fx_xpu.TestFX,test_return_type_exists
op_ut,third_party.torch-xpu-ops.test.xpu.test_fx_xpu.TestFX,test_pickle_graphmodule
op_ut,third_party.torch-xpu-ops.test.xpu.test_fx_xpu.TestFX,test_interpreter_not_enough_args
op_ut,third_party.torch-xpu-ops.test.xpu.test_fx_xpu.TestFX,test_wrap
op_ut,third_party.torch-xpu-ops.test.xpu.test_fx_xpu.TestFX,test_custom_proxy_type_literal
op_ut,third_party.torch-xpu-ops.test.xpu.test_fx_xpu.TestFX,test_annotations_with_forward_references
op_ut,third_party.torch-xpu-ops.test.xpu.test_fx_xpu.TestFX,test_get_torch_func_signature
op_ut,third_party.torch-xpu-ops.test.xpu.test_fx_xpu.TestFX,test_pickle_nonetype_annotation
op_ut,third_party.torch-xpu-ops.test.xpu.test_fx_xpu.TestFX,test_return_type_exists_pre_pep585
op_ut,third_party.torch-xpu-ops.test.xpu.test_fx_xpu.TestFX,test_wrap_decorated_function
op_ut,third_party.torch-xpu-ops.test.xpu.test_fx_xpu.TestFX,test_interpreter_onthefly_swap
op_ut,third_party.torch-xpu-ops.test.xpu.test_fx_xpu.TestFX,test_trace_dict_int_keys
op_ut,third_party.torch-xpu-ops.test.xpu.test_fx_xpu.TestFX,test_annotations_with_no_forward_references
op_ut,third_party.torch-xpu-ops.test.xpu.test_fx_xpu.TestFX,test_custom_traceback_not_raised_when_exception_source_is_submodule
op_ut,third_party.torch-xpu-ops.test.xpu.test_fx_xpu.TestFX,test_wrap_fn_directly
op_ut,third_party.torch-xpu-ops.test.xpu.test_fx_xpu.TestFX,test_pickle_torch_custom_ops
op_ut,third_party.torch-xpu-ops.test.xpu.test_fx_xpu.TestFX,test_interpreter_other_graph
op_ut,third_party.torch-xpu-ops.test.xpu.test_fx_xpu.TestFX,test_script_method_trace
op_ut,third_party.torch-xpu-ops.test.xpu.test_fx_xpu.TestFX,test_custom_traceback_raised_when_exception_source_is_graphmodule
op_ut,third_party.torch-xpu-ops.test.xpu.test_fx_xpu.TestFX,test_annotations_with_non_torch_reference_and_internal_forward_references
op_ut,third_party.torch-xpu-ops.test.xpu.test_fx_xpu.TestFX,test_trace_dict_proxy_keys
op_ut,third_party.torch-xpu-ops.test.xpu.test_fx_xpu.TestFX,test_getitem_subproc
op_ut,third_party.torch-xpu-ops.test.xpu.test_fx_xpu.TestFX,test_interpreter_partial_eval
op_ut,third_party.torch-xpu-ops.test.xpu.test_fx_xpu.TestFX,test_wrap_with_submodule
op_ut,third_party.torch-xpu-ops.test.xpu.test_fx_xpu.TestFX,test_script_tensor_constant
op_ut,third_party.torch-xpu-ops.test.xpu.test_fx_xpu.TestFX,test_prepend_does_not_leak
op_ut,third_party.torch-xpu-ops.test.xpu.test_fx_xpu.TestFX,test_deepcopy_graph_with_tracer_cls
op_ut,third_party.torch-xpu-ops.test.xpu.test_fx_xpu.TestFX,test_annotations_with_non_torch_reference_and_no_internal_forward_references
op_ut,third_party.torch-xpu-ops.test.xpu.test_fx_xpu.TestFX,test_trace_fn_constant
op_ut,third_party.torch-xpu-ops.test.xpu.test_fx_xpu.TestFX,test_graph_edit_with_proxy
op_ut,third_party.torch-xpu-ops.test.xpu.test_fx_xpu.TestFX,test_wrapped_method
op_ut,third_party.torch-xpu-ops.test.xpu.test_fx_xpu.TestFX,test_interpreter_run_node_override
op_ut,third_party.torch-xpu-ops.test.xpu.test_fx_xpu.TestFX,test_prepend_self
op_ut,third_party.torch-xpu-ops.test.xpu.test_fx_xpu.TestFX,test_sequential
op_ut,third_party.torch-xpu-ops.test.xpu.test_fx_xpu.TestFX,test_args_kwargs
op_ut,third_party.torch-xpu-ops.test.xpu.test_fx_xpu.TestFX,test_trace_function
op_ut,third_party.torch-xpu-ops.test.xpu.test_fx_xpu.TestFX,test_deepcopy_graphmodule
op_ut,third_party.torch-xpu-ops.test.xpu.test_fx_xpu.TestFX,test_graph_fns
op_ut,third_party.torch-xpu-ops.test.xpu.test_fx_xpu.TestFX,test_wrapped_retrace
op_ut,third_party.torch-xpu-ops.test.xpu.test_fx_xpu.TestFX,test_interpreter_star_args
op_ut,third_party.torch-xpu-ops.test.xpu.test_fx_xpu.TestFX,test_pretty_print
op_ut,third_party.torch-xpu-ops.test.xpu.test_fx_xpu.TestFX,test_shape_prop_aggregate
op_ut,third_party.torch-xpu-ops.test.xpu.test_fx_xpu.TestFX,test_deepcopy_graphmodule_with_transform
op_ut,third_party.torch-xpu-ops.test.xpu.test_fx_xpu.TestFX,test_trace_multiple_funcs
op_ut,third_party.torch-xpu-ops.test.xpu.test_fx_xpu.TestFX,test_args_kwargs_no_self
op_ut,third_party.torch-xpu-ops.test.xpu.test_fx_xpu.TestFX,test_wrapped_via_decorator
op_ut,third_party.torch-xpu-ops.test.xpu.test_fx_xpu.TestFX,test_graph_module
op_ut,third_party.torch-xpu-ops.test.xpu.test_fx_xpu.TestFX,test_shape_prop_layout
op_ut,third_party.torch-xpu-ops.test.xpu.test_fx_xpu.TestFX,test_pretty_print_graph
op_ut,third_party.torch-xpu-ops.test.xpu.test_fx_xpu.TestFX,test_interpreter_with_codegen
op_ut,third_party.torch-xpu-ops.test.xpu.test_fx_xpu.TestFX,test_trace_return_dataclass
op_ut,third_party.torch-xpu-ops.test.xpu.test_fx_xpu.TestFX,test_deepcopy_no_recursion
op_ut,third_party.torch-xpu-ops.test.xpu.test_fx_xpu.TestFX,test_ast_rewriter_reassigns_submodules
op_ut,third_party.torch-xpu-ops.test.xpu.test_fx_xpu.TestFX,test_wrapped_via_decorator_and_transformed
op_ut,third_party.torch-xpu-ops.test.xpu.test_fx_xpu.TestFX,test_graph_module_init_buffer_param_copied_dict_init
op_ut,third_party.torch-xpu-ops.test.xpu.test_fx_xpu.TestFX,test_shape_prop_layout_3d
op_ut,third_party.torch-xpu-ops.test.xpu.test_fx_xpu.TestFX,test_layout
op_ut,third_party.torch-xpu-ops.test.xpu.test_fx_xpu.TestFX,test_pretty_print_node
op_ut,third_party.torch-xpu-ops.test.xpu.test_fx_xpu.TestFX,test_deepcopy_recursion_depth
op_ut,third_party.torch-xpu-ops.test.xpu.test_fx_xpu.TestFX,test_deepcopy_tracer
op_ut,third_party.torch-xpu-ops.test.xpu.test_fx_xpu.TestFX,test_deepcopy_with_submods_params
op_ut,third_party.torch-xpu-ops.test.xpu.test_fx_xpu.TestFX,test_delete_unused_submodules_leaf
op_ut,third_party.torch-xpu-ops.test.xpu.test_fx_xpu.TestFX,test_ast_rewriter_rewrites_assert
op_ut,third_party.torch-xpu-ops.test.xpu.test_fx_xpu.TestFX,test_ast_rewriter_rewrites_assert_with_message
op_ut,third_party.torch-xpu-ops.test.xpu.test_fx_xpu.TestFX,test_graph_module_init_buffer_param_copied_mod_init
op_ut,third_party.torch-xpu-ops.test.xpu.test_fx_xpu.TestFX,test_leaf_module
op_ut,third_party.torch-xpu-ops.test.xpu.test_fx_xpu.TestFX,test_graph_module_replicate_for_dp
op_ut,third_party.torch-xpu-ops.test.xpu.test_fx_xpu.TestFX,test_lineno_map
op_ut,third_party.torch-xpu-ops.test.xpu.test_fx_xpu.TestFX,test_delete_unused_values
op_ut,third_party.torch-xpu-ops.test.xpu.test_fx_xpu.TestFX,test_ast_rewriter_wrap
op_ut,third_party.torch-xpu-ops.test.xpu.test_fx_xpu.TestFX,test_matmul_tracing
op_ut,third_party.torch-xpu-ops.test.xpu.test_fx_xpu.TestFX,test_dict
op_ut,third_party.torch-xpu-ops.test.xpu.test_fx_xpu.TestFX,test_trace_return_dataclass_nested
op_ut,third_party.torch-xpu-ops.test.xpu.test_fx_xpu.TestFX,test_ast_rewriter_wrap_fn_directly
op_ut,third_party.torch-xpu-ops.test.xpu.test_fx_xpu.TestFX,test_trace_return_namedtuple
op_ut,third_party.torch-xpu-ops.test.xpu.test_fx_xpu.TestFX,test_pretty_print_targets
op_ut,third_party.torch-xpu-ops.test.xpu.test_fx_xpu.TestFX,test_shape_prop_unbacked_sym
op_ut,third_party.torch-xpu-ops.test.xpu.test_fx_xpu.TestFX,test_wrong_target_type
op_ut,third_party.torch-xpu-ops.test.xpu.test_fx_xpu.TestFX,test_graph_unique_names
op_ut,third_party.torch-xpu-ops.test.xpu.test_fx_xpu.TestFX,test_single_default_arg
op_ut,third_party.torch-xpu-ops.test.xpu.test_fx_xpu.TestFX,test_print_graph
op_ut,third_party.torch-xpu-ops.test.xpu.test_fx_xpu.TestFX,test_wrong_topo
op_ut,third_party.torch-xpu-ops.test.xpu.test_fx_xpu.TestFX,test_metadata_on_ph
op_ut,third_party.torch-xpu-ops.test.xpu.test_fx_xpu.TestFX,test_direct_param_use
op_ut,third_party.torch-xpu-ops.test.xpu.test_fx_xpu.TestFX,test_tracing_graphmodules_as_leaf_submodules
op_ut,third_party.torch-xpu-ops.test.xpu.test_fx_xpu.TestFX,test_ast_rewriter_wrap_with_submodule
op_ut,third_party.torch-xpu-ops.test.xpu.test_fx_xpu.TestFX,test_print_readable_no_trailing_whitespace_with_inner_graph
op_ut,third_party.torch-xpu-ops.test.xpu.test_fx_xpu.TestFX,test_snake_case
op_ut,third_party.torch-xpu-ops.test.xpu.test_fx_xpu.TestFX,test_graph_unique_names_manual
op_ut,third_party.torch-xpu-ops.test.xpu.test_fx_xpu.TestFX,test_module_deepcopy_edit_nodes
op_ut,third_party.torch-xpu-ops.test.xpu.test_fx_xpu.TestCommonPass,test_correctness_CSEPass_MutationInput_cpu
op_ut,third_party.torch-xpu-ops.test.xpu.test_fx_xpu.TestFX,test_disallow_override
op_ut,third_party.torch-xpu-ops.test.xpu.test_fx_xpu.TestFX,test_transformer_multi_outputs
op_ut,third_party.torch-xpu-ops.test.xpu.test_fx_xpu.TestFX,test_ast_rewriter_wrapped_via_decorator
op_ut,third_party.torch-xpu-ops.test.xpu.test_fx_xpu.TestFX,test_immutable_dict_pytree_ops
op_ut,third_party.torch-xpu-ops.test.xpu.test_fx_xpu.TestFX,test_sqrt
op_ut,third_party.torch-xpu-ops.test.xpu.test_fx_xpu.TestFX,test_move_before
op_ut,third_party.torch-xpu-ops.test.xpu.test_fx_xpu.TestFX,test_profiler_multiple_modules
op_ut,third_party.torch-xpu-ops.test.xpu.test_fx_xpu.TestCommonPass,test_correctness_CSEPass_MutationInput_xpu
op_ut,third_party.torch-xpu-ops.test.xpu.test_fx_xpu.TestFX,test_ellipsis
op_ut,third_party.torch-xpu-ops.test.xpu.test_fx_xpu.TestFX,test_transformer_noop
op_ut,third_party.torch-xpu-ops.test.xpu.test_fx_xpu.TestFX,test_ast_rewriter_wrapped_via_decorator_and_transformed
op_ut,third_party.torch-xpu-ops.test.xpu.test_fx_xpu.TestFX,test_stack_traces
op_ut,third_party.torch-xpu-ops.test.xpu.test_fx_xpu.TestFX,test_immutable_list_pytree_ops
op_ut,third_party.torch-xpu-ops.test.xpu.test_fx_xpu.TestFX,test_profiler_nested_graph_modules
op_ut,third_party.torch-xpu-ops.test.xpu.test_fx_xpu.TestCommonPass,test_correctness_CSEPass_MutationMetadata_cpu
op_ut,third_party.torch-xpu-ops.test.xpu.test_fx_xpu.TestFX,test_multi_insert_point
op_ut,third_party.torch-xpu-ops.test.xpu.test_fx_xpu.TestFX,test_empty_graph_codegen
op_ut,third_party.torch-xpu-ops.test.xpu.test_fx_xpu.TestFX,test_transformer_op_swap
op_ut,third_party.torch-xpu-ops.test.xpu.test_fx_xpu.TestFX,test_autowrap_functions
op_ut,third_party.torch-xpu-ops.test.xpu.test_fx_xpu.TestFX,test_profiler_ranges_side_effect
op_ut,third_party.torch-xpu-ops.test.xpu.test_fx_xpu.TestFX,test_imul_code_print
op_ut,third_party.torch-xpu-ops.test.xpu.test_fx_xpu.TestFX,test_stack_traces_with_transformer
op_ut,third_party.torch-xpu-ops.test.xpu.test_fx_xpu.TestFX,test_multiple_default_args
op_ut,third_party.torch-xpu-ops.test.xpu.test_fx_xpu.TestCommonPass,test_correctness_CSEPass_MutationMetadata_xpu
op_ut,third_party.torch-xpu-ops.test.xpu.test_fx_xpu.TestFX,test_enum
op_ut,third_party.torch-xpu-ops.test.xpu.test_fx_xpu.TestFX,test_transformer_preserves_nn_module_stack_for_get_attr
op_ut,third_party.torch-xpu-ops.test.xpu.test_fx_xpu.TestFX,test_concrete_arg_none_assert
op_ut,third_party.torch-xpu-ops.test.xpu.test_fx_xpu.TestFX,test_string_literal_return
op_ut,third_party.torch-xpu-ops.test.xpu.test_fx_xpu.TestFX,test_profiler_stack_trace_augmentation
op_ut,third_party.torch-xpu-ops.test.xpu.test_fx_xpu.TestFX,test_inf_nan
op_ut,third_party.torch-xpu-ops.test.xpu.test_fx_xpu.TestFX,test_named_tuple_inlined
op_ut,third_party.torch-xpu-ops.test.xpu.test_fx_xpu.TestCommonPass,test_correctness_CSEPass_MutationTorchTensorCall_cpu
op_ut,third_party.torch-xpu-ops.test.xpu.test_fx_xpu.TestFX,test_erase_node_error
op_ut,third_party.torch-xpu-ops.test.xpu.test_fx_xpu.TestFX,test_tuple_no_subscript
op_ut,third_party.torch-xpu-ops.test.xpu.test_fx_xpu.TestFX,test_submodule_manipulation_API
op_ut,third_party.torch-xpu-ops.test.xpu.test_fx_xpu.TestFX,test_proxy_deepcopy_with_tracer
op_ut,third_party.torch-xpu-ops.test.xpu.test_fx_xpu.TestFX,test_namedtuple_return_qualname
op_ut,third_party.torch-xpu-ops.test.xpu.test_fx_xpu.TestFX,test_inf_nan_kwds
op_ut,third_party.torch-xpu-ops.test.xpu.test_fx_xpu.TestCommonPass,test_correctness_CSEPass_MutationTorchTensorCall_xpu
op_ut,third_party.torch-xpu-ops.test.xpu.test_fx_xpu.TestFX,test_construct_root_dict
op_ut,third_party.torch-xpu-ops.test.xpu.test_fx_xpu.TestFX,test_example_shape_prop
op_ut,third_party.torch-xpu-ops.test.xpu.test_fx_xpu.TestFX,test_typename_print
op_ut,third_party.torch-xpu-ops.test.xpu.test_fx_xpu.TestFX,test_namedtuple_return_trace
op_ut,third_party.torch-xpu-ops.test.xpu.test_fx_xpu.TestFX,test_informative_co_filename
op_ut,third_party.torch-xpu-ops.test.xpu.test_fx_xpu.TestFX,test_symbolic_trace_assert
op_ut,third_party.torch-xpu-ops.test.xpu.test_fx_xpu.TestCommonPass,test_correctness_CSEPass_Mutation_cpu
op_ut,third_party.torch-xpu-ops.test.xpu.test_fx_xpu.TestFX,test_proxy_deepcopy_without_tracer
op_ut,third_party.torch-xpu-ops.test.xpu.test_fx_xpu.TestFX,test_control_flow_tracing
op_ut,third_party.torch-xpu-ops.test.xpu.test_fx_xpu.TestFX,test_find_uses
op_ut,third_party.torch-xpu-ops.test.xpu.test_fx_xpu.TestFX,test_typename_print_pre_pep585
op_ut,third_party.torch-xpu-ops.test.xpu.test_fx_xpu.TestFX,test_symbolic_trace_sequential
op_ut,third_party.torch-xpu-ops.test.xpu.test_fx_xpu.TestFX,test_inline_graph
op_ut,third_party.torch-xpu-ops.test.xpu.test_fx_xpu.TestFX,test_native_callable
op_ut,third_party.torch-xpu-ops.test.xpu.test_fx_xpu.TestFX,test_pytree
op_ut,third_party.torch-xpu-ops.test.xpu.test_fx_xpu.TestFX,test_fn_type_annotation_empty
op_ut,third_party.torch-xpu-ops.test.xpu.test_fx_xpu.TestFX,test_copy_it
op_ut,third_party.torch-xpu-ops.test.xpu.test_fx_xpu.TestFX,test_typename_print_union
op_ut,third_party.torch-xpu-ops.test.xpu.test_fx_xpu.TestFX,test_tensor_attribute
op_ut,third_party.torch-xpu-ops.test.xpu.test_fx_xpu.TestFX,test_insert_arg
op_ut,third_party.torch-xpu-ops.test.xpu.test_fx_xpu.TestFX,test_nn_module_stack
op_ut,third_party.torch-xpu-ops.test.xpu.test_fx_xpu.TestFX,test_pytree_concrete
op_ut,third_party.torch-xpu-ops.test.xpu.test_fx_xpu.TestFX,test_fn_type_annotations
op_ut,third_party.torch-xpu-ops.test.xpu.test_fx_xpu.TestFX,test_copy_no_remap
op_ut,third_party.torch-xpu-ops.test.xpu.test_fx_xpu.TestFX,test_unpack
op_ut,third_party.torch-xpu-ops.test.xpu.test_fx_xpu.TestCommonPass,test_correctness_CSEPass_Mutation_xpu
op_ut,third_party.torch-xpu-ops.test.xpu.test_fx_xpu.TestFX,test_insertion_point
op_ut,third_party.torch-xpu-ops.test.xpu.test_fx_xpu.TestFX,test_tensor_attribute_coalseced
op_ut,third_party.torch-xpu-ops.test.xpu.test_fx_xpu.TestFX,test_no_mutation
op_ut,third_party.torch-xpu-ops.test.xpu.test_fx_xpu.TestFX,test_reassign_args_kwargs_uses
op_ut,third_party.torch-xpu-ops.test.xpu.test_fx_xpu.TestFX,test_fx_and_or
op_ut,third_party.torch-xpu-ops.test.xpu.test_fx_xpu.TestFX,test_ctx_mgr
op_ut,third_party.torch-xpu-ops.test.xpu.test_fx_xpu.TestFX,test_unpack_dict_better_error
op_ut,third_party.torch-xpu-ops.test.xpu.test_fx_xpu.TestFX,test_tensor_constant
op_ut,third_party.torch-xpu-ops.test.xpu.test_fx_xpu.TestFX,test_node_pickle_type_preservation
op_ut,third_party.torch-xpu-ops.test.xpu.test_fx_xpu.TestFX,test_interpreter
op_ut,third_party.torch-xpu-ops.test.xpu.test_fx_xpu.TestFX,test_regular_and_default_args
op_ut,third_party.torch-xpu-ops.test.xpu.test_fx_xpu.TestFX,test_custom_codegen
op_ut,third_party.torch-xpu-ops.test.xpu.test_fx_xpu.TestFX,test_unpack_list_better_error
op_ut,third_party.torch-xpu-ops.test.xpu.test_fx_xpu.TestFX,test_interpreter_boxed_run_argument_validation
op_ut,third_party.torch-xpu-ops.test.xpu.test_fx_xpu.TestFX,test_node_tagging
op_ut,third_party.torch-xpu-ops.test.xpu.test_fx_xpu.TestFX,test_throw_out_variant
op_ut,third_party.torch-xpu-ops.test.xpu.test_fx_xpu.TestFX,test_remove_uses
op_ut,third_party.torch-xpu-ops.test.xpu.test_fx_xpu.TestFX,test_custom_codegen_with_transformer
op_ut,third_party.torch-xpu-ops.test.xpu.test_fx_xpu.TestFX,test_interpreter_default_args
op_ut,third_party.torch-xpu-ops.test.xpu.test_fx_xpu.TestFX,test_nonetype_annotation
op_ut,third_party.torch-xpu-ops.test.xpu.test_fx_xpu.TestFX,test_update_args_api
op_ut,third_party.torch-xpu-ops.test.xpu.test_fx_xpu.TestFX,test_remove_uses_with_custom_filter
op_ut,third_party.torch-xpu-ops.test.xpu.test_fx_xpu.TestFX,test_torch_custom_ops
op_ut,third_party.torch-xpu-ops.test.xpu.test_fx_xpu.TestFX,test_custom_import
op_ut,third_party.torch-xpu-ops.test.xpu.test_fx_xpu.TestFX,test_update_args_kwargs_yells_at_you
op_ut,third_party.torch-xpu-ops.test.xpu.test_fx_xpu.TestFX,test_replace_input
op_ut,third_party.torch-xpu-ops.test.xpu.test_fx_xpu.TestFX,test_replace_uses
op_ut,third_party.torch-xpu-ops.test.xpu.test_fx_xpu.TestFX,test_torch_fx_getattr
op_ut,third_party.torch-xpu-ops.test.xpu.test_fx_xpu.TestFX,test_update_kwargs_api
op_ut,third_party.torch-xpu-ops.test.xpu.test_fx_xpu.TestFX,test_torch_fx_len
op_ut,third_party.torch-xpu-ops.test.xpu.test_fx_xpu.TestCommonPass,test_correctness_factory_CSEPass_MutationFactory_xpu
op_ut,third_party.torch-xpu-ops.test.xpu.test_fx_xpu.TestFX,test_user_friendly_call_provenance_with_function
op_ut,third_party.torch-xpu-ops.test.xpu.test_fx_xpu.TestCommonPass,test_correctness_factory_CSEPass_MutationFactory_cpu
op_ut,third_party.torch-xpu-ops.test.xpu.test_indexing_xpu.TestIndexingXPU,test_index_add_smem_stage_alignment_regression_xpu_bfloat16
op_ut,third_party.torch-xpu-ops.test.xpu.test_indexing_xpu.TestIndexingXPU,test_index_add_smem_stage_alignment_regression_xpu_float32
op_ut,third_party.torch-xpu-ops.test.xpu.test_modules_xpu.TestModuleXPU,test_cpu_gpu_parity_nn_ConvTranspose1d_xpu_complex32
op_ut,third_party.torch-xpu-ops.test.xpu.test_modules_xpu.TestModuleXPU,test_memory_format_nn_Conv2d_xpu_float64
op_ut,third_party.torch-xpu-ops.test.xpu.test_modules_xpu.TestModuleXPU,test_memory_format_nn_ConvTranspose2d_xpu_float64
op_ut,third_party.torch-xpu-ops.test.xpu.test_modules_xpu.TestModuleXPU,test_memory_format_nn_LazyConv2d_xpu_float64
op_ut,third_party.torch-xpu-ops.test.xpu.test_modules_xpu.TestModuleXPU,test_memory_format_nn_LazyConvTranspose2d_xpu_float64
op_ut,third_party.torch-xpu-ops.test.xpu.test_multiprocessing_xpu.TestMultiprocessing,test_integer_parameter_serialization_cpu
op_ut,third_party.torch-xpu-ops.test.xpu.test_multiprocessing_xpu.TestMultiprocessing,test_autograd_fine_with_spawn
op_ut,third_party.torch-xpu-ops.test.xpu.test_multiprocessing_xpu.TestMultiprocessing,test_cuda_bad_call
op_ut,third_party.torch-xpu-ops.test.xpu.test_ops_gradients_xpu.TestBwdGradientsXPU,test_fn_gradgrad_index_reduce_mean_xpu_float64
op_ut,third_party.torch-xpu-ops.test.xpu.test_ops_gradients_xpu.TestBwdGradientsXPU,test_fn_gradgrad_index_reduce_prod_xpu_float64
op_ut,third_party.torch-xpu-ops.test.xpu.test_ops_gradients_xpu.TestBwdGradientsXPU,test_inplace_gradgrad_index_reduce_mean_xpu_float64
op_ut,third_party.torch-xpu-ops.test.xpu.test_ops_gradients_xpu.TestBwdGradientsXPU,test_inplace_gradgrad_index_reduce_prod_xpu_float64
op_ut,third_party.torch-xpu-ops.test.xpu.test_optim_xpu.TestOptimRenewedXPU,test_fused_mixed_precision_hook_skips_existing_state_amsgrad_False_Adam_xpu_float32
op_ut,third_party.torch-xpu-ops.test.xpu.test_optim_xpu.TestOptimRenewedXPU,test_fused_mixed_precision_hook_skips_existing_state_amsgrad_True_AdamW_xpu_float32
op_ut,third_party.torch-xpu-ops.test.xpu.test_optim_xpu.TestOptimRenewedXPU,test_fused_mixed_precision_hook_skips_existing_state_amsgrad_True_Adam_xpu_float32
op_ut,third_party.torch-xpu-ops.test.xpu.test_optim_xpu.TestOptimRenewedXPU,test_fused_mixed_precision_numerics_AdamW_xpu_float32
op_ut,third_party.torch-xpu-ops.test.xpu.test_optim_xpu.TestOptimRenewedXPU,test_fused_mixed_precision_numerics_Adam_xpu_float32
op_ut,third_party.torch-xpu-ops.test.xpu.test_optim_xpu.TestOptimRenewedXPU,test_fused_mixed_precision_state_init_amsgrad_False_AdamW_xpu_float32
op_ut,third_party.torch-xpu-ops.test.xpu.test_optim_xpu.TestOptimRenewedXPU,test_fused_mixed_precision_state_init_amsgrad_False_Adam_xpu_float32
op_ut,third_party.torch-xpu-ops.test.xpu.test_optim_xpu.TestOptimRenewedXPU,test_fused_mixed_precision_state_init_amsgrad_True_AdamW_xpu_float32
op_ut,third_party.torch-xpu-ops.test.xpu.test_optim_xpu.TestOptimRenewedXPU,test_fused_mixed_precision_state_init_amsgrad_True_Adam_xpu_float32
op_ut,third_party.torch-xpu-ops.test.xpu.test_optim_xpu.TestOptimRenewedXPU,test_state_dict_with_cuda_params_Muon_xpu_float32
op_ut,third_party.torch-xpu-ops.test.xpu.test_optim_xpu.TestOptimRenewedXPU,test_fused_mixed_precision_hook_skips_existing_state_amsgrad_False_AdamW_xpu_float32
op_ut,third_party.torch-xpu-ops.test.xpu.test_prims_xpu.TestPrimsXPU,test_philox_rand_xpu_float32
op_ut,third_party.torch-xpu-ops.test.xpu.test_schema_check.TestSchemaCheckModeOpInfoXPU,test_schema_correctness_torch_ops_aten__flash_attention_forward_xpu_float16
op_ut,third_party.torch-xpu-ops.test.xpu.test_sparse_csr_xpu.TestSparseCSRXPU,test_sparse_csr_unary_inplace_abs_xpu_complex64
op_ut,third_party.torch-xpu-ops.test.xpu.test_sparse_csr_xpu.TestSparseCSRXPU,test_autograd_dense_output_addmm_xpu_float64
op_ut,third_party.torch-xpu-ops.test.xpu.test_sparse_csr_xpu.TestSparseCSRXPU,test_sparse_csr_unary_out_abs_xpu_complex64
op_ut,third_party.torch-xpu-ops.test.xpu.test_sparse_csr_xpu.TestSparseCSRXPU,test_sampled_addmm_autograd_xpu_complex128
op_ut,third_party.torch-xpu-ops.test.xpu.test_sparse_csr_xpu.TestSparseCSRXPU,test_sampled_addmm_autograd_xpu_complex64
op_ut,third_party.torch-xpu-ops.test.xpu.test_sparse_csr_xpu.TestSparseCSRXPU,test_sampled_addmm_autograd_xpu_float32
op_ut,third_party.torch-xpu-ops.test.xpu.test_sparse_csr_xpu.TestSparseCSRXPU,test_sampled_addmm_autograd_xpu_float64
op_ut,third_party.torch-xpu-ops.test.xpu.test_sparse_csr_xpu.TestSparseCSRXPU,test_sampled_addmm_errors_xpu_complex128
op_ut,third_party.torch-xpu-ops.test.xpu.test_sparse_csr_xpu.TestSparseCSRXPU,test_sampled_addmm_errors_xpu_complex64
op_ut,third_party.torch-xpu-ops.test.xpu.test_sparse_csr_xpu.TestSparseCSRXPU,test_sampled_addmm_errors_xpu_float32
op_ut,third_party.torch-xpu-ops.test.xpu.test_sparse_csr_xpu.TestSparseCSRXPU,test_sampled_addmm_errors_xpu_float64
op_ut,third_party.torch-xpu-ops.test.xpu.test_sparse_csr_xpu.TestSparseCSRXPU,test_sampled_addmm_xpu_complex128
op_ut,third_party.torch-xpu-ops.test.xpu.test_sparse_csr_xpu.TestSparseCSRXPU,test_sampled_addmm_xpu_complex64
op_ut,third_party.torch-xpu-ops.test.xpu.test_sparse_csr_xpu.TestSparseCSRXPU,test_sampled_addmm_xpu_float32
op_ut,third_party.torch-xpu-ops.test.xpu.test_sparse_csr_xpu.TestSparseCSRXPU,test_sampled_addmm_xpu_float64
op_ut,third_party.torch-xpu-ops.test.xpu.test_sparse_csr_xpu.TestSparseCSRXPU,test_sampled_addmm_zero_sized_xpu_complex128
op_ut,third_party.torch-xpu-ops.test.xpu.test_sparse_csr_xpu.TestSparseCSRXPU,test_sampled_addmm_zero_sized_xpu_complex64
op_ut,third_party.torch-xpu-ops.test.xpu.test_sparse_csr_xpu.TestSparseCSRXPU,test_sampled_addmm_zero_sized_xpu_float32
op_ut,third_party.torch-xpu-ops.test.xpu.test_sparse_csr_xpu.TestSparseCSRXPU,test_sampled_addmm_zero_sized_xpu_float64
op_ut,third_party.torch-xpu-ops.test.xpu.test_sparse_csr_xpu.TestSparseCompressedTritonKernelsXPU,test_triton_sampled_addmm_block_size_16_xpu_bfloat16
op_ut,third_party.torch-xpu-ops.test.xpu.test_sparse_csr_xpu.TestSparseCompressedTritonKernelsXPU,test_triton_sampled_addmm_block_size_16_xpu_float16
op_ut,third_party.torch-xpu-ops.test.xpu.test_sparse_csr_xpu.TestSparseCompressedTritonKernelsXPU,test_triton_sampled_addmm_block_size_16_xpu_float32
op_ut,third_party.torch-xpu-ops.test.xpu.test_sparse_csr_xpu.TestSparseCompressedTritonKernelsXPU,test_triton_sampled_addmm_block_size_32_xpu_bfloat16
op_ut,third_party.torch-xpu-ops.test.xpu.test_sparse_csr_xpu.TestSparseCompressedTritonKernelsXPU,test_triton_sampled_addmm_block_size_32_xpu_float16
op_ut,third_party.torch-xpu-ops.test.xpu.test_sparse_csr_xpu.TestSparseCompressedTritonKernelsXPU,test_triton_sampled_addmm_block_size_32_xpu_float32
op_ut,third_party.torch-xpu-ops.test.xpu.test_sparse_csr_xpu.TestSparseCompressedTritonKernelsXPU,test_triton_sampled_addmm_block_size_64_xpu_bfloat16
op_ut,third_party.torch-xpu-ops.test.xpu.test_sparse_csr_xpu.TestSparseCompressedTritonKernelsXPU,test_triton_sampled_addmm_block_size_64_xpu_float16
op_ut,third_party.torch-xpu-ops.test.xpu.test_sparse_csr_xpu.TestSparseCompressedTritonKernelsXPU,test_triton_sampled_addmm_block_size_64_xpu_float32
op_ut,third_party.torch-xpu-ops.test.xpu.test_sparse_csr_xpu.TestSparseCompressedTritonKernelsXPU,test_triton_bsr_softmax_xpu_float32
op_ut,third_party.torch-xpu-ops.test.xpu.test_sparse_csr_xpu.TestSparseCompressedTritonKernelsXPU,test_triton_bsr_softmax_xpu_float16
op_ut,third_party.torch-xpu-ops.test.xpu.test_sparse_csr_xpu.TestSparseCompressedTritonKernelsXPU,test_triton_bsr_softmax_xpu_bfloat16
op_ut,third_party.torch-xpu-ops.test.xpu.test_sparse_xpu.TestSparseXPU,test_hsmm_xpu_float64
op_ut,third_party.torch-xpu-ops.test.xpu.test_sparse_xpu.TestSparseAnyXPU,test_gradcheck_mm_SparseCSR_masked_fast_xpu_complex128
op_ut,third_party.torch-xpu-ops.test.xpu.test_sparse_xpu.TestSparseAnyXPU,test_gradcheck_mm_SparseCSR_masked_fast_xpu_float64
op_ut,third_party.torch-xpu-ops.test.xpu.test_sparse_xpu.TestSparseAnyXPU,test_gradcheck_mm_SparseCSR_masked_slow_xpu_complex128
op_ut,third_party.torch-xpu-ops.test.xpu.test_sparse_xpu.TestSparseAnyXPU,test_gradcheck_mm_SparseCSR_masked_slow_xpu_float64
op_ut,third_party.torch-xpu-ops.test.xpu.test_sparse_xpu.TestSparseAnyXPU,test_gradcheck_mm_SparseBSC_masked_fast_xpu_complex128
op_ut,third_party.torch-xpu-ops.test.xpu.test_sparse_xpu.TestSparseAnyXPU,test_gradcheck_mm_SparseBSC_masked_fast_xpu_float64
op_ut,third_party.torch-xpu-ops.test.xpu.test_sparse_xpu.TestSparseAnyXPU,test_gradcheck_mm_SparseBSC_masked_slow_xpu_complex128
op_ut,third_party.torch-xpu-ops.test.xpu.test_sparse_xpu.TestSparseAnyXPU,test_gradcheck_mm_SparseBSC_masked_slow_xpu_float64
op_ut,third_party.torch-xpu-ops.test.xpu.test_sparse_xpu.TestSparseAnyXPU,test_gradcheck_mm_SparseBSC_sparse_fast_xpu_complex128
op_ut,third_party.torch-xpu-ops.test.xpu.test_sparse_xpu.TestSparseAnyXPU,test_gradcheck_mm_SparseBSC_sparse_fast_xpu_float64
op_ut,third_party.torch-xpu-ops.test.xpu.test_sparse_xpu.TestSparseAnyXPU,test_gradcheck_mm_SparseBSC_sparse_slow_xpu_complex128
op_ut,third_party.torch-xpu-ops.test.xpu.test_sparse_xpu.TestSparseAnyXPU,test_gradcheck_mm_SparseBSC_sparse_slow_xpu_float64
op_ut,third_party.torch-xpu-ops.test.xpu.test_sparse_xpu.TestSparseAnyXPU,test_gradcheck_mm_SparseBSR_sparse_fast_xpu_complex128
op_ut,third_party.torch-xpu-ops.test.xpu.test_sparse_xpu.TestSparseAnyXPU,test_gradcheck_mm_SparseBSR_sparse_fast_xpu_float64
op_ut,third_party.torch-xpu-ops.test.xpu.test_sparse_xpu.TestSparseAnyXPU,test_gradcheck_mm_SparseBSR_sparse_slow_xpu_complex128
op_ut,third_party.torch-xpu-ops.test.xpu.test_sparse_xpu.TestSparseAnyXPU,test_gradcheck_mm_SparseBSR_sparse_slow_xpu_float64
op_ut,third_party.torch-xpu-ops.test.xpu.test_spectral_ops_xpu.TestFFTXPU,test_cufft_plan_cache_xpu_float64
op_ut,third_party.torch-xpu-ops.test.xpu.test_unary_ufuncs_xpu.TestUnaryUfuncsXPU,test_reference_numerics_extremal__refs_tan_xpu_complex64
op_ut,third_party.torch-xpu-ops.test.xpu.test_unary_ufuncs_xpu.TestUnaryUfuncsXPU,test_reference_numerics_extremal__refs_tanh_xpu_complex64
op_ut,third_party.torch-xpu-ops.test.xpu.test_unary_ufuncs_xpu.TestUnaryUfuncsXPU,test_reference_numerics_extremal_acos_xpu_complex64
op_ut,third_party.torch-xpu-ops.test.xpu.test_unary_ufuncs_xpu.TestUnaryUfuncsXPU,test_reference_numerics_extremal_acosh_xpu_complex64
op_ut,third_party.torch-xpu-ops.test.xpu.test_unary_ufuncs_xpu.TestUnaryUfuncsXPU,test_reference_numerics_extremal_asin_xpu_complex64
op_ut,third_party.torch-xpu-ops.test.xpu.test_unary_ufuncs_xpu.TestUnaryUfuncsXPU,test_reference_numerics_extremal_asinh_xpu_complex64
op_ut,third_party.torch-xpu-ops.test.xpu.test_unary_ufuncs_xpu.TestUnaryUfuncsXPU,test_reference_numerics_extremal_log10_xpu_complex64
op_ut,third_party.torch-xpu-ops.test.xpu.test_unary_ufuncs_xpu.TestUnaryUfuncsXPU,test_reference_numerics_extremal_log1p_xpu_complex64
op_ut,third_party.torch-xpu-ops.test.xpu.test_unary_ufuncs_xpu.TestUnaryUfuncsXPU,test_reference_numerics_extremal_log_xpu_complex64
op_ut,third_party.torch-xpu-ops.test.xpu.test_unary_ufuncs_xpu.TestUnaryUfuncsXPU,test_reference_numerics_normal_asinh_xpu_complex64
op_ut,third_party.torch-xpu-ops.test.xpu.test_unary_ufuncs_xpu.TestUnaryUfuncsXPU,test_reference_numerics_extremal_nn_functional_tanhshrink_xpu_complex64
op_ut,third_party.torch-xpu-ops.test.xpu.test_unary_ufuncs_xpu.TestUnaryUfuncsXPU,test_reference_numerics_extremal_round_decimals_3_xpu_bfloat16
op_ut,third_party.torch-xpu-ops.test.xpu.test_unary_ufuncs_xpu.TestUnaryUfuncsXPU,test_reference_numerics_extremal_tan_xpu_complex64
op_ut,third_party.torch-xpu-ops.test.xpu.test_unary_ufuncs_xpu.TestUnaryUfuncsXPU,test_reference_numerics_extremal_tanh_xpu_complex64
op_ut,third_party.torch-xpu-ops.test.xpu.test_unary_ufuncs_xpu.TestUnaryUfuncsXPU,test_reference_numerics_large__refs_acosh_xpu_complex64
op_ut,third_party.torch-xpu-ops.test.xpu.test_unary_ufuncs_xpu.TestUnaryUfuncsXPU,test_reference_numerics_large__refs_asinh_xpu_complex128
op_ut,third_party.torch-xpu-ops.test.xpu.test_unary_ufuncs_xpu.TestUnaryUfuncsXPU,test_reference_numerics_large__refs_asinh_xpu_complex32
op_ut,third_party.torch-xpu-ops.test.xpu.test_unary_ufuncs_xpu.TestUnaryUfuncsXPU,test_reference_numerics_large__refs_asinh_xpu_complex64
op_ut,third_party.torch-xpu-ops.test.xpu.test_unary_ufuncs_xpu.TestUnaryUfuncsXPU,test_reference_numerics_normal_nn_functional_tanhshrink_xpu_complex64
op_ut,third_party.torch-xpu-ops.test.xpu.test_unary_ufuncs_xpu.TestUnaryUfuncsXPU,test_reference_numerics_normal_polygamma_polygamma_n_1_xpu_float16
op_ut,third_party.torch-xpu-ops.test.xpu.test_unary_ufuncs_xpu.TestUnaryUfuncsXPU,test_reference_numerics_normal_polygamma_polygamma_n_2_xpu_float16
op_ut,third_party.torch-xpu-ops.test.xpu.test_unary_ufuncs_xpu.TestUnaryUfuncsXPU,test_reference_numerics_normal_polygamma_polygamma_n_3_xpu_float16
op_ut,third_party.torch-xpu-ops.test.xpu.test_unary_ufuncs_xpu.TestUnaryUfuncsXPU,test_reference_numerics_normal_polygamma_polygamma_n_4_xpu_float16
op_ut,third_party.torch-xpu-ops.test.xpu.test_unary_ufuncs_xpu.TestUnaryUfuncsXPU,test_reference_numerics_normal_round_decimals_3_xpu_bfloat16
op_ut,third_party.torch-xpu-ops.test.xpu.test_unary_ufuncs_xpu.TestUnaryUfuncsXPU,test_reference_numerics_large_acosh_xpu_complex64
op_ut,third_party.torch-xpu-ops.test.xpu.test_unary_ufuncs_xpu.TestUnaryUfuncsXPU,test_reference_numerics_large_asinh_xpu_complex128
op_ut,third_party.torch-xpu-ops.test.xpu.test_unary_ufuncs_xpu.TestUnaryUfuncsXPU,test_reference_numerics_large_asinh_xpu_complex32
op_ut,third_party.torch-xpu-ops.test.xpu.test_unary_ufuncs_xpu.TestUnaryUfuncsXPU,test_reference_numerics_large_asinh_xpu_complex64
op_ut,third_party.torch-xpu-ops.test.xpu.test_unary_ufuncs_xpu.TestUnaryUfuncsXPU,test_reference_numerics_normal__refs_asinh_xpu_complex64
op_ut,third_party.torch-xpu-ops.test.xpu.test_unary_ufuncs_xpu.TestUnaryUfuncsXPU,test_nonzero_large_xpu_int8
op_ut,third_party.torch-xpu-ops.test.xpu.test_unary_ufuncs_xpu.TestUnaryUfuncsXPU,test_reference_numerics_extremal__refs_acos_xpu_complex64
op_ut,third_party.torch-xpu-ops.test.xpu.test_unary_ufuncs_xpu.TestUnaryUfuncsXPU,test_reference_numerics_extremal__refs_acosh_xpu_complex64
op_ut,third_party.torch-xpu-ops.test.xpu.test_unary_ufuncs_xpu.TestUnaryUfuncsXPU,test_reference_numerics_extremal__refs_asin_xpu_complex64
op_ut,third_party.torch-xpu-ops.test.xpu.test_unary_ufuncs_xpu.TestUnaryUfuncsXPU,test_reference_numerics_extremal__refs_asinh_xpu_complex64
op_ut,third_party.torch-xpu-ops.test.xpu.test_unary_ufuncs_xpu.TestUnaryUfuncsXPU,test_reference_numerics_extremal__refs_log10_xpu_complex64
op_ut,third_party.torch-xpu-ops.test.xpu.test_unary_ufuncs_xpu.TestUnaryUfuncsXPU,test_reference_numerics_extremal__refs_log1p_xpu_complex64
op_ut,third_party.torch-xpu-ops.test.xpu.test_unary_ufuncs_xpu.TestUnaryUfuncsXPU,test_reference_numerics_extremal__refs_log_xpu_complex64
op_ut,third_party.torch-xpu-ops.test.xpu.test_unary_ufuncs_xpu.TestUnaryUfuncsXPU,test_reference_numerics_normal__refs_nn_functional_tanhshrink_xpu_complex64
op_ut,third_party.torch-xpu-ops.test.xpu.test_unary_ufuncs_xpu.TestUnaryUfuncsXPU,test_reference_numerics_extremal__refs_nn_functional_tanhshrink_xpu_complex64
op_ut,third_party.torch-xpu-ops.test.xpu.dynamo.test_aot_autograd_cache_xpu.AOTAutogradCachePicklerTests,test_identical_graphs_and_configs
op_ut,third_party.torch-xpu-ops.test.xpu.dynamo.test_aot_autograd_cache_xpu.AOTAutogradCachePicklerTests,test_different_configs
op_ut,third_party.torch-xpu-ops.test.xpu.quantization.core.test_quantized_op_xpu.TestQuantizedOpsXPU,test_qsoftmax_qnnpack_xpu
op_ut,third_party.torch-xpu-ops.test.xpu.quantization.core.test_quantized_op_xpu.TestQuantizedOpsXPU,test_leaky_relu_observed_output_xpu
op_ut,third_party.torch-xpu-ops.test.xpu.quantization.core.test_workflow_ops_xpu.TestFakeQuantizeOpsXPU,test_fq_module_per_tensor_xpu
op_ut,third_party.torch-xpu-ops.test.xpu.test_autograd_xpu.TestAutogradStreamSynchronizationXPU,test_side_stream_backward_overlap_xpu
op_ut,,third_party.torch-xpu-ops.test.xpu.test_decomp_xpu
op_ut,third_party.torch-xpu-ops.test.xpu.test_fake_tensor_xpu.FakeTensorOperatorInvariants,test_module_to
op_ut,third_party.torch-xpu-ops.test.xpu.test_fake_tensor_xpu.FakeTensorDispatchCache,test_cache_default_device
op_ut,third_party.torch-xpu-ops.test.xpu.test_foreach_xpu.TestForeachXPU,test_foreach_copy_with_multi_dtypes_large_input_xpu
op_ut,third_party.torch-xpu-ops.test.xpu.test_linalg_xpu.TestLinalgXPU,test_linalg_lstsq_input_checks_xpu_complex128
op_ut,third_party.torch-xpu-ops.test.xpu.test_linalg_xpu.TestLinalgXPU,test_linalg_lstsq_input_checks_xpu_complex64
op_ut,third_party.torch-xpu-ops.test.xpu.test_linalg_xpu.TestLinalgXPU,test_linalg_lstsq_input_checks_xpu_float32
op_ut,third_party.torch-xpu-ops.test.xpu.test_linalg_xpu.TestLinalgXPU,test_linalg_lstsq_input_checks_xpu_float64
op_ut,third_party.torch-xpu-ops.test.xpu.test_linalg_xpu.TestLinalgXPU,test_blas_alpha_beta_empty_xpu_complex128
op_ut,third_party.torch-xpu-ops.test.xpu.test_linalg_xpu.TestLinalgXPU,test_blas_alpha_beta_empty_xpu_complex64
op_ut,third_party.torch-xpu-ops.test.xpu.test_linalg_xpu.TestLinalgXPU,test_svd_xpu_complex128
op_ut,third_party.torch-xpu-ops.test.xpu.test_linalg_xpu.TestLinalgXPU,test_svd_xpu_complex64
op_ut,third_party.torch-xpu-ops.test.xpu.test_linalg_xpu.TestLinalgXPU,test_svd_xpu_float32
op_ut,third_party.torch-xpu-ops.test.xpu.test_linalg_xpu.TestLinalgXPU,test_svd_xpu_float64
op_ut,third_party.torch-xpu-ops.test.xpu.test_linalg_xpu.TestLinalgXPU,test_einsum_random_xpu_float64
op_ut,third_party.torch-xpu-ops.test.xpu.test_linalg_xpu.TestLinalgXPU,test_compile_int4_mm_m_32_k_32_n_48_xpu
op_ut,third_party.torch-xpu-ops.test.xpu.test_linalg_xpu.TestLinalgXPU,test_compile_int4_mm_m_32_k_32_n_64_xpu
op_ut,third_party.torch-xpu-ops.test.xpu.test_linalg_xpu.TestLinalgXPU,test_compile_int4_mm_m_32_k_64_n_48_xpu
op_ut,third_party.torch-xpu-ops.test.xpu.test_linalg_xpu.TestLinalgXPU,test_compile_int4_mm_m_32_k_64_n_64_xpu
op_ut,third_party.torch-xpu-ops.test.xpu.test_linalg_xpu.TestLinalgXPU,test_compile_int4_mm_m_64_k_32_n_48_xpu
op_ut,third_party.torch-xpu-ops.test.xpu.test_linalg_xpu.TestLinalgXPU,test_compile_int4_mm_m_64_k_32_n_64_xpu
op_ut,third_party.torch-xpu-ops.test.xpu.test_linalg_xpu.TestLinalgXPU,test_compile_int4_mm_m_64_k_64_n_48_xpu
op_ut,third_party.torch-xpu-ops.test.xpu.test_linalg_xpu.TestLinalgXPU,test_compile_int4_mm_m_64_k_64_n_64_xpu
op_ut,third_party.torch-xpu-ops.test.xpu.test_linalg_xpu.TestLinalgXPU,test_logaddexp_cpu_vs_cuda_complex_xpu
op_ut,third_party.torch-xpu-ops.test.xpu.test_meta_xpu.TestMetaXPU,test_dispatch_symbolic_meta_outplace_torch_ops_aten__flash_attention_forward_xpu_float16
op_ut,third_party.torch-xpu-ops.test.xpu.test_meta_xpu.TestMetaXPU,test_dispatch_symbolic_meta_outplace_all_strides_native_group_norm_xpu_float32
op_ut,third_party.torch-xpu-ops.test.xpu.test_meta_xpu.TestMetaXPU,test_dispatch_meta_outplace_torch_ops_aten__flash_attention_forward_xpu_float16
op_ut,third_party.torch-xpu-ops.test.xpu.test_meta_xpu.TestMetaXPU,test_meta_outplace_torch_ops_aten__flash_attention_forward_xpu_float16
op_ut,third_party.torch-xpu-ops.test.xpu.test_ops_xpu.TestCommonXPU,test_python_ref__refs_fft_hfft2_xpu_complex32
op_ut,third_party.torch-xpu-ops.test.xpu.test_ops_xpu.TestCommonXPU,test_python_ref__refs_fft_hfft2_xpu_float16
op_ut,third_party.torch-xpu-ops.test.xpu.test_ops_xpu.TestCommonXPU,test_out_cholesky_inverse_xpu_float32
op_ut,third_party.torch-xpu-ops.test.xpu.test_ops_xpu.TestCommonXPU,test_out_geqrf_xpu_float32
op_ut,third_party.torch-xpu-ops.test.xpu.test_ops_xpu.TestFakeTensorXPU,test_fake_crossref_backward_amp_fft_hfft2_xpu_float32
op_ut,third_party.torch-xpu-ops.test.xpu.test_ops_xpu.TestFakeTensorXPU,test_fake_crossref_backward_amp_fft_hfftn_xpu_float32
op_ut,third_party.torch-xpu-ops.test.xpu.test_ops_xpu.TestFakeTensorXPU,test_fake_crossref_backward_amp_fft_irfft2_xpu_float32
op_ut,third_party.torch-xpu-ops.test.xpu.test_ops_xpu.TestFakeTensorXPU,test_fake_crossref_backward_amp_fft_irfftn_xpu_float32
op_ut,third_party.torch-xpu-ops.test.xpu.test_ops_xpu.TestCommonXPU,test_out_ormqr_xpu_float32
op_ut,third_party.torch-xpu-ops.test.xpu.test_ops_xpu.TestCompositeComplianceXPU,test_backward_nn_functional_conv_transpose3d_xpu_float32
op_ut,third_party.torch-xpu-ops.test.xpu.test_ops_xpu.TestCommonXPU,test_python_ref_executor__refs_fft_hfft2_executor_aten_xpu_complex32
op_ut,third_party.torch-xpu-ops.test.xpu.test_ops_xpu.TestCommonXPU,test_python_ref_executor__refs_fft_hfft2_executor_aten_xpu_float16
op_ut,third_party.torch-xpu-ops.test.xpu.test_ops_xpu.TestCommonXPU,test_out_triangular_solve_xpu_float32
op_ut,third_party.torch-xpu-ops.test.xpu.test_ops_xpu.TestFakeTensorXPU,test_fake_crossref_backward_amp_nn_functional_max_unpool2d_grad_xpu_float32
op_ut,third_party.torch-xpu-ops.test.xpu.test_ops_xpu.TestFakeTensorXPU,test_fake_crossref_backward_amp_nn_functional_max_unpool2d_xpu_float32
op_ut,third_party.torch-xpu-ops.test.xpu.test_ops_xpu.TestCompositeComplianceXPU,test_cow_input_nn_functional_conv1d_xpu_float32
op_ut,third_party.torch-xpu-ops.test.xpu.test_ops_xpu.TestCompositeComplianceXPU,test_cow_input_nn_functional_conv2d_xpu_float32
op_ut,third_party.torch-xpu-ops.test.xpu.test_ops_xpu.TestCompositeComplianceXPU,test_cow_input_nn_functional_conv3d_xpu_float32
op_ut,third_party.torch-xpu-ops.test.xpu.test_ops_xpu.TestCompositeComplianceXPU,test_cow_input_nn_functional_conv_transpose1d_xpu_float32
op_ut,third_party.torch-xpu-ops.test.xpu.test_ops_xpu.TestCompositeComplianceXPU,test_cow_input_nn_functional_conv_transpose2d_xpu_float32
op_ut,third_party.torch-xpu-ops.test.xpu.test_ops_xpu.TestCompositeComplianceXPU,test_cow_input_nn_functional_conv_transpose3d_xpu_float32
op_ut,third_party.torch-xpu-ops.test.xpu.test_ops_xpu.TestCommonXPU,test_dtypes_addmm_decomposed_xpu
op_ut,third_party.torch-xpu-ops.test.xpu.test_ops_xpu.TestCommonXPU,test_dtypes_addmm_xpu
op_ut,third_party.torch-xpu-ops.test.xpu.test_ops_xpu.TestCommonXPU,test_dtypes_addmv_xpu
op_ut,third_party.torch-xpu-ops.test.xpu.test_ops_xpu.TestFakeTensorXPU,test_fake_crossref_backward_no_amp_fft_hfft2_xpu_float32
op_ut,third_party.torch-xpu-ops.test.xpu.test_ops_xpu.TestFakeTensorXPU,test_fake_crossref_backward_no_amp_fft_hfftn_xpu_float32
op_ut,third_party.torch-xpu-ops.test.xpu.test_ops_xpu.TestFakeTensorXPU,test_fake_crossref_backward_no_amp_fft_irfft2_xpu_float32
op_ut,third_party.torch-xpu-ops.test.xpu.test_ops_xpu.TestFakeTensorXPU,test_fake_crossref_backward_no_amp_fft_irfftn_xpu_float32
op_ut,third_party.torch-xpu-ops.test.xpu.test_ops_xpu.TestCommonXPU,test_dtypes_baddbmm_xpu
op_ut,third_party.torch-xpu-ops.test.xpu.test_ops_xpu.TestCommonXPU,test_python_ref__refs_true_divide_xpu_complex32
op_ut,third_party.torch-xpu-ops.test.xpu.test_ops_xpu.TestCommonXPU,test_dtypes_einsum_xpu
op_ut,third_party.torch-xpu-ops.test.xpu.test_ops_xpu.TestCommonXPU,test_python_ref_executor__refs_true_divide_executor_aten_xpu_complex32
op_ut,third_party.torch-xpu-ops.test.xpu.test_ops_xpu.TestCommonXPU,test_python_ref_executor__refs_pow_executor_aten_xpu_complex32
op_ut,third_party.torch-xpu-ops.test.xpu.test_ops_xpu.TestFakeTensorXPU,test_fake_crossref_backward_no_amp_nn_functional_max_unpool2d_grad_xpu_float32
op_ut,third_party.torch-xpu-ops.test.xpu.test_ops_xpu.TestCommonXPU,test_dtypes_histogram_xpu
op_ut,third_party.torch-xpu-ops.test.xpu.test_ops_xpu.TestFakeTensorXPU,test_fake_crossref_backward_no_amp_nn_functional_max_unpool2d_xpu_float32
op_ut,third_party.torch-xpu-ops.test.xpu.test_ops_xpu.TestCommonXPU,test_dtypes_logaddexp_xpu
op_ut,third_party.torch-xpu-ops.test.xpu.test_ops_xpu.TestCommonXPU,test_python_ref_executor__refs_mul_executor_aten_xpu_complex32
op_ut,third_party.torch-xpu-ops.test.xpu.test_ops_xpu.TestCommonXPU,test_dtypes_mm_xpu
op_ut,third_party.torch-xpu-ops.test.xpu.test_ops_xpu.TestCommonXPU,test_dtypes_mv_xpu
op_ut,third_party.torch-xpu-ops.test.xpu.test_ops_xpu.TestCommonXPU,test_errors_arange_xpu
op_ut,third_party.torch-xpu-ops.test.xpu.test_ops_xpu.TestCommonXPU,test_dtypes_nn_functional_conv1d_xpu
op_ut,third_party.torch-xpu-ops.test.xpu.test_ops_xpu.TestCommonXPU,test_dtypes_nn_functional_linear_xpu
op_ut,third_party.torch-xpu-ops.test.xpu.test_ops_xpu.TestCommonXPU,test_dtypes_nn_functional_conv2d_xpu
op_ut,third_party.torch-xpu-ops.test.xpu.test_ops_xpu.TestCommonXPU,test_dtypes_nn_functional_conv3d_xpu
op_ut,third_party.torch-xpu-ops.test.xpu.test_ops_xpu.TestCommonXPU,test_dtypes_nn_functional_conv_transpose1d_xpu
op_ut,third_party.torch-xpu-ops.test.xpu.test_ops_xpu.TestCommonXPU,test_dtypes_nn_functional_embedding_bag_xpu
op_ut,third_party.torch-xpu-ops.test.xpu.test_ops_xpu.TestCommonXPU,test_dtypes_nn_functional_conv_transpose2d_xpu
op_ut,third_party.torch-xpu-ops.test.xpu.test_ops_xpu.TestCommonXPU,test_dtypes_nn_functional_conv_transpose3d_xpu
op_ut,third_party.torch-xpu-ops.test.xpu.test_torch_xpu.TestBasicVitalSigns,test_basic_vitals
op_ut,third_party.torch-xpu-ops.test.xpu.test_torch_xpu.TestBasicVitalSigns,test_basic_vitals_read_write
op_ut,third_party.torch-xpu-ops.test.xpu.test_torch_xpu.TestBasicVitalSigns,test_dataloader_vitals
op_ut,third_party.torch-xpu-ops.test.xpu.test_transformers_xpu.TestSDPAFailureModesXPU,test_mem_eff_attention_large_seq_len_uniform_attention_xpu
op_ut,third_party.torch-xpu-ops.test.xpu.test_transformers_xpu.TestSDPAFailureModesXPU,test_mem_eff_attention_large_seq_len_uniform_attention_xpu
op_ut,third_party.torch-xpu-ops.test.xpu.test_transformers_xpu.TestSDPAFailureModesXPU,test_mem_eff_attention_large_seq_len_uniform_attention_xpu
