++ python benchmarks/dynamo/huggingface.py --accuracy --float16 -d xpu -n10 --training --total-partitions 7 --partition-id 2 --backend=inductor --cold-start-latency --timeout=10800 --disable-cudagraphs --output=/__w/torch-xpu-ops/torch-xpu-ops/pytorch/inductor_log/huggingface/float16/inductor_huggingface_float16_training_xpu_accuracy.csv
W0531 14:50:57.963000 30838 site-packages/torch/utils/_pytree.py:630] <enum 'KernelPreference'> is an Enum subclass and is now natively supported by torch.compile as an opaque value type. Calling register_constant() on Enum subclasses is deprecated and will be an error in a future release.
W0531 14:50:57.989000 30838 site-packages/torch/utils/_pytree.py:630] <enum 'ScaleCalculationMode'> is an Enum subclass and is now natively supported by torch.compile as an opaque value type. Calling register_constant() on Enum subclasses is deprecated and will be an error in a future release.
W0531 14:51:18.338000 31028 site-packages/torch/utils/_pytree.py:630] <enum 'KernelPreference'> is an Enum subclass and is now natively supported by torch.compile as an opaque value type. Calling register_constant() on Enum subclasses is deprecated and will be an error in a future release.
W0531 14:51:18.364000 31028 site-packages/torch/utils/_pytree.py:630] <enum 'ScaleCalculationMode'> is an Enum subclass and is now natively supported by torch.compile as an opaque value type. Calling register_constant() on Enum subclasses is deprecated and will be an error in a future release.
loading model: 0it [00:00, ?it/s][transformers] `loss_type=None` was set in the config but it is unrecognized. Using the default loss: `ForCausalLMLoss`.
WARNING:transformers.modeling_utils:`loss_type=None` was set in the config but it is unrecognized. Using the default loss: `ForCausalLMLoss`.
loading model: 0it [00:02, ?it/s]
xpu  train DistillGPT2                        
W0531 14:51:28.662000 31028 site-packages/torch/_inductor/utils.py:3128] [4/0_1] get_device_tflops: no Triton fallback available for non-CUDA devices. Returning 0.0; roofline estimates will use memory bandwidth only.
pass
W0531 14:52:06.677000 31836 site-packages/torch/utils/_pytree.py:630] <enum 'KernelPreference'> is an Enum subclass and is now natively supported by torch.compile as an opaque value type. Calling register_constant() on Enum subclasses is deprecated and will be an error in a future release.
W0531 14:52:06.705000 31836 site-packages/torch/utils/_pytree.py:630] <enum 'ScaleCalculationMode'> is an Enum subclass and is now natively supported by torch.compile as an opaque value type. Calling register_constant() on Enum subclasses is deprecated and will be an error in a future release.
loading model: 0it [00:00, ?it/s][transformers] If you want to use `ElectraForCausalLM` as a standalone, add `is_decoder=True.`
WARNING:transformers.models.electra.modeling_electra:If you want to use `ElectraForCausalLM` as a standalone, add `is_decoder=True.`
loading model: 0it [00:06, ?it/s]
xpu  train ElectraForCausalLM                 
W0531 14:52:23.084000 31836 site-packages/torch/_inductor/utils.py:3128] [2/0_1] get_device_tflops: no Triton fallback available for non-CUDA devices. Returning 0.0; roofline estimates will use memory bandwidth only.
pass
W0531 14:53:00.098000 32839 site-packages/torch/utils/_pytree.py:630] <enum 'KernelPreference'> is an Enum subclass and is now natively supported by torch.compile as an opaque value type. Calling register_constant() on Enum subclasses is deprecated and will be an error in a future release.
W0531 14:53:00.126000 32839 site-packages/torch/utils/_pytree.py:630] <enum 'ScaleCalculationMode'> is an Enum subclass and is now natively supported by torch.compile as an opaque value type. Calling register_constant() on Enum subclasses is deprecated and will be an error in a future release.
loading model: 0it [00:00, ?it/s]loading model: 0it [00:06, ?it/s]
xpu  train ElectraForQuestionAnswering        
W0531 14:53:16.299000 32839 site-packages/torch/_inductor/utils.py:3128] [2/0_1] get_device_tflops: no Triton fallback available for non-CUDA devices. Returning 0.0; roofline estimates will use memory bandwidth only.
pass
W0531 14:53:51.372000 33755 site-packages/torch/utils/_pytree.py:630] <enum 'KernelPreference'> is an Enum subclass and is now natively supported by torch.compile as an opaque value type. Calling register_constant() on Enum subclasses is deprecated and will be an error in a future release.
W0531 14:53:51.400000 33755 site-packages/torch/utils/_pytree.py:630] <enum 'ScaleCalculationMode'> is an Enum subclass and is now natively supported by torch.compile as an opaque value type. Calling register_constant() on Enum subclasses is deprecated and will be an error in a future release.
loading model: 0it [00:00, ?it/s]loading model: 0it [00:03, ?it/s]
xpu  train GPT2ForSequenceClassification      
W0531 14:54:04.185000 33755 site-packages/torch/_inductor/utils.py:3128] [2/0_1] get_device_tflops: no Triton fallback available for non-CUDA devices. Returning 0.0; roofline estimates will use memory bandwidth only.
pass
accuracy            pass_rate=80.77%
calls_captured      gmean=0.00x mean=519.615x
unique_graphs       gmean=0.00x mean=1.500x
graph_breaks        gmean=0.00x mean=3.154x
unique_graph_breaks gmean=0.00x mean=2.654x
autograd_captures   gmean=0.00x mean=0.000x
autograd_compiles   gmean=0.00x mean=0.000x
cudagraph_skips     gmean=0.00x mean=0.000x
compilation_latency mean=24.125 seconds
