++ python benchmarks/dynamo/huggingface.py --accuracy --float16 -d xpu -n10 --training --total-partitions 7 --partition-id 0 --backend=inductor --cold-start-latency --timeout=10800 --disable-cudagraphs --output=/__w/torch-xpu-ops/torch-xpu-ops/pytorch/inductor_log/huggingface/float16/inductor_huggingface_float16_training_xpu_accuracy.csv
W0531 14:51:03.951000 30825 site-packages/torch/utils/_pytree.py:630] <enum 'KernelPreference'> is an Enum subclass and is now natively supported by torch.compile as an opaque value type. Calling register_constant() on Enum subclasses is deprecated and will be an error in a future release.
W0531 14:51:03.981000 30825 site-packages/torch/utils/_pytree.py:630] <enum 'ScaleCalculationMode'> is an Enum subclass and is now natively supported by torch.compile as an opaque value type. Calling register_constant() on Enum subclasses is deprecated and will be an error in a future release.
W0531 14:51:18.339000 31123 site-packages/torch/utils/_pytree.py:630] <enum 'KernelPreference'> is an Enum subclass and is now natively supported by torch.compile as an opaque value type. Calling register_constant() on Enum subclasses is deprecated and will be an error in a future release.
W0531 14:51:18.366000 31123 site-packages/torch/utils/_pytree.py:630] <enum 'ScaleCalculationMode'> is an Enum subclass and is now natively supported by torch.compile as an opaque value type. Calling register_constant() on Enum subclasses is deprecated and will be an error in a future release.
loading model: 0it [00:00, ?it/s]loading model: 0it [00:02, ?it/s]
xpu  train AlbertForMaskedLM                  
pass
W0531 14:52:12.748000 32004 site-packages/torch/utils/_pytree.py:630] <enum 'KernelPreference'> is an Enum subclass and is now natively supported by torch.compile as an opaque value type. Calling register_constant() on Enum subclasses is deprecated and will be an error in a future release.
W0531 14:52:12.777000 32004 site-packages/torch/utils/_pytree.py:630] <enum 'ScaleCalculationMode'> is an Enum subclass and is now natively supported by torch.compile as an opaque value type. Calling register_constant() on Enum subclasses is deprecated and will be an error in a future release.
loading model: 0it [00:00, ?it/s]loading model: 0it [00:02, ?it/s]
xpu  train AlbertForQuestionAnswering         
W0531 14:52:26.904000 32004 site-packages/torch/_inductor/utils.py:3128] [2/0_1] get_device_tflops: no Triton fallback available for non-CUDA devices. Returning 0.0; roofline estimates will use memory bandwidth only.
pass
W0531 14:53:06.103000 32862 site-packages/torch/utils/_pytree.py:630] <enum 'KernelPreference'> is an Enum subclass and is now natively supported by torch.compile as an opaque value type. Calling register_constant() on Enum subclasses is deprecated and will be an error in a future release.
W0531 14:53:06.132000 32862 site-packages/torch/utils/_pytree.py:630] <enum 'ScaleCalculationMode'> is an Enum subclass and is now natively supported by torch.compile as an opaque value type. Calling register_constant() on Enum subclasses is deprecated and will be an error in a future release.
loading model: 0it [00:00, ?it/s]loading model: 0it [00:08, ?it/s]
xpu  train AllenaiLongformerBase              
W0531 14:53:18.294000 32862 site-packages/torch/_dynamo/variables/tensor.py:1744] [2/0] Graph break from `Tensor.item()`, consider setting:
W0531 14:53:18.294000 32862 site-packages/torch/_dynamo/variables/tensor.py:1744] [2/0]     torch._dynamo.config.capture_scalar_outputs = True
W0531 14:53:18.294000 32862 site-packages/torch/_dynamo/variables/tensor.py:1744] [2/0] or:
W0531 14:53:18.294000 32862 site-packages/torch/_dynamo/variables/tensor.py:1744] [2/0]     env TORCHDYNAMO_CAPTURE_SCALAR_OUTPUTS=1
W0531 14:53:18.294000 32862 site-packages/torch/_dynamo/variables/tensor.py:1744] [2/0] to include these operations in the captured graph.
W0531 14:53:18.294000 32862 site-packages/torch/_dynamo/variables/tensor.py:1744] [2/0] 
W0531 14:53:18.294000 32862 site-packages/torch/_dynamo/variables/tensor.py:1744] [2/0] Graph break: from user code at:
W0531 14:53:18.294000 32862 site-packages/torch/_dynamo/variables/tensor.py:1744] [2/0]   File "/__w/torch-xpu-ops/torch-xpu-ops/pytorch/benchmarks/dynamo/huggingface.py", line 563, in torch_dynamo_resume_in_forward_and_backward_pass_at_561
W0531 14:53:18.294000 32862 site-packages/torch/_dynamo/variables/tensor.py:1744] [2/0]     pred = mod(**cloned_inputs)
W0531 14:53:18.294000 32862 site-packages/torch/_dynamo/variables/tensor.py:1744] [2/0]   File "/tmp/xpu-tool/Python/3.10.20/x64/lib/python3.10/site-packages/transformers/models/longformer/modeling_longformer.py", line 1623, in forward
W0531 14:53:18.294000 32862 site-packages/torch/_dynamo/variables/tensor.py:1744] [2/0]     outputs = self.longformer(
W0531 14:53:18.294000 32862 site-packages/torch/_dynamo/variables/tensor.py:1744] [2/0]   File "/tmp/xpu-tool/Python/3.10.20/x64/lib/python3.10/site-packages/transformers/models/longformer/modeling_longformer.py", line 1518, in forward
W0531 14:53:18.294000 32862 site-packages/torch/_dynamo/variables/tensor.py:1744] [2/0]     encoder_outputs = self.encoder(
W0531 14:53:18.294000 32862 site-packages/torch/_dynamo/variables/tensor.py:1744] [2/0]   File "/tmp/xpu-tool/Python/3.10.20/x64/lib/python3.10/site-packages/transformers/models/longformer/modeling_longformer.py", line 1195, in forward
W0531 14:53:18.294000 32862 site-packages/torch/_dynamo/variables/tensor.py:1744] [2/0]     is_global_attn = is_index_global_attn.flatten().any().item()
W0531 14:53:18.294000 32862 site-packages/torch/_dynamo/variables/tensor.py:1744] [2/0] 
W0531 14:53:18.294000 32862 site-packages/torch/_dynamo/variables/tensor.py:1744] [2/0] 
W0531 14:53:58.058000 32862 site-packages/torch/_inductor/utils.py:3128] [8/0] get_device_tflops: no Triton fallback available for non-CUDA devices. Returning 0.0; roofline estimates will use memory bandwidth only.
pass
W0531 14:54:33.059000 34486 site-packages/torch/utils/_pytree.py:630] <enum 'KernelPreference'> is an Enum subclass and is now natively supported by torch.compile as an opaque value type. Calling register_constant() on Enum subclasses is deprecated and will be an error in a future release.
W0531 14:54:33.092000 34486 site-packages/torch/utils/_pytree.py:630] <enum 'ScaleCalculationMode'> is an Enum subclass and is now natively supported by torch.compile as an opaque value type. Calling register_constant() on Enum subclasses is deprecated and will be an error in a future release.
loading model: 0it [00:00, ?it/s]loading model: 0it [00:08, ?it/s]
xpu  train BartForCausalLM                    
W0531 14:54:54.211000 34486 site-packages/torch/_inductor/utils.py:3128] [15/0] get_device_tflops: no Triton fallback available for non-CUDA devices. Returning 0.0; roofline estimates will use memory bandwidth only.
pass
W0531 14:55:19.303000 35139 site-packages/torch/utils/_pytree.py:630] <enum 'KernelPreference'> is an Enum subclass and is now natively supported by torch.compile as an opaque value type. Calling register_constant() on Enum subclasses is deprecated and will be an error in a future release.
W0531 14:55:19.332000 35139 site-packages/torch/utils/_pytree.py:630] <enum 'ScaleCalculationMode'> is an Enum subclass and is now natively supported by torch.compile as an opaque value type. Calling register_constant() on Enum subclasses is deprecated and will be an error in a future release.
loading model: 0it [00:00, ?it/s]loading model: 0it [00:06, ?it/s]
xpu  train BartForConditionalGeneration       
W0531 14:55:36.112000 35139 site-packages/torch/_inductor/utils.py:3128] [22/0] get_device_tflops: no Triton fallback available for non-CUDA devices. Returning 0.0; roofline estimates will use memory bandwidth only.
pass
W0531 14:56:03.056000 35738 site-packages/torch/utils/_pytree.py:630] <enum 'KernelPreference'> is an Enum subclass and is now natively supported by torch.compile as an opaque value type. Calling register_constant() on Enum subclasses is deprecated and will be an error in a future release.
W0531 14:56:03.083000 35738 site-packages/torch/utils/_pytree.py:630] <enum 'ScaleCalculationMode'> is an Enum subclass and is now natively supported by torch.compile as an opaque value type. Calling register_constant() on Enum subclasses is deprecated and will be an error in a future release.
loading model: 0it [00:00, ?it/s]loading model: 0it [00:06, ?it/s]
xpu  train BertForMaskedLM                    
W0531 14:56:19.545000 35738 site-packages/torch/_inductor/utils.py:3128] [2/0_1] get_device_tflops: no Triton fallback available for non-CUDA devices. Returning 0.0; roofline estimates will use memory bandwidth only.
pass
W0531 14:56:57.500000 36204 site-packages/torch/utils/_pytree.py:630] <enum 'KernelPreference'> is an Enum subclass and is now natively supported by torch.compile as an opaque value type. Calling register_constant() on Enum subclasses is deprecated and will be an error in a future release.
W0531 14:56:57.527000 36204 site-packages/torch/utils/_pytree.py:630] <enum 'ScaleCalculationMode'> is an Enum subclass and is now natively supported by torch.compile as an opaque value type. Calling register_constant() on Enum subclasses is deprecated and will be an error in a future release.
loading model: 0it [00:00, ?it/s]loading model: 0it [00:02, ?it/s]
xpu  train BertForQuestionAnswering           
W0531 14:57:08.889000 36204 site-packages/torch/_inductor/utils.py:3128] [2/0_1] get_device_tflops: no Triton fallback available for non-CUDA devices. Returning 0.0; roofline estimates will use memory bandwidth only.
pass
W0531 14:57:39.857000 36582 site-packages/torch/utils/_pytree.py:630] <enum 'KernelPreference'> is an Enum subclass and is now natively supported by torch.compile as an opaque value type. Calling register_constant() on Enum subclasses is deprecated and will be an error in a future release.
W0531 14:57:39.883000 36582 site-packages/torch/utils/_pytree.py:630] <enum 'ScaleCalculationMode'> is an Enum subclass and is now natively supported by torch.compile as an opaque value type. Calling register_constant() on Enum subclasses is deprecated and will be an error in a future release.
loading model: 0it [00:00, ?it/s]loading model: 0it [00:16, ?it/s]
xpu  train BlenderbotForCausalLM              
pass_due_to_skip
accuracy            pass_rate=86.36%
calls_captured      gmean=0.00x mean=430.727x
unique_graphs       gmean=0.00x mean=2.568x
graph_breaks        gmean=0.00x mean=3.841x
unique_graph_breaks gmean=0.00x mean=3.068x
autograd_captures   gmean=0.00x mean=0.000x
autograd_compiles   gmean=0.00x mean=0.000x
cudagraph_skips     gmean=0.00x mean=0.000x
compilation_latency mean=22.156 seconds
