++ python benchmarks/dynamo/huggingface.py --accuracy --float16 -d xpu -n10 --inference --total-partitions 7 --partition-id 0 --backend=inductor --cold-start-latency --timeout=10800 --disable-cudagraphs --output=/__w/torch-xpu-ops/torch-xpu-ops/pytorch/inductor_log/huggingface/float16/inductor_huggingface_float16_inference_xpu_accuracy.csv
W0531 14:45:12.053000 25499 site-packages/torch/utils/_pytree.py:630] <enum 'KernelPreference'> is an Enum subclass and is now natively supported by torch.compile as an opaque value type. Calling register_constant() on Enum subclasses is deprecated and will be an error in a future release.
W0531 14:45:12.081000 25499 site-packages/torch/utils/_pytree.py:630] <enum 'ScaleCalculationMode'> is an Enum subclass and is now natively supported by torch.compile as an opaque value type. Calling register_constant() on Enum subclasses is deprecated and will be an error in a future release.
W0531 14:45:26.531000 25711 site-packages/torch/utils/_pytree.py:630] <enum 'KernelPreference'> is an Enum subclass and is now natively supported by torch.compile as an opaque value type. Calling register_constant() on Enum subclasses is deprecated and will be an error in a future release.
W0531 14:45:26.560000 25711 site-packages/torch/utils/_pytree.py:630] <enum 'ScaleCalculationMode'> is an Enum subclass and is now natively supported by torch.compile as an opaque value type. Calling register_constant() on Enum subclasses is deprecated and will be an error in a future release.
loading model: 0it [00:00, ?it/s]loading model: 0it [00:07, ?it/s]
xpu  eval  AlbertForMaskedLM                  
pass
W0531 14:46:07.366000 26389 site-packages/torch/utils/_pytree.py:630] <enum 'KernelPreference'> is an Enum subclass and is now natively supported by torch.compile as an opaque value type. Calling register_constant() on Enum subclasses is deprecated and will be an error in a future release.
W0531 14:46:07.395000 26389 site-packages/torch/utils/_pytree.py:630] <enum 'ScaleCalculationMode'> is an Enum subclass and is now natively supported by torch.compile as an opaque value type. Calling register_constant() on Enum subclasses is deprecated and will be an error in a future release.
loading model: 0it [00:00, ?it/s]loading model: 0it [00:02, ?it/s]
xpu  eval  AlbertForQuestionAnswering         
W0531 14:46:15.067000 26389 site-packages/torch/_inductor/utils.py:3128] [0/0] get_device_tflops: no Triton fallback available for non-CUDA devices. Returning 0.0; roofline estimates will use memory bandwidth only.
pass
W0531 14:46:33.722000 26997 site-packages/torch/utils/_pytree.py:630] <enum 'KernelPreference'> is an Enum subclass and is now natively supported by torch.compile as an opaque value type. Calling register_constant() on Enum subclasses is deprecated and will be an error in a future release.
W0531 14:46:33.750000 26997 site-packages/torch/utils/_pytree.py:630] <enum 'ScaleCalculationMode'> is an Enum subclass and is now natively supported by torch.compile as an opaque value type. Calling register_constant() on Enum subclasses is deprecated and will be an error in a future release.
loading model: 0it [00:00, ?it/s]loading model: 0it [00:02, ?it/s]
xpu  eval  AllenaiLongformerBase              
W0531 14:46:38.330000 26997 site-packages/torch/_dynamo/variables/tensor.py:1744] [0/0] Graph break from `Tensor.item()`, consider setting:
W0531 14:46:38.330000 26997 site-packages/torch/_dynamo/variables/tensor.py:1744] [0/0]     torch._dynamo.config.capture_scalar_outputs = True
W0531 14:46:38.330000 26997 site-packages/torch/_dynamo/variables/tensor.py:1744] [0/0] or:
W0531 14:46:38.330000 26997 site-packages/torch/_dynamo/variables/tensor.py:1744] [0/0]     env TORCHDYNAMO_CAPTURE_SCALAR_OUTPUTS=1
W0531 14:46:38.330000 26997 site-packages/torch/_dynamo/variables/tensor.py:1744] [0/0] to include these operations in the captured graph.
W0531 14:46:38.330000 26997 site-packages/torch/_dynamo/variables/tensor.py:1744] [0/0] 
W0531 14:46:38.330000 26997 site-packages/torch/_dynamo/variables/tensor.py:1744] [0/0] Graph break: from user code at:
W0531 14:46:38.330000 26997 site-packages/torch/_dynamo/variables/tensor.py:1744] [0/0]   File "/__w/torch-xpu-ops/torch-xpu-ops/pytorch/benchmarks/dynamo/huggingface.py", line 556, in forward_pass
W0531 14:46:38.330000 26997 site-packages/torch/_dynamo/variables/tensor.py:1744] [0/0]     res = mod(**inputs)
W0531 14:46:38.330000 26997 site-packages/torch/_dynamo/variables/tensor.py:1744] [0/0]   File "/tmp/xpu-tool/Python/3.10.20/x64/lib/python3.10/site-packages/transformers/models/longformer/modeling_longformer.py", line 1623, in forward
W0531 14:46:38.330000 26997 site-packages/torch/_dynamo/variables/tensor.py:1744] [0/0]     outputs = self.longformer(
W0531 14:46:38.330000 26997 site-packages/torch/_dynamo/variables/tensor.py:1744] [0/0]   File "/tmp/xpu-tool/Python/3.10.20/x64/lib/python3.10/site-packages/transformers/models/longformer/modeling_longformer.py", line 1518, in forward
W0531 14:46:38.330000 26997 site-packages/torch/_dynamo/variables/tensor.py:1744] [0/0]     encoder_outputs = self.encoder(
W0531 14:46:38.330000 26997 site-packages/torch/_dynamo/variables/tensor.py:1744] [0/0]   File "/tmp/xpu-tool/Python/3.10.20/x64/lib/python3.10/site-packages/transformers/models/longformer/modeling_longformer.py", line 1195, in forward
W0531 14:46:38.330000 26997 site-packages/torch/_dynamo/variables/tensor.py:1744] [0/0]     is_global_attn = is_index_global_attn.flatten().any().item()
W0531 14:46:38.330000 26997 site-packages/torch/_dynamo/variables/tensor.py:1744] [0/0] 
W0531 14:46:38.330000 26997 site-packages/torch/_dynamo/variables/tensor.py:1744] [0/0] 
W0531 14:47:12.901000 26997 site-packages/torch/_inductor/utils.py:3128] [6/0] get_device_tflops: no Triton fallback available for non-CUDA devices. Returning 0.0; roofline estimates will use memory bandwidth only.
pass
W0531 14:47:31.020000 28122 site-packages/torch/utils/_pytree.py:630] <enum 'KernelPreference'> is an Enum subclass and is now natively supported by torch.compile as an opaque value type. Calling register_constant() on Enum subclasses is deprecated and will be an error in a future release.
W0531 14:47:31.050000 28122 site-packages/torch/utils/_pytree.py:630] <enum 'ScaleCalculationMode'> is an Enum subclass and is now natively supported by torch.compile as an opaque value type. Calling register_constant() on Enum subclasses is deprecated and will be an error in a future release.
loading model: 0it [00:00, ?it/s]loading model: 0it [00:07, ?it/s]
xpu  eval  BartForCausalLM                    
W0531 14:47:44.108000 28122 site-packages/torch/_inductor/utils.py:3128] [0/0] get_device_tflops: no Triton fallback available for non-CUDA devices. Returning 0.0; roofline estimates will use memory bandwidth only.
pass
W0531 14:48:05.490000 28733 site-packages/torch/utils/_pytree.py:630] <enum 'KernelPreference'> is an Enum subclass and is now natively supported by torch.compile as an opaque value type. Calling register_constant() on Enum subclasses is deprecated and will be an error in a future release.
W0531 14:48:05.519000 28733 site-packages/torch/utils/_pytree.py:630] <enum 'ScaleCalculationMode'> is an Enum subclass and is now natively supported by torch.compile as an opaque value type. Calling register_constant() on Enum subclasses is deprecated and will be an error in a future release.
loading model: 0it [00:00, ?it/s]loading model: 0it [00:09, ?it/s]
xpu  eval  BartForConditionalGeneration       
W0531 14:48:39.748000 28733 site-packages/torch/_inductor/utils.py:3128] [16/0] get_device_tflops: no Triton fallback available for non-CUDA devices. Returning 0.0; roofline estimates will use memory bandwidth only.
pass
W0531 14:48:55.423000 29479 site-packages/torch/utils/_pytree.py:630] <enum 'KernelPreference'> is an Enum subclass and is now natively supported by torch.compile as an opaque value type. Calling register_constant() on Enum subclasses is deprecated and will be an error in a future release.
W0531 14:48:55.452000 29479 site-packages/torch/utils/_pytree.py:630] <enum 'ScaleCalculationMode'> is an Enum subclass and is now natively supported by torch.compile as an opaque value type. Calling register_constant() on Enum subclasses is deprecated and will be an error in a future release.
loading model: 0it [00:00, ?it/s]loading model: 0it [00:06, ?it/s]
xpu  eval  BertForMaskedLM                    
W0531 14:49:07.479000 29479 site-packages/torch/_inductor/utils.py:3128] [0/0] get_device_tflops: no Triton fallback available for non-CUDA devices. Returning 0.0; roofline estimates will use memory bandwidth only.
pass
W0531 14:49:36.931000 30024 site-packages/torch/utils/_pytree.py:630] <enum 'KernelPreference'> is an Enum subclass and is now natively supported by torch.compile as an opaque value type. Calling register_constant() on Enum subclasses is deprecated and will be an error in a future release.
W0531 14:49:36.960000 30024 site-packages/torch/utils/_pytree.py:630] <enum 'ScaleCalculationMode'> is an Enum subclass and is now natively supported by torch.compile as an opaque value type. Calling register_constant() on Enum subclasses is deprecated and will be an error in a future release.
loading model: 0it [00:00, ?it/s]loading model: 0it [00:01, ?it/s]
xpu  eval  BertForQuestionAnswering           
W0531 14:49:43.919000 30024 site-packages/torch/_inductor/utils.py:3128] [0/0] get_device_tflops: no Triton fallback available for non-CUDA devices. Returning 0.0; roofline estimates will use memory bandwidth only.
pass
W0531 14:50:03.915000 30322 site-packages/torch/utils/_pytree.py:630] <enum 'KernelPreference'> is an Enum subclass and is now natively supported by torch.compile as an opaque value type. Calling register_constant() on Enum subclasses is deprecated and will be an error in a future release.
W0531 14:50:03.942000 30322 site-packages/torch/utils/_pytree.py:630] <enum 'ScaleCalculationMode'> is an Enum subclass and is now natively supported by torch.compile as an opaque value type. Calling register_constant() on Enum subclasses is deprecated and will be an error in a future release.
loading model: 0it [00:00, ?it/s]loading model: 0it [00:16, ?it/s]
xpu  eval  BlenderbotForCausalLM              
pass_due_to_skip
accuracy            pass_rate=95.45%
calls_captured      gmean=0.00x mean=663.250x
unique_graphs       gmean=0.00x mean=1.477x
graph_breaks        gmean=0.00x mean=0.523x
unique_graph_breaks gmean=0.00x mean=0.114x
autograd_captures   gmean=0.00x mean=0.000x
autograd_compiles   gmean=0.00x mean=0.000x
cudagraph_skips     gmean=0.00x mean=0.000x
compilation_latency mean=13.661 seconds
