op_ut,third_party.torch-xpu-ops.test.xpu.dynamo.test_ctx_manager_xpu.CtxManagerTests,test_cuda_amp_autocast
op_ut,third_party.torch-xpu-ops.test.xpu.dynamo.test_ctx_manager_xpu.CtxManagerTests,test_autocast_float64
op_ut,third_party.torch-xpu-ops.test.xpu.quantization.core.test_quantized_op_xpu.TestQuantizedOpsXPU,test_qgelu_xpu
op_ut,third_party.torch-xpu-ops.test.xpu.quantization.core.test_quantized_op_xpu.TestQuantizedOpsXPU,test_max_pool2d_cudnn_xpu
op_ut,third_party.torch-xpu-ops.test.xpu.quantization.core.test_quantized_op_xpu.TestQuantizedOpsXPU,test_qrelu_xpu
op_ut,third_party.torch-xpu-ops.test.xpu.quantization.core.test_quantized_op_xpu.TestQuantizedOpsXPU,test_add_scalar_relu_xpu
op_ut,third_party.torch-xpu-ops.test.xpu.quantization.core.test_quantized_op_xpu.TestQuantizedOpsXPU,test_cat_nhwc_xpu
op_ut,third_party.torch-xpu-ops.test.xpu.quantization.core.test_workflow_ops_xpu.TestFakeQuantizeOpsXPU,test_learnable_forward_per_channel_cpu_xpu
op_ut,third_party.torch-xpu-ops.test.xpu.quantization.core.test_workflow_ops_xpu.TestFakeQuantizeOpsXPU,test_forward_per_tensor_xpu
op_ut,third_party.torch-xpu-ops.test.xpu.quantization.core.test_workflow_ops_xpu.TestFakeQuantizeOpsXPU,test_forward_per_channel_xpu
op_ut,third_party.torch-xpu-ops.test.xpu.test_autograd_xpu.TestMultithreadAutograd,test_dataparallel_saved_tensors_hooks
op_ut,third_party.torch-xpu-ops.test.xpu.test_autograd_xpu.TestAutogradDeviceTypeXPU,test_profiler_emit_nvtx_xpu
op_ut,third_party.torch-xpu-ops.test.xpu.test_autograd_xpu.TestAutograd,test_checkpointing_without_reentrant_dataparallel
op_ut,,third_party.torch-xpu-ops.test.xpu.test_decomp_xpu
op_ut,third_party.torch-xpu-ops.test.xpu.test_fake_tensor_xpu.FakeTensorTest,test_cudnn_rnn_without_fallback
op_ut,third_party.torch-xpu-ops.test.xpu.test_fake_tensor_xpu.FakeTensorTest,test_cudnn_rnn_with_fallback
op_ut,third_party.torch-xpu-ops.test.xpu.test_fake_tensor_xpu.PropagateRealTensorsFakeTensorTest,test_cudnn_rnn_with_fallback_propagate_real_tensors
op_ut,third_party.torch-xpu-ops.test.xpu.test_fake_tensor_xpu.PropagateRealTensorsFakeTensorTest,test_cudnn_rnn_without_fallback_propagate_real_tensors
op_ut,third_party.torch-xpu-ops.test.xpu.test_linalg_xpu.TestLinalgXPU,test_mm_submatrix_offline_tunableop_xpu_float32
op_ut,third_party.torch-xpu-ops.test.xpu.test_linalg_xpu.TestLinalgXPU,test_bmm_tunableop_rocm_xpu_float32
op_ut,third_party.torch-xpu-ops.test.xpu.test_linalg_xpu.TestLinalgXPU,test_matmul_check_entries_tunableop_xpu_float16
op_ut,third_party.torch-xpu-ops.test.xpu.test_linalg_xpu.TestLinalgXPU,test_matmul_empty_existing_file_tunableop_xpu_float32
op_ut,third_party.torch-xpu-ops.test.xpu.test_linalg_xpu.TestLinalgXPU,test_numeric_check_leak_tunableop_rocm_xpu_bfloat16
op_ut,third_party.torch-xpu-ops.test.xpu.test_linalg_xpu.TestLinalgXPU,test_call_count_tunableop_xpu_float32
op_ut,third_party.torch-xpu-ops.test.xpu.test_linalg_xpu.TestLinalgXPU,test_scaled_gemm_offline_tunableop_xpu_float8_e4m3fn
op_ut,third_party.torch-xpu-ops.test.xpu.test_linalg_xpu.TestLinalgXPU,test_numerical_check_accuracy_tunableop_xpu_float16
op_ut,third_party.torch-xpu-ops.test.xpu.test_linalg_xpu.TestLinalgXPU,test_scaled_gemm_offline_tunableop_xpu_float8_e5m2
op_ut,third_party.torch-xpu-ops.test.xpu.test_linalg_xpu.TestLinalgXPU,test_matmul_offline_tunableop_xpu_float16
op_ut,third_party.torch-xpu-ops.test.xpu.test_linalg_xpu.TestLinalgXPU,test_numerical_check_accuracy_tunableop_xpu_float32
op_ut,third_party.torch-xpu-ops.test.xpu.test_linalg_xpu.TestLinalgXPU,test_scaled_gemm_tunableop_xpu_float8_e4m3fn
op_ut,third_party.torch-xpu-ops.test.xpu.test_linalg_xpu.TestLinalgXPU,test_matmul_small_brute_force_tunableop_xpu_float16
op_ut,third_party.torch-xpu-ops.test.xpu.test_linalg_xpu.TestLinalgXPU,test_scaled_gemm_tunableop_xpu_float8_e5m2
op_ut,third_party.torch-xpu-ops.test.xpu.test_linalg_xpu.TestLinalgXPU,test_numerical_check_python_binding_tunableop_xpu_float16
op_ut,third_party.torch-xpu-ops.test.xpu.test_linalg_xpu.TestLinalgXPU,test_matmul_small_brute_force_tunableop_xpu_float32
op_ut,third_party.torch-xpu-ops.test.xpu.test_linalg_xpu.TestLinalgXPU,test_tf32_offline_tunableop_xpu_float32
op_ut,third_party.torch-xpu-ops.test.xpu.test_linalg_xpu.TestLinalgXPU,test_offline_tuning_append_to_existing_file_tunableop_xpu_float32
op_ut,third_party.torch-xpu-ops.test.xpu.test_linalg_xpu.TestLinalgXPU,test_matmul_small_brute_force_tunableop_xpu_float64
op_ut,third_party.torch-xpu-ops.test.xpu.test_linalg_xpu.TestLinalgXPU,test_ops_append_to_existing_file_tunableop_xpu_float32
op_ut,third_party.torch-xpu-ops.test.xpu.test_linalg_xpu.TestLinalgXPU,test_tf32_tunableop_xpu_float32
op_ut,third_party.torch-xpu-ops.test.xpu.test_linalg_xpu.TestLinalgXPU,test_minimum_tuning_iteration_tunableop_xpu_float16
op_ut,third_party.torch-xpu-ops.test.xpu.test_linalg_xpu.TestLinalgXPU,test_validator_tunableop_rocm_xpu_float32
op_ut,third_party.torch-xpu-ops.test.xpu.test_linalg_xpu.TestLinalgXPU,test_addmm_relu_tunableop_rocm_xpu_float32
op_ut,third_party.torch-xpu-ops.test.xpu.test_linalg_xpu.TestLinalgXPU,test_addmm_relu_tunableop_rocm_xpu_float64
op_ut,third_party.torch-xpu-ops.test.xpu.test_linalg_xpu.TestLinalgXPU,test_blaslog_tunableop_xpu_float16
op_ut,third_party.torch-xpu-ops.test.xpu.test_linalg_xpu.TestLinalgXPU,test_dump_results_on_exit_tunableop_xpu_float32
op_ut,third_party.torch-xpu-ops.test.xpu.test_linalg_xpu.TestLinalgXPU,test_gemm_bias_offline_tunableop_xpu_bfloat16
op_ut,third_party.torch-xpu-ops.test.xpu.test_linalg_xpu.TestLinalgXPU,test__dyn_quant_matmul_4bit_m_1_k_128_n_11008_xpu
op_ut,third_party.torch-xpu-ops.test.xpu.test_linalg_xpu.TestLinalgXPU,test__dyn_quant_matmul_4bit_m_32_k_64_n_4096_xpu
op_ut,third_party.torch-xpu-ops.test.xpu.test_linalg_xpu.TestLinalgXPU,test__dyn_quant_matmul_4bit_m_1_k_128_n_4096_xpu
op_ut,third_party.torch-xpu-ops.test.xpu.test_linalg_xpu.TestLinalgXPU,test_gemm_bias_tunableop_xpu_bfloat16
op_ut,third_party.torch-xpu-ops.test.xpu.test_linalg_xpu.TestLinalgXPU,test__dyn_quant_matmul_4bit_m_1_k_64_n_11008_xpu
op_ut,third_party.torch-xpu-ops.test.xpu.test_linalg_xpu.TestLinalgXPU,test__dyn_quant_pack_4bit_weight_k_64_n_48_xpu
op_ut,third_party.torch-xpu-ops.test.xpu.test_linalg_xpu.TestLinalgXPU,test__dyn_quant_pack_4bit_weight_k_256_n_128_xpu
op_ut,third_party.torch-xpu-ops.test.xpu.test_linalg_xpu.TestLinalgXPU,test__dyn_quant_pack_4bit_weight_k_64_n_64_xpu
op_ut,third_party.torch-xpu-ops.test.xpu.test_linalg_xpu.TestLinalgXPU,test__dyn_quant_pack_4bit_weight_k_256_n_32_xpu
op_ut,third_party.torch-xpu-ops.test.xpu.test_linalg_xpu.TestLinalgXPU,test__dyn_quant_matmul_4bit_m_1_k_64_n_4096_xpu
op_ut,third_party.torch-xpu-ops.test.xpu.test_linalg_xpu.TestLinalgXPU,test__dyn_quant_pack_4bit_weight_k_256_n_48_xpu
op_ut,third_party.torch-xpu-ops.test.xpu.test_linalg_xpu.TestLinalgXPU,test_addmm_relu_tunableop_rocm_xpu_bfloat16
op_ut,third_party.torch-xpu-ops.test.xpu.test_linalg_xpu.TestLinalgXPU,test_addmm_relu_tunableop_rocm_xpu_float16
op_ut,third_party.torch-xpu-ops.test.xpu.test_linalg_xpu.TestLinalgXPU,test__dyn_quant_matmul_4bit_m_32_k_64_n_11008_xpu
op_ut,third_party.torch-xpu-ops.test.xpu.test_linalg_xpu.TestLinalgXPU,test__dyn_quant_matmul_4bit_m_32_k_128_n_11008_xpu
op_ut,third_party.torch-xpu-ops.test.xpu.test_linalg_xpu.TestLinalgXPU,test__dyn_quant_matmul_4bit_m_32_k_128_n_4096_xpu
op_ut,third_party.torch-xpu-ops.test.xpu.test_linalg_xpu.TestLinalgXPU,test__dyn_quant_pack_4bit_weight_k_256_n_64_xpu
op_ut,third_party.torch-xpu-ops.test.xpu.test_linalg_xpu.TestLinalgXPU,test__dyn_quant_pack_4bit_weight_k_64_n_128_xpu
op_ut,third_party.torch-xpu-ops.test.xpu.test_linalg_xpu.TestLinalgXPU,test_compile_dyn_quant_matmul_4bit_m_32_k_128_n_4096_xpu
op_ut,third_party.torch-xpu-ops.test.xpu.test_linalg_xpu.TestLinalgXPU,test_compile_dyn_quant_matmul_4bit_m_1_k_64_n_11008_xpu
op_ut,third_party.torch-xpu-ops.test.xpu.test_linalg_xpu.TestLinalgXPU,test_compile_dyn_quant_matmul_4bit_m_32_k_64_n_4096_xpu
op_ut,third_party.torch-xpu-ops.test.xpu.test_linalg_xpu.TestLinalgXPU,test_compile_dyn_quant_matmul_4bit_m_1_k_128_n_11008_xpu
op_ut,third_party.torch-xpu-ops.test.xpu.test_linalg_xpu.TestLinalgXPU,test_disable_tuning_tunableop_xpu_float32
op_ut,third_party.torch-xpu-ops.test.xpu.test_linalg_xpu.TestLinalgXPU,test_compile_dyn_quant_matmul_4bit_m_32_k_64_n_11008_xpu
op_ut,third_party.torch-xpu-ops.test.xpu.test_linalg_xpu.TestLinalgXPU,test__dyn_quant_pack_4bit_weight_k_64_n_32_xpu
op_ut,third_party.torch-xpu-ops.test.xpu.test_linalg_xpu.TestLinalgXPU,test_compile_dyn_quant_matmul_4bit_m_1_k_128_n_4096_xpu
op_ut,third_party.torch-xpu-ops.test.xpu.test_linalg_xpu.TestLinalgXPU,test_compile_dyn_quant_matmul_4bit_m_1_k_64_n_4096_xpu
op_ut,third_party.torch-xpu-ops.test.xpu.test_linalg_xpu.TestLinalgXPU,test_compile_dyn_quant_matmul_4bit_m_32_k_128_n_11008_xpu
op_ut,third_party.torch-xpu-ops.test.xpu.test_meta_xpu.TestMetaXPU,test_dispatch_symbolic_meta_outplace_narrow_copy_xpu_bfloat16
op_ut,third_party.torch-xpu-ops.test.xpu.test_meta_xpu.TestMetaXPU,test_dispatch_symbolic_meta_outplace_narrow_copy_xpu_bool
op_ut,third_party.torch-xpu-ops.test.xpu.test_meta_xpu.TestMetaXPU,test_dispatch_symbolic_meta_outplace_narrow_copy_xpu_complex128
op_ut,third_party.torch-xpu-ops.test.xpu.test_meta_xpu.TestMetaXPU,test_dispatch_meta_outplace_narrow_copy_xpu_bfloat16
op_ut,third_party.torch-xpu-ops.test.xpu.test_meta_xpu.TestMetaXPU,test_dispatch_symbolic_meta_outplace_narrow_copy_xpu_complex32
op_ut,third_party.torch-xpu-ops.test.xpu.test_meta_xpu.TestMetaXPU,test_dispatch_meta_outplace_narrow_copy_xpu_bool
op_ut,third_party.torch-xpu-ops.test.xpu.test_meta_xpu.TestMetaXPU,test_dispatch_symbolic_meta_outplace_narrow_copy_xpu_complex64
op_ut,third_party.torch-xpu-ops.test.xpu.test_meta_xpu.TestMetaXPU,test_dispatch_meta_outplace_narrow_copy_xpu_complex128
op_ut,third_party.torch-xpu-ops.test.xpu.test_meta_xpu.TestMetaXPU,test_dispatch_symbolic_meta_outplace_narrow_copy_xpu_float16
op_ut,third_party.torch-xpu-ops.test.xpu.test_meta_xpu.TestMetaXPU,test_dispatch_meta_outplace_narrow_copy_xpu_complex32
op_ut,third_party.torch-xpu-ops.test.xpu.test_meta_xpu.TestMetaXPU,test_dispatch_symbolic_meta_outplace_narrow_copy_xpu_float32
op_ut,third_party.torch-xpu-ops.test.xpu.test_meta_xpu.TestMetaXPU,test_dispatch_meta_outplace_narrow_copy_xpu_complex64
op_ut,third_party.torch-xpu-ops.test.xpu.test_meta_xpu.TestMetaXPU,test_dispatch_symbolic_meta_outplace_narrow_copy_xpu_float64
op_ut,third_party.torch-xpu-ops.test.xpu.test_meta_xpu.TestMetaXPU,test_meta_outplace_narrow_copy_xpu_bfloat16
op_ut,third_party.torch-xpu-ops.test.xpu.test_meta_xpu.TestMetaXPU,test_dispatch_meta_outplace_narrow_copy_xpu_float16
op_ut,third_party.torch-xpu-ops.test.xpu.test_meta_xpu.TestMetaXPU,test_dispatch_symbolic_meta_outplace_narrow_copy_xpu_int16
op_ut,third_party.torch-xpu-ops.test.xpu.test_meta_xpu.TestMetaXPU,test_meta_outplace_narrow_copy_xpu_bool
op_ut,third_party.torch-xpu-ops.test.xpu.test_meta_xpu.TestMetaXPU,test_dispatch_meta_outplace_narrow_copy_xpu_float32
op_ut,third_party.torch-xpu-ops.test.xpu.test_meta_xpu.TestMetaXPU,test_dispatch_symbolic_meta_outplace_narrow_copy_xpu_int32
op_ut,third_party.torch-xpu-ops.test.xpu.test_meta_xpu.TestMetaXPU,test_meta_outplace_narrow_copy_xpu_complex128
op_ut,third_party.torch-xpu-ops.test.xpu.test_meta_xpu.TestMetaXPU,test_dispatch_meta_outplace_narrow_copy_xpu_float64
op_ut,third_party.torch-xpu-ops.test.xpu.test_meta_xpu.TestMetaXPU,test_dispatch_symbolic_meta_outplace_narrow_copy_xpu_int64
op_ut,third_party.torch-xpu-ops.test.xpu.test_meta_xpu.TestMetaXPU,test_meta_outplace_narrow_copy_xpu_complex32
op_ut,third_party.torch-xpu-ops.test.xpu.test_meta_xpu.TestMetaXPU,test_dispatch_meta_outplace_narrow_copy_xpu_int16
op_ut,third_party.torch-xpu-ops.test.xpu.test_meta_xpu.TestMetaXPU,test_dispatch_symbolic_meta_outplace_narrow_copy_xpu_int8
op_ut,third_party.torch-xpu-ops.test.xpu.test_meta_xpu.TestMetaXPU,test_meta_outplace_narrow_copy_xpu_complex64
op_ut,third_party.torch-xpu-ops.test.xpu.test_meta_xpu.TestMetaXPU,test_dispatch_meta_outplace_narrow_copy_xpu_int32
op_ut,third_party.torch-xpu-ops.test.xpu.test_meta_xpu.TestMetaXPU,test_dispatch_symbolic_meta_outplace_narrow_copy_xpu_uint8
op_ut,third_party.torch-xpu-ops.test.xpu.test_meta_xpu.TestMetaXPU,test_meta_outplace_narrow_copy_xpu_int64
op_ut,third_party.torch-xpu-ops.test.xpu.test_meta_xpu.TestMetaXPU,test_dispatch_meta_outplace_narrow_copy_xpu_uint8
op_ut,third_party.torch-xpu-ops.test.xpu.test_meta_xpu.TestMetaXPU,test_meta_outplace_narrow_copy_xpu_int16
op_ut,third_party.torch-xpu-ops.test.xpu.test_meta_xpu.TestMetaXPU,test_meta_outplace_narrow_copy_xpu_float16
op_ut,third_party.torch-xpu-ops.test.xpu.test_meta_xpu.TestMetaXPU,test_dispatch_meta_outplace_narrow_copy_xpu_int64
op_ut,third_party.torch-xpu-ops.test.xpu.test_meta_xpu.TestMetaXPU,test_meta_outplace_narrow_copy_xpu_float32
op_ut,third_party.torch-xpu-ops.test.xpu.test_meta_xpu.TestMetaXPU,test_meta_outplace_narrow_copy_xpu_int8
op_ut,third_party.torch-xpu-ops.test.xpu.test_meta_xpu.TestMetaXPU,test_meta_outplace_narrow_copy_xpu_uint8
op_ut,third_party.torch-xpu-ops.test.xpu.test_meta_xpu.TestMetaXPU,test_meta_outplace_narrow_copy_xpu_int32
op_ut,third_party.torch-xpu-ops.test.xpu.test_meta_xpu.TestMetaXPU,test_dispatch_meta_outplace_narrow_copy_xpu_int8
op_ut,third_party.torch-xpu-ops.test.xpu.test_meta_xpu.TestMetaXPU,test_meta_outplace_narrow_copy_xpu_float64
op_ut,third_party.torch-xpu-ops.test.xpu.test_ops_xpu.TestCommonXPU,test_out_torch_ops_aten__efficient_attention_forward_xpu_float32
op_ut,third_party.torch-xpu-ops.test.xpu.test_ops_xpu.TestCommonXPU,test_variant_consistency_eager_torch_ops_aten__efficient_attention_forward_xpu_float32
op_ut,third_party.torch-xpu-ops.test.xpu.test_ops_xpu.TestCompositeComplianceXPU,test_cow_input_histogramdd_xpu_float32
op_ut,third_party.torch-xpu-ops.test.xpu.test_ops_xpu.TestFakeTensorXPU,test_fake_crossref_backward_amp_nn_functional_bilinear_xpu_float32
op_ut,third_party.torch-xpu-ops.test.xpu.test_ops_xpu.TestCompositeComplianceXPU,test_view_replay_histogramdd_xpu_float32
op_ut,third_party.torch-xpu-ops.test.xpu.test_ops_xpu.TestCommonXPU,test_out_torch_ops_aten__flash_attention_forward_xpu_float16
op_ut,third_party.torch-xpu-ops.test.xpu.test_ops_xpu.TestCommonXPU,test_noncontiguous_samples_histogramdd_xpu_float32
op_ut,third_party.torch-xpu-ops.test.xpu.test_ops_xpu.TestCommonXPU,test_out_warning_histogramdd_xpu
op_ut,third_party.torch-xpu-ops.test.xpu.test_ops_xpu.TestFakeTensorXPU,test_fake_crossref_backward_amp_torch_ops_aten__efficient_attention_forward_xpu_float32
op_ut,third_party.torch-xpu-ops.test.xpu.test_ops_xpu.TestCompositeComplianceXPU,test_cow_input_torch_ops_aten__efficient_attention_forward_xpu_float32
op_ut,third_party.torch-xpu-ops.test.xpu.test_ops_xpu.TestCompositeComplianceXPU,test_view_replay_torch_ops_aten__efficient_attention_forward_xpu_float32
op_ut,third_party.torch-xpu-ops.test.xpu.test_ops_xpu.TestMathBitsXPU,test_neg_view_histogramdd_xpu_float64
op_ut,third_party.torch-xpu-ops.test.xpu.test_ops_xpu.TestCommonXPU,test_out_warning_torch_ops_aten__efficient_attention_forward_xpu
op_ut,third_party.torch-xpu-ops.test.xpu.test_ops_xpu.TestCommonXPU,test_out_histc_xpu_float32
op_ut,third_party.torch-xpu-ops.test.xpu.test_ops_xpu.TestCompositeComplianceXPU,test_operator_histogramdd_xpu_float32
op_ut,third_party.torch-xpu-ops.test.xpu.test_ops_xpu.TestCommonXPU,test_out_warning_torch_ops_aten__flash_attention_forward_xpu
op_ut,third_party.torch-xpu-ops.test.xpu.test_ops_xpu.TestCommonXPU,test_out_histogramdd_xpu_float32
op_ut,third_party.torch-xpu-ops.test.xpu.test_ops_xpu.TestFakeTensorXPU,test_fake_crossref_backward_no_amp_torch_ops_aten__efficient_attention_forward_xpu_float32
op_ut,third_party.torch-xpu-ops.test.xpu.test_ops_xpu.TestCommonXPU,test_variant_consistency_eager_histogramdd_xpu_float32
op_ut,third_party.torch-xpu-ops.test.xpu.test_ops_xpu.TestCommonXPU,test_dtypes_torch_ops_aten__flash_attention_forward_xpu
op_ut,third_party.torch-xpu-ops.test.xpu.test_ops_xpu.TestCommonXPU,test_dtypes_linalg_multi_dot_xpu
op_ut,third_party.torch-xpu-ops.test.xpu.test_ops_xpu.TestCommonXPU,test_dtypes_histogramdd_xpu
op_ut,third_party.torch-xpu-ops.test.xpu.test_ops_xpu.TestCommonXPU,test_dtypes_torch_ops_aten__efficient_attention_forward_xpu
op_ut,third_party.torch-xpu-ops.test.xpu.test_shape_ops_xpu.TestShapeOpsXPU,test_flip_xpu_float32
op_ut,third_party.torch-xpu-ops.test.xpu.test_torch_xpu.TestTorch,test_no_cuda_monkeypatch
op_ut,third_party.torch-xpu-ops.test.xpu.test_torch_xpu.TestTorchDeviceTypeXPU,test_grad_scaler_pass_itself_xpu
op_ut,third_party.torch-xpu-ops.test.xpu.test_transformers_xpu.TestSDPACudaOnlyXPU,test_fused_kernels_nested_broadcasting_kernel1_expand_q_batch_False_expand_k_batch_False_expand_v_batch_True_expand_q_num_heads_True_expand_k_num_heads_True_expand_v_num_heads_True_xpu
op_ut,third_party.torch-xpu-ops.test.xpu.test_transformers_xpu.TestSDPACudaOnlyXPU,test_fused_kernels_nested_broadcasting_kernel0_expand_q_batch_True_expand_k_batch_True_expand_v_batch_True_expand_q_num_heads_True_expand_k_num_heads_False_expand_v_num_heads_False_xpu
op_ut,third_party.torch-xpu-ops.test.xpu.test_transformers_xpu.TestSDPACudaOnlyXPU,test_fused_kernels_nested_broadcasting_kernel1_expand_q_batch_True_expand_k_batch_False_expand_v_batch_False_expand_q_num_heads_False_expand_k_num_heads_True_expand_v_num_heads_False_xpu
op_ut,third_party.torch-xpu-ops.test.xpu.test_transformers_xpu.TestSDPACudaOnlyXPU,test_fused_kernels_nested_broadcasting_kernel1_expand_q_batch_True_expand_k_batch_True_expand_v_batch_False_expand_q_num_heads_True_expand_k_num_heads_False_expand_v_num_heads_True_xpu
op_ut,third_party.torch-xpu-ops.test.xpu.test_transformers_xpu.TestSDPACudaOnlyXPU,test_fused_kernels_nested_broadcasting_kernel0_expand_q_batch_True_expand_k_batch_True_expand_v_batch_True_expand_q_num_heads_True_expand_k_num_heads_False_expand_v_num_heads_True_xpu
op_ut,third_party.torch-xpu-ops.test.xpu.test_transformers_xpu.TestSDPACudaOnlyXPU,test_fused_kernels_nested_broadcasting_kernel1_expand_q_batch_False_expand_k_batch_True_expand_v_batch_False_expand_q_num_heads_False_expand_k_num_heads_False_expand_v_num_heads_False_xpu
op_ut,third_party.torch-xpu-ops.test.xpu.test_transformers_xpu.TestSDPACudaOnlyXPU,test_fused_kernels_nested_broadcasting_kernel1_expand_q_batch_True_expand_k_batch_False_expand_v_batch_False_expand_q_num_heads_False_expand_k_num_heads_True_expand_v_num_heads_True_xpu
op_ut,third_party.torch-xpu-ops.test.xpu.test_transformers_xpu.TestSDPACudaOnlyXPU,test_fused_kernels_nested_broadcasting_kernel1_expand_q_batch_True_expand_k_batch_True_expand_v_batch_False_expand_q_num_heads_True_expand_k_num_heads_True_expand_v_num_heads_False_xpu
op_ut,third_party.torch-xpu-ops.test.xpu.test_transformers_xpu.TestSDPACudaOnlyXPU,test_fused_kernels_nested_broadcasting_kernel0_expand_q_batch_True_expand_k_batch_True_expand_v_batch_True_expand_q_num_heads_True_expand_k_num_heads_True_expand_v_num_heads_False_xpu
op_ut,third_party.torch-xpu-ops.test.xpu.test_transformers_xpu.TestSDPACudaOnlyXPU,test_fused_kernels_nested_broadcasting_kernel1_expand_q_batch_False_expand_k_batch_True_expand_v_batch_False_expand_q_num_heads_False_expand_k_num_heads_False_expand_v_num_heads_True_xpu
op_ut,third_party.torch-xpu-ops.test.xpu.test_transformers_xpu.TestSDPACudaOnlyXPU,test_fused_kernels_nested_broadcasting_kernel0_expand_q_batch_False_expand_k_batch_False_expand_v_batch_False_expand_q_num_heads_False_expand_k_num_heads_True_expand_v_num_heads_True_xpu
op_ut,third_party.torch-xpu-ops.test.xpu.test_transformers_xpu.TestSDPACudaOnlyXPU,test_fused_kernels_nested_broadcasting_kernel0_expand_q_batch_False_expand_k_batch_True_expand_v_batch_False_expand_q_num_heads_True_expand_k_num_heads_True_expand_v_num_heads_False_xpu
op_ut,third_party.torch-xpu-ops.test.xpu.test_transformers_xpu.TestSDPACudaOnlyXPU,test_fused_kernels_nested_broadcasting_kernel0_expand_q_batch_True_expand_k_batch_False_expand_v_batch_True_expand_q_num_heads_False_expand_k_num_heads_False_expand_v_num_heads_True_xpu
op_ut,third_party.torch-xpu-ops.test.xpu.test_transformers_xpu.TestSDPACudaOnlyXPU,test_fused_kernels_nested_broadcasting_kernel1_expand_q_batch_True_expand_k_batch_False_expand_v_batch_False_expand_q_num_heads_True_expand_k_num_heads_False_expand_v_num_heads_False_xpu
op_ut,third_party.torch-xpu-ops.test.xpu.test_transformers_xpu.TestSDPACudaOnlyXPU,test_fused_kernels_nested_broadcasting_kernel1_expand_q_batch_True_expand_k_batch_True_expand_v_batch_False_expand_q_num_heads_True_expand_k_num_heads_True_expand_v_num_heads_True_xpu
op_ut,third_party.torch-xpu-ops.test.xpu.test_transformers_xpu.TestSDPACudaOnlyXPU,test_fused_kernels_nested_broadcasting_kernel0_expand_q_batch_False_expand_k_batch_True_expand_v_batch_False_expand_q_num_heads_True_expand_k_num_heads_True_expand_v_num_heads_True_xpu
op_ut,third_party.torch-xpu-ops.test.xpu.test_transformers_xpu.TestSDPACudaOnlyXPU,test_fused_kernels_nested_broadcasting_kernel0_expand_q_batch_True_expand_k_batch_False_expand_v_batch_True_expand_q_num_heads_False_expand_k_num_heads_True_expand_v_num_heads_False_xpu
op_ut,third_party.torch-xpu-ops.test.xpu.test_transformers_xpu.TestSDPACudaOnlyXPU,test_fused_kernels_nested_broadcasting_kernel0_expand_q_batch_False_expand_k_batch_False_expand_v_batch_False_expand_q_num_heads_True_expand_k_num_heads_False_expand_v_num_heads_False_xpu
op_ut,third_party.torch-xpu-ops.test.xpu.test_transformers_xpu.TestSDPACudaOnlyXPU,test_fused_kernels_nested_broadcasting_kernel0_expand_q_batch_True_expand_k_batch_True_expand_v_batch_True_expand_q_num_heads_True_expand_k_num_heads_True_expand_v_num_heads_True_xpu
op_ut,third_party.torch-xpu-ops.test.xpu.test_transformers_xpu.TestSDPACudaOnlyXPU,test_fused_kernels_nested_broadcasting_kernel1_expand_q_batch_False_expand_k_batch_True_expand_v_batch_False_expand_q_num_heads_False_expand_k_num_heads_True_expand_v_num_heads_False_xpu
op_ut,third_party.torch-xpu-ops.test.xpu.test_transformers_xpu.TestSDPACudaOnlyXPU,test_fused_kernels_nested_broadcasting_kernel1_expand_q_batch_True_expand_k_batch_False_expand_v_batch_False_expand_q_num_heads_True_expand_k_num_heads_False_expand_v_num_heads_True_xpu
op_ut,third_party.torch-xpu-ops.test.xpu.test_transformers_xpu.TestSDPACudaOnlyXPU,test_fused_kernels_nested_broadcasting_kernel1_expand_q_batch_True_expand_k_batch_True_expand_v_batch_True_expand_q_num_heads_False_expand_k_num_heads_False_expand_v_num_heads_False_xpu
op_ut,third_party.torch-xpu-ops.test.xpu.test_transformers_xpu.TestSDPACudaOnlyXPU,test_fused_kernels_nested_broadcasting_kernel0_expand_q_batch_False_expand_k_batch_True_expand_v_batch_True_expand_q_num_heads_False_expand_k_num_heads_False_expand_v_num_heads_False_xpu
op_ut,third_party.torch-xpu-ops.test.xpu.test_transformers_xpu.TestSDPACudaOnlyXPU,test_fused_kernels_nested_broadcasting_kernel0_expand_q_batch_True_expand_k_batch_False_expand_v_batch_True_expand_q_num_heads_False_expand_k_num_heads_True_expand_v_num_heads_True_xpu
op_ut,third_party.torch-xpu-ops.test.xpu.test_transformers_xpu.TestSDPACudaOnlyXPU,test_fused_kernels_nested_broadcasting_kernel0_expand_q_batch_False_expand_k_batch_False_expand_v_batch_False_expand_q_num_heads_True_expand_k_num_heads_False_expand_v_num_heads_True_xpu
op_ut,third_party.torch-xpu-ops.test.xpu.test_transformers_xpu.TestSDPACudaOnlyXPU,test_fused_kernels_nested_broadcasting_kernel1_expand_q_batch_False_expand_k_batch_True_expand_v_batch_False_expand_q_num_heads_False_expand_k_num_heads_True_expand_v_num_heads_True_xpu
op_ut,third_party.torch-xpu-ops.test.xpu.test_transformers_xpu.TestSDPACudaOnlyXPU,test_fused_kernels_nested_broadcasting_kernel1_expand_q_batch_True_expand_k_batch_False_expand_v_batch_False_expand_q_num_heads_True_expand_k_num_heads_True_expand_v_num_heads_False_xpu
op_ut,third_party.torch-xpu-ops.test.xpu.test_transformers_xpu.TestSDPACudaOnlyXPU,test_fused_kernels_nested_broadcasting_kernel0_expand_q_batch_False_expand_k_batch_True_expand_v_batch_True_expand_q_num_heads_False_expand_k_num_heads_False_expand_v_num_heads_True_xpu
op_ut,third_party.torch-xpu-ops.test.xpu.test_transformers_xpu.TestSDPACudaOnlyXPU,test_fused_kernels_nested_broadcasting_kernel1_expand_q_batch_True_expand_k_batch_True_expand_v_batch_True_expand_q_num_heads_False_expand_k_num_heads_False_expand_v_num_heads_True_xpu
op_ut,third_party.torch-xpu-ops.test.xpu.test_transformers_xpu.TestSDPACudaOnlyXPU,test_fused_kernels_nested_broadcasting_kernel0_expand_q_batch_True_expand_k_batch_False_expand_v_batch_True_expand_q_num_heads_True_expand_k_num_heads_False_expand_v_num_heads_False_xpu
op_ut,third_party.torch-xpu-ops.test.xpu.test_transformers_xpu.TestSDPACudaOnlyXPU,test_fused_kernels_nested_broadcasting_kernel0_expand_q_batch_False_expand_k_batch_False_expand_v_batch_False_expand_q_num_heads_True_expand_k_num_heads_True_expand_v_num_heads_False_xpu
op_ut,third_party.torch-xpu-ops.test.xpu.test_transformers_xpu.TestSDPACudaOnlyXPU,test_fused_kernels_nested_broadcasting_kernel1_expand_q_batch_False_expand_k_batch_True_expand_v_batch_False_expand_q_num_heads_True_expand_k_num_heads_False_expand_v_num_heads_False_xpu
op_ut,third_party.torch-xpu-ops.test.xpu.test_transformers_xpu.TestSDPACudaOnlyXPU,test_fused_kernels_nested_broadcasting_kernel1_expand_q_batch_True_expand_k_batch_False_expand_v_batch_False_expand_q_num_heads_True_expand_k_num_heads_True_expand_v_num_heads_True_xpu
op_ut,third_party.torch-xpu-ops.test.xpu.test_transformers_xpu.TestSDPACudaOnlyXPU,test_fused_kernels_nested_broadcasting_kernel1_expand_q_batch_False_expand_k_batch_False_expand_v_batch_False_expand_q_num_heads_False_expand_k_num_heads_False_expand_v_num_heads_False_xpu
op_ut,third_party.torch-xpu-ops.test.xpu.test_transformers_xpu.TestSDPACudaOnlyXPU,test_fused_kernels_nested_broadcasting_kernel1_expand_q_batch_True_expand_k_batch_True_expand_v_batch_True_expand_q_num_heads_False_expand_k_num_heads_True_expand_v_num_heads_False_xpu
op_ut,third_party.torch-xpu-ops.test.xpu.test_transformers_xpu.TestSDPACudaOnlyXPU,test_fused_kernels_nested_broadcasting_kernel0_expand_q_batch_False_expand_k_batch_True_expand_v_batch_True_expand_q_num_heads_False_expand_k_num_heads_True_expand_v_num_heads_False_xpu
op_ut,third_party.torch-xpu-ops.test.xpu.test_transformers_xpu.TestSDPACudaOnlyXPU,test_fused_kernels_nested_broadcasting_kernel1_expand_q_batch_False_expand_k_batch_False_expand_v_batch_False_expand_q_num_heads_False_expand_k_num_heads_False_expand_v_num_heads_True_xpu
op_ut,third_party.torch-xpu-ops.test.xpu.test_transformers_xpu.TestSDPACudaOnlyXPU,test_fused_kernels_nested_broadcasting_kernel0_expand_q_batch_True_expand_k_batch_False_expand_v_batch_True_expand_q_num_heads_True_expand_k_num_heads_False_expand_v_num_heads_True_xpu
op_ut,third_party.torch-xpu-ops.test.xpu.test_transformers_xpu.TestSDPACudaOnlyXPU,test_fused_kernels_nested_broadcasting_kernel0_expand_q_batch_False_expand_k_batch_False_expand_v_batch_False_expand_q_num_heads_True_expand_k_num_heads_True_expand_v_num_heads_True_xpu
op_ut,third_party.torch-xpu-ops.test.xpu.test_transformers_xpu.TestSDPACudaOnlyXPU,test_fused_kernels_nested_broadcasting_kernel1_expand_q_batch_False_expand_k_batch_True_expand_v_batch_False_expand_q_num_heads_True_expand_k_num_heads_False_expand_v_num_heads_True_xpu
op_ut,third_party.torch-xpu-ops.test.xpu.test_transformers_xpu.TestSDPACudaOnlyXPU,test_fused_kernels_nested_broadcasting_kernel1_expand_q_batch_True_expand_k_batch_False_expand_v_batch_True_expand_q_num_heads_False_expand_k_num_heads_False_expand_v_num_heads_False_xpu
op_ut,third_party.torch-xpu-ops.test.xpu.test_transformers_xpu.TestSDPACudaOnlyXPU,test_fused_kernels_nested_broadcasting_kernel1_expand_q_batch_True_expand_k_batch_True_expand_v_batch_True_expand_q_num_heads_False_expand_k_num_heads_True_expand_v_num_heads_True_xpu
op_ut,third_party.torch-xpu-ops.test.xpu.test_transformers_xpu.TestSDPACudaOnlyXPU,test_fused_kernels_nested_broadcasting_kernel0_expand_q_batch_False_expand_k_batch_False_expand_v_batch_True_expand_q_num_heads_False_expand_k_num_heads_False_expand_v_num_heads_False_xpu
op_ut,third_party.torch-xpu-ops.test.xpu.test_transformers_xpu.TestSDPACudaOnlyXPU,test_fused_kernels_nested_broadcasting_kernel0_expand_q_batch_True_expand_k_batch_False_expand_v_batch_True_expand_q_num_heads_True_expand_k_num_heads_True_expand_v_num_heads_False_xpu
op_ut,third_party.torch-xpu-ops.test.xpu.test_transformers_xpu.TestSDPACudaOnlyXPU,test_fused_kernels_nested_broadcasting_kernel1_expand_q_batch_False_expand_k_batch_False_expand_v_batch_False_expand_q_num_heads_False_expand_k_num_heads_True_expand_v_num_heads_False_xpu
op_ut,third_party.torch-xpu-ops.test.xpu.test_transformers_xpu.TestSDPACudaOnlyXPU,test_fused_kernels_nested_broadcasting_kernel0_expand_q_batch_False_expand_k_batch_True_expand_v_batch_True_expand_q_num_heads_False_expand_k_num_heads_True_expand_v_num_heads_True_xpu
op_ut,third_party.torch-xpu-ops.test.xpu.test_transformers_xpu.TestSDPACudaOnlyXPU,test_fused_kernels_nested_broadcasting_kernel1_expand_q_batch_False_expand_k_batch_True_expand_v_batch_False_expand_q_num_heads_True_expand_k_num_heads_True_expand_v_num_heads_False_xpu
op_ut,third_party.torch-xpu-ops.test.xpu.test_transformers_xpu.TestSDPACudaOnlyXPU,test_fused_kernels_nested_broadcasting_kernel1_expand_q_batch_True_expand_k_batch_False_expand_v_batch_True_expand_q_num_heads_False_expand_k_num_heads_False_expand_v_num_heads_True_xpu
op_ut,third_party.torch-xpu-ops.test.xpu.test_transformers_xpu.TestSDPACudaOnlyXPU,test_fused_kernels_nested_broadcasting_kernel1_expand_q_batch_True_expand_k_batch_True_expand_v_batch_True_expand_q_num_heads_True_expand_k_num_heads_False_expand_v_num_heads_False_xpu
op_ut,third_party.torch-xpu-ops.test.xpu.test_transformers_xpu.TestSDPACudaOnlyXPU,test_fused_kernels_nested_broadcasting_kernel0_expand_q_batch_True_expand_k_batch_False_expand_v_batch_True_expand_q_num_heads_True_expand_k_num_heads_True_expand_v_num_heads_True_xpu
op_ut,third_party.torch-xpu-ops.test.xpu.test_transformers_xpu.TestSDPACudaOnlyXPU,test_fused_kernels_nested_broadcasting_kernel0_expand_q_batch_False_expand_k_batch_True_expand_v_batch_True_expand_q_num_heads_True_expand_k_num_heads_False_expand_v_num_heads_False_xpu
op_ut,third_party.torch-xpu-ops.test.xpu.test_transformers_xpu.TestSDPACudaOnlyXPU,test_fused_kernels_nested_broadcasting_kernel0_expand_q_batch_False_expand_k_batch_False_expand_v_batch_True_expand_q_num_heads_False_expand_k_num_heads_False_expand_v_num_heads_True_xpu
op_ut,third_party.torch-xpu-ops.test.xpu.test_transformers_xpu.TestSDPACudaOnlyXPU,test_fused_kernels_nested_broadcasting_kernel1_expand_q_batch_False_expand_k_batch_False_expand_v_batch_False_expand_q_num_heads_False_expand_k_num_heads_True_expand_v_num_heads_True_xpu
op_ut,third_party.torch-xpu-ops.test.xpu.test_transformers_xpu.TestSDPACudaOnlyXPU,test_fused_kernels_nested_broadcasting_kernel1_expand_q_batch_False_expand_k_batch_True_expand_v_batch_False_expand_q_num_heads_True_expand_k_num_heads_True_expand_v_num_heads_True_xpu
op_ut,third_party.torch-xpu-ops.test.xpu.test_transformers_xpu.TestSDPACudaOnlyXPU,test_fused_kernels_nested_broadcasting_kernel1_expand_q_batch_True_expand_k_batch_False_expand_v_batch_True_expand_q_num_heads_False_expand_k_num_heads_True_expand_v_num_heads_False_xpu
op_ut,third_party.torch-xpu-ops.test.xpu.test_transformers_xpu.TestSDPACudaOnlyXPU,test_fused_kernels_nested_broadcasting_kernel1_expand_q_batch_True_expand_k_batch_True_expand_v_batch_True_expand_q_num_heads_True_expand_k_num_heads_False_expand_v_num_heads_True_xpu
op_ut,third_party.torch-xpu-ops.test.xpu.test_transformers_xpu.TestSDPACudaOnlyXPU,test_fused_kernels_nested_broadcasting_kernel0_expand_q_batch_True_expand_k_batch_True_expand_v_batch_False_expand_q_num_heads_False_expand_k_num_heads_False_expand_v_num_heads_False_xpu
op_ut,third_party.torch-xpu-ops.test.xpu.test_transformers_xpu.TestSDPACudaOnlyXPU,test_fused_kernels_nested_broadcasting_kernel0_expand_q_batch_False_expand_k_batch_True_expand_v_batch_True_expand_q_num_heads_True_expand_k_num_heads_False_expand_v_num_heads_True_xpu
op_ut,third_party.torch-xpu-ops.test.xpu.test_transformers_xpu.TestSDPACudaOnlyXPU,test_fused_kernels_nested_broadcasting_kernel1_expand_q_batch_False_expand_k_batch_False_expand_v_batch_False_expand_q_num_heads_True_expand_k_num_heads_False_expand_v_num_heads_False_xpu
op_ut,third_party.torch-xpu-ops.test.xpu.test_transformers_xpu.TestSDPACudaOnlyXPU,test_fused_kernels_nested_broadcasting_kernel0_expand_q_batch_False_expand_k_batch_False_expand_v_batch_True_expand_q_num_heads_False_expand_k_num_heads_True_expand_v_num_heads_False_xpu
op_ut,third_party.torch-xpu-ops.test.xpu.test_transformers_xpu.TestSDPACudaOnlyXPU,test_fused_kernels_nested_broadcasting_kernel1_expand_q_batch_False_expand_k_batch_True_expand_v_batch_True_expand_q_num_heads_False_expand_k_num_heads_False_expand_v_num_heads_False_xpu
op_ut,third_party.torch-xpu-ops.test.xpu.test_transformers_xpu.TestSDPACudaOnlyXPU,test_fused_kernels_nested_broadcasting_kernel1_expand_q_batch_True_expand_k_batch_False_expand_v_batch_True_expand_q_num_heads_False_expand_k_num_heads_True_expand_v_num_heads_True_xpu
op_ut,third_party.torch-xpu-ops.test.xpu.test_transformers_xpu.TestSDPACudaOnlyXPU,test_fused_kernels_nested_broadcasting_kernel1_expand_q_batch_True_expand_k_batch_True_expand_v_batch_True_expand_q_num_heads_True_expand_k_num_heads_True_expand_v_num_heads_False_xpu
op_ut,third_party.torch-xpu-ops.test.xpu.test_transformers_xpu.TestSDPACudaOnlyXPU,test_fused_kernels_nested_broadcasting_kernel0_expand_q_batch_True_expand_k_batch_True_expand_v_batch_False_expand_q_num_heads_False_expand_k_num_heads_False_expand_v_num_heads_True_xpu
op_ut,third_party.torch-xpu-ops.test.xpu.test_transformers_xpu.TestSDPACudaOnlyXPU,test_fused_kernels_nested_broadcasting_kernel0_expand_q_batch_False_expand_k_batch_True_expand_v_batch_True_expand_q_num_heads_True_expand_k_num_heads_True_expand_v_num_heads_False_xpu
op_ut,third_party.torch-xpu-ops.test.xpu.test_transformers_xpu.TestSDPACudaOnlyXPU,test_fused_kernels_nested_broadcasting_kernel1_expand_q_batch_False_expand_k_batch_False_expand_v_batch_False_expand_q_num_heads_True_expand_k_num_heads_False_expand_v_num_heads_True_xpu
op_ut,third_party.torch-xpu-ops.test.xpu.test_transformers_xpu.TestSDPACudaOnlyXPU,test_fused_kernels_nested_broadcasting_kernel0_expand_q_batch_False_expand_k_batch_False_expand_v_batch_True_expand_q_num_heads_False_expand_k_num_heads_True_expand_v_num_heads_True_xpu
op_ut,third_party.torch-xpu-ops.test.xpu.test_transformers_xpu.TestSDPACudaOnlyXPU,test_fused_kernels_nested_broadcasting_kernel1_expand_q_batch_False_expand_k_batch_True_expand_v_batch_True_expand_q_num_heads_False_expand_k_num_heads_False_expand_v_num_heads_True_xpu
op_ut,third_party.torch-xpu-ops.test.xpu.test_transformers_xpu.TestSDPACudaOnlyXPU,test_fused_kernels_nested_broadcasting_kernel1_expand_q_batch_True_expand_k_batch_False_expand_v_batch_True_expand_q_num_heads_True_expand_k_num_heads_False_expand_v_num_heads_False_xpu
op_ut,third_party.torch-xpu-ops.test.xpu.test_transformers_xpu.TestSDPACudaOnlyXPU,test_fused_kernels_nested_broadcasting_kernel0_expand_q_batch_False_expand_k_batch_True_expand_v_batch_True_expand_q_num_heads_True_expand_k_num_heads_True_expand_v_num_heads_True_xpu
op_ut,third_party.torch-xpu-ops.test.xpu.test_transformers_xpu.TestSDPACudaOnlyXPU,test_fused_kernels_nested_broadcasting_kernel1_expand_q_batch_True_expand_k_batch_True_expand_v_batch_True_expand_q_num_heads_True_expand_k_num_heads_True_expand_v_num_heads_True_xpu
op_ut,third_party.torch-xpu-ops.test.xpu.test_transformers_xpu.TestSDPACudaOnlyXPU,test_fused_kernels_nested_broadcasting_kernel0_expand_q_batch_True_expand_k_batch_True_expand_v_batch_False_expand_q_num_heads_False_expand_k_num_heads_True_expand_v_num_heads_False_xpu
op_ut,third_party.torch-xpu-ops.test.xpu.test_transformers_xpu.TestSDPACudaOnlyXPU,test_fused_kernels_nested_broadcasting_kernel0_expand_q_batch_False_expand_k_batch_False_expand_v_batch_True_expand_q_num_heads_True_expand_k_num_heads_False_expand_v_num_heads_False_xpu
op_ut,third_party.torch-xpu-ops.test.xpu.test_transformers_xpu.TestSDPACudaOnlyXPU,test_fused_kernels_nested_broadcasting_kernel1_expand_q_batch_False_expand_k_batch_False_expand_v_batch_False_expand_q_num_heads_True_expand_k_num_heads_True_expand_v_num_heads_False_xpu
op_ut,third_party.torch-xpu-ops.test.xpu.test_transformers_xpu.TestSDPACudaOnlyXPU,test_fused_kernels_nested_broadcasting_kernel1_expand_q_batch_False_expand_k_batch_True_expand_v_batch_True_expand_q_num_heads_False_expand_k_num_heads_True_expand_v_num_heads_False_xpu
op_ut,third_party.torch-xpu-ops.test.xpu.test_transformers_xpu.TestSDPACudaOnlyXPU,test_fused_kernels_nested_broadcasting_kernel0_expand_q_batch_True_expand_k_batch_False_expand_v_batch_False_expand_q_num_heads_False_expand_k_num_heads_False_expand_v_num_heads_False_xpu
op_ut,third_party.torch-xpu-ops.test.xpu.test_transformers_xpu.TestSDPACudaOnlyXPU,test_fused_kernels_nested_broadcasting_query_dense_xpu
op_ut,third_party.torch-xpu-ops.test.xpu.test_transformers_xpu.TestSDPACudaOnlyXPU,test_fused_kernels_nested_broadcasting_kernel1_expand_q_batch_False_expand_k_batch_False_expand_v_batch_False_expand_q_num_heads_True_expand_k_num_heads_True_expand_v_num_heads_True_xpu
op_ut,third_party.torch-xpu-ops.test.xpu.test_transformers_xpu.TestSDPACudaOnlyXPU,test_fused_kernels_nested_broadcasting_kernel0_expand_q_batch_False_expand_k_batch_False_expand_v_batch_True_expand_q_num_heads_True_expand_k_num_heads_False_expand_v_num_heads_True_xpu
op_ut,third_party.torch-xpu-ops.test.xpu.test_transformers_xpu.TestSDPACudaOnlyXPU,test_fused_kernels_nested_broadcasting_kernel1_expand_q_batch_True_expand_k_batch_False_expand_v_batch_True_expand_q_num_heads_True_expand_k_num_heads_False_expand_v_num_heads_True_xpu
op_ut,third_party.torch-xpu-ops.test.xpu.test_transformers_xpu.TestSDPACudaOnlyXPU,test_fused_kernels_nested_broadcasting_kernel0_expand_q_batch_True_expand_k_batch_True_expand_v_batch_False_expand_q_num_heads_False_expand_k_num_heads_True_expand_v_num_heads_True_xpu
op_ut,third_party.torch-xpu-ops.test.xpu.test_transformers_xpu.TestSDPACudaOnlyXPU,test_fused_kernels_nested_broadcasting_kernel1_expand_q_batch_False_expand_k_batch_True_expand_v_batch_True_expand_q_num_heads_False_expand_k_num_heads_True_expand_v_num_heads_True_xpu
op_ut,third_party.torch-xpu-ops.test.xpu.test_transformers_xpu.TestSDPACudaOnlyXPU,test_fused_kernels_nested_broadcasting_kernel1_expand_q_batch_False_expand_k_batch_False_expand_v_batch_True_expand_q_num_heads_False_expand_k_num_heads_False_expand_v_num_heads_False_xpu
op_ut,third_party.torch-xpu-ops.test.xpu.test_transformers_xpu.TestSDPACudaOnlyXPU,test_fused_kernels_nested_broadcasting_kernel0_expand_q_batch_True_expand_k_batch_True_expand_v_batch_False_expand_q_num_heads_True_expand_k_num_heads_False_expand_v_num_heads_False_xpu
op_ut,third_party.torch-xpu-ops.test.xpu.test_transformers_xpu.TestSDPACudaOnlyXPU,test_fused_kernels_nested_broadcasting_kernel0_expand_q_batch_True_expand_k_batch_False_expand_v_batch_False_expand_q_num_heads_False_expand_k_num_heads_False_expand_v_num_heads_True_xpu
op_ut,third_party.torch-xpu-ops.test.xpu.test_transformers_xpu.TestSDPACudaOnlyXPU,test_fused_kernels_nested_broadcasting_kernel0_expand_q_batch_False_expand_k_batch_False_expand_v_batch_True_expand_q_num_heads_True_expand_k_num_heads_True_expand_v_num_heads_False_xpu
op_ut,third_party.torch-xpu-ops.test.xpu.test_transformers_xpu.TestSDPACudaOnlyXPU,test_fused_kernels_nested_broadcasting_kernel1_expand_q_batch_True_expand_k_batch_False_expand_v_batch_True_expand_q_num_heads_True_expand_k_num_heads_True_expand_v_num_heads_False_xpu
op_ut,third_party.torch-xpu-ops.test.xpu.test_transformers_xpu.TestSDPACudaOnlyXPU,test_fused_kernels_seq_len_1_inputs_fused_kernel0_xpu
op_ut,third_party.torch-xpu-ops.test.xpu.test_transformers_xpu.TestSDPACudaOnlyXPU,test_fused_kernels_nested_broadcasting_kernel1_expand_q_batch_False_expand_k_batch_True_expand_v_batch_True_expand_q_num_heads_True_expand_k_num_heads_False_expand_v_num_heads_False_xpu
op_ut,third_party.torch-xpu-ops.test.xpu.test_transformers_xpu.TestTransformersXPU,test_math_backend_high_precision_xpu
op_ut,third_party.torch-xpu-ops.test.xpu.test_transformers_xpu.TestSDPACudaOnlyXPU,test_fused_kernels_nested_broadcasting_kernel1_expand_q_batch_True_expand_k_batch_False_expand_v_batch_True_expand_q_num_heads_True_expand_k_num_heads_True_expand_v_num_heads_True_xpu
op_ut,third_party.torch-xpu-ops.test.xpu.test_transformers_xpu.TestSDPACudaOnlyXPU,test_fused_kernels_seq_len_1_inputs_fused_kernel1_xpu
op_ut,third_party.torch-xpu-ops.test.xpu.test_transformers_xpu.TestSDPACudaOnlyXPU,test_fused_kernels_nested_broadcasting_kernel0_expand_q_batch_True_expand_k_batch_False_expand_v_batch_False_expand_q_num_heads_False_expand_k_num_heads_True_expand_v_num_heads_False_xpu
op_ut,third_party.torch-xpu-ops.test.xpu.test_transformers_xpu.TestSDPACudaOnlyXPU,test_fused_kernels_nested_broadcasting_kernel0_expand_q_batch_False_expand_k_batch_False_expand_v_batch_True_expand_q_num_heads_True_expand_k_num_heads_True_expand_v_num_heads_True_xpu
op_ut,third_party.torch-xpu-ops.test.xpu.test_transformers_xpu.TestSDPACudaOnlyXPU,test_fused_kernels_nested_broadcasting_kernel1_expand_q_batch_False_expand_k_batch_False_expand_v_batch_True_expand_q_num_heads_False_expand_k_num_heads_False_expand_v_num_heads_True_xpu
op_ut,third_party.torch-xpu-ops.test.xpu.test_transformers_xpu.TestSDPACudaOnlyXPU,test_fused_kernels_nested_broadcasting_kernel0_expand_q_batch_True_expand_k_batch_True_expand_v_batch_False_expand_q_num_heads_True_expand_k_num_heads_False_expand_v_num_heads_True_xpu
op_ut,third_party.torch-xpu-ops.test.xpu.test_transformers_xpu.TestSDPACudaOnlyXPU,test_fused_kernels_nested_broadcasting_kernel1_expand_q_batch_False_expand_k_batch_True_expand_v_batch_True_expand_q_num_heads_True_expand_k_num_heads_False_expand_v_num_heads_True_xpu
op_ut,third_party.torch-xpu-ops.test.xpu.test_transformers_xpu.TestSDPACudaOnlyXPU,test_fused_kernels_nested_broadcasting_kernel0_expand_q_batch_False_expand_k_batch_True_expand_v_batch_False_expand_q_num_heads_False_expand_k_num_heads_False_expand_v_num_heads_False_xpu
op_ut,third_party.torch-xpu-ops.test.xpu.test_transformers_xpu.TestSDPACudaOnlyXPU,test_fused_kernels_nested_broadcasting_kernel1_expand_q_batch_True_expand_k_batch_True_expand_v_batch_False_expand_q_num_heads_False_expand_k_num_heads_False_expand_v_num_heads_False_xpu
op_ut,third_party.torch-xpu-ops.test.xpu.test_transformers_xpu.TestSDPACudaOnlyXPU,test_fused_kernels_nested_broadcasting_kernel1_expand_q_batch_False_expand_k_batch_False_expand_v_batch_True_expand_q_num_heads_False_expand_k_num_heads_True_expand_v_num_heads_False_xpu
op_ut,third_party.torch-xpu-ops.test.xpu.test_transformers_xpu.TestSDPACudaOnlyXPU,test_fused_kernels_nested_broadcasting_kernel0_expand_q_batch_True_expand_k_batch_False_expand_v_batch_False_expand_q_num_heads_False_expand_k_num_heads_True_expand_v_num_heads_True_xpu
op_ut,third_party.torch-xpu-ops.test.xpu.test_transformers_xpu.TestSDPACudaOnlyXPU,test_fused_kernels_nested_broadcasting_kernel0_expand_q_batch_True_expand_k_batch_True_expand_v_batch_False_expand_q_num_heads_True_expand_k_num_heads_True_expand_v_num_heads_False_xpu
op_ut,third_party.torch-xpu-ops.test.xpu.test_transformers_xpu.TestSDPACudaOnlyXPU,test_fused_kernels_nested_broadcasting_kernel1_expand_q_batch_False_expand_k_batch_True_expand_v_batch_True_expand_q_num_heads_True_expand_k_num_heads_True_expand_v_num_heads_False_xpu
op_ut,third_party.torch-xpu-ops.test.xpu.test_transformers_xpu.TestSDPACudaOnlyXPU,test_fused_kernels_nested_broadcasting_kernel0_expand_q_batch_True_expand_k_batch_False_expand_v_batch_False_expand_q_num_heads_True_expand_k_num_heads_False_expand_v_num_heads_False_xpu
op_ut,third_party.torch-xpu-ops.test.xpu.test_transformers_xpu.TestSDPACudaOnlyXPU,test_fused_kernels_nested_broadcasting_kernel1_expand_q_batch_True_expand_k_batch_True_expand_v_batch_False_expand_q_num_heads_False_expand_k_num_heads_False_expand_v_num_heads_True_xpu
op_ut,third_party.torch-xpu-ops.test.xpu.test_transformers_xpu.TestSDPACudaOnlyXPU,test_fused_kernels_nested_broadcasting_kernel0_expand_q_batch_False_expand_k_batch_True_expand_v_batch_False_expand_q_num_heads_False_expand_k_num_heads_False_expand_v_num_heads_True_xpu
op_ut,third_party.torch-xpu-ops.test.xpu.test_transformers_xpu.TestSDPACudaOnlyXPU,test_fused_kernels_nested_broadcasting_kernel0_expand_q_batch_True_expand_k_batch_True_expand_v_batch_False_expand_q_num_heads_True_expand_k_num_heads_True_expand_v_num_heads_True_xpu
op_ut,third_party.torch-xpu-ops.test.xpu.test_transformers_xpu.TestSDPACudaOnlyXPU,test_fused_kernels_nested_broadcasting_kernel1_expand_q_batch_False_expand_k_batch_False_expand_v_batch_True_expand_q_num_heads_False_expand_k_num_heads_True_expand_v_num_heads_True_xpu
op_ut,third_party.torch-xpu-ops.test.xpu.test_transformers_xpu.TestSDPACudaOnlyXPU,test_fused_kernels_nested_broadcasting_kernel1_expand_q_batch_False_expand_k_batch_True_expand_v_batch_True_expand_q_num_heads_True_expand_k_num_heads_True_expand_v_num_heads_True_xpu
op_ut,third_party.torch-xpu-ops.test.xpu.test_transformers_xpu.TestSDPACudaOnlyXPU,test_fused_kernels_nested_broadcasting_kernel0_expand_q_batch_True_expand_k_batch_True_expand_v_batch_True_expand_q_num_heads_False_expand_k_num_heads_False_expand_v_num_heads_False_xpu
op_ut,third_party.torch-xpu-ops.test.xpu.test_transformers_xpu.TestSDPACudaOnlyXPU,test_fused_kernels_nested_broadcasting_kernel1_expand_q_batch_False_expand_k_batch_False_expand_v_batch_True_expand_q_num_heads_True_expand_k_num_heads_False_expand_v_num_heads_False_xpu
op_ut,third_party.torch-xpu-ops.test.xpu.test_transformers_xpu.TestSDPACudaOnlyXPU,test_fused_kernels_nested_broadcasting_kernel0_expand_q_batch_False_expand_k_batch_True_expand_v_batch_False_expand_q_num_heads_False_expand_k_num_heads_True_expand_v_num_heads_False_xpu
op_ut,third_party.torch-xpu-ops.test.xpu.test_transformers_xpu.TestSDPACudaOnlyXPU,test_fused_kernels_nested_broadcasting_kernel1_expand_q_batch_True_expand_k_batch_True_expand_v_batch_False_expand_q_num_heads_False_expand_k_num_heads_True_expand_v_num_heads_False_xpu
op_ut,third_party.torch-xpu-ops.test.xpu.test_transformers_xpu.TestSDPACudaOnlyXPU,test_fused_kernels_nested_broadcasting_kernel0_expand_q_batch_True_expand_k_batch_False_expand_v_batch_False_expand_q_num_heads_True_expand_k_num_heads_False_expand_v_num_heads_True_xpu
op_ut,third_party.torch-xpu-ops.test.xpu.test_transformers_xpu.TestSDPACudaOnlyXPU,test_fused_kernels_nested_broadcasting_kernel1_expand_q_batch_True_expand_k_batch_False_expand_v_batch_False_expand_q_num_heads_False_expand_k_num_heads_False_expand_v_num_heads_False_xpu
op_ut,third_party.torch-xpu-ops.test.xpu.test_transformers_xpu.TestSDPACudaOnlyXPU,test_fused_kernels_nested_broadcasting_kernel0_expand_q_batch_True_expand_k_batch_True_expand_v_batch_True_expand_q_num_heads_False_expand_k_num_heads_False_expand_v_num_heads_True_xpu
op_ut,third_party.torch-xpu-ops.test.xpu.test_transformers_xpu.TestSDPACudaOnlyXPU,test_fused_kernels_nested_broadcasting_kernel1_expand_q_batch_True_expand_k_batch_True_expand_v_batch_False_expand_q_num_heads_False_expand_k_num_heads_True_expand_v_num_heads_True_xpu
op_ut,third_party.torch-xpu-ops.test.xpu.test_transformers_xpu.TestSDPACudaOnlyXPU,test_fused_kernels_nested_broadcasting_kernel1_expand_q_batch_False_expand_k_batch_False_expand_v_batch_True_expand_q_num_heads_True_expand_k_num_heads_False_expand_v_num_heads_True_xpu
op_ut,third_party.torch-xpu-ops.test.xpu.test_transformers_xpu.TestSDPACudaOnlyXPU,test_fused_kernels_nested_broadcasting_kernel0_expand_q_batch_False_expand_k_batch_True_expand_v_batch_False_expand_q_num_heads_False_expand_k_num_heads_True_expand_v_num_heads_True_xpu
op_ut,third_party.torch-xpu-ops.test.xpu.test_transformers_xpu.TestSDPACudaOnlyXPU,test_fused_kernels_nested_broadcasting_kernel0_expand_q_batch_True_expand_k_batch_False_expand_v_batch_False_expand_q_num_heads_True_expand_k_num_heads_True_expand_v_num_heads_False_xpu
op_ut,third_party.torch-xpu-ops.test.xpu.test_transformers_xpu.TestSDPACudaOnlyXPU,test_fused_kernels_nested_broadcasting_kernel1_expand_q_batch_True_expand_k_batch_False_expand_v_batch_False_expand_q_num_heads_False_expand_k_num_heads_False_expand_v_num_heads_True_xpu
op_ut,third_party.torch-xpu-ops.test.xpu.test_transformers_xpu.TestSDPACudaOnlyXPU,test_fused_kernels_nested_broadcasting_kernel0_expand_q_batch_True_expand_k_batch_True_expand_v_batch_True_expand_q_num_heads_False_expand_k_num_heads_True_expand_v_num_heads_False_xpu
op_ut,third_party.torch-xpu-ops.test.xpu.test_transformers_xpu.TestSDPACudaOnlyXPU,test_fused_kernels_nested_broadcasting_kernel1_expand_q_batch_True_expand_k_batch_True_expand_v_batch_False_expand_q_num_heads_True_expand_k_num_heads_False_expand_v_num_heads_False_xpu
op_ut,third_party.torch-xpu-ops.test.xpu.test_transformers_xpu.TestSDPACudaOnlyXPU,test_fused_kernels_nested_broadcasting_kernel1_expand_q_batch_False_expand_k_batch_False_expand_v_batch_True_expand_q_num_heads_True_expand_k_num_heads_True_expand_v_num_heads_False_xpu
op_ut,third_party.torch-xpu-ops.test.xpu.test_transformers_xpu.TestSDPACudaOnlyXPU,test_fused_kernels_nested_broadcasting_kernel0_expand_q_batch_False_expand_k_batch_True_expand_v_batch_False_expand_q_num_heads_True_expand_k_num_heads_False_expand_v_num_heads_False_xpu
op_ut,third_party.torch-xpu-ops.test.xpu.test_transformers_xpu.TestSDPACudaOnlyXPU,test_fused_kernels_nested_broadcasting_kernel0_expand_q_batch_True_expand_k_batch_False_expand_v_batch_False_expand_q_num_heads_True_expand_k_num_heads_True_expand_v_num_heads_True_xpu
op_ut,third_party.torch-xpu-ops.test.xpu.test_transformers_xpu.TestSDPACudaOnlyXPU,test_scaled_dot_product_attention_fused_kernels_packed_accuracy_type_nested_fused_kernel0_xpu
op_ut,third_party.torch-xpu-ops.test.xpu.test_transformers_xpu.TestSDPAFailureModesXPU,test_nested_fails_on_padding_head_dim_xpu
op_ut,third_party.torch-xpu-ops.test.xpu.test_transformers_xpu.TestSDPACudaOnlyXPU,test_scaled_dot_product_attention_fused_kernels_packed_accuracy_type_nested_fused_kernel1_xpu
op_ut,third_party.torch-xpu-ops.test.xpu.test_transformers_xpu.TestSDPACudaOnlyXPU,test_fused_kernels_nested_broadcasting_kernel0_expand_q_batch_True_expand_k_batch_True_expand_v_batch_True_expand_q_num_heads_False_expand_k_num_heads_True_expand_v_num_heads_True_xpu
op_ut,third_party.torch-xpu-ops.test.xpu.test_transformers_xpu.TestSDPACudaOnlyXPU,test_fused_kernels_nested_broadcasting_kernel0_expand_q_batch_True_expand_k_batch_False_expand_v_batch_True_expand_q_num_heads_False_expand_k_num_heads_False_expand_v_num_heads_False_xpu
op_ut,third_party.torch-xpu-ops.test.xpu.test_transformers_xpu.TestSDPACudaOnlyXPU,test_fused_kernels_nested_broadcasting_kernel0_expand_q_batch_False_expand_k_batch_True_expand_v_batch_False_expand_q_num_heads_True_expand_k_num_heads_False_expand_v_num_heads_True_xpu
op_ut,third_party.torch-xpu-ops.test.xpu.test_transformers_xpu.TestSDPAFailureModesXPU,test_flash_fail_fp32_xpu
op_ut,third_party.torch-xpu-ops.test.xpu.test_transformers_xpu.TestSDPACudaOnlyXPU,test_scaled_dot_product_attention_fused_kernels_packed_type_nested_is_contiguous_False_xpu
op_ut,third_party.torch-xpu-ops.test.xpu.test_transformers_xpu.TestSDPAFailureModesXPU,test_invalid_fused_inputs_invalid_dtype_kernel1_xpu
op_ut,third_party.torch-xpu-ops.test.xpu.test_transformers_xpu.TestSDPAFailureModesXPU,test_fused_kernels_nested_broadcasting_requires_grad_failure_xpu
op_ut,third_party.torch-xpu-ops.test.xpu.test_transformers_xpu.TestSDPAFailureModesXPU,test_flash_attention_fail_with_non_square_causal_attention_xpu
op_ut,third_party.torch-xpu-ops.test.xpu.test_transformers_xpu.TestSDPACudaOnlyXPU,test_fused_backwards_throws_determinism_warning_fused_kernel0_warn_only_False_xpu
op_ut,third_party.torch-xpu-ops.test.xpu.test_transformers_xpu.TestSDPACudaOnlyXPU,test_fused_kernels_nested_broadcasting_kernel0_expand_q_batch_False_expand_k_batch_False_expand_v_batch_False_expand_q_num_heads_False_expand_k_num_heads_False_expand_v_num_heads_True_xpu
op_ut,third_party.torch-xpu-ops.test.xpu.test_transformers_xpu.TestSDPACudaOnlyXPU,test_fused_kernels_nested_broadcasting_kernel0_expand_q_batch_False_expand_k_batch_False_expand_v_batch_False_expand_q_num_heads_False_expand_k_num_heads_True_expand_v_num_heads_False_xpu
op_ut,third_party.torch-xpu-ops.test.xpu.test_transformers_xpu.TestTransformersXPU,test_transformerencoder_fastpath_use_torchscript_False_enable_nested_tensor_False_use_autocast_True_d_model_12_xpu
op_ut,third_party.torch-xpu-ops.test.xpu.test_transformers_xpu.TestSDPACudaOnlyXPU,test_fused_backwards_throws_determinism_warning_fused_kernel0_warn_only_True_xpu
op_ut,third_party.torch-xpu-ops.test.xpu.test_transformers_xpu.TestTransformersXPU,test_transformerencoder_fastpath_use_torchscript_False_enable_nested_tensor_False_use_autocast_True_d_model_256_xpu
op_ut,third_party.torch-xpu-ops.test.xpu.test_transformers_xpu.TestSDPACudaOnlyXPU,test_fused_backwards_throws_determinism_warning_fused_kernel1_warn_only_True_xpu
op_ut,third_party.torch-xpu-ops.test.xpu.test_transformers_xpu.TestSDPACudaOnlyXPU,test_fused_kernels_nested_broadcasting_kernel0_expand_q_batch_False_expand_k_batch_False_expand_v_batch_False_expand_q_num_heads_False_expand_k_num_heads_False_expand_v_num_heads_False_xpu
op_ut,third_party.torch-xpu-ops.test.xpu.test_transformers_xpu.TestTransformersXPU,test_transformerencoder_fastpath_use_torchscript_False_enable_nested_tensor_True_use_autocast_True_d_model_256_xpu
op_ut,third_party.torch-xpu-ops.test.xpu.test_transformers_xpu.TestTransformersXPU,test_transformerencoder_fastpath_use_torchscript_False_enable_nested_tensor_True_use_autocast_True_d_model_12_xpu
