op_ut,third_party.torch-xpu-ops.test.xpu.dynamo.test_aot_autograd_cache_xpu.AOTAutogradCacheTests,test_cache_hot_load_device_cpu_float32_dynamic_False
op_ut,third_party.torch-xpu-ops.test.xpu.dynamo.test_aot_autograd_cache_xpu.AOTAutogradCacheBundledTests,test_cache_hot_load_device_cpu_float32_dynamic_True
op_ut,third_party.torch-xpu-ops.test.xpu.dynamo.test_aot_autograd_cache_xpu.AOTAutogradCacheBundledTests,test_cache_hot_load_device_cpu_bfloat16_dynamic_False
op_ut,third_party.torch-xpu-ops.test.xpu.dynamo.test_aot_autograd_cache_xpu.AOTAutogradCacheTests,test_cache_hot_load_device_cpu_float32_dynamic_True
op_ut,third_party.torch-xpu-ops.test.xpu.dynamo.test_aot_autograd_cache_xpu.AOTAutogradCacheTests,test_cache_hot_load_device_cpu_bfloat16_dynamic_False
op_ut,third_party.torch-xpu-ops.test.xpu.dynamo.test_aot_autograd_cache_xpu.AOTAutogradCacheBundledTests,test_cache_hot_load_device_cpu_bfloat16_dynamic_True
op_ut,third_party.torch-xpu-ops.test.xpu.dynamo.test_aot_autograd_cache_xpu.AOTAutogradCacheTests,test_cache_hot_load_device_cpu_bfloat16_dynamic_True
op_ut,third_party.torch-xpu-ops.test.xpu.dynamo.test_aot_autograd_cache_xpu.AOTAutogradCacheTests,test_cache_lazy_backward_for_compiled_autograd
op_ut,third_party.torch-xpu-ops.test.xpu.dynamo.test_aot_autograd_cache_xpu.AOTAutogradCacheBundledTests,test_cache_hot_load_device_cpu_float32_dynamic_False
op_ut,third_party.torch-xpu-ops.test.xpu.dynamo.test_aot_autograd_cache_xpu.AOTAutogradCacheBundledTests,test_cache_lazy_backward_for_compiled_autograd
op_ut,third_party.torch-xpu-ops.test.xpu.test_autograd_xpu.TestAutogradMultipleDispatchXPU,test_foward_mode_AD_xpu
op_ut,third_party.torch-xpu-ops.test.xpu.test_autograd_xpu.TestAutogradMultipleDispatchXPU,test_view_copy_xpu
op_ut,third_party.torch-xpu-ops.test.xpu.test_autograd_xpu.TestAutogradMultipleDispatchXPU,test_autograd_multiple_dispatch_registrations_xpu
op_ut,third_party.torch-xpu-ops.test.xpu.test_ops_xpu.TestFakeTensorXPU,test_fake_autocast_histogramdd_xpu_float32
op_ut,third_party.torch-xpu-ops.test.xpu.test_ops_xpu.TestFakeTensorXPU,test_fake_torch_ops_aten__flash_attention_forward_xpu_float16
op_ut,third_party.torch-xpu-ops.test.xpu.test_ops_xpu.TestFakeTensorXPU,test_fake_crossref_backward_no_amp_nn_functional_bilinear_xpu_float32
op_ut,third_party.torch-xpu-ops.test.xpu.test_ops_xpu.TestFakeTensorXPU,test_fake_autocast_torch_ops_aten__efficient_attention_forward_xpu_float32
op_ut,third_party.torch-xpu-ops.test.xpu.test_ops_xpu.TestFakeTensorXPU,test_pointwise_ops_histogramdd_xpu_float32
op_ut,third_party.torch-xpu-ops.test.xpu.test_ops_xpu.TestFakeTensorXPU,test_fake_autocast_torch_ops_aten__flash_attention_forward_xpu_float16
op_ut,third_party.torch-xpu-ops.test.xpu.test_ops_xpu.TestFakeTensorXPU,test_fake_torch_ops_aten__efficient_attention_forward_xpu_float32
op_ut,third_party.torch-xpu-ops.test.xpu.test_ops_xpu.TestFakeTensorXPU,test_fake_histogramdd_xpu_float32
op_ut,third_party.torch-xpu-ops.test.xpu.test_ops_xpu.TestFakeTensorXPU,test_pointwise_ops_torch_ops_aten__efficient_attention_forward_xpu_float32
op_ut,third_party.torch-xpu-ops.test.xpu.test_ops_xpu.TestFakeTensorXPU,test_pointwise_ops_torch_ops_aten__flash_attention_forward_xpu_float16
op_ut,third_party.torch-xpu-ops.test.xpu.test_ops_xpu.TestCommonXPU,test_dtypes__refs_nn_functional_pdist_xpu
op_ut,third_party.torch-xpu-ops.test.xpu.test_torch_xpu.TestTorchDeviceTypeXPU,test_broadcast_fn_map2_xpu
op_ut,third_party.torch-xpu-ops.test.xpu.test_torch_xpu.TestTorchDeviceTypeXPU,test_broadcast_fn_map_xpu
op_ut,third_party.torch-xpu-ops.test.xpu.test_torch_xpu.TestTorchDeviceTypeXPU,test_grad_scaling_state_dict_xpu
op_ut,third_party.torch-xpu-ops.test.xpu.test_torch_xpu.TestTorchDeviceTypeXPU,test_module_share_memory_xpu
op_ut,third_party.torch-xpu-ops.test.xpu.test_torch_xpu.TestTorchDeviceTypeXPU,test_pickle_gradscaler_xpu
op_ut,third_party.torch-xpu-ops.test.xpu.test_transformers_xpu.TestSDPAXpuOnlyXPU,test_flash_attention_fail_with_non_square_causal_attention_xpu
