++ python benchmarks/dynamo/huggingface.py --accuracy --amp -d xpu -n10 --amp-dtype float16 --inference --total-partitions 7 --partition-id 0 --backend=inductor --cold-start-latency --timeout=10800 --disable-cudagraphs --output=/__w/torch-xpu-ops/torch-xpu-ops/pytorch/inductor_log/huggingface/amp_fp16/inductor_huggingface_amp_fp16_inference_xpu_accuracy.csv
W0531 15:13:54.634000 49970 site-packages/torch/utils/_pytree.py:630] <enum 'KernelPreference'> is an Enum subclass and is now natively supported by torch.compile as an opaque value type. Calling register_constant() on Enum subclasses is deprecated and will be an error in a future release.
W0531 15:13:54.668000 49970 site-packages/torch/utils/_pytree.py:630] <enum 'ScaleCalculationMode'> is an Enum subclass and is now natively supported by torch.compile as an opaque value type. Calling register_constant() on Enum subclasses is deprecated and will be an error in a future release.
W0531 15:14:02.923000 50238 site-packages/torch/utils/_pytree.py:630] <enum 'KernelPreference'> is an Enum subclass and is now natively supported by torch.compile as an opaque value type. Calling register_constant() on Enum subclasses is deprecated and will be an error in a future release.
W0531 15:14:02.956000 50238 site-packages/torch/utils/_pytree.py:630] <enum 'ScaleCalculationMode'> is an Enum subclass and is now natively supported by torch.compile as an opaque value type. Calling register_constant() on Enum subclasses is deprecated and will be an error in a future release.
loading model: 0it [00:00, ?it/s]loading model: 0it [00:07, ?it/s]
xpu  eval  AlbertForMaskedLM                  
pass
W0531 15:14:49.184000 51073 site-packages/torch/utils/_pytree.py:630] <enum 'KernelPreference'> is an Enum subclass and is now natively supported by torch.compile as an opaque value type. Calling register_constant() on Enum subclasses is deprecated and will be an error in a future release.
W0531 15:14:49.212000 51073 site-packages/torch/utils/_pytree.py:630] <enum 'ScaleCalculationMode'> is an Enum subclass and is now natively supported by torch.compile as an opaque value type. Calling register_constant() on Enum subclasses is deprecated and will be an error in a future release.
loading model: 0it [00:00, ?it/s]loading model: 0it [00:02, ?it/s]
xpu  eval  AlbertForQuestionAnswering         
W0531 15:14:56.133000 51073 site-packages/torch/_inductor/utils.py:3128] [0/0] get_device_tflops: no Triton fallback available for non-CUDA devices. Returning 0.0; roofline estimates will use memory bandwidth only.
pass
W0531 15:15:23.660000 51799 site-packages/torch/utils/_pytree.py:630] <enum 'KernelPreference'> is an Enum subclass and is now natively supported by torch.compile as an opaque value type. Calling register_constant() on Enum subclasses is deprecated and will be an error in a future release.
W0531 15:15:23.690000 51799 site-packages/torch/utils/_pytree.py:630] <enum 'ScaleCalculationMode'> is an Enum subclass and is now natively supported by torch.compile as an opaque value type. Calling register_constant() on Enum subclasses is deprecated and will be an error in a future release.
loading model: 0it [00:00, ?it/s]loading model: 0it [00:07, ?it/s]
xpu  eval  AllenaiLongformerBase              
W0531 15:15:33.184000 51799 site-packages/torch/_dynamo/variables/tensor.py:1744] [0/0] Graph break from `Tensor.item()`, consider setting:
W0531 15:15:33.184000 51799 site-packages/torch/_dynamo/variables/tensor.py:1744] [0/0]     torch._dynamo.config.capture_scalar_outputs = True
W0531 15:15:33.184000 51799 site-packages/torch/_dynamo/variables/tensor.py:1744] [0/0] or:
W0531 15:15:33.184000 51799 site-packages/torch/_dynamo/variables/tensor.py:1744] [0/0]     env TORCHDYNAMO_CAPTURE_SCALAR_OUTPUTS=1
W0531 15:15:33.184000 51799 site-packages/torch/_dynamo/variables/tensor.py:1744] [0/0] to include these operations in the captured graph.
W0531 15:15:33.184000 51799 site-packages/torch/_dynamo/variables/tensor.py:1744] [0/0] 
W0531 15:15:33.184000 51799 site-packages/torch/_dynamo/variables/tensor.py:1744] [0/0] Graph break: from user code at:
W0531 15:15:33.184000 51799 site-packages/torch/_dynamo/variables/tensor.py:1744] [0/0]   File "/__w/torch-xpu-ops/torch-xpu-ops/pytorch/benchmarks/dynamo/huggingface.py", line 556, in forward_pass
W0531 15:15:33.184000 51799 site-packages/torch/_dynamo/variables/tensor.py:1744] [0/0]     res = mod(**inputs)
W0531 15:15:33.184000 51799 site-packages/torch/_dynamo/variables/tensor.py:1744] [0/0]   File "/tmp/xpu-tool/Python/3.10.20/x64/lib/python3.10/site-packages/transformers/models/longformer/modeling_longformer.py", line 1623, in forward
W0531 15:15:33.184000 51799 site-packages/torch/_dynamo/variables/tensor.py:1744] [0/0]     outputs = self.longformer(
W0531 15:15:33.184000 51799 site-packages/torch/_dynamo/variables/tensor.py:1744] [0/0]   File "/tmp/xpu-tool/Python/3.10.20/x64/lib/python3.10/site-packages/transformers/models/longformer/modeling_longformer.py", line 1518, in forward
W0531 15:15:33.184000 51799 site-packages/torch/_dynamo/variables/tensor.py:1744] [0/0]     encoder_outputs = self.encoder(
W0531 15:15:33.184000 51799 site-packages/torch/_dynamo/variables/tensor.py:1744] [0/0]   File "/tmp/xpu-tool/Python/3.10.20/x64/lib/python3.10/site-packages/transformers/models/longformer/modeling_longformer.py", line 1195, in forward
W0531 15:15:33.184000 51799 site-packages/torch/_dynamo/variables/tensor.py:1744] [0/0]     is_global_attn = is_index_global_attn.flatten().any().item()
W0531 15:15:33.184000 51799 site-packages/torch/_dynamo/variables/tensor.py:1744] [0/0] 
W0531 15:15:33.184000 51799 site-packages/torch/_dynamo/variables/tensor.py:1744] [0/0] 
W0531 15:16:09.815000 51799 site-packages/torch/_inductor/utils.py:3128] [6/0] get_device_tflops: no Triton fallback available for non-CUDA devices. Returning 0.0; roofline estimates will use memory bandwidth only.
pass
W0531 15:16:27.805000 52842 site-packages/torch/utils/_pytree.py:630] <enum 'KernelPreference'> is an Enum subclass and is now natively supported by torch.compile as an opaque value type. Calling register_constant() on Enum subclasses is deprecated and will be an error in a future release.
W0531 15:16:27.838000 52842 site-packages/torch/utils/_pytree.py:630] <enum 'ScaleCalculationMode'> is an Enum subclass and is now natively supported by torch.compile as an opaque value type. Calling register_constant() on Enum subclasses is deprecated and will be an error in a future release.
loading model: 0it [00:00, ?it/s]loading model: 0it [00:07, ?it/s]
xpu  eval  BartForCausalLM                    
W0531 15:16:40.998000 52842 site-packages/torch/_inductor/utils.py:3128] [0/0] get_device_tflops: no Triton fallback available for non-CUDA devices. Returning 0.0; roofline estimates will use memory bandwidth only.
pass
W0531 15:17:05.468000 53465 site-packages/torch/utils/_pytree.py:630] <enum 'KernelPreference'> is an Enum subclass and is now natively supported by torch.compile as an opaque value type. Calling register_constant() on Enum subclasses is deprecated and will be an error in a future release.
W0531 15:17:05.496000 53465 site-packages/torch/utils/_pytree.py:630] <enum 'ScaleCalculationMode'> is an Enum subclass and is now natively supported by torch.compile as an opaque value type. Calling register_constant() on Enum subclasses is deprecated and will be an error in a future release.
loading model: 0it [00:00, ?it/s]loading model: 0it [00:04, ?it/s]
xpu  eval  BartForConditionalGeneration       
W0531 15:17:18.772000 53465 site-packages/torch/_inductor/utils.py:3128] [0/0] get_device_tflops: no Triton fallback available for non-CUDA devices. Returning 0.0; roofline estimates will use memory bandwidth only.
pass
W0531 15:18:11.802000 54326 site-packages/torch/utils/_pytree.py:630] <enum 'KernelPreference'> is an Enum subclass and is now natively supported by torch.compile as an opaque value type. Calling register_constant() on Enum subclasses is deprecated and will be an error in a future release.
W0531 15:18:11.831000 54326 site-packages/torch/utils/_pytree.py:630] <enum 'ScaleCalculationMode'> is an Enum subclass and is now natively supported by torch.compile as an opaque value type. Calling register_constant() on Enum subclasses is deprecated and will be an error in a future release.
loading model: 0it [00:00, ?it/s]loading model: 0it [00:01, ?it/s]
xpu  eval  BertForMaskedLM                    
W0531 15:18:18.542000 54326 site-packages/torch/_inductor/utils.py:3128] [0/0] get_device_tflops: no Triton fallback available for non-CUDA devices. Returning 0.0; roofline estimates will use memory bandwidth only.
pass
W0531 15:18:48.633000 54922 site-packages/torch/utils/_pytree.py:630] <enum 'KernelPreference'> is an Enum subclass and is now natively supported by torch.compile as an opaque value type. Calling register_constant() on Enum subclasses is deprecated and will be an error in a future release.
W0531 15:18:48.661000 54922 site-packages/torch/utils/_pytree.py:630] <enum 'ScaleCalculationMode'> is an Enum subclass and is now natively supported by torch.compile as an opaque value type. Calling register_constant() on Enum subclasses is deprecated and will be an error in a future release.
loading model: 0it [00:00, ?it/s]loading model: 0it [00:01, ?it/s]
xpu  eval  BertForQuestionAnswering           
W0531 15:18:54.836000 54922 site-packages/torch/_inductor/utils.py:3128] [0/0] get_device_tflops: no Triton fallback available for non-CUDA devices. Returning 0.0; roofline estimates will use memory bandwidth only.
pass
W0531 15:19:24.185000 55288 site-packages/torch/utils/_pytree.py:630] <enum 'KernelPreference'> is an Enum subclass and is now natively supported by torch.compile as an opaque value type. Calling register_constant() on Enum subclasses is deprecated and will be an error in a future release.
W0531 15:19:24.211000 55288 site-packages/torch/utils/_pytree.py:630] <enum 'ScaleCalculationMode'> is an Enum subclass and is now natively supported by torch.compile as an opaque value type. Calling register_constant() on Enum subclasses is deprecated and will be an error in a future release.
loading model: 0it [00:00, ?it/s]loading model: 0it [00:21, ?it/s]
xpu  eval  BlenderbotForCausalLM              
pass_due_to_skip
accuracy            pass_rate=95.65%
calls_captured      gmean=0.00x mean=670.478x
unique_graphs       gmean=0.00x mean=1.174x
graph_breaks        gmean=0.00x mean=0.152x
unique_graph_breaks gmean=0.00x mean=0.043x
autograd_captures   gmean=0.00x mean=0.000x
autograd_compiles   gmean=0.00x mean=0.000x
cudagraph_skips     gmean=0.00x mean=0.000x
compilation_latency mean=15.913 seconds
