++ python benchmarks/dynamo/huggingface.py --accuracy --amp -d xpu -n10 --amp-dtype float16 --training --total-partitions 7 --partition-id 0 --backend=inductor --cold-start-latency --timeout=10800 --disable-cudagraphs --output=/__w/torch-xpu-ops/torch-xpu-ops/pytorch/inductor_log/huggingface/amp_fp16/inductor_huggingface_amp_fp16_training_xpu_accuracy.csv
W0531 15:20:03.653000 55597 site-packages/torch/utils/_pytree.py:630] <enum 'KernelPreference'> is an Enum subclass and is now natively supported by torch.compile as an opaque value type. Calling register_constant() on Enum subclasses is deprecated and will be an error in a future release.
W0531 15:20:03.685000 55597 site-packages/torch/utils/_pytree.py:630] <enum 'ScaleCalculationMode'> is an Enum subclass and is now natively supported by torch.compile as an opaque value type. Calling register_constant() on Enum subclasses is deprecated and will be an error in a future release.
W0531 15:20:17.851000 55855 site-packages/torch/utils/_pytree.py:630] <enum 'KernelPreference'> is an Enum subclass and is now natively supported by torch.compile as an opaque value type. Calling register_constant() on Enum subclasses is deprecated and will be an error in a future release.
W0531 15:20:17.878000 55855 site-packages/torch/utils/_pytree.py:630] <enum 'ScaleCalculationMode'> is an Enum subclass and is now natively supported by torch.compile as an opaque value type. Calling register_constant() on Enum subclasses is deprecated and will be an error in a future release.
loading model: 0it [00:00, ?it/s]loading model: 0it [00:07, ?it/s]
xpu  train AlbertForMaskedLM                  
pass
W0531 15:21:13.772000 56857 site-packages/torch/utils/_pytree.py:630] <enum 'KernelPreference'> is an Enum subclass and is now natively supported by torch.compile as an opaque value type. Calling register_constant() on Enum subclasses is deprecated and will be an error in a future release.
W0531 15:21:13.800000 56857 site-packages/torch/utils/_pytree.py:630] <enum 'ScaleCalculationMode'> is an Enum subclass and is now natively supported by torch.compile as an opaque value type. Calling register_constant() on Enum subclasses is deprecated and will be an error in a future release.
loading model: 0it [00:00, ?it/s]loading model: 0it [00:02, ?it/s]
xpu  train AlbertForQuestionAnswering         
W0531 15:21:26.633000 56857 site-packages/torch/_inductor/utils.py:3128] [2/0_1] get_device_tflops: no Triton fallback available for non-CUDA devices. Returning 0.0; roofline estimates will use memory bandwidth only.
pass
W0531 15:22:05.714000 57776 site-packages/torch/utils/_pytree.py:630] <enum 'KernelPreference'> is an Enum subclass and is now natively supported by torch.compile as an opaque value type. Calling register_constant() on Enum subclasses is deprecated and will be an error in a future release.
W0531 15:22:05.743000 57776 site-packages/torch/utils/_pytree.py:630] <enum 'ScaleCalculationMode'> is an Enum subclass and is now natively supported by torch.compile as an opaque value type. Calling register_constant() on Enum subclasses is deprecated and will be an error in a future release.
loading model: 0it [00:00, ?it/s]loading model: 0it [00:08, ?it/s]
xpu  train AllenaiLongformerBase              
W0531 15:22:17.793000 57776 site-packages/torch/_dynamo/variables/tensor.py:1744] [2/0] Graph break from `Tensor.item()`, consider setting:
W0531 15:22:17.793000 57776 site-packages/torch/_dynamo/variables/tensor.py:1744] [2/0]     torch._dynamo.config.capture_scalar_outputs = True
W0531 15:22:17.793000 57776 site-packages/torch/_dynamo/variables/tensor.py:1744] [2/0] or:
W0531 15:22:17.793000 57776 site-packages/torch/_dynamo/variables/tensor.py:1744] [2/0]     env TORCHDYNAMO_CAPTURE_SCALAR_OUTPUTS=1
W0531 15:22:17.793000 57776 site-packages/torch/_dynamo/variables/tensor.py:1744] [2/0] to include these operations in the captured graph.
W0531 15:22:17.793000 57776 site-packages/torch/_dynamo/variables/tensor.py:1744] [2/0] 
W0531 15:22:17.793000 57776 site-packages/torch/_dynamo/variables/tensor.py:1744] [2/0] Graph break: from user code at:
W0531 15:22:17.793000 57776 site-packages/torch/_dynamo/variables/tensor.py:1744] [2/0]   File "/__w/torch-xpu-ops/torch-xpu-ops/pytorch/benchmarks/dynamo/huggingface.py", line 563, in torch_dynamo_resume_in_forward_and_backward_pass_at_561
W0531 15:22:17.793000 57776 site-packages/torch/_dynamo/variables/tensor.py:1744] [2/0]     pred = mod(**cloned_inputs)
W0531 15:22:17.793000 57776 site-packages/torch/_dynamo/variables/tensor.py:1744] [2/0]   File "/tmp/xpu-tool/Python/3.10.20/x64/lib/python3.10/site-packages/transformers/models/longformer/modeling_longformer.py", line 1623, in forward
W0531 15:22:17.793000 57776 site-packages/torch/_dynamo/variables/tensor.py:1744] [2/0]     outputs = self.longformer(
W0531 15:22:17.793000 57776 site-packages/torch/_dynamo/variables/tensor.py:1744] [2/0]   File "/tmp/xpu-tool/Python/3.10.20/x64/lib/python3.10/site-packages/transformers/models/longformer/modeling_longformer.py", line 1518, in forward
W0531 15:22:17.793000 57776 site-packages/torch/_dynamo/variables/tensor.py:1744] [2/0]     encoder_outputs = self.encoder(
W0531 15:22:17.793000 57776 site-packages/torch/_dynamo/variables/tensor.py:1744] [2/0]   File "/tmp/xpu-tool/Python/3.10.20/x64/lib/python3.10/site-packages/transformers/models/longformer/modeling_longformer.py", line 1195, in forward
W0531 15:22:17.793000 57776 site-packages/torch/_dynamo/variables/tensor.py:1744] [2/0]     is_global_attn = is_index_global_attn.flatten().any().item()
W0531 15:22:17.793000 57776 site-packages/torch/_dynamo/variables/tensor.py:1744] [2/0] 
W0531 15:22:17.793000 57776 site-packages/torch/_dynamo/variables/tensor.py:1744] [2/0] 
W0531 15:22:58.679000 57776 site-packages/torch/_inductor/utils.py:3128] [8/0] get_device_tflops: no Triton fallback available for non-CUDA devices. Returning 0.0; roofline estimates will use memory bandwidth only.
pass
W0531 15:23:38.058000 59396 site-packages/torch/utils/_pytree.py:630] <enum 'KernelPreference'> is an Enum subclass and is now natively supported by torch.compile as an opaque value type. Calling register_constant() on Enum subclasses is deprecated and will be an error in a future release.
W0531 15:23:38.087000 59396 site-packages/torch/utils/_pytree.py:630] <enum 'ScaleCalculationMode'> is an Enum subclass and is now natively supported by torch.compile as an opaque value type. Calling register_constant() on Enum subclasses is deprecated and will be an error in a future release.
loading model: 0it [00:00, ?it/s]loading model: 0it [00:03, ?it/s]
xpu  train BartForCausalLM                    
W0531 15:23:54.839000 59396 site-packages/torch/_inductor/utils.py:3128] [15/0] get_device_tflops: no Triton fallback available for non-CUDA devices. Returning 0.0; roofline estimates will use memory bandwidth only.
pass
W0531 15:24:20.314000 60049 site-packages/torch/utils/_pytree.py:630] <enum 'KernelPreference'> is an Enum subclass and is now natively supported by torch.compile as an opaque value type. Calling register_constant() on Enum subclasses is deprecated and will be an error in a future release.
W0531 15:24:20.342000 60049 site-packages/torch/utils/_pytree.py:630] <enum 'ScaleCalculationMode'> is an Enum subclass and is now natively supported by torch.compile as an opaque value type. Calling register_constant() on Enum subclasses is deprecated and will be an error in a future release.
loading model: 0it [00:00, ?it/s]loading model: 0it [00:05, ?it/s]
xpu  train BartForConditionalGeneration       
W0531 15:24:37.613000 60049 site-packages/torch/_inductor/utils.py:3128] [20/0] get_device_tflops: no Triton fallback available for non-CUDA devices. Returning 0.0; roofline estimates will use memory bandwidth only.
pass
W0531 15:25:06.242000 60670 site-packages/torch/utils/_pytree.py:630] <enum 'KernelPreference'> is an Enum subclass and is now natively supported by torch.compile as an opaque value type. Calling register_constant() on Enum subclasses is deprecated and will be an error in a future release.
W0531 15:25:06.269000 60670 site-packages/torch/utils/_pytree.py:630] <enum 'ScaleCalculationMode'> is an Enum subclass and is now natively supported by torch.compile as an opaque value type. Calling register_constant() on Enum subclasses is deprecated and will be an error in a future release.
loading model: 0it [00:00, ?it/s]loading model: 0it [00:02, ?it/s]
xpu  train BertForMaskedLM                    
W0531 15:25:17.127000 60670 site-packages/torch/_inductor/utils.py:3128] [2/0_1] get_device_tflops: no Triton fallback available for non-CUDA devices. Returning 0.0; roofline estimates will use memory bandwidth only.
pass
W0531 15:25:52.769000 61263 site-packages/torch/utils/_pytree.py:630] <enum 'KernelPreference'> is an Enum subclass and is now natively supported by torch.compile as an opaque value type. Calling register_constant() on Enum subclasses is deprecated and will be an error in a future release.
W0531 15:25:52.796000 61263 site-packages/torch/utils/_pytree.py:630] <enum 'ScaleCalculationMode'> is an Enum subclass and is now natively supported by torch.compile as an opaque value type. Calling register_constant() on Enum subclasses is deprecated and will be an error in a future release.
loading model: 0it [00:00, ?it/s]loading model: 0it [00:02, ?it/s]
xpu  train BertForQuestionAnswering           
W0531 15:26:03.395000 61263 site-packages/torch/_inductor/utils.py:3128] [2/0_1] get_device_tflops: no Triton fallback available for non-CUDA devices. Returning 0.0; roofline estimates will use memory bandwidth only.
pass
W0531 15:26:38.556000 61603 site-packages/torch/utils/_pytree.py:630] <enum 'KernelPreference'> is an Enum subclass and is now natively supported by torch.compile as an opaque value type. Calling register_constant() on Enum subclasses is deprecated and will be an error in a future release.
W0531 15:26:38.583000 61603 site-packages/torch/utils/_pytree.py:630] <enum 'ScaleCalculationMode'> is an Enum subclass and is now natively supported by torch.compile as an opaque value type. Calling register_constant() on Enum subclasses is deprecated and will be an error in a future release.
loading model: 0it [00:00, ?it/s]loading model: 0it [00:16, ?it/s]
xpu  train BlenderbotForCausalLM              
pass_due_to_skip
accuracy            pass_rate=85.71%
calls_captured      gmean=0.00x mean=434.690x
unique_graphs       gmean=0.00x mean=2.905x
graph_breaks        gmean=0.00x mean=3.643x
unique_graph_breaks gmean=0.00x mean=2.929x
autograd_captures   gmean=0.00x mean=0.000x
autograd_compiles   gmean=0.00x mean=0.000x
cudagraph_skips     gmean=0.00x mean=0.000x
compilation_latency mean=25.016 seconds
