++ python benchmarks/dynamo/torchbench.py --accuracy --bfloat16 -d xpu -n10 --training --total-partitions 8 --partition-id 1 --backend=inductor --cold-start-latency --timeout=10800 --disable-cudagraphs --output=/__w/torch-xpu-ops/torch-xpu-ops/pytorch/inductor_log/torchbench/bfloat16/inductor_torchbench_bfloat16_training_xpu_accuracy.csv
loading model: 0it [00:00, ?it/s]loading model: 0it [00:07, ?it/s]
xpu  train densenet121                        
W0531 15:31:08.349000 81882 site-packages/torch/_inductor/utils.py:3128] [2/0_1] get_device_tflops: no Triton fallback available for non-CUDA devices. Returning 0.0; roofline estimates will use memory bandwidth only.
pass
loading model: 0it [00:00, ?it/s]W0531 15:32:55.168000 88529 site-packages/torch/fx/_symbolic_trace.py:56] is_fx_tracing will return true for both fx.symbolic_trace and torch.export. Please use is_fx_tracing_symbolic_tracing() for specifically fx.symbolic_trace or torch.compiler.is_compiling() for specifically torch.export/compile.
loading model: 0it [00:04, ?it/s]
xpu  train detectron2_maskrcnn_r_50_c4        
Traceback (most recent call last):
  File "/__w/torch-xpu-ops/torch-xpu-ops/pytorch/benchmarks/dynamo/common.py", line 2057, in validate_model
    self.model_iter_fn(model, example_inputs)
  File "/__w/torch-xpu-ops/torch-xpu-ops/pytorch/benchmarks/dynamo/torchbench.py", line 487, in forward_and_backward_pass
    loss = self.compute_loss(pred)
  File "/__w/torch-xpu-ops/torch-xpu-ops/pytorch/benchmarks/dynamo/torchbench.py", line 470, in compute_loss
    return reduce_to_scalar_loss(pred)
  File "/tmp/xpu-tool/Python/3.10.20/x64/lib/python3.10/site-packages/torch/_dynamo/testing.py", line 164, in reduce_to_scalar_loss
    return sum(reduce_to_scalar_loss(x) for x in out) / len(out)
  File "/tmp/xpu-tool/Python/3.10.20/x64/lib/python3.10/site-packages/torch/_dynamo/testing.py", line 164, in <genexpr>
    return sum(reduce_to_scalar_loss(x) for x in out) / len(out)
  File "/tmp/xpu-tool/Python/3.10.20/x64/lib/python3.10/site-packages/torch/_dynamo/testing.py", line 174, in reduce_to_scalar_loss
    return sum(reduce_to_scalar_loss(value) for value in out.values()) / len(
  File "/tmp/xpu-tool/Python/3.10.20/x64/lib/python3.10/site-packages/torch/_dynamo/testing.py", line 174, in <genexpr>
    return sum(reduce_to_scalar_loss(value) for value in out.values()) / len(
  File "/tmp/xpu-tool/Python/3.10.20/x64/lib/python3.10/site-packages/torch/_dynamo/testing.py", line 177, in reduce_to_scalar_loss
    raise NotImplementedError("Don't know how to reduce", type(out))
NotImplementedError: ("Don't know how to reduce", <class 'detectron2.structures.instances.Instances'>)

The above exception was the direct cause of the following exception:

Traceback (most recent call last):
  File "/__w/torch-xpu-ops/torch-xpu-ops/pytorch/benchmarks/dynamo/common.py", line 4749, in run
    ) = runner.load_model(
  File "/__w/torch-xpu-ops/torch-xpu-ops/pytorch/benchmarks/dynamo/torchbench.py", line 384, in load_model
    self.validate_model(benchmark.name, model, example_inputs)
  File "/__w/torch-xpu-ops/torch-xpu-ops/pytorch/benchmarks/dynamo/common.py", line 2059, in validate_model
    raise RuntimeError("Eager run failed") from e
RuntimeError: Eager run failed

eager_fail_to_run
accuracy            pass_rate=68.97%
calls_captured      gmean=0.00x mean=188.517x
unique_graphs       gmean=0.00x mean=0.966x
graph_breaks        gmean=0.00x mean=3.897x
unique_graph_breaks gmean=0.00x mean=3.034x
autograd_captures   gmean=0.00x mean=0.000x
autograd_compiles   gmean=0.00x mean=0.000x
cudagraph_skips     gmean=0.00x mean=0.000x
compilation_latency mean=14.332 seconds
