++ python benchmarks/dynamo/huggingface.py --performance --amp -d xpu -n10 --amp-dtype float16 --inference --total-partitions 9 --partition-id 3 --backend=inductor --cold-start-latency --timeout=10800 --disable-cudagraphs --output=/__w/torch-xpu-ops/torch-xpu-ops/pytorch/inductor_log/huggingface/amp_fp16/inductor_huggingface_amp_fp16_inference_xpu_performance.csv
W0531 17:17:34.585000 62499 site-packages/torch/utils/_pytree.py:630] <enum 'KernelPreference'> is an Enum subclass and is now natively supported by torch.compile as an opaque value type. Calling register_constant() on Enum subclasses is deprecated and will be an error in a future release.
W0531 17:17:34.620000 62499 site-packages/torch/utils/_pytree.py:630] <enum 'ScaleCalculationMode'> is an Enum subclass and is now natively supported by torch.compile as an opaque value type. Calling register_constant() on Enum subclasses is deprecated and will be an error in a future release.
W0531 17:17:40.063000 62751 site-packages/torch/utils/_pytree.py:630] <enum 'KernelPreference'> is an Enum subclass and is now natively supported by torch.compile as an opaque value type. Calling register_constant() on Enum subclasses is deprecated and will be an error in a future release.
W0531 17:17:40.099000 62751 site-packages/torch/utils/_pytree.py:630] <enum 'ScaleCalculationMode'> is an Enum subclass and is now natively supported by torch.compile as an opaque value type. Calling register_constant() on Enum subclasses is deprecated and will be an error in a future release.
loading model: 0it [00:00, ?it/s]loading model: 0it [00:01, ?it/s]
xpu  eval  ElectraForQuestionAnswering        
W0531 17:17:47.124000 62751 site-packages/torch/_inductor/utils.py:3128] [0/0] get_device_tflops: no Triton fallback available for non-CUDA devices. Returning 0.0; roofline estimates will use memory bandwidth only.
running benchmark:   0%|          | 0/10 [00:00<?, ?it/s]running benchmark:  10%|█         | 1/10 [00:00<00:01,  4.71it/s]running benchmark:  30%|███       | 3/10 [00:00<00:00,  8.85it/s]running benchmark:  50%|█████     | 5/10 [00:00<00:00, 10.54it/s]running benchmark:  70%|███████   | 7/10 [00:00<00:00, 11.45it/s]running benchmark:  90%|█████████ | 9/10 [00:00<00:00, 12.00it/s]running benchmark: 100%|██████████| 10/10 [00:00<00:00, 11.01it/s]
0.881x
W0531 17:18:06.512000 63820 site-packages/torch/utils/_pytree.py:630] <enum 'KernelPreference'> is an Enum subclass and is now natively supported by torch.compile as an opaque value type. Calling register_constant() on Enum subclasses is deprecated and will be an error in a future release.
W0531 17:18:06.547000 63820 site-packages/torch/utils/_pytree.py:630] <enum 'ScaleCalculationMode'> is an Enum subclass and is now natively supported by torch.compile as an opaque value type. Calling register_constant() on Enum subclasses is deprecated and will be an error in a future release.
loading model: 0it [00:00, ?it/s]loading model: 0it [00:02, ?it/s]
xpu  eval  GPT2ForSequenceClassification      
W0531 17:18:14.280000 63820 site-packages/torch/_inductor/utils.py:3128] [0/0] get_device_tflops: no Triton fallback available for non-CUDA devices. Returning 0.0; roofline estimates will use memory bandwidth only.
running benchmark:   0%|          | 0/10 [00:00<?, ?it/s]running benchmark:  30%|███       | 3/10 [00:00<00:00, 22.31it/s]running benchmark:  60%|██████    | 6/10 [00:00<00:00, 24.78it/s]running benchmark:  90%|█████████ | 9/10 [00:00<00:00, 25.69it/s]running benchmark: 100%|██████████| 10/10 [00:00<00:00, 25.29it/s]
2.125x
speedup             gmean=1.58x mean=1.758x
abs_latency         gmean=29.87x mean=34.917x
compilation_latency mean=17.893 seconds
compression_ratio   mean=0.000x
eager_peak_mem      gmean=0.00x mean=0.000x
dynamo_peak_mem     gmean=0.00x mean=0.000x
calls_captured      gmean=477.04x mean=572.667x
unique_graphs       gmean=1.06x mean=1.083x
graph_breaks        gmean=0.00x mean=0.000x
unique_graph_breaks gmean=0.00x mean=0.000x
autograd_captures   gmean=0.00x mean=0.000x
autograd_compiles   gmean=0.00x mean=0.000x
cudagraph_skips     gmean=0.00x mean=0.000x
