op_regression,third_party.torch-xpu-ops.test.regressions.test_resize.TestSimpleResize,test_view_as_complex
op_regression,third_party.torch-xpu-ops.test.regressions.test_deform_conv.TestDeformConv,test_schema__test_is_leaf_node[xpu]
op_regression,third_party.torch-xpu-ops.test.regressions.test_conversion.TestSimpleConversionXPU,test_half_nonzero_xpu_float8_e5m2
op_regression,third_party.torch-xpu-ops.test.regressions.test_resize.TestSimpleResize,test_view_as_real
op_regression,third_party.torch-xpu-ops.test.regressions.test_conversion.TestSimpleConversionXPU,test_half_nonzero_xpu_float8_e5m2fnuz
op_regression,third_party.torch-xpu-ops.test.regressions.test_deform_conv.TestDeformConv,test_faketensor__test_is_leaf_node[xpu]
op_regression,third_party.torch-xpu-ops.test.regressions.test_conversion.TestSimpleConversionXPU,test_half_zero_xpu_float8_e4m3fn
op_regression,third_party.torch-xpu-ops.test.regressions.test_deform_conv.TestDeformConv,test_aot_dispatch_dynamic__test_is_leaf_node[xpu]
op_regression,third_party.torch-xpu-ops.test.regressions.test_conversion.TestSimpleConversionXPU,test_half_zero_xpu_float8_e4m3fnuz
op_regression,third_party.torch-xpu-ops.test.regressions.test_batch_norm.TestBatchNormContiguous,test_bn1d_noncontiguous_save_float32
op_regression,third_party.torch-xpu-ops.test.regressions.test_batch_norm.TestBatchNormContiguous,test_bn2d_noncontiguous_output
op_regression,third_party.torch-xpu-ops.test.regressions.test_conversion.TestSimpleConversionXPU,test_half_zero_xpu_float8_e5m2
op_regression,third_party.torch-xpu-ops.test.regressions.test_batch_norm.TestBatchNormContiguous,test_bn2d_noncontiguous_save_bfloat16
op_regression,third_party.torch-xpu-ops.test.regressions.test_conversion.TestSimpleConversionXPU,test_half_zero_xpu_float8_e5m2fnuz
op_regression,third_party.torch-xpu-ops.test.regressions.test_batch_norm.TestBatchNormContiguous,test_bn2d_noncontiguous_save_float16
op_regression,third_party.torch-xpu-ops.test.regressions.test_batch_norm.TestBatchNormContiguous,test_bn2d_noncontiguous_save_float32
op_regression,third_party.torch-xpu-ops.test.regressions.test_copy.TestSimpleCopyXPU,test_copy_and_clone_float4_xpu
op_regression,third_party.torch-xpu-ops.test.regressions.test_copy.TestSimpleCopyXPU,test_copy_and_clone_xpu_float32
op_regression,third_party.torch-xpu-ops.test.regressions.test_batch_norm.TestBatchNormContiguous,test_bn2d_noncontiguous_save_running_stats
op_regression,third_party.torch-xpu-ops.test.regressions.test_copy.TestSimpleCopyXPU,test_copy_and_clone_xpu_float8_e4m3fn
op_regression,third_party.torch-xpu-ops.test.regressions.test_batch_norm.TestBatchNormContiguous,test_bn3d_noncontiguous_save_float32
op_regression,third_party.torch-xpu-ops.test.regressions.test_div_mode.TestDivMode,test_div_true_dtype
op_regression,third_party.torch-xpu-ops.test.regressions.test_copy.TestSimpleCopyXPU,test_copy_and_clone_xpu_float8_e4m3fnuz
op_regression,third_party.torch-xpu-ops.test.regressions.test_copy.TestSimpleCopyXPU,test_copy_and_clone_xpu_float8_e5m2
op_regression,third_party.torch-xpu-ops.test.regressions.test_binary.TestSimpleBinary,test_add
op_regression,third_party.torch-xpu-ops.test.regressions.test_binary.TestSimpleBinary,test_add_scalar
op_regression,third_party.torch-xpu-ops.test.regressions.test_copy.TestSimpleCopyXPU,test_copy_and_clone_xpu_float8_e5m2fnuz
op_regression,third_party.torch-xpu-ops.test.regressions.test_torchvision_roi_ops.TestPSRoIAlign,test_backward[True-xpu-6]
op_regression,third_party.torch-xpu-ops.test.regressions.test_copy.TestSimpleCopyXPU,test_copy_and_clone_xpu_float8_e8m0fnu
op_regression,third_party.torch-xpu-ops.test.regressions.test_torchvision_roi_ops.TestRoiPool,test_backward[False-xpu-6]
op_regression,third_party.torch-xpu-ops.test.regressions.test_torchvision_roi_ops.TestRoIAlign,test_backward[True-xpu-2]
op_regression,third_party.torch-xpu-ops.test.regressions.test_binary.TestSimpleBinary,test_binary_div_channels_last
op_regression,third_party.torch-xpu-ops.test.regressions.test_torchvision_roi_ops.TestPSRoIAlign,test_backward[True-xpu-7]
op_regression,third_party.torch-xpu-ops.test.regressions.test_torchvision_roi_ops.TestRoiPool,test_backward[False-xpu-7]
op_regression,third_party.torch-xpu-ops.test.regressions.test_binary.TestSimpleBinary,test_binary_op
op_regression,third_party.torch-xpu-ops.test.regressions.test_binary.TestSimpleBinary,test_div
op_regression,third_party.torch-xpu-ops.test.regressions.test_torchvision_roi_ops.TestRoIAlign,test_backward[True-xpu-3]
op_regression,third_party.torch-xpu-ops.test.regressions.test_torchvision_roi_ops.TestPSRoIAlign,test_backward[True-xpu-8]
op_regression,third_party.torch-xpu-ops.test.regressions.test_binary.TestSimpleBinary,test_div_int
op_regression,third_party.torch-xpu-ops.test.regressions.test_torchvision_roi_ops.TestPSRoIAlign,test_backward[True-xpu-9]
op_regression,third_party.torch-xpu-ops.test.regressions.test_torchvision_roi_ops.TestRoiPool,test_backward[False-xpu-8]
op_regression,third_party.torch-xpu-ops.test.regressions.test_binary.TestSimpleBinary,test_ldexp
op_regression,third_party.torch-xpu-ops.test.regressions.test_binary.TestSimpleBinary,test_mul
op_regression,third_party.torch-xpu-ops.test.regressions.test_torchvision_roi_ops.TestRoIAlign,test_backward[True-xpu-4]
op_regression,third_party.torch-xpu-ops.test.regressions.test_foreach_list.TestForeachListMethod,test_foreach_add
op_regression,third_party.torch-xpu-ops.test.regressions.test_torchvision_roi_ops.TestPSRoIAlign,test_backward[False-xpu-0]
op_regression,third_party.torch-xpu-ops.test.regressions.test_copy_downcast_fp8.TestTorchMethod,test_fp8_downcast_copy_float8_e4m3
op_regression,third_party.torch-xpu-ops.test.regressions.test_copy_downcast_fp8.TestTorchMethod,test_fp8_downcast_copy_float8_e4m3fnuz
op_regression,third_party.torch-xpu-ops.test.regressions.test_torchvision_roi_ops.TestRoiPool,test_backward[False-xpu-9]
op_regression,third_party.torch-xpu-ops.test.regressions.test_torchvision_roi_ops.TestRoIAlign,test_backward[True-xpu-5]
op_regression,third_party.torch-xpu-ops.test.regressions.test_binary.TestSimpleBinary,test_pow
op_regression,third_party.torch-xpu-ops.test.regressions.test_binary.TestSimpleBinary,test_sub
op_regression,third_party.torch-xpu-ops.test.regressions.test_torchvision_roi_ops.TestPSRoIAlign,test_backward[False-xpu-1]
op_regression,third_party.torch-xpu-ops.test.regressions.test_cat.TestTorchMethodXPU,test_cat_8d_xpu
op_regression,third_party.torch-xpu-ops.test.regressions.test_torchvision_roi_ops.TestRoIAlign,test_backward[True-xpu-6]
op_regression,third_party.torch-xpu-ops.test.regressions.test_cat.TestTorchMethodXPU,test_cat_array_2_xpu
op_regression,third_party.torch-xpu-ops.test.regressions.test_torchvision_roi_ops.TestPSRoIAlign,test_backward[False-xpu-2]
op_regression,third_party.torch-xpu-ops.test.regressions.test_cat.TestTorchMethodXPU,test_cat_array_xpu
op_regression,third_party.torch-xpu-ops.test.regressions.test_cat.TestTorchMethodXPU,test_cat_float4_simple_xpu
op_regression,third_party.torch-xpu-ops.test.regressions.test_cat.TestTorchMethodXPU,test_cat_simple_xpu_float8_e4m3fn
op_regression,third_party.torch-xpu-ops.test.regressions.test_torchvision_roi_ops.TestPSRoIAlign,test_backward[False-xpu-3]
op_regression,third_party.torch-xpu-ops.test.regressions.test_torchvision_roi_ops.TestRoIAlign,test_backward[True-xpu-7]
op_regression,third_party.torch-xpu-ops.test.regressions.test_cat.TestTorchMethodXPU,test_cat_simple_xpu_float8_e4m3fnuz
op_regression,third_party.torch-xpu-ops.test.regressions.test_foreach_scalar.TestForeachScalarMethod,test_foreach_add
op_regression,third_party.torch-xpu-ops.test.regressions.test_cat.TestTorchMethodXPU,test_cat_simple_xpu_float8_e5m2
op_regression,third_party.torch-xpu-ops.test.regressions.test_torchvision_roi_ops.TestPSRoIAlign,test_backward[False-xpu-4]
op_regression,third_party.torch-xpu-ops.test.regressions.test_copy_downcast_fp8.TestTorchMethod,test_fp8_downcast_copy_float8_e5m2
op_regression,third_party.torch-xpu-ops.test.regressions.test_cat.TestTorchMethodXPU,test_cat_simple_xpu_float8_e5m2fnuz
op_regression,third_party.torch-xpu-ops.test.regressions.test_copy_downcast_fp8.TestTorchMethod,test_fp8_downcast_copy_float8_e5m2fnuz
op_regression,third_party.torch-xpu-ops.test.regressions.test_torchvision_roi_ops.TestPSRoIPool,test_forward[torch.float16-True-xpu]
op_regression,third_party.torch-xpu-ops.test.regressions.test_torchvision_roi_ops.TestPSRoIPool,test_forward[torch.float16-False-xpu]
op_regression,third_party.torch-xpu-ops.test.regressions.test_torchvision_roi_ops.TestRoIAlign,test_backward[True-xpu-8]
op_regression,third_party.torch-xpu-ops.test.regressions.test_cat.TestTorchMethodXPU,test_cat_simple_xpu_float8_e8m0fnu
op_regression,third_party.torch-xpu-ops.test.regressions.test_deform_conv.TestDeformConv,test_is_leaf_node[xpu]
op_regression,third_party.torch-xpu-ops.test.regressions.test_torchvision_roi_ops.TestPSRoIAlign,test_backward[False-xpu-5]
op_regression,third_party.torch-xpu-ops.test.regressions.test_deform_conv.TestDeformConv,test_forward[0-True-xpu]
op_regression,third_party.torch-xpu-ops.test.regressions.test_deform_conv.TestDeformConv,test_forward[0-False-xpu]
op_regression,third_party.torch-xpu-ops.test.regressions.test_torchvision_roi_ops.TestRoIAlign,test_forward[False-False-x_dtype0-xpu-True]
op_regression,third_party.torch-xpu-ops.test.regressions.test_torchvision_roi_ops.TestRoIAlign,test_backward[True-xpu-9]
op_regression,third_party.torch-xpu-ops.test.regressions.test_torchvision_roi_ops.TestPSRoIAlign,test_backward[False-xpu-6]
op_regression,third_party.torch-xpu-ops.test.regressions.test_torchvision_roi_ops.TestPSRoIPool,test_forward[torch.float32-True-xpu]
op_regression,third_party.torch-xpu-ops.test.regressions.test_torchvision_roi_ops.TestPSRoIPool,test_forward[torch.float32-False-xpu]
op_regression,third_party.torch-xpu-ops.test.regressions.test_torchvision_roi_ops.TestPSRoIPool,test_forward[torch.float64-True-xpu]
op_regression,third_party.torch-xpu-ops.test.regressions.test_torchvision_roi_ops.TestPSRoIAlign,test_backward[False-xpu-7]
op_regression,third_party.torch-xpu-ops.test.regressions.test_torchvision_roi_ops.TestPSRoIPool,test_forward[torch.float64-False-xpu]
op_regression,third_party.torch-xpu-ops.test.regressions.test_torchvision_roi_ops.TestRoIAlign,test_backward[False-xpu-0]
op_regression,third_party.torch-xpu-ops.test.regressions.test_torchvision_roi_ops.TestPSRoIPool,test_is_leaf_node[xpu]
op_regression,third_party.torch-xpu-ops.test.regressions.test_foreach_scalarlist.TestForeachScalarListMethod,test_foreach_add
op_regression,third_party.torch-xpu-ops.test.regressions.test_torchvision_roi_ops.TestPSRoIPool,test_torch_fx_trace[xpu]
op_regression,third_party.torch-xpu-ops.test.regressions.test_torchvision_roi_ops.TestPSRoIAlign,test_backward[False-xpu-8]
op_regression,third_party.torch-xpu-ops.test.regressions.test_grid_sample.TestSimpleCopy,test_grid_sample
op_regression,third_party.torch-xpu-ops.test.regressions.test_index_and_index_put.TestTorchMethod,test_flip_float8
op_regression,third_party.torch-xpu-ops.test.regressions.test_torchvision_roi_ops.TestRoIAlign,test_backward[False-xpu-1]
op_regression,third_party.torch-xpu-ops.test.regressions.test_torchvision_roi_ops.TestPSRoIAlign,test_backward[False-xpu-9]
op_regression,third_party.torch-xpu-ops.test.regressions.test_torchvision_roi_ops.TestMultiScaleRoIAlign,test_is_leaf_node[xpu]
op_regression,third_party.torch-xpu-ops.test.regressions.test_index_and_index_put.TestTorchMethod,test_index_add_empty
op_regression,third_party.torch-xpu-ops.test.regressions.test_torchvision_roi_ops.TestPSRoIPool,test_backward[True-xpu-0]
op_regression,third_party.torch-xpu-ops.test.regressions.test_triangular_solve_sparse.TestTriangularSolveSparseCSR,test_empty_rhs
op_regression,third_party.torch-xpu-ops.test.regressions.test_torchvision_roi_ops.TestRoIAlign,test_backward[False-xpu-2]
op_regression,third_party.torch-xpu-ops.test.regressions.test_torchvision_roi_ops.TestPSRoIPool,test_backward[True-xpu-1]
op_regression,third_party.torch-xpu-ops.test.regressions.test_deform_conv.TestDeformConv,test_forward[1-True-xpu]
op_regression,third_party.torch-xpu-ops.test.regressions.test_torchvision_roi_ops.TestPSRoIPool,test_backward[True-xpu-2]
op_regression,third_party.torch-xpu-ops.test.regressions.test_clamp_promotion.TestTorchMethod,test_clamp_promotion
op_regression,third_party.torch-xpu-ops.test.regressions.test_compare.TestTorchMethod,test_eq
op_regression,third_party.torch-xpu-ops.test.regressions.test_torchvision_roi_ops.TestRoIAlign,test_backward[False-xpu-3]
op_regression,third_party.torch-xpu-ops.test.regressions.test_deform_conv.TestDeformConv,test_forward[1-False-xpu]
op_regression,third_party.torch-xpu-ops.test.regressions.test_compare.TestTorchMethod,test_ge
op_regression,third_party.torch-xpu-ops.test.regressions.test_torchvision_roi_ops.TestPSRoIPool,test_backward[True-xpu-3]
op_regression,third_party.torch-xpu-ops.test.regressions.test_compare.TestTorchMethod,test_gt
op_regression,third_party.torch-xpu-ops.test.regressions.test_compare.TestTorchMethod,test_le
op_regression,third_party.torch-xpu-ops.test.regressions.test_torchvision_roi_ops.TestRoIAlign,test_backward[False-xpu-4]
op_regression,third_party.torch-xpu-ops.test.regressions.test_torchvision_roi_ops.TestPSRoIPool,test_backward[True-xpu-4]
op_regression,third_party.torch-xpu-ops.test.regressions.test_compare.TestTorchMethod,test_lt
op_regression,third_party.torch-xpu-ops.test.regressions.test_compare.TestTorchMethod,test_ne
op_regression,third_party.torch-xpu-ops.test.regressions.test_roi_align.TestNNMethod,test_roi_align_backward
op_regression,third_party.torch-xpu-ops.test.regressions.test_torchvision_roi_ops.TestPSRoIPool,test_backward[True-xpu-5]
op_regression,third_party.torch-xpu-ops.test.regressions.test_conversion.TestSimpleConversionXPU,test_empty_nonzero_xpu
op_regression,third_party.torch-xpu-ops.test.regressions.test_triangular_solve_sparse.TestTriangularSolveSparseCSR,test_float32
op_regression,third_party.torch-xpu-ops.test.regressions.test_torchvision_roi_ops.TestRoIAlign,test_forward[False-False-x_dtype0-xpu-False]
op_regression,third_party.torch-xpu-ops.test.regressions.test_triangular_solve_sparse.TestTriangularSolveSparseCSR,test_lower_triangular
op_regression,third_party.torch-xpu-ops.test.regressions.test_torchvision_roi_ops.TestRoIAlign,test_backward[False-xpu-5]
op_regression,third_party.torch-xpu-ops.test.regressions.test_conversion.TestSimpleConversionXPU,test_half_nonzero_xpu_float8_e4m3fn
op_regression,third_party.torch-xpu-ops.test.regressions.test_triangular_solve_sparse.TestTriangularSolveSparseCSR,test_multiple_rhs
op_regression,third_party.torch-xpu-ops.test.regressions.test_torchvision_roi_ops.TestPSRoIPool,test_backward[True-xpu-6]
op_regression,third_party.torch-xpu-ops.test.regressions.test_conversion.TestSimpleConversionXPU,test_half_nonzero_xpu_float8_e4m3fnuz
op_regression,third_party.torch-xpu-ops.test.regressions.test_triangular_solve_sparse.TestTriangularSolveSparseCSR,test_transpose
op_regression,third_party.torch-xpu-ops.test.regressions.test_triangular_solve_sparse.TestTriangularSolveSparseCSR,test_unitriangular
op_regression,third_party.torch-xpu-ops.test.regressions.test_torchvision_roi_ops.TestPSRoIPool,test_backward[True-xpu-7]
op_regression,third_party.torch-xpu-ops.test.regressions.test_torchvision_roi_ops.TestRoIAlign,test_backward[False-xpu-6]
op_regression,third_party.torch-xpu-ops.test.regressions.test_triangular_solve_sparse.TestTriangularSolveSparseCSR,test_upper_triangular
op_regression,third_party.torch-xpu-ops.test.regressions.test_index_and_index_put.TestTorchMethod,test_index_and_index_put
op_regression,third_party.torch-xpu-ops.test.regressions.test_triangular_solve_sparse.TestTriangularSolveSparseCSR,test_zero_nnz
op_regression,third_party.torch-xpu-ops.test.regressions.test_torchvision_roi_ops.TestPSRoIPool,test_backward[True-xpu-8]
op_regression,third_party.torch-xpu-ops.test.regressions.test_unary.TestSimpleUnary,test_abs_out
op_regression,third_party.torch-xpu-ops.test.regressions.test_torchvision_roi_ops.TestRoIAlign,test_backward[False-xpu-7]
op_regression,third_party.torch-xpu-ops.test.regressions.test_unary.TestSimpleUnary,test_cos_out
op_regression,third_party.torch-xpu-ops.test.regressions.test_torchvision_roi_ops.TestPSRoIPool,test_backward[True-xpu-9]
op_regression,third_party.torch-xpu-ops.test.regressions.test_unary.TestSimpleUnary,test_log_out
op_regression,third_party.torch-xpu-ops.test.regressions.test_torchvision_roi_ops.TestPSRoIPool,test_backward[False-xpu-0]
op_regression,third_party.torch-xpu-ops.test.regressions.test_torchvision_roi_ops.TestRoIAlign,test_backward[False-xpu-8]
op_regression,third_party.torch-xpu-ops.test.regressions.test_torchvision_roi_ops.TestPSRoIPool,test_backward[False-xpu-1]
op_regression,third_party.torch-xpu-ops.test.regressions.test_unary.TestSimpleUnary,test_neg_out
op_regression,third_party.torch-xpu-ops.test.regressions.test_torchvision_roi_ops.TestRoIAlign,test_backward[False-xpu-9]
op_regression,third_party.torch-xpu-ops.test.regressions.test_torchvision_roi_ops.TestPSRoIPool,test_backward[False-xpu-2]
op_regression,third_party.torch-xpu-ops.test.regressions.test_unary.TestSimpleUnary,test_reciprocal_out
op_regression,third_party.torch-xpu-ops.test.regressions.test_torchvision_roi_ops.TestPSRoIPool,test_backward[False-xpu-3]
op_regression,third_party.torch-xpu-ops.test.regressions.test_unary.TestSimpleUnary,test_rsqrt_out
op_regression,third_party.torch-xpu-ops.test.regressions.test_unary.TestSimpleUnary,test_sin_out
op_regression,third_party.torch-xpu-ops.test.regressions.test_unary.TestSimpleUnary,test_sqrt_out
op_regression,third_party.torch-xpu-ops.test.regressions.test_torchvision_roi_ops.TestPSRoIPool,test_backward[False-xpu-4]
op_regression,third_party.torch-xpu-ops.test.regressions.test_torchvision_roi_ops.TestPSRoIPool,test_backward[False-xpu-5]
op_regression,third_party.torch-xpu-ops.test.regressions.test_unary.TestSimpleUnary,test_tanh_backward_reduced_precision
op_regression,third_party.torch-xpu-ops.test.regressions.test_unary.TestSimpleUnary,test_tanh_out
op_regression,third_party.torch-xpu-ops.test.regressions.test_torchvision_roi_ops.TestRoIAlign,test_forward[False-False-x_dtype1-xpu-True]
op_regression,third_party.torch-xpu-ops.test.regressions.test_torchvision_roi_ops.TestPSRoIPool,test_backward[False-xpu-6]
op_regression,third_party.torch-xpu-ops.test.regressions.test_upsample_bilinear_bwd.TestTorchMethod,test_upsample_bilinear_bwd
op_regression,third_party.torch-xpu-ops.test.regressions.test_upsample_nearest.TestTorchMethod,test_upsample_nearest
op_regression,third_party.torch-xpu-ops.test.regressions.test_torchvision_roi_ops.TestPSRoIPool,test_backward[False-xpu-7]
op_regression,third_party.torch-xpu-ops.test.regressions.test_where.TestTorchWhereMethod,test_where
op_regression,third_party.torch-xpu-ops.test.regressions.test_xpu_ops_header.TestXpuOpsHeader,test_xpu_ops_header
op_regression,third_party.torch-xpu-ops.test.regressions.test_torchvision_roi_ops.TestPSRoIPool,test_backward[False-xpu-8]
op_regression,third_party.torch-xpu-ops.test.regressions.test_torchvision_roi_ops.TestPSRoIPool,test_backward[False-xpu-9]
op_regression,third_party.torch-xpu-ops.test.regressions.test_torchvision_roi_ops.TestRoIAlign,test_is_leaf_node[xpu]
op_regression,third_party.torch-xpu-ops.test.regressions.test_torchvision_roi_ops.TestRoiPool,test_backward[True-xpu-0]
op_regression,third_party.torch-xpu-ops.test.regressions.test_torchvision_roi_ops.TestRoIAlign,test_torch_fx_trace[xpu]
op_regression,third_party.torch-xpu-ops.test.regressions.test_torchvision_roi_ops.TestRoiPool,test_backward[True-xpu-1]
op_regression,third_party.torch-xpu-ops.test.regressions.test_torchvision_roi_ops.TestRoIAlign,test_backward[True-xpu-0]
op_regression,third_party.torch-xpu-ops.test.regressions.test_torchvision_roi_ops.TestRoiPool,test_backward[True-xpu-2]
op_regression,third_party.torch-xpu-ops.test.regressions.test_torchvision_roi_ops.TestRoIAlign,test_backward[True-xpu-1]
op_regression,third_party.torch-xpu-ops.test.regressions.test_torchvision_roi_ops.TestRoiPool,test_backward[True-xpu-3]
op_regression,third_party.torch-xpu-ops.test.regressions.test_roi_align.TestNNMethod,test_roi_align_forward
op_regression,third_party.torch-xpu-ops.test.regressions.test_torchvision_roi_ops.TestRoiPool,test_backward[True-xpu-4]
op_regression,third_party.torch-xpu-ops.test.regressions.test_torchvision_roi_ops.TestRoIAlign,test_forward[False-False-x_dtype1-xpu-False]
op_regression,third_party.torch-xpu-ops.test.regressions.test_safe_softmax.TestSafeSoftMax,test_sm
op_regression,third_party.torch-xpu-ops.test.regressions.test_torchvision_roi_ops.TestRoiPool,test_backward[True-xpu-5]
op_regression,third_party.torch-xpu-ops.test.regressions.test_torchvision_roi_ops.TestRoiPool,test_backward[True-xpu-6]
op_regression,third_party.torch-xpu-ops.test.regressions.test_nms.TestNNMethod,test_batched_nms
op_regression,third_party.torch-xpu-ops.test.regressions.test_nms.TestNNMethod,test_nms
op_regression,third_party.torch-xpu-ops.test.regressions.test_operation_on_device_1.TestOperationOnDevice1,test_sum_on_device1
op_regression,third_party.torch-xpu-ops.test.regressions.test_torchvision_roi_ops.TestRoiPool,test_backward[True-xpu-7]
op_regression,third_party.torch-xpu-ops.test.regressions.test_pin_memory.TestPinMemoryXPU,test_pin_memory_xpu
op_regression,third_party.torch-xpu-ops.test.regressions.test_rand.TestNNMethod,test_distribution_normal
op_regression,third_party.torch-xpu-ops.test.regressions.test_torchvision_roi_ops.TestRoiPool,test_backward[True-xpu-8]
op_regression,third_party.torch-xpu-ops.test.regressions.test_rand.TestNNMethod,test_distribution_uniform
op_regression,third_party.torch-xpu-ops.test.regressions.test_torchvision_roi_ops.TestRoiPool,test_backward[True-xpu-9]
op_regression,third_party.torch-xpu-ops.test.regressions.test_record_stream.TestTorchMethod,test_record_stream
op_regression,third_party.torch-xpu-ops.test.regressions.test_record_stream.TestTorchMethod,test_record_stream_on_shifted_view
op_regression,third_party.torch-xpu-ops.test.regressions.test_deform_conv.TestDeformConv,test_forward[33-True-xpu]
op_regression,third_party.torch-xpu-ops.test.regressions.test_torchvision_roi_ops.TestRoiPool,test_backward[False-xpu-0]
op_regression,third_party.torch-xpu-ops.test.regressions.test_resize.TestSimpleResize,test_resize
op_regression,third_party.torch-xpu-ops.test.regressions.test_resize.TestSimpleResize,test_tensor_set_storage
op_regression,third_party.torch-xpu-ops.test.regressions.test_resize.TestSimpleResize,test_unfold
op_regression,third_party.torch-xpu-ops.test.regressions.test_torchvision_roi_ops.TestRoiPool,test_backward[False-xpu-1]
op_regression,third_party.torch-xpu-ops.test.regressions.test_resize.TestSimpleResize,test_view
op_regression,third_party.torch-xpu-ops.test.regressions.test_torchvision_roi_ops.TestRoIAlign,test_forward[False-False-x_dtype2-xpu-True]
op_regression,third_party.torch-xpu-ops.test.regressions.test_torchvision_roi_ops.TestRoiPool,test_backward[False-xpu-2]
op_regression,third_party.torch-xpu-ops.test.regressions.test_torchvision_roi_ops.TestRoiPool,test_backward[False-xpu-3]
op_regression,third_party.torch-xpu-ops.test.regressions.test_torchvision_roi_ops.TestRoiPool,test_backward[False-xpu-4]
op_regression,third_party.torch-xpu-ops.test.regressions.test_torchvision_roi_ops.TestRoiPool,test_backward[False-xpu-5]
op_regression,third_party.torch-xpu-ops.test.regressions.test_torchvision_roi_ops.TestPSRoIAlign,test_is_leaf_node[xpu]
op_regression,third_party.torch-xpu-ops.test.regressions.test_torchvision_roi_ops.TestPSRoIAlign,test_torch_fx_trace[xpu]
op_regression,third_party.torch-xpu-ops.test.regressions.test_torchvision_roi_ops.TestPSRoIAlign,test_backward[True-xpu-0]
op_regression,third_party.torch-xpu-ops.test.regressions.test_torchvision_roi_ops.TestPSRoIAlign,test_backward[True-xpu-1]
op_regression,third_party.torch-xpu-ops.test.regressions.test_torchvision_roi_ops.TestRoIAlign,test_forward[False-False-x_dtype2-xpu-False]
op_regression,third_party.torch-xpu-ops.test.regressions.test_torchvision_roi_ops.TestPSRoIAlign,test_backward[True-xpu-2]
op_regression,third_party.torch-xpu-ops.test.regressions.test_torchvision_roi_ops.TestPSRoIAlign,test_backward[True-xpu-3]
op_regression,third_party.torch-xpu-ops.test.regressions.test_torchvision_roi_ops.TestPSRoIAlign,test_backward[True-xpu-4]
op_regression,third_party.torch-xpu-ops.test.regressions.test_torchvision_roi_ops.TestPSRoIAlign,test_backward[True-xpu-5]
op_regression,third_party.torch-xpu-ops.test.regressions.test_index_and_index_put.TestTorchMethod,test_index_put
op_regression,third_party.torch-xpu-ops.test.regressions.test_index_and_index_put.TestTorchMethod,test_index_put_outer_inner
op_regression,third_party.torch-xpu-ops.test.regressions.test_index_and_index_put.TestTorchMethod,test_index_put_with_zero_shape_dim
op_regression,third_party.torch-xpu-ops.test.regressions.test_torchvision_roi_ops.TestRoiPool,test_forward[torch.float16-False-xpu]
op_regression,third_party.torch-xpu-ops.test.regressions.test_torchvision_roi_ops.TestRoiPool,test_forward[torch.float32-True-xpu]
op_regression,third_party.torch-xpu-ops.test.regressions.test_torchvision_roi_ops.TestRoiPool,test_forward[torch.float32-False-xpu]
op_regression,third_party.torch-xpu-ops.test.regressions.test_torchvision_roi_ops.TestRoiPool,test_forward[torch.float64-True-xpu]
op_regression,third_party.torch-xpu-ops.test.regressions.test_int4pack.TestNNMethod,test_convert_weight_to_int4pack
op_regression,third_party.torch-xpu-ops.test.regressions.test_torchvision_roi_ops.TestRoiPool,test_forward[torch.float64-False-xpu]
op_regression,third_party.torch-xpu-ops.test.regressions.test_layer_norm.TestLayerNorm,test_layer_norm_no_nan
op_regression,third_party.torch-xpu-ops.test.regressions.test_torchvision_roi_ops.TestRoiPool,test_is_leaf_node[xpu]
op_regression,third_party.torch-xpu-ops.test.regressions.test_torchvision_roi_ops.TestRoiPool,test_torch_fx_trace[xpu]
op_regression,third_party.torch-xpu-ops.test.regressions.test_deform_conv.TestDeformConv,test_schema__test_forward[0-True-xpu]
op_regression,third_party.torch-xpu-ops.test.regressions.test_deform_conv.TestDeformConv,test_faketensor__test_forward[0-True-xpu]
op_regression,third_party.torch-xpu-ops.test.regressions.test_linalg.TestLinalg,test_solve_batch_mixed_nan
op_regression,third_party.torch-xpu-ops.test.regressions.test_linalg.TestLinalg,test_solve_cayley_transform
op_regression,third_party.torch-xpu-ops.test.regressions.test_linalg.TestLinalg,test_solve_nan_variants
op_regression,third_party.torch-xpu-ops.test.regressions.test_deform_conv.TestDeformConv,test_forward[33-False-xpu]
op_regression,third_party.torch-xpu-ops.test.regressions.test_deform_conv.TestDeformConv,test_aot_dispatch_dynamic__test_forward[0-True-xpu]
op_regression,third_party.torch-xpu-ops.test.regressions.test_deform_conv.TestDeformConv,test_schema__test_forward_scriptability
op_regression,third_party.torch-xpu-ops.test.regressions.test_deform_conv.TestDeformConv,test_faketensor__test_forward_scriptability
op_regression,third_party.torch-xpu-ops.test.regressions.test_deform_conv.TestDeformConv,test_aot_dispatch_dynamic__test_forward_scriptability
op_regression,third_party.torch-xpu-ops.test.regressions.test_deform_conv.TestDeformConv,test_compare_cpu_xpu_grads[True]
op_regression,third_party.torch-xpu-ops.test.regressions.test_deform_conv.TestDeformConv,test_compare_cpu_xpu_grads[False]
op_regression,third_party.torch-xpu-ops.test.regressions.test_deform_conv.TestDeformConv,test_forward_scriptability
op_regression,third_party.torch-xpu-ops.test.regressions.test_deform_conv.TestDeformConv,test_schema__test_compare_cpu_xpu_grads[True]
op_regression,third_party.torch-xpu-ops.test.regressions.test_deform_conv.TestDeformConv,test_faketensor__test_compare_cpu_xpu_grads[True]
op_regression,third_party.torch-xpu-ops.test.regressions.test_torchvision_roi_ops.TestRoIAlign,test_autocast[rois_dtype0-x_dtype1-False-False]
op_regression,third_party.torch-xpu-ops.test.regressions.test_deform_conv.TestDeformConv,test_aot_dispatch_dynamic__test_compare_cpu_xpu_grads[True]
op_regression,third_party.torch-xpu-ops.test.regressions.test_torchvision_roi_ops.TestPSRoIAlign,test_forward[torch.float32-True-xpu]
op_regression,third_party.torch-xpu-ops.test.regressions.test_torchvision_roi_ops.TestPSRoIAlign,test_forward[torch.float32-False-xpu]
op_regression,third_party.torch-xpu-ops.test.regressions.test_torchvision_roi_ops.TestPSRoIAlign,test_forward[torch.float64-True-xpu]
op_regression,third_party.torch-xpu-ops.test.regressions.test_torchvision_roi_ops.TestPSRoIAlign,test_forward[torch.float64-False-xpu]
op_regression,third_party.torch-xpu-ops.test.regressions.test_torchvision_roi_ops.TestRoIAlign,test_forward[False-True-x_dtype1-xpu-True]
op_regression,third_party.torch-xpu-ops.test.regressions.test_loops.TestLoopsKernel,test_bc_vec_large_tensor
op_regression,third_party.torch-xpu-ops.test.regressions.test_torchvision_roi_ops.TestRoIAlign,test_forward[False-True-x_dtype1-xpu-False]
op_regression,third_party.torch-xpu-ops.test.regressions.test_torchvision_roi_ops.TestRoIAlign,test_forward[False-True-x_dtype2-xpu-True]
op_regression,third_party.torch-xpu-ops.test.regressions.test_torchvision_roi_ops.TestRoIAlign,test_forward[False-True-x_dtype2-xpu-False]
op_regression,third_party.torch-xpu-ops.test.regressions.test_loops.TestLoopsKernel,test_loops_bfloat16
op_regression,third_party.torch-xpu-ops.test.regressions.test_loops.TestLoopsKernel,test_loops_dynamic_cast
op_regression,third_party.torch-xpu-ops.test.regressions.test_softmax.TestNNMethod,test_softmax_half_to_float
op_regression,third_party.torch-xpu-ops.test.regressions.test_sort.TestNNMethod,test_sort_large_bool
op_regression,third_party.torch-xpu-ops.test.regressions.test_sort.TestNNMethod,test_sort_large_slice
op_regression,third_party.torch-xpu-ops.test.regressions.test_tensor_factory.TestSimpleEmptyDeterministic,test_empty_float
op_regression,third_party.torch-xpu-ops.test.regressions.test_tensor_factory.TestSimpleEmptyDeterministic,test_empty_int64
op_regression,third_party.torch-xpu-ops.test.regressions.test_tensor_factory.TestSimpleEmptyDeterministic,test_empty_strided_float
op_regression,third_party.torch-xpu-ops.test.regressions.test_tensor_factory.TestSimpleEmptyDeterministic,test_empty_strided_int64
op_regression,third_party.torch-xpu-ops.test.regressions.test_torchvision_roi_ops.TestRoiPool,test_forward[torch.float16-True-xpu]
op_regression,third_party.torch-xpu-ops.test.regressions.test_loops.TestLoopsKernel,test_loops_float
op_regression,third_party.torch-xpu-ops.test.regressions.test_torchvision_roi_ops.TestRoIAlign,test_autocast[rois_dtype0-x_dtype0-True-True]
op_regression,third_party.torch-xpu-ops.test.regressions.test_loops.TestLoopsKernel,test_loops_half
op_regression,third_party.torch-xpu-ops.test.regressions.test_torchvision_roi_ops.TestPSRoIAlign,test_forward[torch.float16-True-xpu]
op_regression,third_party.torch-xpu-ops.test.regressions.test_torchvision_roi_ops.TestPSRoIAlign,test_forward[torch.float16-False-xpu]
op_regression,third_party.torch-xpu-ops.test.regressions.test_torchvision_roi_ops.TestRoIAlign,test_forward[False-True-x_dtype0-xpu-True]
op_regression,third_party.torch-xpu-ops.test.regressions.test_torchvision_roi_ops.TestRoIAlign,test_autocast[rois_dtype1-x_dtype1-True-False]
op_regression,third_party.torch-xpu-ops.test.regressions.test_torchvision_roi_ops.TestRoIAlign,test_forward[True-False-x_dtype1-xpu-False]
op_regression,third_party.torch-xpu-ops.test.regressions.test_torchvision_roi_ops.TestRoIAlign,test_forward[False-True-x_dtype0-xpu-False]
op_regression,third_party.torch-xpu-ops.test.regressions.test_torchvision_roi_ops.TestRoIAlign,test_forward[True-True-x_dtype0-xpu-True]
op_regression,third_party.torch-xpu-ops.test.regressions.test_torchvision_roi_ops.TestRoIAlign,test_autocast[rois_dtype1-x_dtype1-False-True]
op_regression,third_party.torch-xpu-ops.test.regressions.test_torchvision_roi_ops.TestRoIAlign,test_autocast[rois_dtype1-x_dtype0-True-True]
op_regression,third_party.torch-xpu-ops.test.regressions.test_torchvision_roi_ops.TestRoIAlign,test_autocast[rois_dtype1-x_dtype1-False-False]
op_regression,third_party.torch-xpu-ops.test.regressions.test_torchvision_roi_ops.TestRoIAlign,test_autocast[rois_dtype1-x_dtype0-False-False]
op_regression,third_party.torch-xpu-ops.test.regressions.test_torchvision_roi_ops.TestRoIAlign,test_autocast[rois_dtype0-x_dtype0-True-False]
op_regression,third_party.torch-xpu-ops.test.regressions.test_torchvision_roi_ops.TestRoIAlign,test_autocast[rois_dtype0-x_dtype0-False-True]
op_regression,third_party.torch-xpu-ops.test.regressions.test_torchvision_roi_ops.TestRoIAlign,test_forward[True-True-x_dtype2-xpu-False]
op_regression,third_party.torch-xpu-ops.test.regressions.test_torchvision_roi_ops.TestRoIAlign,test_autocast[rois_dtype0-x_dtype0-False-False]
op_regression,third_party.torch-xpu-ops.test.regressions.test_torchvision_roi_ops.TestRoIAlign,test_autocast[rois_dtype0-x_dtype1-True-True]
op_regression,third_party.torch-xpu-ops.test.regressions.test_torchvision_roi_ops.TestRoIAlign,test_forward[True-False-x_dtype2-xpu-True]
op_regression,third_party.torch-xpu-ops.test.regressions.test_torchvision_roi_ops.TestRoIAlign,test_autocast[rois_dtype1-x_dtype0-True-False]
op_regression,third_party.torch-xpu-ops.test.regressions.test_torchvision_roi_ops.TestRoIAlign,test_forward[True-False-x_dtype1-xpu-True]
op_regression,third_party.torch-xpu-ops.test.regressions.test_torchvision_roi_ops.TestRoIAlign,test_autocast[rois_dtype1-x_dtype0-False-True]
op_regression,third_party.torch-xpu-ops.test.regressions.test_torchvision_roi_ops.TestRoIAlign,test_forward[True-True-x_dtype0-xpu-False]
op_regression,third_party.torch-xpu-ops.test.regressions.test_torchvision_roi_ops.TestRoIAlign,test_forward[True-True-x_dtype1-xpu-False]
op_regression,third_party.torch-xpu-ops.test.regressions.test_torchvision_roi_ops.TestRoIAlign,test_autocast[rois_dtype1-x_dtype1-True-True]
op_regression,third_party.torch-xpu-ops.test.regressions.test_torchvision_roi_ops.TestRoIAlign,test_forward[True-False-x_dtype0-xpu-True]
op_regression,third_party.torch-xpu-ops.test.regressions.test_torchvision_roi_ops.TestRoIAlign,test_autocast[rois_dtype0-x_dtype1-False-True]
op_regression,third_party.torch-xpu-ops.test.regressions.test_torchvision_roi_ops.TestRoIAlign,test_autocast[rois_dtype0-x_dtype1-True-False]
op_regression,third_party.torch-xpu-ops.test.regressions.test_torchvision_roi_ops.TestRoIAlign,test_forward[True-True-x_dtype1-xpu-True]
op_regression,third_party.torch-xpu-ops.test.regressions.test_torchvision_roi_ops.TestRoIAlign,test_forward[True-False-x_dtype2-xpu-False]
op_regression,third_party.torch-xpu-ops.test.regressions.test_torchvision_roi_ops.TestRoIAlign,test_forward[True-True-x_dtype2-xpu-True]
op_regression,third_party.torch-xpu-ops.test.regressions.test_torchvision_roi_ops.TestRoIAlign,test_forward[True-False-x_dtype0-xpu-False]
