W0531 14:34:54.009000 65312 site-packages/torch/utils/_pytree.py:630] <enum 'KernelPreference'> is an Enum subclass and is now natively supported by torch.compile as an opaque value type. Calling register_constant() on Enum subclasses is deprecated and will be an error in a future release.
/__w/torch-xpu-ops/torch-xpu-ops/pt2e-performance/torchbenchmark/util/backends/torchdynamo.py:41: FutureWarning: `config.shallow_copy_dict()` has been deprecated. It no longer changes the underlying config. use `config.get_config_copy()` instead if you just want a copy of the config, or config.load_config if you need mutable access
  return torch._inductor.config.shallow_copy_dict()
/__w/torch-xpu-ops/torch-xpu-ops/pt2e-performance/torchbenchmark/util/backends/torchdynamo.py:41: FutureWarning: `config.shallow_copy_dict()` has been deprecated. It no longer changes the underlying config. use `config.get_config_copy()` instead if you just want a copy of the config, or config.load_config if you need mutable access
  return torch._inductor.config.shallow_copy_dict()
/tmp/xpu-tool/Python/3.10.20/x64/lib/python3.10/site-packages/torch/_dynamo/pgo.py:605: UserWarning: dynamo_pgo force disabled by torch.compiler.config.force_disable_caches
  warn_once(
/tmp/xpu-tool/Python/3.10.20/x64/lib/python3.10/site-packages/torch/_dynamo/pgo.py:605: UserWarning: dynamo_pgo force disabled by torch.compiler.config.force_disable_caches
  warn_once(
/tmp/xpu-tool/Python/3.10.20/x64/lib/python3.10/site-packages/torch/_dynamo/pgo.py:605: UserWarning: dynamo_pgo force disabled by torch.compiler.config.force_disable_caches
  warn_once(
/tmp/xpu-tool/Python/3.10.20/x64/lib/python3.10/site-packages/torch/_dynamo/pgo.py:605: UserWarning: dynamo_pgo force disabled by torch.compiler.config.force_disable_caches
  warn_once(
/tmp/xpu-tool/Python/3.10.20/x64/lib/python3.10/site-packages/torch/_dynamo/pgo.py:605: UserWarning: dynamo_pgo force disabled by torch.compiler.config.force_disable_caches
  warn_once(
/tmp/xpu-tool/Python/3.10.20/x64/lib/python3.10/site-packages/torch/_dynamo/pgo.py:605: UserWarning: dynamo_pgo force disabled by torch.compiler.config.force_disable_caches
  warn_once(
/tmp/xpu-tool/Python/3.10.20/x64/lib/python3.10/site-packages/torch/_dynamo/pgo.py:605: UserWarning: dynamo_pgo force disabled by torch.compiler.config.force_disable_caches
  warn_once(
/tmp/xpu-tool/Python/3.10.20/x64/lib/python3.10/site-packages/torch/_dynamo/pgo.py:605: UserWarning: dynamo_pgo force disabled by torch.compiler.config.force_disable_caches
  warn_once(
W0531 14:35:08.978000 65312 site-packages/torch/_inductor/utils.py:3128] [0/0] get_device_tflops: no Triton fallback available for non-CUDA devices. Returning 0.0; roofline estimates will use memory bandwidth only.
/tmp/xpu-tool/Python/3.10.20/x64/lib/python3.10/site-packages/torch/_inductor/mkldnn_lowerings.py:805: UserWarning: To copy construct from a tensor, it is recommended to use sourceTensor.detach().clone() or sourceTensor.detach().clone().requires_grad_(True), rather than torch.tensor(sourceTensor).
  torch.tensor(w_zp_tensor, dtype=torch.int32), name=w_zp.get_name()
W0531 14:35:12.790000 65312 site-packages/torch/_inductor/select_algorithm.py:3293] [0/0] Constructing input/output tensor meta failed for Extern Choice
W0531 14:35:12.809000 65312 site-packages/torch/_inductor/select_algorithm.py:3293] [0/0] Constructing input/output tensor meta failed for Extern Choice
W0531 14:35:12.813000 65312 site-packages/torch/_inductor/select_algorithm.py:3293] [0/0] Constructing input/output tensor meta failed for Extern Choice
/tmp/xpu-tool/Python/3.10.20/x64/lib/python3.10/site-packages/torch/_inductor/mkldnn_lowerings.py:1111: UserWarning: To copy construct from a tensor, it is recommended to use sourceTensor.detach().clone() or sourceTensor.detach().clone().requires_grad_(True), rather than torch.tensor(sourceTensor).
  torch.tensor(w_zp_tensor, dtype=torch.int32), name=w_zp.get_name()
W0531 14:35:12.826000 65312 site-packages/torch/_inductor/select_algorithm.py:3293] [0/0] Constructing input/output tensor meta failed for Extern Choice
W0531 14:35:12.855000 65312 site-packages/torch/_inductor/select_algorithm.py:3293] [0/0] Constructing input/output tensor meta failed for Extern Choice
W0531 14:35:12.859000 65312 site-packages/torch/_inductor/select_algorithm.py:3293] [0/0] Constructing input/output tensor meta failed for Extern Choice
W0531 14:35:12.873000 65312 site-packages/torch/_inductor/select_algorithm.py:3293] [0/0] Constructing input/output tensor meta failed for Extern Choice
W0531 14:35:12.878000 65312 site-packages/torch/_inductor/select_algorithm.py:3293] [0/0] Constructing input/output tensor meta failed for Extern Choice
W0531 14:35:12.882000 65312 site-packages/torch/_inductor/select_algorithm.py:3293] [0/0] Constructing input/output tensor meta failed for Extern Choice
W0531 14:35:12.893000 65312 site-packages/torch/_inductor/select_algorithm.py:3293] [0/0] Constructing input/output tensor meta failed for Extern Choice
W0531 14:35:12.907000 65312 site-packages/torch/_inductor/select_algorithm.py:3293] [0/0] Constructing input/output tensor meta failed for Extern Choice
W0531 14:35:12.911000 65312 site-packages/torch/_inductor/select_algorithm.py:3293] [0/0] Constructing input/output tensor meta failed for Extern Choice
W0531 14:35:12.925000 65312 site-packages/torch/_inductor/select_algorithm.py:3293] [0/0] Constructing input/output tensor meta failed for Extern Choice
W0531 14:35:12.930000 65312 site-packages/torch/_inductor/select_algorithm.py:3293] [0/0] Constructing input/output tensor meta failed for Extern Choice
W0531 14:35:12.934000 65312 site-packages/torch/_inductor/select_algorithm.py:3293] [0/0] Constructing input/output tensor meta failed for Extern Choice
W0531 14:35:12.945000 65312 site-packages/torch/_inductor/select_algorithm.py:3293] [0/0] Constructing input/output tensor meta failed for Extern Choice
W0531 14:35:12.960000 65312 site-packages/torch/_inductor/select_algorithm.py:3293] [0/0] Constructing input/output tensor meta failed for Extern Choice
W0531 14:35:12.964000 65312 site-packages/torch/_inductor/select_algorithm.py:3293] [0/0] Constructing input/output tensor meta failed for Extern Choice
W0531 14:35:12.978000 65312 site-packages/torch/_inductor/select_algorithm.py:3293] [0/0] Constructing input/output tensor meta failed for Extern Choice
W0531 14:35:12.983000 65312 site-packages/torch/_inductor/select_algorithm.py:3293] [0/0] Constructing input/output tensor meta failed for Extern Choice
W0531 14:35:12.987000 65312 site-packages/torch/_inductor/select_algorithm.py:3293] [0/0] Constructing input/output tensor meta failed for Extern Choice
W0531 14:35:12.998000 65312 site-packages/torch/_inductor/select_algorithm.py:3293] [0/0] Constructing input/output tensor meta failed for Extern Choice
W0531 14:35:13.012000 65312 site-packages/torch/_inductor/select_algorithm.py:3293] [0/0] Constructing input/output tensor meta failed for Extern Choice
W0531 14:35:13.016000 65312 site-packages/torch/_inductor/select_algorithm.py:3293] [0/0] Constructing input/output tensor meta failed for Extern Choice
W0531 14:35:13.031000 65312 site-packages/torch/_inductor/select_algorithm.py:3293] [0/0] Constructing input/output tensor meta failed for Extern Choice
W0531 14:35:13.035000 65312 site-packages/torch/_inductor/select_algorithm.py:3293] [0/0] Constructing input/output tensor meta failed for Extern Choice
W0531 14:35:13.040000 65312 site-packages/torch/_inductor/select_algorithm.py:3293] [0/0] Constructing input/output tensor meta failed for Extern Choice
W0531 14:35:13.051000 65312 site-packages/torch/_inductor/select_algorithm.py:3293] [0/0] Constructing input/output tensor meta failed for Extern Choice
W0531 14:35:13.065000 65312 site-packages/torch/_inductor/select_algorithm.py:3293] [0/0] Constructing input/output tensor meta failed for Extern Choice
W0531 14:35:13.070000 65312 site-packages/torch/_inductor/select_algorithm.py:3293] [0/0] Constructing input/output tensor meta failed for Extern Choice
W0531 14:35:13.084000 65312 site-packages/torch/_inductor/select_algorithm.py:3293] [0/0] Constructing input/output tensor meta failed for Extern Choice
W0531 14:35:13.089000 65312 site-packages/torch/_inductor/select_algorithm.py:3293] [0/0] Constructing input/output tensor meta failed for Extern Choice
W0531 14:35:13.093000 65312 site-packages/torch/_inductor/select_algorithm.py:3293] [0/0] Constructing input/output tensor meta failed for Extern Choice
W0531 14:35:13.104000 65312 site-packages/torch/_inductor/select_algorithm.py:3293] [0/0] Constructing input/output tensor meta failed for Extern Choice
W0531 14:35:13.119000 65312 site-packages/torch/_inductor/select_algorithm.py:3293] [0/0] Constructing input/output tensor meta failed for Extern Choice
W0531 14:35:13.123000 65312 site-packages/torch/_inductor/select_algorithm.py:3293] [0/0] Constructing input/output tensor meta failed for Extern Choice
W0531 14:35:13.138000 65312 site-packages/torch/_inductor/select_algorithm.py:3293] [0/0] Constructing input/output tensor meta failed for Extern Choice
W0531 14:35:13.142000 65312 site-packages/torch/_inductor/select_algorithm.py:3293] [0/0] Constructing input/output tensor meta failed for Extern Choice
W0531 14:35:13.147000 65312 site-packages/torch/_inductor/select_algorithm.py:3293] [0/0] Constructing input/output tensor meta failed for Extern Choice
W0531 14:35:13.158000 65312 site-packages/torch/_inductor/select_algorithm.py:3293] [0/0] Constructing input/output tensor meta failed for Extern Choice
W0531 14:35:13.173000 65312 site-packages/torch/_inductor/select_algorithm.py:3293] [0/0] Constructing input/output tensor meta failed for Extern Choice
W0531 14:35:13.177000 65312 site-packages/torch/_inductor/select_algorithm.py:3293] [0/0] Constructing input/output tensor meta failed for Extern Choice
W0531 14:35:13.192000 65312 site-packages/torch/_inductor/select_algorithm.py:3293] [0/0] Constructing input/output tensor meta failed for Extern Choice
W0531 14:35:13.197000 65312 site-packages/torch/_inductor/select_algorithm.py:3293] [0/0] Constructing input/output tensor meta failed for Extern Choice
W0531 14:35:13.201000 65312 site-packages/torch/_inductor/select_algorithm.py:3293] [0/0] Constructing input/output tensor meta failed for Extern Choice
W0531 14:35:13.212000 65312 site-packages/torch/_inductor/select_algorithm.py:3293] [0/0] Constructing input/output tensor meta failed for Extern Choice
W0531 14:35:13.227000 65312 site-packages/torch/_inductor/select_algorithm.py:3293] [0/0] Constructing input/output tensor meta failed for Extern Choice
W0531 14:35:13.231000 65312 site-packages/torch/_inductor/select_algorithm.py:3293] [0/0] Constructing input/output tensor meta failed for Extern Choice
W0531 14:35:13.246000 65312 site-packages/torch/_inductor/select_algorithm.py:3293] [0/0] Constructing input/output tensor meta failed for Extern Choice
W0531 14:35:13.251000 65312 site-packages/torch/_inductor/select_algorithm.py:3293] [0/0] Constructing input/output tensor meta failed for Extern Choice
W0531 14:35:13.255000 65312 site-packages/torch/_inductor/select_algorithm.py:3293] [0/0] Constructing input/output tensor meta failed for Extern Choice
W0531 14:35:13.267000 65312 site-packages/torch/_inductor/select_algorithm.py:3293] [0/0] Constructing input/output tensor meta failed for Extern Choice
W0531 14:35:13.282000 65312 site-packages/torch/_inductor/select_algorithm.py:3293] [0/0] Constructing input/output tensor meta failed for Extern Choice
W0531 14:35:13.286000 65312 site-packages/torch/_inductor/select_algorithm.py:3293] [0/0] Constructing input/output tensor meta failed for Extern Choice
W0531 14:35:13.301000 65312 site-packages/torch/_inductor/select_algorithm.py:3293] [0/0] Constructing input/output tensor meta failed for Extern Choice
W0531 14:35:13.306000 65312 site-packages/torch/_inductor/select_algorithm.py:3293] [0/0] Constructing input/output tensor meta failed for Extern Choice
W0531 14:35:13.311000 65312 site-packages/torch/_inductor/select_algorithm.py:3293] [0/0] Constructing input/output tensor meta failed for Extern Choice
W0531 14:35:13.322000 65312 site-packages/torch/_inductor/select_algorithm.py:3293] [0/0] Constructing input/output tensor meta failed for Extern Choice
W0531 14:35:13.337000 65312 site-packages/torch/_inductor/select_algorithm.py:3293] [0/0] Constructing input/output tensor meta failed for Extern Choice
W0531 14:35:13.341000 65312 site-packages/torch/_inductor/select_algorithm.py:3293] [0/0] Constructing input/output tensor meta failed for Extern Choice
W0531 14:35:13.356000 65312 site-packages/torch/_inductor/select_algorithm.py:3293] [0/0] Constructing input/output tensor meta failed for Extern Choice
W0531 14:35:13.361000 65312 site-packages/torch/_inductor/select_algorithm.py:3293] [0/0] Constructing input/output tensor meta failed for Extern Choice
W0531 14:35:13.366000 65312 site-packages/torch/_inductor/select_algorithm.py:3293] [0/0] Constructing input/output tensor meta failed for Extern Choice
W0531 14:35:13.377000 65312 site-packages/torch/_inductor/select_algorithm.py:3293] [0/0] Constructing input/output tensor meta failed for Extern Choice
W0531 14:35:13.392000 65312 site-packages/torch/_inductor/select_algorithm.py:3293] [0/0] Constructing input/output tensor meta failed for Extern Choice
W0531 14:35:13.397000 65312 site-packages/torch/_inductor/select_algorithm.py:3293] [0/0] Constructing input/output tensor meta failed for Extern Choice
W0531 14:35:13.412000 65312 site-packages/torch/_inductor/select_algorithm.py:3293] [0/0] Constructing input/output tensor meta failed for Extern Choice
W0531 14:35:13.417000 65312 site-packages/torch/_inductor/select_algorithm.py:3293] [0/0] Constructing input/output tensor meta failed for Extern Choice
W0531 14:35:13.422000 65312 site-packages/torch/_inductor/select_algorithm.py:3293] [0/0] Constructing input/output tensor meta failed for Extern Choice
W0531 14:35:13.433000 65312 site-packages/torch/_inductor/select_algorithm.py:3293] [0/0] Constructing input/output tensor meta failed for Extern Choice
W0531 14:35:13.448000 65312 site-packages/torch/_inductor/select_algorithm.py:3293] [0/0] Constructing input/output tensor meta failed for Extern Choice
W0531 14:35:13.453000 65312 site-packages/torch/_inductor/select_algorithm.py:3293] [0/0] Constructing input/output tensor meta failed for Extern Choice
W0531 14:35:13.467000 65312 site-packages/torch/_inductor/select_algorithm.py:3293] [0/0] Constructing input/output tensor meta failed for Extern Choice
W0531 14:35:13.482000 65312 site-packages/torch/_inductor/select_algorithm.py:3293] [0/0] Constructing input/output tensor meta failed for Extern Choice
Running TorchBenchModelConfig(name='hf_Bert', test='eval', device='xpu', batch_size=None, extra_args=['--channels-last', '--torchdynamo', 'inductor', '--quantization', 'pt2e'], extra_env=None, output_dir=None) ... [Done]

Running benchmark: /tmp/xpu-tool/Python/3.10.20/x64/bin/python /__w/torch-xpu-ops/torch-xpu-ops/pt2e-performance/userbenchmark/xpu/run_config.py -m hf_Bert -d xpu -t eval --channels-last --torchdynamo inductor --quantization pt2e --metrics throughputs --nwarmup 20 --niter 50 -o /__w/torch-xpu-ops/torch-xpu-ops/pt2e-performance/.userbenchmark/xpu/xpu-20260531143450
