W0531 14:45:25.654000 75226 site-packages/torch/utils/_pytree.py:630] <enum 'KernelPreference'> is an Enum subclass and is now natively supported by torch.compile as an opaque value type. Calling register_constant() on Enum subclasses is deprecated and will be an error in a future release.
/__w/torch-xpu-ops/torch-xpu-ops/pt2e-performance/torchbenchmark/util/backends/torchdynamo.py:41: FutureWarning: `config.shallow_copy_dict()` has been deprecated. It no longer changes the underlying config. use `config.get_config_copy()` instead if you just want a copy of the config, or config.load_config if you need mutable access
  return torch._inductor.config.shallow_copy_dict()
/__w/torch-xpu-ops/torch-xpu-ops/pt2e-performance/torchbenchmark/util/model.py:455: UserWarning: nvidia_deeprecommender example inputs doesn't cast to <function BenchmarkModel.enable_channels_last.<locals>.<lambda> at 0x760914e7acb0> yet!
  warnings.warn(
/tmp/xpu-tool/Python/3.10.20/x64/lib/python3.10/site-packages/torch/_dynamo/pgo.py:605: UserWarning: dynamo_pgo force disabled by torch.compiler.config.force_disable_caches
  warn_once(
/tmp/xpu-tool/Python/3.10.20/x64/lib/python3.10/site-packages/torch/_dynamo/pgo.py:605: UserWarning: dynamo_pgo force disabled by torch.compiler.config.force_disable_caches
  warn_once(
/tmp/xpu-tool/Python/3.10.20/x64/lib/python3.10/site-packages/torch/_dynamo/pgo.py:605: UserWarning: dynamo_pgo force disabled by torch.compiler.config.force_disable_caches
  warn_once(
/tmp/xpu-tool/Python/3.10.20/x64/lib/python3.10/site-packages/torch/_dynamo/pgo.py:605: UserWarning: dynamo_pgo force disabled by torch.compiler.config.force_disable_caches
  warn_once(
/tmp/xpu-tool/Python/3.10.20/x64/lib/python3.10/site-packages/torch/_dynamo/pgo.py:605: UserWarning: dynamo_pgo force disabled by torch.compiler.config.force_disable_caches
  warn_once(
/tmp/xpu-tool/Python/3.10.20/x64/lib/python3.10/site-packages/torch/_dynamo/pgo.py:605: UserWarning: dynamo_pgo force disabled by torch.compiler.config.force_disable_caches
  warn_once(
/tmp/xpu-tool/Python/3.10.20/x64/lib/python3.10/site-packages/torch/_dynamo/pgo.py:605: UserWarning: dynamo_pgo force disabled by torch.compiler.config.force_disable_caches
  warn_once(
/tmp/xpu-tool/Python/3.10.20/x64/lib/python3.10/site-packages/torch/_dynamo/pgo.py:605: UserWarning: dynamo_pgo force disabled by torch.compiler.config.force_disable_caches
  warn_once(
W0531 14:45:32.071000 75226 site-packages/torch/_inductor/utils.py:3128] [0/0] get_device_tflops: no Triton fallback available for non-CUDA devices. Returning 0.0; roofline estimates will use memory bandwidth only.
/tmp/xpu-tool/Python/3.10.20/x64/lib/python3.10/site-packages/torch/_inductor/mkldnn_lowerings.py:805: UserWarning: To copy construct from a tensor, it is recommended to use sourceTensor.detach().clone() or sourceTensor.detach().clone().requires_grad_(True), rather than torch.tensor(sourceTensor).
  torch.tensor(w_zp_tensor, dtype=torch.int32), name=w_zp.get_name()
W0531 14:45:33.401000 75226 site-packages/torch/_inductor/select_algorithm.py:3293] [0/0] Constructing input/output tensor meta failed for Extern Choice
W0531 14:45:33.408000 75226 site-packages/torch/_inductor/select_algorithm.py:3293] [0/0] Constructing input/output tensor meta failed for Extern Choice
W0531 14:45:33.413000 75226 site-packages/torch/_inductor/select_algorithm.py:3293] [0/0] Constructing input/output tensor meta failed for Extern Choice
W0531 14:45:33.420000 75226 site-packages/torch/_inductor/select_algorithm.py:3293] [0/0] Constructing input/output tensor meta failed for Extern Choice
W0531 14:45:33.425000 75226 site-packages/torch/_inductor/select_algorithm.py:3293] [0/0] Constructing input/output tensor meta failed for Extern Choice
W0531 14:45:33.431000 75226 site-packages/torch/_inductor/select_algorithm.py:3293] [0/0] Constructing input/output tensor meta failed for Extern Choice
Running TorchBenchModelConfig(name='nvidia_deeprecommender', test='eval', device='xpu', batch_size=None, extra_args=['--channels-last', '--torchdynamo', 'inductor', '--quantization', 'pt2e'], extra_env=None, output_dir=None) ... [Done]

Running benchmark: /tmp/xpu-tool/Python/3.10.20/x64/bin/python /__w/torch-xpu-ops/torch-xpu-ops/pt2e-performance/userbenchmark/xpu/run_config.py -m nvidia_deeprecommender -d xpu -t eval --channels-last --torchdynamo inductor --quantization pt2e --metrics throughputs --nwarmup 20 --niter 50 -o /__w/torch-xpu-ops/torch-xpu-ops/pt2e-performance/.userbenchmark/xpu/xpu-20260531144522
