W0531 14:39:48.798000 69086 site-packages/torch/utils/_pytree.py:630] <enum 'KernelPreference'> is an Enum subclass and is now natively supported by torch.compile as an opaque value type. Calling register_constant() on Enum subclasses is deprecated and will be an error in a future release.
/__w/torch-xpu-ops/torch-xpu-ops/pt2e-performance/torchbenchmark/util/backends/torchdynamo.py:41: FutureWarning: `config.shallow_copy_dict()` has been deprecated. It no longer changes the underlying config. use `config.get_config_copy()` instead if you just want a copy of the config, or config.load_config if you need mutable access
  return torch._inductor.config.shallow_copy_dict()
/tmp/xpu-tool/Python/3.10.20/x64/lib/python3.10/site-packages/huggingface_hub/file_download.py:949: FutureWarning: `resume_download` is deprecated and will be removed in version 1.0.0. Downloads always resume when possible. If you want to force a new download, use `force_download=True`.
  warnings.warn(
/__w/torch-xpu-ops/torch-xpu-ops/pt2e-performance/torchbenchmark/util/backends/torchdynamo.py:41: FutureWarning: `config.shallow_copy_dict()` has been deprecated. It no longer changes the underlying config. use `config.get_config_copy()` instead if you just want a copy of the config, or config.load_config if you need mutable access
  return torch._inductor.config.shallow_copy_dict()
/tmp/xpu-tool/Python/3.10.20/x64/lib/python3.10/site-packages/torch/_dynamo/pgo.py:605: UserWarning: dynamo_pgo force disabled by torch.compiler.config.force_disable_caches
  warn_once(
/tmp/xpu-tool/Python/3.10.20/x64/lib/python3.10/site-packages/torch/_dynamo/pgo.py:605: UserWarning: dynamo_pgo force disabled by torch.compiler.config.force_disable_caches
  warn_once(
/tmp/xpu-tool/Python/3.10.20/x64/lib/python3.10/site-packages/torch/_dynamo/pgo.py:605: UserWarning: dynamo_pgo force disabled by torch.compiler.config.force_disable_caches
  warn_once(
/tmp/xpu-tool/Python/3.10.20/x64/lib/python3.10/site-packages/torch/_dynamo/pgo.py:605: UserWarning: dynamo_pgo force disabled by torch.compiler.config.force_disable_caches
  warn_once(
/tmp/xpu-tool/Python/3.10.20/x64/lib/python3.10/site-packages/torch/_dynamo/pgo.py:605: UserWarning: dynamo_pgo force disabled by torch.compiler.config.force_disable_caches
  warn_once(
/tmp/xpu-tool/Python/3.10.20/x64/lib/python3.10/site-packages/torch/_dynamo/pgo.py:605: UserWarning: dynamo_pgo force disabled by torch.compiler.config.force_disable_caches
  warn_once(
/tmp/xpu-tool/Python/3.10.20/x64/lib/python3.10/site-packages/torch/_dynamo/pgo.py:605: UserWarning: dynamo_pgo force disabled by torch.compiler.config.force_disable_caches
  warn_once(
/tmp/xpu-tool/Python/3.10.20/x64/lib/python3.10/site-packages/torch/_dynamo/pgo.py:605: UserWarning: dynamo_pgo force disabled by torch.compiler.config.force_disable_caches
  warn_once(
E0531 14:40:04.278000 69086 site-packages/torch/_subclasses/fake_tensor.py:2964] [0/0] failed while attempting to run meta for quantized_decomposed.quantize_per_tensor.default
E0531 14:40:04.278000 69086 site-packages/torch/_subclasses/fake_tensor.py:2964] [0/0] Traceback (most recent call last):
E0531 14:40:04.278000 69086 site-packages/torch/_subclasses/fake_tensor.py:2964] [0/0]   File "/tmp/xpu-tool/Python/3.10.20/x64/lib/python3.10/site-packages/torch/_subclasses/fake_tensor.py", line 2960, in _dispatch_impl
E0531 14:40:04.278000 69086 site-packages/torch/_subclasses/fake_tensor.py:2964] [0/0]     r = func(*args, **kwargs)
E0531 14:40:04.278000 69086 site-packages/torch/_subclasses/fake_tensor.py:2964] [0/0]   File "/tmp/xpu-tool/Python/3.10.20/x64/lib/python3.10/site-packages/torch/_ops.py", line 871, in __call__
E0531 14:40:04.278000 69086 site-packages/torch/_subclasses/fake_tensor.py:2964] [0/0]     return self._op(*args, **kwargs)
E0531 14:40:04.278000 69086 site-packages/torch/_subclasses/fake_tensor.py:2964] [0/0]   File "/tmp/xpu-tool/Python/3.10.20/x64/lib/python3.10/site-packages/torch/ao/quantization/fx/_decomposed.py", line 100, in quantize_per_tensor_meta
E0531 14:40:04.278000 69086 site-packages/torch/_subclasses/fake_tensor.py:2964] [0/0]     raise AssertionError(
E0531 14:40:04.278000 69086 site-packages/torch/_subclasses/fake_tensor.py:2964] [0/0] AssertionError: Expecting input to have dtype torch.float32, but got dtype: torch.int32
Running TorchBenchModelConfig(name='hf_Roberta_base', test='eval', device='xpu', batch_size=None, extra_args=['--channels-last', '--torchdynamo', 'inductor', '--quantization', 'pt2e'], extra_env=None, output_dir=None) ...Traceback (most recent call last):
  File "/__w/torch-xpu-ops/torch-xpu-ops/pt2e-performance/userbenchmark/xpu/run_config.py", line 97, in <module>
    run(args, extra_args)
  File "/__w/torch-xpu-ops/torch-xpu-ops/pt2e-performance/userbenchmark/xpu/run_config.py", line 75, in run
    metrics_res = run_config(config, metrics, nwarmup=int(args.nwarmup), niter=int(args.niter), dryrun=args.dryrun)
  File "/__w/torch-xpu-ops/torch-xpu-ops/pt2e-performance/userbenchmark/xpu/run_config.py", line 57, in run_config
    result: TorchBenchModelMetrics = get_model_test_metrics(model, metrics=metrics, nwarmup=nwarmup, num_iter=niter)
  File "/__w/torch-xpu-ops/torch-xpu-ops/pt2e-performance/torchbenchmark/util/experiment/metrics.py", line 183, in get_model_test_metrics
    latencies = get_latencies(
  File "/__w/torch-xpu-ops/torch-xpu-ops/pt2e-performance/torchbenchmark/util/experiment/metrics.py", line 40, in get_latencies
    func()
  File "/__w/torch-xpu-ops/torch-xpu-ops/pt2e-performance/torchbenchmark/util/model.py", line 413, in invoke
    out = self.eval()
  File "/tmp/xpu-tool/Python/3.10.20/x64/lib/python3.10/site-packages/torch/_dynamo/eval_frame.py", line 1166, in compile_wrapper
    result = fn(*args, **kwargs)
  File "/tmp/xpu-tool/Python/3.10.20/x64/lib/python3.10/site-packages/torch/_dynamo/convert_frame.py", line 2620, in __call__
    result = self._torchdynamo_orig_backend(
  File "/tmp/xpu-tool/Python/3.10.20/x64/lib/python3.10/site-packages/torch/_dynamo/convert_frame.py", line 2311, in __call__
    result = self._inner_convert(
  File "/tmp/xpu-tool/Python/3.10.20/x64/lib/python3.10/site-packages/torch/_dynamo/convert_frame.py", line 777, in __call__
    result = _compile(
  File "/tmp/xpu-tool/Python/3.10.20/x64/lib/python3.10/site-packages/torch/_dynamo/convert_frame.py", line 2094, in _compile
    guarded_code, tracer_output = compile_inner(code, one_graph, hooks)
  File "/tmp/xpu-tool/Python/3.10.20/x64/lib/python3.10/site-packages/torch/_utils_internal.py", line 96, in wrapper_function
    return function(*args, **kwargs)
  File "/tmp/xpu-tool/Python/3.10.20/x64/lib/python3.10/site-packages/torch/_dynamo/convert_frame.py", line 1679, in compile_inner
    result = _compile_inner(code, one_graph, hooks)
  File "/tmp/xpu-tool/Python/3.10.20/x64/lib/python3.10/site-packages/torch/_dynamo/convert_frame.py", line 1739, in _compile_inner
    dynamo_output = compile_frame(
  File "/tmp/xpu-tool/Python/3.10.20/x64/lib/python3.10/site-packages/torch/_dynamo/convert_frame.py", line 1584, in compile_frame
    bytecode, tracer_output = transform_code_object(code, transform)
  File "/tmp/xpu-tool/Python/3.10.20/x64/lib/python3.10/site-packages/torch/_dynamo/bytecode_transformation.py", line 1813, in transform_code_object
    tracer_output = transformations(instructions, code_options)
  File "/tmp/xpu-tool/Python/3.10.20/x64/lib/python3.10/site-packages/torch/_dynamo/convert_frame.py", line 1555, in transform
    tracer_output = trace_frame(
  File "/tmp/xpu-tool/Python/3.10.20/x64/lib/python3.10/site-packages/torch/_dynamo/convert_frame.py", line 368, in _fn
    return fn(*args, **kwargs)
  File "/tmp/xpu-tool/Python/3.10.20/x64/lib/python3.10/site-packages/torch/_dynamo/convert_frame.py", line 954, in trace_frame
    run_tracer()
  File "/tmp/xpu-tool/Python/3.10.20/x64/lib/python3.10/site-packages/torch/_dynamo/convert_frame.py", line 935, in run_tracer
    tracer.run()
  File "/tmp/xpu-tool/Python/3.10.20/x64/lib/python3.10/site-packages/torch/_dynamo/symbolic_convert.py", line 1936, in run
    while self.step():
  File "/tmp/xpu-tool/Python/3.10.20/x64/lib/python3.10/site-packages/torch/_dynamo/symbolic_convert.py", line 1589, in step
    self.dispatch_table[inst.opcode](self, inst)
  File "/tmp/xpu-tool/Python/3.10.20/x64/lib/python3.10/site-packages/torch/_dynamo/symbolic_convert.py", line 1069, in wrapper
    return inner_fn(self, inst)
  File "/tmp/xpu-tool/Python/3.10.20/x64/lib/python3.10/site-packages/torch/_dynamo/symbolic_convert.py", line 3057, in CALL_FUNCTION_EX
    self.call_function(fn, argsvars.items, kwargsvars)
  File "/tmp/xpu-tool/Python/3.10.20/x64/lib/python3.10/site-packages/torch/_dynamo/symbolic_convert.py", line 1486, in call_function
    self.push(fn.call_function(self, args, kwargs))  # type: ignore[arg-type]
  File "/tmp/xpu-tool/Python/3.10.20/x64/lib/python3.10/site-packages/torch/_dynamo/variables/lazy.py", line 511, in realize_and_forward
    return getattr(self.realize(), name)(*args, **kwargs)
  File "/tmp/xpu-tool/Python/3.10.20/x64/lib/python3.10/site-packages/torch/_dynamo/variables/nn_module.py", line 1177, in call_function
    return variables.UserFunctionVariable(fn, source=source).call_function(
  File "/tmp/xpu-tool/Python/3.10.20/x64/lib/python3.10/site-packages/torch/_dynamo/variables/functions.py", line 863, in call_function
    return super().call_function(tx, args, kwargs)
  File "/tmp/xpu-tool/Python/3.10.20/x64/lib/python3.10/site-packages/torch/_dynamo/variables/functions.py", line 509, in call_function
    return tx.inline_user_function_return(self, [*self.self_args(), *args], kwargs)  # type: ignore[attr-defined]
  File "/tmp/xpu-tool/Python/3.10.20/x64/lib/python3.10/site-packages/torch/_dynamo/symbolic_convert.py", line 1513, in inline_user_function_return
    return InliningInstructionTranslator.inline_call(self, fn, args, kwargs)
  File "/tmp/xpu-tool/Python/3.10.20/x64/lib/python3.10/site-packages/torch/_dynamo/symbolic_convert.py", line 5662, in inline_call
    return tracer.inline_call_()
  File "/tmp/xpu-tool/Python/3.10.20/x64/lib/python3.10/site-packages/torch/_dynamo/symbolic_convert.py", line 5903, in inline_call_
    self.run()
  File "/tmp/xpu-tool/Python/3.10.20/x64/lib/python3.10/site-packages/torch/_dynamo/symbolic_convert.py", line 1936, in run
    while self.step():
  File "/tmp/xpu-tool/Python/3.10.20/x64/lib/python3.10/site-packages/torch/_dynamo/symbolic_convert.py", line 1589, in step
    self.dispatch_table[inst.opcode](self, inst)
  File "/tmp/xpu-tool/Python/3.10.20/x64/lib/python3.10/site-packages/torch/_dynamo/symbolic_convert.py", line 1069, in wrapper
    return inner_fn(self, inst)
  File "/tmp/xpu-tool/Python/3.10.20/x64/lib/python3.10/site-packages/torch/_dynamo/symbolic_convert.py", line 3057, in CALL_FUNCTION_EX
    self.call_function(fn, argsvars.items, kwargsvars)
  File "/tmp/xpu-tool/Python/3.10.20/x64/lib/python3.10/site-packages/torch/_dynamo/symbolic_convert.py", line 1486, in call_function
    self.push(fn.call_function(self, args, kwargs))  # type: ignore[arg-type]
  File "/tmp/xpu-tool/Python/3.10.20/x64/lib/python3.10/site-packages/torch/_dynamo/variables/functions.py", line 1703, in call_function
    return super().call_function(tx, args, kwargs)
  File "/tmp/xpu-tool/Python/3.10.20/x64/lib/python3.10/site-packages/torch/_dynamo/variables/functions.py", line 863, in call_function
    return super().call_function(tx, args, kwargs)
  File "/tmp/xpu-tool/Python/3.10.20/x64/lib/python3.10/site-packages/torch/_dynamo/variables/functions.py", line 509, in call_function
    return tx.inline_user_function_return(self, [*self.self_args(), *args], kwargs)  # type: ignore[attr-defined]
  File "/tmp/xpu-tool/Python/3.10.20/x64/lib/python3.10/site-packages/torch/_dynamo/symbolic_convert.py", line 1513, in inline_user_function_return
    return InliningInstructionTranslator.inline_call(self, fn, args, kwargs)
  File "/tmp/xpu-tool/Python/3.10.20/x64/lib/python3.10/site-packages/torch/_dynamo/symbolic_convert.py", line 5662, in inline_call
    return tracer.inline_call_()
  File "/tmp/xpu-tool/Python/3.10.20/x64/lib/python3.10/site-packages/torch/_dynamo/symbolic_convert.py", line 5903, in inline_call_
    self.run()
  File "/tmp/xpu-tool/Python/3.10.20/x64/lib/python3.10/site-packages/torch/_dynamo/symbolic_convert.py", line 1936, in run
    while self.step():
  File "/tmp/xpu-tool/Python/3.10.20/x64/lib/python3.10/site-packages/torch/_dynamo/symbolic_convert.py", line 1589, in step
    self.dispatch_table[inst.opcode](self, inst)
  File "/tmp/xpu-tool/Python/3.10.20/x64/lib/python3.10/site-packages/torch/_dynamo/symbolic_convert.py", line 1069, in wrapper
    return inner_fn(self, inst)
  File "/tmp/xpu-tool/Python/3.10.20/x64/lib/python3.10/site-packages/torch/_dynamo/symbolic_convert.py", line 2987, in CALL_FUNCTION
    self.call_function(fn, args, {})
  File "/tmp/xpu-tool/Python/3.10.20/x64/lib/python3.10/site-packages/torch/_dynamo/symbolic_convert.py", line 1486, in call_function
    self.push(fn.call_function(self, args, kwargs))  # type: ignore[arg-type]
  File "/tmp/xpu-tool/Python/3.10.20/x64/lib/python3.10/site-packages/torch/_dynamo/variables/torch.py", line 3149, in call_function
    tensor_variable = wrap_fx_proxy(
  File "/tmp/xpu-tool/Python/3.10.20/x64/lib/python3.10/site-packages/torch/_dynamo/variables/builder.py", line 3507, in wrap_fx_proxy
    return wrap_fx_proxy_cls(target_cls=TensorVariable, **kwargs)
  File "/tmp/xpu-tool/Python/3.10.20/x64/lib/python3.10/site-packages/torch/_dynamo/variables/builder.py", line 3582, in wrap_fx_proxy_cls
    out: VTTypeAlias = _wrap_fx_proxy(
  File "/tmp/xpu-tool/Python/3.10.20/x64/lib/python3.10/site-packages/torch/_dynamo/variables/builder.py", line 3713, in _wrap_fx_proxy
    example_value = get_fake_value(proxy.node, tx, allow_non_graph_fake=True)
  File "/tmp/xpu-tool/Python/3.10.20/x64/lib/python3.10/site-packages/torch/_dynamo/utils.py", line 3909, in get_fake_value
    return _get_fake_value_impl(node, tx, allow_non_graph_fake)
  File "/tmp/xpu-tool/Python/3.10.20/x64/lib/python3.10/site-packages/torch/_dynamo/utils.py", line 4101, in _get_fake_value_impl
    _wrap_graph_break_with_torch_runtime_err(
  File "/tmp/xpu-tool/Python/3.10.20/x64/lib/python3.10/site-packages/torch/_dynamo/utils.py", line 3898, in _wrap_graph_break_with_torch_runtime_err
    raise exc.with_traceback(e.__traceback__) from None
  File "/tmp/xpu-tool/Python/3.10.20/x64/lib/python3.10/site-packages/torch/_dynamo/utils.py", line 3895, in _wrap_graph_break_with_torch_runtime_err
    gb_fn()
  File "/tmp/xpu-tool/Python/3.10.20/x64/lib/python3.10/site-packages/torch/_dynamo/utils.py", line 4102, in <lambda>
    lambda: unimplemented(
  File "/tmp/xpu-tool/Python/3.10.20/x64/lib/python3.10/site-packages/torch/_dynamo/exc.py", line 663, in unimplemented
    raise Unsupported(
torch._dynamo.exc.TorchRuntimeError: RuntimeError when making fake tensor call
  Explanation: Dynamo failed to run FX node with fake tensors: call_function quantized_decomposed.quantize_per_tensor.default(*(FakeTensor(..., device='xpu:0', size=(8, 512), dtype=torch.int32), 0.000244140625, 0, -128, 127, torch.int8), **{}): got AssertionError('Expecting input to have dtype torch.float32, but got dtype: torch.int32')
  Hint: Your code may result in an error when running in eager. Please double check that your code doesn't contain a similar error when actually running eager/uncompiled. You can do this by removing the `torch.compile` call, or by using `torch.compiler.set_stance("force_eager")`. 

  Developer debug context: 

 For more details about this graph break, please visit: https://meta-pytorch.github.io/compile-graph-break-site/gb/gb4315.html

from user code:
   File "/__w/torch-xpu-ops/torch-xpu-ops/pt2e-performance/torchbenchmark/util/framework/huggingface/model_factory.py", line 122, in eval
    out = self.model(**self.example_inputs)
  File "/tmp/xpu-tool/Python/3.10.20/x64/lib/python3.10/site-packages/torch/nn/modules/module.py", line 1789, in _call_impl
    return forward_call(*args, **kwargs)
  File "<eval_with_key>.124", line 446, in forward
    quantize_per_tensor_default = torch.ops.quantized_decomposed.quantize_per_tensor.default(to_1, 0.000244140625, 0, -128, 127, torch.int8)

Set TORCHDYNAMO_VERBOSE=1 for the internal stack trace (please do this especially if you're reporting a bug to PyTorch). For even more developer context, set TORCH_LOGS="+dynamo"


Running benchmark: /tmp/xpu-tool/Python/3.10.20/x64/bin/python /__w/torch-xpu-ops/torch-xpu-ops/pt2e-performance/userbenchmark/xpu/run_config.py -m hf_Roberta_base -d xpu -t eval --channels-last --torchdynamo inductor --quantization pt2e --metrics throughputs --nwarmup 20 --niter 50 -o /__w/torch-xpu-ops/torch-xpu-ops/pt2e-performance/.userbenchmark/xpu/xpu-20260531143945
