W0531 14:36:06.613000 66232 site-packages/torch/utils/_pytree.py:630] <enum 'KernelPreference'> is an Enum subclass and is now natively supported by torch.compile as an opaque value type. Calling register_constant() on Enum subclasses is deprecated and will be an error in a future release.
/__w/torch-xpu-ops/torch-xpu-ops/pt2e-performance/torchbenchmark/util/backends/torchdynamo.py:41: FutureWarning: `config.shallow_copy_dict()` has been deprecated. It no longer changes the underlying config. use `config.get_config_copy()` instead if you just want a copy of the config, or config.load_config if you need mutable access
  return torch._inductor.config.shallow_copy_dict()
/__w/torch-xpu-ops/torch-xpu-ops/pt2e-performance/torchbenchmark/util/backends/torchdynamo.py:41: FutureWarning: `config.shallow_copy_dict()` has been deprecated. It no longer changes the underlying config. use `config.get_config_copy()` instead if you just want a copy of the config, or config.load_config if you need mutable access
  return torch._inductor.config.shallow_copy_dict()
/tmp/xpu-tool/Python/3.10.20/x64/lib/python3.10/site-packages/torch/_dynamo/pgo.py:605: UserWarning: dynamo_pgo force disabled by torch.compiler.config.force_disable_caches
  warn_once(
/tmp/xpu-tool/Python/3.10.20/x64/lib/python3.10/site-packages/torch/_dynamo/pgo.py:605: UserWarning: dynamo_pgo force disabled by torch.compiler.config.force_disable_caches
  warn_once(
/tmp/xpu-tool/Python/3.10.20/x64/lib/python3.10/site-packages/torch/_dynamo/pgo.py:605: UserWarning: dynamo_pgo force disabled by torch.compiler.config.force_disable_caches
  warn_once(
/tmp/xpu-tool/Python/3.10.20/x64/lib/python3.10/site-packages/torch/_dynamo/pgo.py:605: UserWarning: dynamo_pgo force disabled by torch.compiler.config.force_disable_caches
  warn_once(
/tmp/xpu-tool/Python/3.10.20/x64/lib/python3.10/site-packages/torch/_dynamo/pgo.py:605: UserWarning: dynamo_pgo force disabled by torch.compiler.config.force_disable_caches
  warn_once(
/tmp/xpu-tool/Python/3.10.20/x64/lib/python3.10/site-packages/torch/_dynamo/pgo.py:605: UserWarning: dynamo_pgo force disabled by torch.compiler.config.force_disable_caches
  warn_once(
/tmp/xpu-tool/Python/3.10.20/x64/lib/python3.10/site-packages/torch/_dynamo/pgo.py:605: UserWarning: dynamo_pgo force disabled by torch.compiler.config.force_disable_caches
  warn_once(
/tmp/xpu-tool/Python/3.10.20/x64/lib/python3.10/site-packages/torch/_dynamo/pgo.py:605: UserWarning: dynamo_pgo force disabled by torch.compiler.config.force_disable_caches
  warn_once(
W0531 14:36:32.020000 66232 site-packages/torch/_inductor/utils.py:3128] [0/0] get_device_tflops: no Triton fallback available for non-CUDA devices. Returning 0.0; roofline estimates will use memory bandwidth only.
/tmp/xpu-tool/Python/3.10.20/x64/lib/python3.10/site-packages/torch/_inductor/mkldnn_lowerings.py:805: UserWarning: To copy construct from a tensor, it is recommended to use sourceTensor.detach().clone() or sourceTensor.detach().clone().requires_grad_(True), rather than torch.tensor(sourceTensor).
  torch.tensor(w_zp_tensor, dtype=torch.int32), name=w_zp.get_name()
W0531 14:36:38.714000 66232 site-packages/torch/_inductor/select_algorithm.py:3293] [0/0] Constructing input/output tensor meta failed for Extern Choice
W0531 14:36:38.733000 66232 site-packages/torch/_inductor/select_algorithm.py:3293] [0/0] Constructing input/output tensor meta failed for Extern Choice
W0531 14:36:38.738000 66232 site-packages/torch/_inductor/select_algorithm.py:3293] [0/0] Constructing input/output tensor meta failed for Extern Choice
/tmp/xpu-tool/Python/3.10.20/x64/lib/python3.10/site-packages/torch/_inductor/mkldnn_lowerings.py:1111: UserWarning: To copy construct from a tensor, it is recommended to use sourceTensor.detach().clone() or sourceTensor.detach().clone().requires_grad_(True), rather than torch.tensor(sourceTensor).
  torch.tensor(w_zp_tensor, dtype=torch.int32), name=w_zp.get_name()
W0531 14:36:38.752000 66232 site-packages/torch/_inductor/select_algorithm.py:3293] [0/0] Constructing input/output tensor meta failed for Extern Choice
W0531 14:36:38.781000 66232 site-packages/torch/_inductor/select_algorithm.py:3293] [0/0] Constructing input/output tensor meta failed for Extern Choice
W0531 14:36:38.786000 66232 site-packages/torch/_inductor/select_algorithm.py:3293] [0/0] Constructing input/output tensor meta failed for Extern Choice
W0531 14:36:38.802000 66232 site-packages/torch/_inductor/select_algorithm.py:3293] [0/0] Constructing input/output tensor meta failed for Extern Choice
W0531 14:36:38.807000 66232 site-packages/torch/_inductor/select_algorithm.py:3293] [0/0] Constructing input/output tensor meta failed for Extern Choice
W0531 14:36:38.811000 66232 site-packages/torch/_inductor/select_algorithm.py:3293] [0/0] Constructing input/output tensor meta failed for Extern Choice
W0531 14:36:38.822000 66232 site-packages/torch/_inductor/select_algorithm.py:3293] [0/0] Constructing input/output tensor meta failed for Extern Choice
W0531 14:36:38.838000 66232 site-packages/torch/_inductor/select_algorithm.py:3293] [0/0] Constructing input/output tensor meta failed for Extern Choice
W0531 14:36:38.842000 66232 site-packages/torch/_inductor/select_algorithm.py:3293] [0/0] Constructing input/output tensor meta failed for Extern Choice
W0531 14:36:38.857000 66232 site-packages/torch/_inductor/select_algorithm.py:3293] [0/0] Constructing input/output tensor meta failed for Extern Choice
W0531 14:36:38.862000 66232 site-packages/torch/_inductor/select_algorithm.py:3293] [0/0] Constructing input/output tensor meta failed for Extern Choice
W0531 14:36:38.867000 66232 site-packages/torch/_inductor/select_algorithm.py:3293] [0/0] Constructing input/output tensor meta failed for Extern Choice
W0531 14:36:38.878000 66232 site-packages/torch/_inductor/select_algorithm.py:3293] [0/0] Constructing input/output tensor meta failed for Extern Choice
W0531 14:36:38.894000 66232 site-packages/torch/_inductor/select_algorithm.py:3293] [0/0] Constructing input/output tensor meta failed for Extern Choice
W0531 14:36:38.898000 66232 site-packages/torch/_inductor/select_algorithm.py:3293] [0/0] Constructing input/output tensor meta failed for Extern Choice
W0531 14:36:38.914000 66232 site-packages/torch/_inductor/select_algorithm.py:3293] [0/0] Constructing input/output tensor meta failed for Extern Choice
W0531 14:36:38.920000 66232 site-packages/torch/_inductor/select_algorithm.py:3293] [0/0] Constructing input/output tensor meta failed for Extern Choice
W0531 14:36:38.924000 66232 site-packages/torch/_inductor/select_algorithm.py:3293] [0/0] Constructing input/output tensor meta failed for Extern Choice
W0531 14:36:38.936000 66232 site-packages/torch/_inductor/select_algorithm.py:3293] [0/0] Constructing input/output tensor meta failed for Extern Choice
W0531 14:36:38.951000 66232 site-packages/torch/_inductor/select_algorithm.py:3293] [0/0] Constructing input/output tensor meta failed for Extern Choice
W0531 14:36:38.956000 66232 site-packages/torch/_inductor/select_algorithm.py:3293] [0/0] Constructing input/output tensor meta failed for Extern Choice
W0531 14:36:38.971000 66232 site-packages/torch/_inductor/select_algorithm.py:3293] [0/0] Constructing input/output tensor meta failed for Extern Choice
W0531 14:36:38.977000 66232 site-packages/torch/_inductor/select_algorithm.py:3293] [0/0] Constructing input/output tensor meta failed for Extern Choice
W0531 14:36:38.981000 66232 site-packages/torch/_inductor/select_algorithm.py:3293] [0/0] Constructing input/output tensor meta failed for Extern Choice
W0531 14:36:38.993000 66232 site-packages/torch/_inductor/select_algorithm.py:3293] [0/0] Constructing input/output tensor meta failed for Extern Choice
W0531 14:36:39.008000 66232 site-packages/torch/_inductor/select_algorithm.py:3293] [0/0] Constructing input/output tensor meta failed for Extern Choice
W0531 14:36:39.013000 66232 site-packages/torch/_inductor/select_algorithm.py:3293] [0/0] Constructing input/output tensor meta failed for Extern Choice
W0531 14:36:39.029000 66232 site-packages/torch/_inductor/select_algorithm.py:3293] [0/0] Constructing input/output tensor meta failed for Extern Choice
W0531 14:36:39.035000 66232 site-packages/torch/_inductor/select_algorithm.py:3293] [0/0] Constructing input/output tensor meta failed for Extern Choice
W0531 14:36:39.039000 66232 site-packages/torch/_inductor/select_algorithm.py:3293] [0/0] Constructing input/output tensor meta failed for Extern Choice
W0531 14:36:39.051000 66232 site-packages/torch/_inductor/select_algorithm.py:3293] [0/0] Constructing input/output tensor meta failed for Extern Choice
W0531 14:36:39.067000 66232 site-packages/torch/_inductor/select_algorithm.py:3293] [0/0] Constructing input/output tensor meta failed for Extern Choice
W0531 14:36:39.071000 66232 site-packages/torch/_inductor/select_algorithm.py:3293] [0/0] Constructing input/output tensor meta failed for Extern Choice
W0531 14:36:39.087000 66232 site-packages/torch/_inductor/select_algorithm.py:3293] [0/0] Constructing input/output tensor meta failed for Extern Choice
W0531 14:36:39.092000 66232 site-packages/torch/_inductor/select_algorithm.py:3293] [0/0] Constructing input/output tensor meta failed for Extern Choice
W0531 14:36:39.097000 66232 site-packages/torch/_inductor/select_algorithm.py:3293] [0/0] Constructing input/output tensor meta failed for Extern Choice
W0531 14:36:39.109000 66232 site-packages/torch/_inductor/select_algorithm.py:3293] [0/0] Constructing input/output tensor meta failed for Extern Choice
W0531 14:36:39.125000 66232 site-packages/torch/_inductor/select_algorithm.py:3293] [0/0] Constructing input/output tensor meta failed for Extern Choice
W0531 14:36:39.129000 66232 site-packages/torch/_inductor/select_algorithm.py:3293] [0/0] Constructing input/output tensor meta failed for Extern Choice
W0531 14:36:39.146000 66232 site-packages/torch/_inductor/select_algorithm.py:3293] [0/0] Constructing input/output tensor meta failed for Extern Choice
W0531 14:36:39.151000 66232 site-packages/torch/_inductor/select_algorithm.py:3293] [0/0] Constructing input/output tensor meta failed for Extern Choice
W0531 14:36:39.156000 66232 site-packages/torch/_inductor/select_algorithm.py:3293] [0/0] Constructing input/output tensor meta failed for Extern Choice
W0531 14:36:39.168000 66232 site-packages/torch/_inductor/select_algorithm.py:3293] [0/0] Constructing input/output tensor meta failed for Extern Choice
W0531 14:36:39.184000 66232 site-packages/torch/_inductor/select_algorithm.py:3293] [0/0] Constructing input/output tensor meta failed for Extern Choice
W0531 14:36:39.188000 66232 site-packages/torch/_inductor/select_algorithm.py:3293] [0/0] Constructing input/output tensor meta failed for Extern Choice
W0531 14:36:39.205000 66232 site-packages/torch/_inductor/select_algorithm.py:3293] [0/0] Constructing input/output tensor meta failed for Extern Choice
W0531 14:36:39.210000 66232 site-packages/torch/_inductor/select_algorithm.py:3293] [0/0] Constructing input/output tensor meta failed for Extern Choice
W0531 14:36:39.215000 66232 site-packages/torch/_inductor/select_algorithm.py:3293] [0/0] Constructing input/output tensor meta failed for Extern Choice
W0531 14:36:39.227000 66232 site-packages/torch/_inductor/select_algorithm.py:3293] [0/0] Constructing input/output tensor meta failed for Extern Choice
W0531 14:36:39.243000 66232 site-packages/torch/_inductor/select_algorithm.py:3293] [0/0] Constructing input/output tensor meta failed for Extern Choice
W0531 14:36:39.248000 66232 site-packages/torch/_inductor/select_algorithm.py:3293] [0/0] Constructing input/output tensor meta failed for Extern Choice
W0531 14:36:39.264000 66232 site-packages/torch/_inductor/select_algorithm.py:3293] [0/0] Constructing input/output tensor meta failed for Extern Choice
W0531 14:36:39.270000 66232 site-packages/torch/_inductor/select_algorithm.py:3293] [0/0] Constructing input/output tensor meta failed for Extern Choice
W0531 14:36:39.275000 66232 site-packages/torch/_inductor/select_algorithm.py:3293] [0/0] Constructing input/output tensor meta failed for Extern Choice
W0531 14:36:39.286000 66232 site-packages/torch/_inductor/select_algorithm.py:3293] [0/0] Constructing input/output tensor meta failed for Extern Choice
W0531 14:36:39.302000 66232 site-packages/torch/_inductor/select_algorithm.py:3293] [0/0] Constructing input/output tensor meta failed for Extern Choice
W0531 14:36:39.307000 66232 site-packages/torch/_inductor/select_algorithm.py:3293] [0/0] Constructing input/output tensor meta failed for Extern Choice
W0531 14:36:39.323000 66232 site-packages/torch/_inductor/select_algorithm.py:3293] [0/0] Constructing input/output tensor meta failed for Extern Choice
W0531 14:36:39.329000 66232 site-packages/torch/_inductor/select_algorithm.py:3293] [0/0] Constructing input/output tensor meta failed for Extern Choice
W0531 14:36:39.334000 66232 site-packages/torch/_inductor/select_algorithm.py:3293] [0/0] Constructing input/output tensor meta failed for Extern Choice
W0531 14:36:39.346000 66232 site-packages/torch/_inductor/select_algorithm.py:3293] [0/0] Constructing input/output tensor meta failed for Extern Choice
W0531 14:36:39.362000 66232 site-packages/torch/_inductor/select_algorithm.py:3293] [0/0] Constructing input/output tensor meta failed for Extern Choice
W0531 14:36:39.367000 66232 site-packages/torch/_inductor/select_algorithm.py:3293] [0/0] Constructing input/output tensor meta failed for Extern Choice
W0531 14:36:39.384000 66232 site-packages/torch/_inductor/select_algorithm.py:3293] [0/0] Constructing input/output tensor meta failed for Extern Choice
W0531 14:36:39.389000 66232 site-packages/torch/_inductor/select_algorithm.py:3293] [0/0] Constructing input/output tensor meta failed for Extern Choice
W0531 14:36:39.395000 66232 site-packages/torch/_inductor/select_algorithm.py:3293] [0/0] Constructing input/output tensor meta failed for Extern Choice
W0531 14:36:39.406000 66232 site-packages/torch/_inductor/select_algorithm.py:3293] [0/0] Constructing input/output tensor meta failed for Extern Choice
W0531 14:36:39.424000 66232 site-packages/torch/_inductor/select_algorithm.py:3293] [0/0] Constructing input/output tensor meta failed for Extern Choice
W0531 14:36:39.429000 66232 site-packages/torch/_inductor/select_algorithm.py:3293] [0/0] Constructing input/output tensor meta failed for Extern Choice
W0531 14:36:39.445000 66232 site-packages/torch/_inductor/select_algorithm.py:3293] [0/0] Constructing input/output tensor meta failed for Extern Choice
W0531 14:36:39.451000 66232 site-packages/torch/_inductor/select_algorithm.py:3293] [0/0] Constructing input/output tensor meta failed for Extern Choice
W0531 14:36:39.456000 66232 site-packages/torch/_inductor/select_algorithm.py:3293] [0/0] Constructing input/output tensor meta failed for Extern Choice
W0531 14:36:39.468000 66232 site-packages/torch/_inductor/select_algorithm.py:3293] [0/0] Constructing input/output tensor meta failed for Extern Choice
W0531 14:36:39.485000 66232 site-packages/torch/_inductor/select_algorithm.py:3293] [0/0] Constructing input/output tensor meta failed for Extern Choice
W0531 14:36:39.490000 66232 site-packages/torch/_inductor/select_algorithm.py:3293] [0/0] Constructing input/output tensor meta failed for Extern Choice
W0531 14:36:39.507000 66232 site-packages/torch/_inductor/select_algorithm.py:3293] [0/0] Constructing input/output tensor meta failed for Extern Choice
W0531 14:36:39.512000 66232 site-packages/torch/_inductor/select_algorithm.py:3293] [0/0] Constructing input/output tensor meta failed for Extern Choice
W0531 14:36:39.518000 66232 site-packages/torch/_inductor/select_algorithm.py:3293] [0/0] Constructing input/output tensor meta failed for Extern Choice
W0531 14:36:39.530000 66232 site-packages/torch/_inductor/select_algorithm.py:3293] [0/0] Constructing input/output tensor meta failed for Extern Choice
W0531 14:36:39.546000 66232 site-packages/torch/_inductor/select_algorithm.py:3293] [0/0] Constructing input/output tensor meta failed for Extern Choice
W0531 14:36:39.551000 66232 site-packages/torch/_inductor/select_algorithm.py:3293] [0/0] Constructing input/output tensor meta failed for Extern Choice
W0531 14:36:39.568000 66232 site-packages/torch/_inductor/select_algorithm.py:3293] [0/0] Constructing input/output tensor meta failed for Extern Choice
W0531 14:36:39.574000 66232 site-packages/torch/_inductor/select_algorithm.py:3293] [0/0] Constructing input/output tensor meta failed for Extern Choice
W0531 14:36:39.579000 66232 site-packages/torch/_inductor/select_algorithm.py:3293] [0/0] Constructing input/output tensor meta failed for Extern Choice
W0531 14:36:39.591000 66232 site-packages/torch/_inductor/select_algorithm.py:3293] [0/0] Constructing input/output tensor meta failed for Extern Choice
W0531 14:36:39.608000 66232 site-packages/torch/_inductor/select_algorithm.py:3293] [0/0] Constructing input/output tensor meta failed for Extern Choice
W0531 14:36:39.613000 66232 site-packages/torch/_inductor/select_algorithm.py:3293] [0/0] Constructing input/output tensor meta failed for Extern Choice
W0531 14:36:39.630000 66232 site-packages/torch/_inductor/select_algorithm.py:3293] [0/0] Constructing input/output tensor meta failed for Extern Choice
W0531 14:36:39.636000 66232 site-packages/torch/_inductor/select_algorithm.py:3293] [0/0] Constructing input/output tensor meta failed for Extern Choice
W0531 14:36:39.641000 66232 site-packages/torch/_inductor/select_algorithm.py:3293] [0/0] Constructing input/output tensor meta failed for Extern Choice
W0531 14:36:39.653000 66232 site-packages/torch/_inductor/select_algorithm.py:3293] [0/0] Constructing input/output tensor meta failed for Extern Choice
W0531 14:36:39.670000 66232 site-packages/torch/_inductor/select_algorithm.py:3293] [0/0] Constructing input/output tensor meta failed for Extern Choice
W0531 14:36:39.675000 66232 site-packages/torch/_inductor/select_algorithm.py:3293] [0/0] Constructing input/output tensor meta failed for Extern Choice
W0531 14:36:39.692000 66232 site-packages/torch/_inductor/select_algorithm.py:3293] [0/0] Constructing input/output tensor meta failed for Extern Choice
W0531 14:36:39.698000 66232 site-packages/torch/_inductor/select_algorithm.py:3293] [0/0] Constructing input/output tensor meta failed for Extern Choice
W0531 14:36:39.703000 66232 site-packages/torch/_inductor/select_algorithm.py:3293] [0/0] Constructing input/output tensor meta failed for Extern Choice
W0531 14:36:39.715000 66232 site-packages/torch/_inductor/select_algorithm.py:3293] [0/0] Constructing input/output tensor meta failed for Extern Choice
W0531 14:36:39.732000 66232 site-packages/torch/_inductor/select_algorithm.py:3293] [0/0] Constructing input/output tensor meta failed for Extern Choice
W0531 14:36:39.738000 66232 site-packages/torch/_inductor/select_algorithm.py:3293] [0/0] Constructing input/output tensor meta failed for Extern Choice
W0531 14:36:39.755000 66232 site-packages/torch/_inductor/select_algorithm.py:3293] [0/0] Constructing input/output tensor meta failed for Extern Choice
W0531 14:36:39.761000 66232 site-packages/torch/_inductor/select_algorithm.py:3293] [0/0] Constructing input/output tensor meta failed for Extern Choice
W0531 14:36:39.766000 66232 site-packages/torch/_inductor/select_algorithm.py:3293] [0/0] Constructing input/output tensor meta failed for Extern Choice
W0531 14:36:39.778000 66232 site-packages/torch/_inductor/select_algorithm.py:3293] [0/0] Constructing input/output tensor meta failed for Extern Choice
W0531 14:36:39.795000 66232 site-packages/torch/_inductor/select_algorithm.py:3293] [0/0] Constructing input/output tensor meta failed for Extern Choice
W0531 14:36:39.800000 66232 site-packages/torch/_inductor/select_algorithm.py:3293] [0/0] Constructing input/output tensor meta failed for Extern Choice
W0531 14:36:39.818000 66232 site-packages/torch/_inductor/select_algorithm.py:3293] [0/0] Constructing input/output tensor meta failed for Extern Choice
W0531 14:36:39.823000 66232 site-packages/torch/_inductor/select_algorithm.py:3293] [0/0] Constructing input/output tensor meta failed for Extern Choice
W0531 14:36:39.829000 66232 site-packages/torch/_inductor/select_algorithm.py:3293] [0/0] Constructing input/output tensor meta failed for Extern Choice
W0531 14:36:39.842000 66232 site-packages/torch/_inductor/select_algorithm.py:3293] [0/0] Constructing input/output tensor meta failed for Extern Choice
W0531 14:36:39.859000 66232 site-packages/torch/_inductor/select_algorithm.py:3293] [0/0] Constructing input/output tensor meta failed for Extern Choice
W0531 14:36:39.864000 66232 site-packages/torch/_inductor/select_algorithm.py:3293] [0/0] Constructing input/output tensor meta failed for Extern Choice
W0531 14:36:39.881000 66232 site-packages/torch/_inductor/select_algorithm.py:3293] [0/0] Constructing input/output tensor meta failed for Extern Choice
W0531 14:36:39.887000 66232 site-packages/torch/_inductor/select_algorithm.py:3293] [0/0] Constructing input/output tensor meta failed for Extern Choice
W0531 14:36:39.893000 66232 site-packages/torch/_inductor/select_algorithm.py:3293] [0/0] Constructing input/output tensor meta failed for Extern Choice
W0531 14:36:39.905000 66232 site-packages/torch/_inductor/select_algorithm.py:3293] [0/0] Constructing input/output tensor meta failed for Extern Choice
W0531 14:36:39.922000 66232 site-packages/torch/_inductor/select_algorithm.py:3293] [0/0] Constructing input/output tensor meta failed for Extern Choice
W0531 14:36:39.928000 66232 site-packages/torch/_inductor/select_algorithm.py:3293] [0/0] Constructing input/output tensor meta failed for Extern Choice
W0531 14:36:39.945000 66232 site-packages/torch/_inductor/select_algorithm.py:3293] [0/0] Constructing input/output tensor meta failed for Extern Choice
W0531 14:36:39.951000 66232 site-packages/torch/_inductor/select_algorithm.py:3293] [0/0] Constructing input/output tensor meta failed for Extern Choice
W0531 14:36:39.957000 66232 site-packages/torch/_inductor/select_algorithm.py:3293] [0/0] Constructing input/output tensor meta failed for Extern Choice
W0531 14:36:39.970000 66232 site-packages/torch/_inductor/select_algorithm.py:3293] [0/0] Constructing input/output tensor meta failed for Extern Choice
W0531 14:36:39.986000 66232 site-packages/torch/_inductor/select_algorithm.py:3293] [0/0] Constructing input/output tensor meta failed for Extern Choice
W0531 14:36:39.992000 66232 site-packages/torch/_inductor/select_algorithm.py:3293] [0/0] Constructing input/output tensor meta failed for Extern Choice
W0531 14:36:40.009000 66232 site-packages/torch/_inductor/select_algorithm.py:3293] [0/0] Constructing input/output tensor meta failed for Extern Choice
W0531 14:36:40.015000 66232 site-packages/torch/_inductor/select_algorithm.py:3293] [0/0] Constructing input/output tensor meta failed for Extern Choice
W0531 14:36:40.021000 66232 site-packages/torch/_inductor/select_algorithm.py:3293] [0/0] Constructing input/output tensor meta failed for Extern Choice
W0531 14:36:40.034000 66232 site-packages/torch/_inductor/select_algorithm.py:3293] [0/0] Constructing input/output tensor meta failed for Extern Choice
W0531 14:36:40.051000 66232 site-packages/torch/_inductor/select_algorithm.py:3293] [0/0] Constructing input/output tensor meta failed for Extern Choice
W0531 14:36:40.056000 66232 site-packages/torch/_inductor/select_algorithm.py:3293] [0/0] Constructing input/output tensor meta failed for Extern Choice
W0531 14:36:40.074000 66232 site-packages/torch/_inductor/select_algorithm.py:3293] [0/0] Constructing input/output tensor meta failed for Extern Choice
W0531 14:36:40.080000 66232 site-packages/torch/_inductor/select_algorithm.py:3293] [0/0] Constructing input/output tensor meta failed for Extern Choice
W0531 14:36:40.086000 66232 site-packages/torch/_inductor/select_algorithm.py:3293] [0/0] Constructing input/output tensor meta failed for Extern Choice
W0531 14:36:40.099000 66232 site-packages/torch/_inductor/select_algorithm.py:3293] [0/0] Constructing input/output tensor meta failed for Extern Choice
W0531 14:36:40.116000 66232 site-packages/torch/_inductor/select_algorithm.py:3293] [0/0] Constructing input/output tensor meta failed for Extern Choice
W0531 14:36:40.121000 66232 site-packages/torch/_inductor/select_algorithm.py:3293] [0/0] Constructing input/output tensor meta failed for Extern Choice
W0531 14:36:40.139000 66232 site-packages/torch/_inductor/select_algorithm.py:3293] [0/0] Constructing input/output tensor meta failed for Extern Choice
W0531 14:36:40.145000 66232 site-packages/torch/_inductor/select_algorithm.py:3293] [0/0] Constructing input/output tensor meta failed for Extern Choice
W0531 14:36:40.151000 66232 site-packages/torch/_inductor/select_algorithm.py:3293] [0/0] Constructing input/output tensor meta failed for Extern Choice
W0531 14:36:40.164000 66232 site-packages/torch/_inductor/select_algorithm.py:3293] [0/0] Constructing input/output tensor meta failed for Extern Choice
W0531 14:36:40.181000 66232 site-packages/torch/_inductor/select_algorithm.py:3293] [0/0] Constructing input/output tensor meta failed for Extern Choice
W0531 14:36:40.186000 66232 site-packages/torch/_inductor/select_algorithm.py:3293] [0/0] Constructing input/output tensor meta failed for Extern Choice
W0531 14:36:40.202000 66232 site-packages/torch/_inductor/select_algorithm.py:3293] [0/0] Constructing input/output tensor meta failed for Extern Choice
W0531 14:36:40.219000 66232 site-packages/torch/_inductor/select_algorithm.py:3293] [0/0] Constructing input/output tensor meta failed for Extern Choice
Running TorchBenchModelConfig(name='hf_Bert_large', test='eval', device='xpu', batch_size=None, extra_args=['--channels-last', '--torchdynamo', 'inductor', '--quantization', 'pt2e'], extra_env=None, output_dir=None) ... [Done]

Running benchmark: /tmp/xpu-tool/Python/3.10.20/x64/bin/python /__w/torch-xpu-ops/torch-xpu-ops/pt2e-performance/userbenchmark/xpu/run_config.py -m hf_Bert_large -d xpu -t eval --channels-last --torchdynamo inductor --quantization pt2e --metrics throughputs --nwarmup 20 --niter 50 -o /__w/torch-xpu-ops/torch-xpu-ops/pt2e-performance/.userbenchmark/xpu/xpu-20260531143603
