++ python benchmarks/dynamo/huggingface.py --performance --amp -d xpu -n10 --amp-dtype bfloat16 --inference --total-partitions 9 --partition-id 3 --backend=inductor --cold-start-latency --timeout=10800 --disable-cudagraphs --output=/__w/torch-xpu-ops/torch-xpu-ops/pytorch/inductor_log/huggingface/amp_bf16/inductor_huggingface_amp_bf16_inference_xpu_performance.csv
W0531 16:31:11.682000 46954 site-packages/torch/utils/_pytree.py:630] <enum 'KernelPreference'> is an Enum subclass and is now natively supported by torch.compile as an opaque value type. Calling register_constant() on Enum subclasses is deprecated and will be an error in a future release.
W0531 16:31:11.718000 46954 site-packages/torch/utils/_pytree.py:630] <enum 'ScaleCalculationMode'> is an Enum subclass and is now natively supported by torch.compile as an opaque value type. Calling register_constant() on Enum subclasses is deprecated and will be an error in a future release.
W0531 16:31:17.226000 47206 site-packages/torch/utils/_pytree.py:630] <enum 'KernelPreference'> is an Enum subclass and is now natively supported by torch.compile as an opaque value type. Calling register_constant() on Enum subclasses is deprecated and will be an error in a future release.
W0531 16:31:17.262000 47206 site-packages/torch/utils/_pytree.py:630] <enum 'ScaleCalculationMode'> is an Enum subclass and is now natively supported by torch.compile as an opaque value type. Calling register_constant() on Enum subclasses is deprecated and will be an error in a future release.
loading model: 0it [00:00, ?it/s]loading model: 0it [00:01, ?it/s]
xpu  eval  ElectraForQuestionAnswering        
W0531 16:31:24.332000 47206 site-packages/torch/_inductor/utils.py:3128] [0/0] get_device_tflops: no Triton fallback available for non-CUDA devices. Returning 0.0; roofline estimates will use memory bandwidth only.
running benchmark:   0%|          | 0/10 [00:00<?, ?it/s]running benchmark:  10%|█         | 1/10 [00:00<00:01,  4.90it/s]running benchmark:  30%|███       | 3/10 [00:00<00:00,  9.25it/s]running benchmark:  50%|█████     | 5/10 [00:00<00:00, 10.94it/s]running benchmark:  70%|███████   | 7/10 [00:00<00:00, 11.83it/s]running benchmark:  90%|█████████ | 9/10 [00:00<00:00, 12.37it/s]running benchmark: 100%|██████████| 10/10 [00:00<00:00, 11.38it/s]
0.890x
W0531 16:31:43.866000 48283 site-packages/torch/utils/_pytree.py:630] <enum 'KernelPreference'> is an Enum subclass and is now natively supported by torch.compile as an opaque value type. Calling register_constant() on Enum subclasses is deprecated and will be an error in a future release.
W0531 16:31:43.900000 48283 site-packages/torch/utils/_pytree.py:630] <enum 'ScaleCalculationMode'> is an Enum subclass and is now natively supported by torch.compile as an opaque value type. Calling register_constant() on Enum subclasses is deprecated and will be an error in a future release.
loading model: 0it [00:00, ?it/s]loading model: 0it [00:02, ?it/s]
xpu  eval  GPT2ForSequenceClassification      
W0531 16:31:51.694000 48283 site-packages/torch/_inductor/utils.py:3128] [0/0] get_device_tflops: no Triton fallback available for non-CUDA devices. Returning 0.0; roofline estimates will use memory bandwidth only.
running benchmark:   0%|          | 0/10 [00:00<?, ?it/s]running benchmark:  30%|███       | 3/10 [00:00<00:00, 23.85it/s]running benchmark:  60%|██████    | 6/10 [00:00<00:00, 26.47it/s]running benchmark:  90%|█████████ | 9/10 [00:00<00:00, 27.22it/s]running benchmark: 100%|██████████| 10/10 [00:00<00:00, 26.91it/s]
2.190x
speedup             gmean=1.64x mean=1.819x
abs_latency         gmean=28.96x mean=33.947x
compilation_latency mean=18.133 seconds
compression_ratio   mean=0.000x
eager_peak_mem      gmean=0.00x mean=0.000x
dynamo_peak_mem     gmean=0.00x mean=0.000x
calls_captured      gmean=477.04x mean=572.667x
unique_graphs       gmean=1.06x mean=1.083x
graph_breaks        gmean=0.00x mean=0.000x
unique_graph_breaks gmean=0.00x mean=0.000x
autograd_captures   gmean=0.00x mean=0.000x
autograd_compiles   gmean=0.00x mean=0.000x
cudagraph_skips     gmean=0.00x mean=0.000x
